Mono path[0] = 'F:/RLDemo/Bees RL Training/Bees_Data/Managed'
Mono config path = 'F:/RLDemo/Bees RL Training/MonoBleedingEdge/etc'
CodeReloadManager initialized
Input System module state changed to: Initialized.
[Physics::Module] Initialized fallback backend.
[Physics::Module] Id: 0xdecafbad
Initialize engine version: 6000.4.3f1 (39d1a88d4dd1)
[Subsystems] Discovering subsystems at path F:/RLDemo/Bees RL Training/Bees_Data/UnitySubsystems
Forcing GfxDevice: Null
GfxDevice: creating device client; kGfxThreadingModeNonThreaded
NullGfxDevice:
    Version:  NULL 1.0 [1.0]
    Renderer: Null Device
    Vendor:   Unity Technologies
Begin MonoManager ReloadAssembly
- Finished resetting the current domain, in  0.004 seconds
[Physics::Module] Selected backend.
[Physics::Module] Name: PhysX
[Physics::Module] Id: 0xf2b8ea05
[Physics::Module] SDK Version: 4.1.2
[Physics::Module] Integration Version: 1.0.0
[Physics::Module] Threading Mode: Multi-Threaded
Microsoft Media Foundation video decoding to texture disabled: graphics device is Null, only Direct3D 11 and Direct3D 12 (only on desktop) are supported for hardware-accelerated video decoding.
Texture with ID 114 and with size 13376x6920 was too large for graphics device maximum supported texture size (8192x8192). Falling back to a dummy texture. Generate mip maps to provide lower size fallback.
Texture with ID 210 and with size 13376x6920 was too large for graphics device maximum supported texture size (8192x8192). Falling back to a dummy texture. Generate mip maps to provide lower size fallback.
Texture with ID 221 and with size 13376x6920 was too large for graphics device maximum supported texture size (8192x8192). Falling back to a dummy texture. Generate mip maps to provide lower size fallback.
Texture with ID 238 and with size 13376x6920 was too large for graphics device maximum supported texture size (8192x8192). Falling back to a dummy texture. Generate mip maps to provide lower size fallback.
UnloadTime: 0.811300 ms
RL training configuration health_ratio=0.5 map_size=30 episode_timeout=120s ships_per_side=1 bee_ship_types=Wasp human_ship_types=Gunship
DontDestroyOnLoad only works for root GameObjects or components on root GameObjects.
Trying to connect to ws://clashofempire.net:7146
Connection with WebSocketSharp open!
[Steamworks.NET] SteamAPI_Init() failed. Continuing without Steam features.
Steam API is unavailable; using local fallback identity.
User id is 2013868892
Can not play a disabled audio source
Registered Communicator in Agent.
RL 1v1 episode=1 bee_team=0 human_team=1 ships_per_side=1 winner=1 timeout=False duration=30.00s bee_tsv=16->16 human_tsv=18->0 bee_shots=2 bee_hits=2 bee_damage=150 bee_tsv_reward=0.5294 human_shots=0 human_hits=0 human_damage=0 human_tsv_reward=-0.5294 bee_reward=10.5044 human_reward=-10.5294
RL 1v1 episode=2 bee_team=1 human_team=0 ships_per_side=1 winner=0 timeout=True duration=119.98s bee_tsv=16->14 human_tsv=18->13 bee_shots=6 bee_hits=1 bee_damage=80 bee_tsv_reward=0.0882 human_shots=6 human_hits=1 human_damage=30 human_tsv_reward=-0.0882 bee_reward=-9.9118 human_reward=-10.0882
RL 1v1 episode=3 bee_team=0 human_team=1 ships_per_side=1 winner=1 timeout=False duration=92.53s bee_tsv=16->16 human_tsv=18->0 bee_shots=6 bee_hits=2 bee_damage=150 bee_tsv_reward=0.5294 human_shots=2 human_hits=0 human_damage=0 human_tsv_reward=-0.5294 bee_reward=10.4523 human_reward=-10.5294
RL 1v1 episode=4 bee_team=1 human_team=0 ships_per_side=1 winner=1 timeout=False duration=52.55s bee_tsv=16->16 human_tsv=18->0 bee_shots=2 bee_hits=2 bee_damage=150 bee_tsv_reward=0.5294 human_shots=0 human_hits=0 human_damage=0 human_tsv_reward=-0.5294 bee_reward=10.4856 human_reward=-10.5294
RL 1v1 episode=5 bee_team=0 human_team=1 ships_per_side=1 winner=0 timeout=True duration=119.98s bee_tsv=16->16 human_tsv=18->13 bee_shots=3 bee_hits=1 bee_damage=80 bee_tsv_reward=0.1471 human_shots=4 human_hits=0 human_damage=0 human_tsv_reward=-0.1471 bee_reward=-9.8529 human_reward=-10.1471
RL 1v1 episode=6 bee_team=1 human_team=0 ships_per_side=1 winner=0 timeout=True duration=119.98s bee_tsv=16->14 human_tsv=18->13 bee_shots=5 bee_hits=1 bee_damage=80 bee_tsv_reward=0.0882 human_shots=2 human_hits=1 human_damage=30 human_tsv_reward=-0.0882 bee_reward=-9.9118 human_reward=-10.0882
RL 1v1 episode=7 bee_team=0 human_team=1 ships_per_side=1 winner=0 timeout=True duration=119.98s bee_tsv=16->16 human_tsv=18->18 bee_shots=1 bee_hits=0 bee_damage=0 bee_tsv_reward=0.0000 human_shots=0 human_hits=0 human_damage=0 human_tsv_reward=0.0000 bee_reward=-10.0000 human_reward=-10.0000
RL 1v1 episode=8 bee_team=1 human_team=0 ships_per_side=1 winner=0 timeout=True duration=119.98s bee_tsv=16->16 human_tsv=18->18 bee_shots=2 bee_hits=0 bee_damage=0 bee_tsv_reward=0.0000 human_shots=4 human_hits=0 human_damage=0 human_tsv_reward=0.0000 bee_reward=-10.0000 human_reward=-10.0000
RL 1v1 episode=9 bee_team=0 human_team=1 ships_per_side=1 winner=0 timeout=True duration=119.98s bee_tsv=16->16 human_tsv=18->13 bee_shots=5 bee_hits=1 bee_damage=80 bee_tsv_reward=0.1471 human_shots=0 human_hits=0 human_damage=0 human_tsv_reward=-0.1471 bee_reward=-9.8529 human_reward=-10.1471
RL 1v1 episode=10 bee_team=1 human_team=0 ships_per_side=1 winner=1 timeout=False duration=82.53s bee_tsv=16->16 human_tsv=18->0 bee_shots=2 bee_hits=2 bee_damage=150 bee_tsv_reward=0.5294 human_shots=0 human_hits=0 human_damage=0 human_tsv_reward=-0.5294 bee_reward=10.4606 human_reward=-10.5294
RL 1v1 summary episodes=10 bee_record=4-6 human_record=0-10 timeouts=6 avg_duration=97.75s bee_shots=34 bee_hits=12 bee_hit_rate=35.29 % bee_damage=920 human_shots=18 human_hits=2 human_hit_rate=11.11 % human_damage=60
RL 1v1 episode=11 bee_team=0 human_team=1 ships_per_side=1 winner=0 timeout=True duration=119.98s bee_tsv=16->16 human_tsv=18->13 bee_shots=5 bee_hits=1 bee_damage=80 bee_tsv_reward=0.1471 human_shots=2 human_hits=0 human_damage=0 human_tsv_reward=-0.1471 bee_reward=-9.8529 human_reward=-10.1471
RL 1v1 episode=12 bee_team=1 human_team=0 ships_per_side=1 winner=0 timeout=True duration=119.98s bee_tsv=16->16 human_tsv=18->13 bee_shots=3 bee_hits=1 bee_damage=80 bee_tsv_reward=0.1471 human_shots=6 human_hits=0 human_damage=0 human_tsv_reward=-0.1471 bee_reward=-9.8529 human_reward=-10.1471
RL 1v1 episode=13 bee_team=0 human_team=1 ships_per_side=1 winner=1 timeout=False duration=35.03s bee_tsv=16->16 human_tsv=18->0 bee_shots=3 bee_hits=2 bee_damage=150 bee_tsv_reward=0.5294 human_shots=0 human_hits=0 human_damage=0 human_tsv_reward=-0.5294 bee_reward=10.5002 human_reward=-10.5294
RL 1v1 episode=14 bee_team=1 human_team=0 ships_per_side=1 winner=1 timeout=False duration=20.03s bee_tsv=16->16 human_tsv=18->0 bee_shots=2 bee_hits=2 bee_damage=150 bee_tsv_reward=0.5294 human_shots=0 human_hits=0 human_damage=0 human_tsv_reward=-0.5294 bee_reward=10.5127 human_reward=-10.5294
RL 1v1 episode=15 bee_team=0 human_team=1 ships_per_side=1 winner=0 timeout=True duration=119.98s bee_tsv=16->13 human_tsv=18->18 bee_shots=2 bee_hits=0 bee_damage=0 bee_tsv_reward=-0.0882 human_shots=6 human_hits=2 human_damage=60 human_tsv_reward=0.0882 bee_reward=-10.0882 human_reward=-9.9118
RL 1v1 episode=16 bee_team=1 human_team=0 ships_per_side=1 winner=0 timeout=True duration=119.98s bee_tsv=16->13 human_tsv=18->13 bee_shots=3 bee_hits=1 bee_damage=80 bee_tsv_reward=0.0588 human_shots=14 human_hits=2 human_damage=60 human_tsv_reward=-0.0588 bee_reward=-9.9412 human_reward=-10.0588
RL 1v1 episode=17 bee_team=0 human_team=1 ships_per_side=1 winner=0 timeout=True duration=119.98s bee_tsv=16->16 human_tsv=18->18 bee_shots=1 bee_hits=0 bee_damage=0 bee_tsv_reward=0.0000 human_shots=0 human_hits=0 human_damage=0 human_tsv_reward=0.0000 bee_reward=-10.0000 human_reward=-10.0000
RL 1v1 episode=18 bee_team=1 human_team=0 ships_per_side=1 winner=0 timeout=True duration=119.98s bee_tsv=16->16 human_tsv=18->13 bee_shots=3 bee_hits=1 bee_damage=80 bee_tsv_reward=0.1471 human_shots=0 human_hits=0 human_damage=0 human_tsv_reward=-0.1471 bee_reward=-9.8529 human_reward=-10.1471
RL 1v1 episode=19 bee_team=0 human_team=1 ships_per_side=1 winner=0 timeout=True duration=119.98s bee_tsv=16->11 human_tsv=18->18 bee_shots=5 bee_hits=0 bee_damage=0 bee_tsv_reward=-0.1471 human_shots=4 human_hits=4 human_damage=120 human_tsv_reward=0.1471 bee_reward=-10.1471 human_reward=-9.8529
RL 1v1 episode=20 bee_team=1 human_team=0 ships_per_side=1 winner=0 timeout=True duration=119.98s bee_tsv=16->16 human_tsv=18->13 bee_shots=4 bee_hits=1 bee_damage=80 bee_tsv_reward=0.1471 human_shots=4 human_hits=0 human_damage=0 human_tsv_reward=-0.1471 bee_reward=-9.8529 human_reward=-10.1471
RL 1v1 summary episodes=20 bee_record=6-14 human_record=0-20 timeouts=14 avg_duration=99.62s bee_shots=65 bee_hits=21 bee_hit_rate=32.31 % bee_damage=1620 human_shots=54 human_hits=10 human_hit_rate=18.52 % human_damage=300
RL 1v1 episode=21 bee_team=0 human_team=1 ships_per_side=1 winner=1 timeout=False duration=105.03s bee_tsv=16->16 human_tsv=18->0 bee_shots=5 bee_hits=2 bee_damage=150 bee_tsv_reward=0.5294 human_shots=6 human_hits=0 human_damage=0 human_tsv_reward=-0.5294 bee_reward=10.4419 human_reward=-10.5294
RL 1v1 episode=22 bee_team=1 human_team=0 ships_per_side=1 winner=0 timeout=True duration=119.98s bee_tsv=16->16 human_tsv=18->18 bee_shots=2 bee_hits=0 bee_damage=0 bee_tsv_reward=0.0000 human_shots=4 human_hits=0 human_damage=0 human_tsv_reward=0.0000 bee_reward=-10.0000 human_reward=-10.0000
RL 1v1 episode=23 bee_team=0 human_team=1 ships_per_side=1 winner=0 timeout=True duration=119.98s bee_tsv=16->16 human_tsv=18->18 bee_shots=5 bee_hits=0 bee_damage=0 bee_tsv_reward=0.0000 human_shots=6 human_hits=0 human_damage=0 human_tsv_reward=0.0000 bee_reward=-10.0000 human_reward=-10.0000
RL 1v1 episode=24 bee_team=1 human_team=0 ships_per_side=1 winner=0 timeout=True duration=119.98s bee_tsv=16->16 human_tsv=18->18 bee_shots=2 bee_hits=0 bee_damage=0 bee_tsv_reward=0.0000 human_shots=0 human_hits=0 human_damage=0 human_tsv_reward=0.0000 bee_reward=-10.0000 human_reward=-10.0000
RL 1v1 episode=25 bee_team=0 human_team=1 ships_per_side=1 winner=0 timeout=True duration=119.98s bee_tsv=16->16 human_tsv=18->18 bee_shots=1 bee_hits=0 bee_damage=0 bee_tsv_reward=0.0000 human_shots=0 human_hits=0 human_damage=0 human_tsv_reward=0.0000 bee_reward=-10.0000 human_reward=-10.0000
RL 1v1 episode=26 bee_team=1 human_team=0 ships_per_side=1 winner=0 timeout=True duration=119.98s bee_tsv=16->13 human_tsv=18->13 bee_shots=5 bee_hits=1 bee_damage=80 bee_tsv_reward=0.0588 human_shots=6 human_hits=2 human_damage=60 human_tsv_reward=-0.0588 bee_reward=-9.9412 human_reward=-10.0588
RL 1v1 episode=27 bee_team=0 human_team=1 ships_per_side=1 winner=0 timeout=True duration=119.98s bee_tsv=16->16 human_tsv=18->18 bee_shots=2 bee_hits=0 bee_damage=0 bee_tsv_reward=0.0000 human_shots=0 human_hits=0 human_damage=0 human_tsv_reward=0.0000 bee_reward=-10.0000 human_reward=-10.0000
RL 1v1 episode=28 bee_team=1 human_team=0 ships_per_side=1 winner=0 timeout=True duration=119.98s bee_tsv=16->16 human_tsv=18->13 bee_shots=8 bee_hits=1 bee_damage=80 bee_tsv_reward=0.1471 human_shots=2 human_hits=0 human_damage=0 human_tsv_reward=-0.1471 bee_reward=-9.8529 human_reward=-10.1471
RL 1v1 episode=29 bee_team=0 human_team=1 ships_per_side=1 winner=0 timeout=True duration=119.98s bee_tsv=16->16 human_tsv=18->18 bee_shots=3 bee_hits=0 bee_damage=0 bee_tsv_reward=0.0000 human_shots=2 human_hits=0 human_damage=0 human_tsv_reward=0.0000 bee_reward=-10.0000 human_reward=-10.0000
RL 1v1 episode=30 bee_team=1 human_team=0 ships_per_side=1 winner=0 timeout=True duration=119.98s bee_tsv=16->16 human_tsv=18->18 bee_shots=5 bee_hits=0 bee_damage=0 bee_tsv_reward=0.0000 human_shots=0 human_hits=0 human_damage=0 human_tsv_reward=0.0000 bee_reward=-10.0000 human_reward=-10.0000
RL 1v1 summary episodes=30 bee_record=7-23 human_record=0-30 timeouts=23 avg_duration=105.91s bee_shots=103 bee_hits=25 bee_hit_rate=24.27 % bee_damage=1930 human_shots=80 human_hits=12 human_hit_rate=15.00 % human_damage=360
RL 1v1 episode=31 bee_team=0 human_team=1 ships_per_side=1 winner=0 timeout=True duration=119.98s bee_tsv=16->16 human_tsv=18->13 bee_shots=2 bee_hits=1 bee_damage=80 bee_tsv_reward=0.1471 human_shots=0 human_hits=0 human_damage=0 human_tsv_reward=-0.1471 bee_reward=-9.8529 human_reward=-10.1471
RL 1v1 episode=32 bee_team=1 human_team=0 ships_per_side=1 winner=0 timeout=True duration=119.98s bee_tsv=16->16 human_tsv=18->13 bee_shots=2 bee_hits=1 bee_damage=80 bee_tsv_reward=0.1471 human_shots=4 human_hits=0 human_damage=0 human_tsv_reward=-0.1471 bee_reward=-9.8529 human_reward=-10.1471
RL 1v1 episode=33 bee_team=0 human_team=1 ships_per_side=1 winner=1 timeout=False duration=72.53s bee_tsv=16->16 human_tsv=18->0 bee_shots=4 bee_hits=2 bee_damage=150 bee_tsv_reward=0.5294 human_shots=0 human_hits=0 human_damage=0 human_tsv_reward=-0.5294 bee_reward=10.4690 human_reward=-10.5294
RL 1v1 episode=34 bee_team=1 human_team=0 ships_per_side=1 winner=0 timeout=True duration=119.98s bee_tsv=16->16 human_tsv=18->13 bee_shots=3 bee_hits=1 bee_damage=80 bee_tsv_reward=0.1471 human_shots=0 human_hits=0 human_damage=0 human_tsv_reward=-0.1471 bee_reward=-9.8529 human_reward=-10.1471
RL 1v1 episode=35 bee_team=0 human_team=1 ships_per_side=1 winner=0 timeout=True duration=119.98s bee_tsv=16->16 human_tsv=18->13 bee_shots=4 bee_hits=1 bee_damage=80 bee_tsv_reward=0.1471 human_shots=0 human_hits=0 human_damage=0 human_tsv_reward=-0.1471 bee_reward=-9.8529 human_reward=-10.1471
RL 1v1 episode=36 bee_team=1 human_team=0 ships_per_side=1 winner=0 timeout=True duration=119.98s bee_tsv=16->16 human_tsv=18->13 bee_shots=5 bee_hits=1 bee_damage=80 bee_tsv_reward=0.1471 human_shots=0 human_hits=0 human_damage=0 human_tsv_reward=-0.1471 bee_reward=-9.8529 human_reward=-10.1471
RL 1v1 episode=37 bee_team=0 human_team=1 ships_per_side=1 winner=0 timeout=True duration=119.98s bee_tsv=16->16 human_tsv=18->13 bee_shots=3 bee_hits=1 bee_damage=80 bee_tsv_reward=0.1471 human_shots=0 human_hits=0 human_damage=0 human_tsv_reward=-0.1471 bee_reward=-9.8529 human_reward=-10.1471
RL 1v1 episode=38 bee_team=1 human_team=0 ships_per_side=1 winner=0 timeout=True duration=119.98s bee_tsv=16->16 human_tsv=18->13 bee_shots=1 bee_hits=1 bee_damage=80 bee_tsv_reward=0.1471 human_shots=2 human_hits=0 human_damage=0 human_tsv_reward=-0.1471 bee_reward=-9.8529 human_reward=-10.1471
RL 1v1 episode=39 bee_team=0 human_team=1 ships_per_side=1 winner=0 timeout=True duration=119.98s bee_tsv=16->16 human_tsv=18->13 bee_shots=3 bee_hits=1 bee_damage=80 bee_tsv_reward=0.1471 human_shots=2 human_hits=0 human_damage=0 human_tsv_reward=-0.1471 bee_reward=-9.8529 human_reward=-10.1471
RL 1v1 episode=40 bee_team=1 human_team=0 ships_per_side=1 winner=0 timeout=True duration=119.98s bee_tsv=16->16 human_tsv=18->13 bee_shots=4 bee_hits=1 bee_damage=80 bee_tsv_reward=0.1471 human_shots=4 human_hits=0 human_damage=0 human_tsv_reward=-0.1471 bee_reward=-9.8529 human_reward=-10.1471
RL 1v1 summary episodes=40 bee_record=8-32 human_record=0-40 timeouts=32 avg_duration=108.24s bee_shots=134 bee_hits=36 bee_hit_rate=26.87 % bee_damage=2800 human_shots=92 human_hits=12 human_hit_rate=13.04 % human_damage=360
RL 1v1 episode=41 bee_team=0 human_team=1 ships_per_side=1 winner=0 timeout=True duration=119.98s bee_tsv=16->16 human_tsv=18->13 bee_shots=2 bee_hits=1 bee_damage=80 bee_tsv_reward=0.1471 human_shots=0 human_hits=0 human_damage=0 human_tsv_reward=-0.1471 bee_reward=-9.8529 human_reward=-10.1471
RL 1v1 episode=42 bee_team=1 human_team=0 ships_per_side=1 winner=0 timeout=True duration=119.98s bee_tsv=16->16 human_tsv=18->13 bee_shots=4 bee_hits=1 bee_damage=80 bee_tsv_reward=0.1471 human_shots=0 human_hits=0 human_damage=0 human_tsv_reward=-0.1471 bee_reward=-9.8529 human_reward=-10.1471
RL 1v1 episode=43 bee_team=0 human_team=1 ships_per_side=1 winner=0 timeout=True duration=119.98s bee_tsv=16->16 human_tsv=18->13 bee_shots=3 bee_hits=1 bee_damage=80 bee_tsv_reward=0.1471 human_shots=0 human_hits=0 human_damage=0 human_tsv_reward=-0.1471 bee_reward=-9.8529 human_reward=-10.1471
RL 1v1 episode=44 bee_team=1 human_team=0 ships_per_side=1 winner=1 timeout=False duration=92.53s bee_tsv=16->16 human_tsv=18->0 bee_shots=3 bee_hits=2 bee_damage=150 bee_tsv_reward=0.5294 human_shots=2 human_hits=0 human_damage=0 human_tsv_reward=-0.5294 bee_reward=10.4523 human_reward=-10.5294
RL 1v1 episode=45 bee_team=0 human_team=1 ships_per_side=1 winner=0 timeout=True duration=119.98s bee_tsv=16->16 human_tsv=18->13 bee_shots=4 bee_hits=1 bee_damage=80 bee_tsv_reward=0.1471 human_shots=0 human_hits=0 human_damage=0 human_tsv_reward=-0.1471 bee_reward=-9.8529 human_reward=-10.1471
RL 1v1 episode=46 bee_team=1 human_team=0 ships_per_side=1 winner=0 timeout=True duration=119.98s bee_tsv=16->14 human_tsv=18->13 bee_shots=7 bee_hits=1 bee_damage=80 bee_tsv_reward=0.0882 human_shots=2 human_hits=1 human_damage=30 human_tsv_reward=-0.0882 bee_reward=-9.9118 human_reward=-10.0882
RL 1v1 episode=47 bee_team=0 human_team=1 ships_per_side=1 winner=0 timeout=True duration=119.98s bee_tsv=16->16 human_tsv=18->13 bee_shots=7 bee_hits=1 bee_damage=80 bee_tsv_reward=0.1471 human_shots=0 human_hits=0 human_damage=0 human_tsv_reward=-0.1471 bee_reward=-9.8529 human_reward=-10.1471
RL 1v1 episode=48 bee_team=1 human_team=0 ships_per_side=1 winner=0 timeout=True duration=119.98s bee_tsv=16->16 human_tsv=18->13 bee_shots=2 bee_hits=1 bee_damage=80 bee_tsv_reward=0.1471 human_shots=2 human_hits=0 human_damage=0 human_tsv_reward=-0.1471 bee_reward=-9.8529 human_reward=-10.1471
RL 1v1 episode=49 bee_team=0 human_team=1 ships_per_side=1 winner=1 timeout=False duration=67.53s bee_tsv=16->16 human_tsv=18->0 bee_shots=3 bee_hits=2 bee_damage=150 bee_tsv_reward=0.5294 human_shots=0 human_hits=0 human_damage=0 human_tsv_reward=-0.5294 bee_reward=10.4731 human_reward=-10.5294
RL 1v1 episode=50 bee_team=1 human_team=0 ships_per_side=1 winner=0 timeout=True duration=119.98s bee_tsv=16->16 human_tsv=18->18 bee_shots=5 bee_hits=0 bee_damage=0 bee_tsv_reward=0.0000 human_shots=0 human_hits=0 human_damage=0 human_tsv_reward=0.0000 bee_reward=-10.0000 human_reward=-10.0000
RL 1v1 summary episodes=50 bee_record=10-40 human_record=0-50 timeouts=40 avg_duration=108.99s bee_shots=174 bee_hits=47 bee_hit_rate=27.01 % bee_damage=3660 human_shots=98 human_hits=13 human_hit_rate=13.27 % human_damage=390
RL 1v1 episode=51 bee_team=0 human_team=1 ships_per_side=1 winner=0 timeout=True duration=119.98s bee_tsv=16->16 human_tsv=18->13 bee_shots=3 bee_hits=1 bee_damage=80 bee_tsv_reward=0.1471 human_shots=0 human_hits=0 human_damage=0 human_tsv_reward=-0.1471 bee_reward=-9.8529 human_reward=-10.1471
RL 1v1 episode=52 bee_team=1 human_team=0 ships_per_side=1 winner=0 timeout=True duration=119.98s bee_tsv=16->16 human_tsv=18->18 bee_shots=1 bee_hits=0 bee_damage=0 bee_tsv_reward=0.0000 human_shots=0 human_hits=0 human_damage=0 human_tsv_reward=0.0000 bee_reward=-10.0000 human_reward=-10.0000
RL 1v1 episode=53 bee_team=0 human_team=1 ships_per_side=1 winner=0 timeout=True duration=119.98s bee_tsv=16->16 human_tsv=18->13 bee_shots=2 bee_hits=1 bee_damage=80 bee_tsv_reward=0.1471 human_shots=2 human_hits=0 human_damage=0 human_tsv_reward=-0.1471 bee_reward=-9.8529 human_reward=-10.1471
RL 1v1 episode=54 bee_team=1 human_team=0 ships_per_side=1 winner=0 timeout=True duration=119.98s bee_tsv=16->14 human_tsv=18->13 bee_shots=5 bee_hits=1 bee_damage=80 bee_tsv_reward=0.0882 human_shots=2 human_hits=1 human_damage=30 human_tsv_reward=-0.0882 bee_reward=-9.9118 human_reward=-10.0882
RL 1v1 episode=55 bee_team=0 human_team=1 ships_per_side=1 winner=1 timeout=False duration=107.53s bee_tsv=16->16 human_tsv=18->0 bee_shots=8 bee_hits=2 bee_damage=150 bee_tsv_reward=0.5294 human_shots=2 human_hits=0 human_damage=0 human_tsv_reward=-0.5294 bee_reward=10.4398 human_reward=-10.5294
RL 1v1 episode=56 bee_team=1 human_team=0 ships_per_side=1 winner=0 timeout=True duration=119.98s bee_tsv=16->14 human_tsv=18->13 bee_shots=6 bee_hits=1 bee_damage=80 bee_tsv_reward=0.0882 human_shots=4 human_hits=1 human_damage=30 human_tsv_reward=-0.0882 bee_reward=-9.9118 human_reward=-10.0882
RL 1v1 episode=57 bee_team=0 human_team=1 ships_per_side=1 winner=0 timeout=True duration=119.98s bee_tsv=16->14 human_tsv=18->13 bee_shots=6 bee_hits=1 bee_damage=80 bee_tsv_reward=0.0882 human_shots=6 human_hits=1 human_damage=30 human_tsv_reward=-0.0882 bee_reward=-9.9118 human_reward=-10.0882
RL 1v1 episode=58 bee_team=1 human_team=0 ships_per_side=1 winner=1 timeout=False duration=62.53s bee_tsv=16->16 human_tsv=18->0 bee_shots=3 bee_hits=2 bee_damage=150 bee_tsv_reward=0.5294 human_shots=2 human_hits=0 human_damage=0 human_tsv_reward=-0.5294 bee_reward=10.4773 human_reward=-10.5294
RL 1v1 episode=59 bee_team=0 human_team=1 ships_per_side=1 winner=0 timeout=True duration=119.98s bee_tsv=16->16 human_tsv=18->13 bee_shots=4 bee_hits=1 bee_damage=80 bee_tsv_reward=0.1471 human_shots=0 human_hits=0 human_damage=0 human_tsv_reward=-0.1471 bee_reward=-9.8529 human_reward=-10.1471
RL 1v1 episode=60 bee_team=1 human_team=0 ships_per_side=1 winner=0 timeout=True duration=119.98s bee_tsv=16->16 human_tsv=18->18 bee_shots=2 bee_hits=0 bee_damage=0 bee_tsv_reward=0.0000 human_shots=0 human_hits=0 human_damage=0 human_tsv_reward=0.0000 bee_reward=-10.0000 human_reward=-10.0000
RL 1v1 summary episodes=60 bee_record=12-48 human_record=0-60 timeouts=48 avg_duration=109.66s bee_shots=214 bee_hits=57 bee_hit_rate=26.64 % bee_damage=4440 human_shots=116 human_hits=16 human_hit_rate=13.79 % human_damage=480
RL 1v1 episode=61 bee_team=0 human_team=1 ships_per_side=1 winner=0 timeout=True duration=119.98s bee_tsv=16->16 human_tsv=18->13 bee_shots=7 bee_hits=1 bee_damage=80 bee_tsv_reward=0.1471 human_shots=0 human_hits=0 human_damage=0 human_tsv_reward=-0.1471 bee_reward=-9.8529 human_reward=-10.1471
RL 1v1 episode=62 bee_team=1 human_team=0 ships_per_side=1 winner=0 timeout=True duration=119.98s bee_tsv=16->16 human_tsv=18->13 bee_shots=5 bee_hits=1 bee_damage=80 bee_tsv_reward=0.1471 human_shots=0 human_hits=0 human_damage=0 human_tsv_reward=-0.1471 bee_reward=-9.8529 human_reward=-10.1471
RL 1v1 episode=63 bee_team=0 human_team=1 ships_per_side=1 winner=0 timeout=True duration=119.98s bee_tsv=16->16 human_tsv=18->13 bee_shots=8 bee_hits=1 bee_damage=80 bee_tsv_reward=0.1471 human_shots=0 human_hits=0 human_damage=0 human_tsv_reward=-0.1471 bee_reward=-9.8529 human_reward=-10.1471
RL 1v1 episode=64 bee_team=1 human_team=0 ships_per_side=1 winner=0 timeout=True duration=119.98s bee_tsv=16->16 human_tsv=18->13 bee_shots=3 bee_hits=1 bee_damage=80 bee_tsv_reward=0.1471 human_shots=0 human_hits=0 human_damage=0 human_tsv_reward=-0.1471 bee_reward=-9.8529 human_reward=-10.1471
RL 1v1 episode=65 bee_team=0 human_team=1 ships_per_side=1 winner=0 timeout=True duration=119.98s bee_tsv=16->16 human_tsv=18->13 bee_shots=7 bee_hits=1 bee_damage=80 bee_tsv_reward=0.1471 human_shots=2 human_hits=0 human_damage=0 human_tsv_reward=-0.1471 bee_reward=-9.8529 human_reward=-10.1471
RL 1v1 episode=66 bee_team=1 human_team=0 ships_per_side=1 winner=0 timeout=True duration=119.98s bee_tsv=16->16 human_tsv=18->13 bee_shots=5 bee_hits=1 bee_damage=80 bee_tsv_reward=0.1471 human_shots=0 human_hits=0 human_damage=0 human_tsv_reward=-0.1471 bee_reward=-9.8529 human_reward=-10.1471
RL 1v1 episode=67 bee_team=0 human_team=1 ships_per_side=1 winner=1 timeout=False duration=100.05s bee_tsv=16->16 human_tsv=18->0 bee_shots=3 bee_hits=2 bee_damage=150 bee_tsv_reward=0.5294 human_shots=0 human_hits=0 human_damage=0 human_tsv_reward=-0.5294 bee_reward=10.4460 human_reward=-10.5294
RL 1v1 episode=68 bee_team=1 human_team=0 ships_per_side=1 winner=0 timeout=True duration=119.98s bee_tsv=16->16 human_tsv=18->13 bee_shots=3 bee_hits=1 bee_damage=80 bee_tsv_reward=0.1471 human_shots=0 human_hits=0 human_damage=0 human_tsv_reward=-0.1471 bee_reward=-9.8529 human_reward=-10.1471
RL 1v1 episode=69 bee_team=0 human_team=1 ships_per_side=1 winner=0 timeout=True duration=119.98s bee_tsv=16->16 human_tsv=18->13 bee_shots=5 bee_hits=1 bee_damage=80 bee_tsv_reward=0.1471 human_shots=6 human_hits=0 human_damage=0 human_tsv_reward=-0.1471 bee_reward=-9.8529 human_reward=-10.1471
RL 1v1 episode=70 bee_team=1 human_team=0 ships_per_side=1 winner=0 timeout=True duration=119.98s bee_tsv=16->16 human_tsv=18->13 bee_shots=5 bee_hits=1 bee_damage=80 bee_tsv_reward=0.1471 human_shots=0 human_hits=0 human_damage=0 human_tsv_reward=-0.1471 bee_reward=-9.8529 human_reward=-10.1471
RL 1v1 summary episodes=70 bee_record=13-57 human_record=0-70 timeouts=57 avg_duration=110.85s bee_shots=265 bee_hits=68 bee_hit_rate=25.66 % bee_damage=5310 human_shots=124 human_hits=16 human_hit_rate=12.90 % human_damage=480
RL 1v1 episode=71 bee_team=0 human_team=1 ships_per_side=1 winner=0 timeout=True duration=119.98s bee_tsv=16->16 human_tsv=18->18 bee_shots=3 bee_hits=0 bee_damage=0 bee_tsv_reward=0.0000 human_shots=0 human_hits=0 human_damage=0 human_tsv_reward=0.0000 bee_reward=-10.0000 human_reward=-10.0000
RL 1v1 episode=72 bee_team=1 human_team=0 ships_per_side=1 winner=0 timeout=True duration=119.98s bee_tsv=16->16 human_tsv=18->13 bee_shots=4 bee_hits=1 bee_damage=80 bee_tsv_reward=0.1471 human_shots=0 human_hits=0 human_damage=0 human_tsv_reward=-0.1471 bee_reward=-9.8529 human_reward=-10.1471
RL 1v1 episode=73 bee_team=0 human_team=1 ships_per_side=1 winner=0 timeout=True duration=119.98s bee_tsv=16->16 human_tsv=18->13 bee_shots=11 bee_hits=1 bee_damage=80 bee_tsv_reward=0.1471 human_shots=0 human_hits=0 human_damage=0 human_tsv_reward=-0.1471 bee_reward=-9.8529 human_reward=-10.1471
RL 1v1 episode=74 bee_team=1 human_team=0 ships_per_side=1 winner=1 timeout=False duration=52.53s bee_tsv=16->14 human_tsv=18->0 bee_shots=4 bee_hits=2 bee_damage=150 bee_tsv_reward=0.4706 human_shots=2 human_hits=1 human_damage=30 human_tsv_reward=-0.4706 bee_reward=10.4268 human_reward=-10.4706
RL 1v1 episode=75 bee_team=0 human_team=1 ships_per_side=1 winner=0 timeout=True duration=119.98s bee_tsv=16->16 human_tsv=18->18 bee_shots=2 bee_hits=0 bee_damage=0 bee_tsv_reward=0.0000 human_shots=0 human_hits=0 human_damage=0 human_tsv_reward=0.0000 bee_reward=-10.0000 human_reward=-10.0000
RL 1v1 episode=76 bee_team=1 human_team=0 ships_per_side=1 winner=0 timeout=True duration=119.98s bee_tsv=16->16 human_tsv=18->13 bee_shots=6 bee_hits=1 bee_damage=80 bee_tsv_reward=0.1471 human_shots=2 human_hits=0 human_damage=0 human_tsv_reward=-0.1471 bee_reward=-9.8529 human_reward=-10.1471
RL 1v1 episode=77 bee_team=0 human_team=1 ships_per_side=1 winner=1 timeout=False duration=27.53s bee_tsv=16->16 human_tsv=18->0 bee_shots=3 bee_hits=2 bee_damage=150 bee_tsv_reward=0.5294 human_shots=0 human_hits=0 human_damage=0 human_tsv_reward=-0.5294 bee_reward=10.5065 human_reward=-10.5294
RL 1v1 episode=78 bee_team=1 human_team=0 ships_per_side=1 winner=0 timeout=True duration=119.98s bee_tsv=16->16 human_tsv=18->13 bee_shots=6 bee_hits=1 bee_damage=80 bee_tsv_reward=0.1471 human_shots=6 human_hits=0 human_damage=0 human_tsv_reward=-0.1471 bee_reward=-9.8529 human_reward=-10.1471
RL 1v1 episode=79 bee_team=0 human_team=1 ships_per_side=1 winner=0 timeout=True duration=119.98s bee_tsv=16->16 human_tsv=18->13 bee_shots=4 bee_hits=1 bee_damage=80 bee_tsv_reward=0.1471 human_shots=0 human_hits=0 human_damage=0 human_tsv_reward=-0.1471 bee_reward=-9.8529 human_reward=-10.1471
RL 1v1 episode=80 bee_team=1 human_team=0 ships_per_side=1 winner=0 timeout=True duration=119.98s bee_tsv=16->16 human_tsv=18->13 bee_shots=4 bee_hits=1 bee_damage=80 bee_tsv_reward=0.1471 human_shots=8 human_hits=0 human_damage=0 human_tsv_reward=-0.1471 bee_reward=-9.8529 human_reward=-10.1471
RL 1v1 summary episodes=80 bee_record=15-65 human_record=0-80 timeouts=65 avg_duration=109.99s bee_shots=312 bee_hits=78 bee_hit_rate=25.00 % bee_damage=6090 human_shots=142 human_hits=17 human_hit_rate=11.97 % human_damage=510
RL 1v1 episode=81 bee_team=0 human_team=1 ships_per_side=1 winner=1 timeout=False duration=90.03s bee_tsv=16->16 human_tsv=18->0 bee_shots=6 bee_hits=2 bee_damage=150 bee_tsv_reward=0.5294 human_shots=2 human_hits=0 human_damage=0 human_tsv_reward=-0.5294 bee_reward=10.4544 human_reward=-10.5294
RL 1v1 episode=82 bee_team=1 human_team=0 ships_per_side=1 winner=0 timeout=True duration=119.98s bee_tsv=16->16 human_tsv=18->13 bee_shots=9 bee_hits=1 bee_damage=80 bee_tsv_reward=0.1471 human_shots=0 human_hits=0 human_damage=0 human_tsv_reward=-0.1471 bee_reward=-9.8529 human_reward=-10.1471
RL 1v1 episode=83 bee_team=0 human_team=1 ships_per_side=1 winner=0 timeout=True duration=119.98s bee_tsv=16->14 human_tsv=18->13 bee_shots=7 bee_hits=1 bee_damage=80 bee_tsv_reward=0.0882 human_shots=8 human_hits=1 human_damage=30 human_tsv_reward=-0.0882 bee_reward=-9.9118 human_reward=-10.0882
RL 1v1 episode=84 bee_team=1 human_team=0 ships_per_side=1 winner=0 timeout=True duration=119.98s bee_tsv=16->14 human_tsv=18->13 bee_shots=6 bee_hits=1 bee_damage=80 bee_tsv_reward=0.0882 human_shots=2 human_hits=1 human_damage=30 human_tsv_reward=-0.0882 bee_reward=-9.9118 human_reward=-10.0882
RL 1v1 episode=85 bee_team=0 human_team=1 ships_per_side=1 winner=1 timeout=False duration=110.08s bee_tsv=16->16 human_tsv=18->0 bee_shots=7 bee_hits=2 bee_damage=150 bee_tsv_reward=0.5294 human_shots=6 human_hits=0 human_damage=0 human_tsv_reward=-0.5294 bee_reward=10.4377 human_reward=-10.5294
RL 1v1 episode=86 bee_team=1 human_team=0 ships_per_side=1 winner=0 timeout=True duration=119.98s bee_tsv=16->16 human_tsv=18->13 bee_shots=5 bee_hits=1 bee_damage=80 bee_tsv_reward=0.1471 human_shots=4 human_hits=0 human_damage=0 human_tsv_reward=-0.1471 bee_reward=-9.8529 human_reward=-10.1471
RL 1v1 episode=87 bee_team=0 human_team=1 ships_per_side=1 winner=0 timeout=True duration=119.98s bee_tsv=16->16 human_tsv=18->13 bee_shots=9 bee_hits=1 bee_damage=80 bee_tsv_reward=0.1471 human_shots=2 human_hits=0 human_damage=0 human_tsv_reward=-0.1471 bee_reward=-9.8529 human_reward=-10.1471
RL 1v1 episode=88 bee_team=1 human_team=0 ships_per_side=1 winner=0 timeout=True duration=119.98s bee_tsv=16->16 human_tsv=18->13 bee_shots=6 bee_hits=1 bee_damage=80 bee_tsv_reward=0.1471 human_shots=2 human_hits=0 human_damage=0 human_tsv_reward=-0.1471 bee_reward=-9.8529 human_reward=-10.1471
RL 1v1 episode=89 bee_team=0 human_team=1 ships_per_side=1 winner=0 timeout=True duration=119.98s bee_tsv=16->16 human_tsv=18->13 bee_shots=9 bee_hits=1 bee_damage=80 bee_tsv_reward=0.1471 human_shots=2 human_hits=0 human_damage=0 human_tsv_reward=-0.1471 bee_reward=-9.8529 human_reward=-10.1471
RL 1v1 episode=90 bee_team=1 human_team=0 ships_per_side=1 winner=1 timeout=False duration=75.03s bee_tsv=16->16 human_tsv=18->0 bee_shots=3 bee_hits=2 bee_damage=150 bee_tsv_reward=0.5294 human_shots=0 human_hits=0 human_damage=0 human_tsv_reward=-0.5294 bee_reward=10.4669 human_reward=-10.5294
RL 1v1 summary episodes=90 bee_record=18-72 human_record=0-90 timeouts=72 avg_duration=110.16s bee_shots=379 bee_hits=91 bee_hit_rate=24.01 % bee_damage=7100 human_shots=170 human_hits=19 human_hit_rate=11.18 % human_damage=570
RL 1v1 episode=91 bee_team=0 human_team=1 ships_per_side=1 winner=0 timeout=True duration=119.98s bee_tsv=16->16 human_tsv=18->18 bee_shots=5 bee_hits=0 bee_damage=0 bee_tsv_reward=0.0000 human_shots=0 human_hits=0 human_damage=0 human_tsv_reward=0.0000 bee_reward=-10.0000 human_reward=-10.0000
RL 1v1 episode=92 bee_team=1 human_team=0 ships_per_side=1 winner=1 timeout=False duration=110.03s bee_tsv=16->16 human_tsv=18->0 bee_shots=6 bee_hits=2 bee_damage=150 bee_tsv_reward=0.5294 human_shots=0 human_hits=0 human_damage=0 human_tsv_reward=-0.5294 bee_reward=10.4377 human_reward=-10.5294
RL 1v1 episode=93 bee_team=0 human_team=1 ships_per_side=1 winner=0 timeout=True duration=119.98s bee_tsv=16->16 human_tsv=18->13 bee_shots=8 bee_hits=1 bee_damage=80 bee_tsv_reward=0.1471 human_shots=2 human_hits=0 human_damage=0 human_tsv_reward=-0.1471 bee_reward=-9.8529 human_reward=-10.1471
RL 1v1 episode=94 bee_team=1 human_team=0 ships_per_side=1 winner=0 timeout=True duration=119.98s bee_tsv=16->16 human_tsv=18->13 bee_shots=3 bee_hits=1 bee_damage=80 bee_tsv_reward=0.1471 human_shots=0 human_hits=0 human_damage=0 human_tsv_reward=-0.1471 bee_reward=-9.8529 human_reward=-10.1471
RL 1v1 episode=95 bee_team=0 human_team=1 ships_per_side=1 winner=0 timeout=True duration=119.98s bee_tsv=16->16 human_tsv=18->18 bee_shots=2 bee_hits=0 bee_damage=0 bee_tsv_reward=0.0000 human_shots=0 human_hits=0 human_damage=0 human_tsv_reward=0.0000 bee_reward=-10.0000 human_reward=-10.0000
RL 1v1 episode=96 bee_team=1 human_team=0 ships_per_side=1 winner=0 timeout=True duration=119.98s bee_tsv=16->16 human_tsv=18->13 bee_shots=6 bee_hits=1 bee_damage=80 bee_tsv_reward=0.1471 human_shots=0 human_hits=0 human_damage=0 human_tsv_reward=-0.1471 bee_reward=-9.8529 human_reward=-10.1471
RL 1v1 episode=97 bee_team=0 human_team=1 ships_per_side=1 winner=1 timeout=False duration=45.03s bee_tsv=16->16 human_tsv=18->0 bee_shots=3 bee_hits=2 bee_damage=150 bee_tsv_reward=0.5294 human_shots=2 human_hits=0 human_damage=0 human_tsv_reward=-0.5294 bee_reward=10.4919 human_reward=-10.5294
RL 1v1 episode=98 bee_team=1 human_team=0 ships_per_side=1 winner=1 timeout=False duration=27.60s bee_tsv=16->16 human_tsv=18->0 bee_shots=3 bee_hits=2 bee_damage=150 bee_tsv_reward=0.5294 human_shots=2 human_hits=0 human_damage=0 human_tsv_reward=-0.5294 bee_reward=10.5064 human_reward=-10.5294
RL 1v1 episode=99 bee_team=0 human_team=1 ships_per_side=1 winner=1 timeout=False duration=62.55s bee_tsv=16->16 human_tsv=18->0 bee_shots=4 bee_hits=2 bee_damage=150 bee_tsv_reward=0.5294 human_shots=0 human_hits=0 human_damage=0 human_tsv_reward=-0.5294 bee_reward=10.4773 human_reward=-10.5294
RL 1v1 episode=100 bee_team=1 human_team=0 ships_per_side=1 winner=1 timeout=False duration=40.03s bee_tsv=16->16 human_tsv=18->0 bee_shots=3 bee_hits=2 bee_damage=150 bee_tsv_reward=0.5294 human_shots=2 human_hits=0 human_damage=0 human_tsv_reward=-0.5294 bee_reward=10.4961 human_reward=-10.5294
RL 1v1 summary episodes=100 bee_record=23-77 human_record=0-100 timeouts=77 avg_duration=108.00s bee_shots=422 bee_hits=104 bee_hit_rate=24.64 % bee_damage=8090 human_shots=178 human_hits=19 human_hit_rate=10.67 % human_damage=570
RL 1v1 episode=101 bee_team=0 human_team=1 ships_per_side=1 winner=0 timeout=True duration=119.98s bee_tsv=16->16 human_tsv=18->13 bee_shots=7 bee_hits=1 bee_damage=80 bee_tsv_reward=0.1471 human_shots=4 human_hits=0 human_damage=0 human_tsv_reward=-0.1471 bee_reward=-9.8529 human_reward=-10.1471
RL 1v1 episode=102 bee_team=1 human_team=0 ships_per_side=1 winner=0 timeout=True duration=119.98s bee_tsv=16->16 human_tsv=18->18 bee_shots=1 bee_hits=0 bee_damage=0 bee_tsv_reward=0.0000 human_shots=0 human_hits=0 human_damage=0 human_tsv_reward=0.0000 bee_reward=-10.0000 human_reward=-10.0000
RL 1v1 episode=103 bee_team=0 human_team=1 ships_per_side=1 winner=0 timeout=True duration=119.98s bee_tsv=16->13 human_tsv=18->13 bee_shots=8 bee_hits=1 bee_damage=80 bee_tsv_reward=0.0588 human_shots=2 human_hits=2 human_damage=60 human_tsv_reward=-0.0588 bee_reward=-9.9412 human_reward=-10.0588
RL 1v1 episode=104 bee_team=1 human_team=0 ships_per_side=1 winner=0 timeout=True duration=119.98s bee_tsv=16->16 human_tsv=18->13 bee_shots=4 bee_hits=1 bee_damage=80 bee_tsv_reward=0.1471 human_shots=0 human_hits=0 human_damage=0 human_tsv_reward=-0.1471 bee_reward=-9.8529 human_reward=-10.1471
RL 1v1 episode=105 bee_team=0 human_team=1 ships_per_side=1 winner=1 timeout=False duration=100.05s bee_tsv=16->16 human_tsv=18->0 bee_shots=3 bee_hits=2 bee_damage=150 bee_tsv_reward=0.5294 human_shots=2 human_hits=0 human_damage=0 human_tsv_reward=-0.5294 bee_reward=10.4460 human_reward=-10.5294
RL 1v1 episode=106 bee_team=1 human_team=0 ships_per_side=1 winner=1 timeout=False duration=92.60s bee_tsv=16->16 human_tsv=18->0 bee_shots=4 bee_hits=2 bee_damage=150 bee_tsv_reward=0.5294 human_shots=0 human_hits=0 human_damage=0 human_tsv_reward=-0.5294 bee_reward=10.4523 human_reward=-10.5294
RL 1v1 episode=107 bee_team=0 human_team=1 ships_per_side=1 winner=0 timeout=True duration=119.98s bee_tsv=16->16 human_tsv=18->13 bee_shots=4 bee_hits=1 bee_damage=80 bee_tsv_reward=0.1471 human_shots=4 human_hits=0 human_damage=0 human_tsv_reward=-0.1471 bee_reward=-9.8529 human_reward=-10.1471
RL 1v1 episode=108 bee_team=1 human_team=0 ships_per_side=1 winner=0 timeout=True duration=119.98s bee_tsv=16->16 human_tsv=18->13 bee_shots=7 bee_hits=1 bee_damage=80 bee_tsv_reward=0.1471 human_shots=0 human_hits=0 human_damage=0 human_tsv_reward=-0.1471 bee_reward=-9.8529 human_reward=-10.1471
RL 1v1 episode=109 bee_team=0 human_team=1 ships_per_side=1 winner=0 timeout=True duration=119.98s bee_tsv=16->16 human_tsv=18->13 bee_shots=6 bee_hits=1 bee_damage=80 bee_tsv_reward=0.1471 human_shots=0 human_hits=0 human_damage=0 human_tsv_reward=-0.1471 bee_reward=-9.8529 human_reward=-10.1471
RL 1v1 episode=110 bee_team=1 human_team=0 ships_per_side=1 winner=1 timeout=False duration=22.67s bee_tsv=16->16 human_tsv=18->0 bee_shots=2 bee_hits=2 bee_damage=150 bee_tsv_reward=0.5294 human_shots=0 human_hits=0 human_damage=0 human_tsv_reward=-0.5294 bee_reward=10.5105 human_reward=-10.5294
RL 1v1 summary episodes=110 bee_record=26-84 human_record=0-110 timeouts=84 avg_duration=107.77s bee_shots=468 bee_hits=116 bee_hit_rate=24.79 % bee_damage=9020 human_shots=190 human_hits=21 human_hit_rate=11.05 % human_damage=630
RL 1v1 episode=111 bee_team=0 human_team=1 ships_per_side=1 winner=0 timeout=True duration=119.98s bee_tsv=16->13 human_tsv=18->13 bee_shots=1 bee_hits=1 bee_damage=80 bee_tsv_reward=0.0588 human_shots=2 human_hits=2 human_damage=60 human_tsv_reward=-0.0588 bee_reward=-9.9412 human_reward=-10.0588
RL 1v1 episode=112 bee_team=1 human_team=0 ships_per_side=1 winner=0 timeout=True duration=119.98s bee_tsv=16->16 human_tsv=18->13 bee_shots=6 bee_hits=1 bee_damage=80 bee_tsv_reward=0.1471 human_shots=0 human_hits=0 human_damage=0 human_tsv_reward=-0.1471 bee_reward=-9.8529 human_reward=-10.1471
RL 1v1 episode=113 bee_team=0 human_team=1 ships_per_side=1 winner=1 timeout=False duration=47.58s bee_tsv=16->16 human_tsv=18->0 bee_shots=3 bee_hits=2 bee_damage=150 bee_tsv_reward=0.5294 human_shots=0 human_hits=0 human_damage=0 human_tsv_reward=-0.5294 bee_reward=10.4898 human_reward=-10.5294
RL 1v1 episode=114 bee_team=1 human_team=0 ships_per_side=1 winner=0 timeout=True duration=119.98s bee_tsv=16->16 human_tsv=18->13 bee_shots=4 bee_hits=1 bee_damage=80 bee_tsv_reward=0.1471 human_shots=2 human_hits=0 human_damage=0 human_tsv_reward=-0.1471 bee_reward=-9.8529 human_reward=-10.1471
RL 1v1 episode=115 bee_team=0 human_team=1 ships_per_side=1 winner=0 timeout=True duration=119.98s bee_tsv=16->16 human_tsv=18->18 bee_shots=1 bee_hits=0 bee_damage=0 bee_tsv_reward=0.0000 human_shots=0 human_hits=0 human_damage=0 human_tsv_reward=0.0000 bee_reward=-10.0000 human_reward=-10.0000
RL 1v1 episode=116 bee_team=1 human_team=0 ships_per_side=1 winner=0 timeout=True duration=119.98s bee_tsv=16->16 human_tsv=18->13 bee_shots=6 bee_hits=1 bee_damage=80 bee_tsv_reward=0.1471 human_shots=4 human_hits=0 human_damage=0 human_tsv_reward=-0.1471 bee_reward=-9.8529 human_reward=-10.1471
RL 1v1 episode=117 bee_team=0 human_team=1 ships_per_side=1 winner=0 timeout=True duration=119.98s bee_tsv=16->16 human_tsv=18->13 bee_shots=3 bee_hits=1 bee_damage=80 bee_tsv_reward=0.1471 human_shots=0 human_hits=0 human_damage=0 human_tsv_reward=-0.1471 bee_reward=-9.8529 human_reward=-10.1471
RL 1v1 episode=118 bee_team=1 human_team=0 ships_per_side=1 winner=0 timeout=True duration=119.98s bee_tsv=16->14 human_tsv=18->13 bee_shots=6 bee_hits=1 bee_damage=80 bee_tsv_reward=0.0882 human_shots=2 human_hits=1 human_damage=30 human_tsv_reward=-0.0882 bee_reward=-9.9118 human_reward=-10.0882
RL 1v1 episode=119 bee_team=0 human_team=1 ships_per_side=1 winner=1 timeout=False duration=107.53s bee_tsv=16->14 human_tsv=18->0 bee_shots=5 bee_hits=2 bee_damage=150 bee_tsv_reward=0.4706 human_shots=2 human_hits=1 human_damage=30 human_tsv_reward=-0.4706 bee_reward=10.3810 human_reward=-10.4706
RL 1v1 episode=120 bee_team=1 human_team=0 ships_per_side=1 winner=1 timeout=False duration=20.13s bee_tsv=16->16 human_tsv=18->0 bee_shots=3 bee_hits=2 bee_damage=150 bee_tsv_reward=0.5294 human_shots=0 human_hits=0 human_damage=0 human_tsv_reward=-0.5294 bee_reward=10.5126 human_reward=-10.5294
RL 1v1 summary episodes=120 bee_record=29-91 human_record=0-120 timeouts=91 avg_duration=107.25s bee_shots=506 bee_hits=128 bee_hit_rate=25.30 % bee_damage=9950 human_shots=202 human_hits=25 human_hit_rate=12.38 % human_damage=750
RL 1v1 episode=121 bee_team=0 human_team=1 ships_per_side=1 winner=0 timeout=True duration=119.98s bee_tsv=16->16 human_tsv=18->13 bee_shots=5 bee_hits=1 bee_damage=80 bee_tsv_reward=0.1471 human_shots=0 human_hits=0 human_damage=0 human_tsv_reward=-0.1471 bee_reward=-9.8529 human_reward=-10.1471
RL 1v1 episode=122 bee_team=1 human_team=0 ships_per_side=1 winner=0 timeout=True duration=119.98s bee_tsv=16->16 human_tsv=18->13 bee_shots=4 bee_hits=1 bee_damage=80 bee_tsv_reward=0.1471 human_shots=0 human_hits=0 human_damage=0 human_tsv_reward=-0.1471 bee_reward=-9.8529 human_reward=-10.1471
RL 1v1 episode=123 bee_team=0 human_team=1 ships_per_side=1 winner=0 timeout=True duration=119.98s bee_tsv=16->13 human_tsv=18->13 bee_shots=3 bee_hits=1 bee_damage=80 bee_tsv_reward=0.0588 human_shots=4 human_hits=2 human_damage=60 human_tsv_reward=-0.0588 bee_reward=-9.9412 human_reward=-10.0588
RL 1v1 episode=124 bee_team=1 human_team=0 ships_per_side=1 winner=0 timeout=True duration=119.98s bee_tsv=16->14 human_tsv=18->13 bee_shots=6 bee_hits=1 bee_damage=80 bee_tsv_reward=0.0882 human_shots=6 human_hits=1 human_damage=30 human_tsv_reward=-0.0882 bee_reward=-9.9118 human_reward=-10.0882
RL 1v1 episode=125 bee_team=0 human_team=1 ships_per_side=1 winner=0 timeout=True duration=119.98s bee_tsv=16->16 human_tsv=18->13 bee_shots=4 bee_hits=1 bee_damage=80 bee_tsv_reward=0.1471 human_shots=0 human_hits=0 human_damage=0 human_tsv_reward=-0.1471 bee_reward=-9.8529 human_reward=-10.1471
RL 1v1 episode=126 bee_team=1 human_team=0 ships_per_side=1 winner=1 timeout=False duration=85.03s bee_tsv=16->13 human_tsv=18->0 bee_shots=6 bee_hits=2 bee_damage=150 bee_tsv_reward=0.4412 human_shots=4 human_hits=2 human_damage=60 human_tsv_reward=-0.4412 bee_reward=10.3703 human_reward=-10.4412
RL 1v1 episode=127 bee_team=0 human_team=1 ships_per_side=1 winner=1 timeout=False duration=40.15s bee_tsv=16->16 human_tsv=18->0 bee_shots=2 bee_hits=2 bee_damage=150 bee_tsv_reward=0.5294 human_shots=0 human_hits=0 human_damage=0 human_tsv_reward=-0.5294 bee_reward=10.4960 human_reward=-10.5294
RL 1v1 episode=128 bee_team=1 human_team=0 ships_per_side=1 winner=0 timeout=True duration=119.98s bee_tsv=16->16 human_tsv=18->13 bee_shots=5 bee_hits=1 bee_damage=80 bee_tsv_reward=0.1471 human_shots=0 human_hits=0 human_damage=0 human_tsv_reward=-0.1471 bee_reward=-9.8529 human_reward=-10.1471
RL 1v1 episode=129 bee_team=0 human_team=1 ships_per_side=1 winner=0 timeout=True duration=119.98s bee_tsv=16->16 human_tsv=18->13 bee_shots=3 bee_hits=1 bee_damage=80 bee_tsv_reward=0.1471 human_shots=0 human_hits=0 human_damage=0 human_tsv_reward=-0.1471 bee_reward=-9.8529 human_reward=-10.1471
RL 1v1 episode=130 bee_team=1 human_team=0 ships_per_side=1 winner=1 timeout=False duration=15.05s bee_tsv=16->16 human_tsv=18->0 bee_shots=3 bee_hits=2 bee_damage=150 bee_tsv_reward=0.5294 human_shots=0 human_hits=0 human_damage=0 human_tsv_reward=-0.5294 bee_reward=10.5169 human_reward=-10.5294
RL 1v1 summary episodes=130 bee_record=32-98 human_record=0-130 timeouts=98 avg_duration=106.54s bee_shots=547 bee_hits=141 bee_hit_rate=25.78 % bee_damage=10960 human_shots=216 human_hits=30 human_hit_rate=13.89 % human_damage=900
RL 1v1 episode=131 bee_team=0 human_team=1 ships_per_side=1 winner=0 timeout=True duration=119.98s bee_tsv=16->16 human_tsv=18->13 bee_shots=4 bee_hits=1 bee_damage=80 bee_tsv_reward=0.1471 human_shots=2 human_hits=0 human_damage=0 human_tsv_reward=-0.1471 bee_reward=-9.8529 human_reward=-10.1471
RL 1v1 episode=132 bee_team=1 human_team=0 ships_per_side=1 winner=0 timeout=True duration=119.98s bee_tsv=16->14 human_tsv=18->13 bee_shots=5 bee_hits=1 bee_damage=80 bee_tsv_reward=0.0882 human_shots=2 human_hits=1 human_damage=30 human_tsv_reward=-0.0882 bee_reward=-9.9118 human_reward=-10.0882
RL 1v1 episode=133 bee_team=0 human_team=1 ships_per_side=1 winner=0 timeout=True duration=119.98s bee_tsv=16->16 human_tsv=18->13 bee_shots=7 bee_hits=1 bee_damage=80 bee_tsv_reward=0.1471 human_shots=2 human_hits=0 human_damage=0 human_tsv_reward=-0.1471 bee_reward=-9.8529 human_reward=-10.1471
RL 1v1 episode=134 bee_team=1 human_team=0 ships_per_side=1 winner=0 timeout=True duration=119.98s bee_tsv=16->16 human_tsv=18->13 bee_shots=4 bee_hits=1 bee_damage=80 bee_tsv_reward=0.1471 human_shots=0 human_hits=0 human_damage=0 human_tsv_reward=-0.1471 bee_reward=-9.8529 human_reward=-10.1471
[Physics::Module] Cleanup current backend.
[Physics::Module] Id: 0xf2b8ea05
Input System module state changed to: ShutdownInProgress.
Input Polling Thread exited.
Input System module state changed to: Shutdown.
CodeReloadManager destroyed
GarbageCollector disposing of ComputeBuffer. Please use ComputeBuffer.Release() or .Dispose() to manually release the buffer.
