Mono path[0] = 'F:/RLDemo/Bees RL Training/Bees_Data/Managed'
Mono config path = 'F:/RLDemo/Bees RL Training/MonoBleedingEdge/etc'
CodeReloadManager initialized
Input System module state changed to: Initialized.
[Physics::Module] Initialized fallback backend.
[Physics::Module] Id: 0xdecafbad
Initialize engine version: 6000.4.3f1 (39d1a88d4dd1)
[Subsystems] Discovering subsystems at path F:/RLDemo/Bees RL Training/Bees_Data/UnitySubsystems
Forcing GfxDevice: Null
GfxDevice: creating device client; kGfxThreadingModeNonThreaded
NullGfxDevice:
    Version:  NULL 1.0 [1.0]
    Renderer: Null Device
    Vendor:   Unity Technologies
Begin MonoManager ReloadAssembly
- Finished resetting the current domain, in  0.004 seconds
[Physics::Module] Selected backend.
[Physics::Module] Name: PhysX
[Physics::Module] Id: 0xf2b8ea05
[Physics::Module] SDK Version: 4.1.2
[Physics::Module] Integration Version: 1.0.0
[Physics::Module] Threading Mode: Multi-Threaded
Microsoft Media Foundation video decoding to texture disabled: graphics device is Null, only Direct3D 11 and Direct3D 12 (only on desktop) are supported for hardware-accelerated video decoding.
Texture with ID 114 and with size 13376x6920 was too large for graphics device maximum supported texture size (8192x8192). Falling back to a dummy texture. Generate mip maps to provide lower size fallback.
Texture with ID 210 and with size 13376x6920 was too large for graphics device maximum supported texture size (8192x8192). Falling back to a dummy texture. Generate mip maps to provide lower size fallback.
Texture with ID 221 and with size 13376x6920 was too large for graphics device maximum supported texture size (8192x8192). Falling back to a dummy texture. Generate mip maps to provide lower size fallback.
Texture with ID 238 and with size 13376x6920 was too large for graphics device maximum supported texture size (8192x8192). Falling back to a dummy texture. Generate mip maps to provide lower size fallback.
UnloadTime: 0.655000 ms
RL training configuration health_ratio=0.5 map_size=30 episode_timeout=120s ships_per_side=1 bee_ship_types=Wasp human_ship_types=Gunship
DontDestroyOnLoad only works for root GameObjects or components on root GameObjects.
Trying to connect to ws://clashofempire.net:7146
Connection with WebSocketSharp open!
[Steamworks.NET] SteamAPI_Init() failed. Continuing without Steam features.
Steam API is unavailable; using local fallback identity.
User id is 2013868892
Can not play a disabled audio source
Registered Communicator in Agent.
RL 1v1 episode=1 bee_team=0 human_team=1 ships_per_side=1 winner=1 timeout=False duration=115.00s bee_tsv=16->16 human_tsv=18->0 bee_shots=7 bee_hits=2 bee_damage=150 bee_tsv_reward=0.5294 human_shots=4 human_hits=0 human_damage=0 human_tsv_reward=-0.5294 bee_reward=10.4336 human_reward=-10.5294
RL 1v1 episode=2 bee_team=1 human_team=0 ships_per_side=1 winner=0 timeout=True duration=119.98s bee_tsv=16->16 human_tsv=18->18 bee_shots=1 bee_hits=0 bee_damage=0 bee_tsv_reward=0.0000 human_shots=0 human_hits=0 human_damage=0 human_tsv_reward=0.0000 bee_reward=-10.0000 human_reward=-10.0000
RL 1v1 episode=3 bee_team=0 human_team=1 ships_per_side=1 winner=0 timeout=True duration=119.98s bee_tsv=16->16 human_tsv=18->13 bee_shots=4 bee_hits=1 bee_damage=80 bee_tsv_reward=0.1471 human_shots=6 human_hits=0 human_damage=0 human_tsv_reward=-0.1471 bee_reward=-9.8529 human_reward=-10.1471
RL 1v1 episode=4 bee_team=1 human_team=0 ships_per_side=1 winner=1 timeout=False duration=77.53s bee_tsv=16->16 human_tsv=18->0 bee_shots=4 bee_hits=2 bee_damage=150 bee_tsv_reward=0.5294 human_shots=0 human_hits=0 human_damage=0 human_tsv_reward=-0.5294 bee_reward=10.4648 human_reward=-10.5294
RL 1v1 episode=5 bee_team=0 human_team=1 ships_per_side=1 winner=0 timeout=True duration=119.98s bee_tsv=16->16 human_tsv=18->13 bee_shots=5 bee_hits=1 bee_damage=80 bee_tsv_reward=0.1471 human_shots=0 human_hits=0 human_damage=0 human_tsv_reward=-0.1471 bee_reward=-9.8529 human_reward=-10.1471
RL 1v1 episode=6 bee_team=1 human_team=0 ships_per_side=1 winner=0 timeout=True duration=119.98s bee_tsv=16->14 human_tsv=18->18 bee_shots=4 bee_hits=0 bee_damage=0 bee_tsv_reward=-0.0588 human_shots=2 human_hits=1 human_damage=30 human_tsv_reward=0.0588 bee_reward=-10.0588 human_reward=-9.9412
RL 1v1 episode=7 bee_team=0 human_team=1 ships_per_side=1 winner=1 timeout=False duration=112.53s bee_tsv=16->16 human_tsv=18->0 bee_shots=6 bee_hits=2 bee_damage=150 bee_tsv_reward=0.5294 human_shots=0 human_hits=0 human_damage=0 human_tsv_reward=-0.5294 bee_reward=10.4356 human_reward=-10.5294
RL 1v1 episode=8 bee_team=1 human_team=0 ships_per_side=1 winner=0 timeout=True duration=119.98s bee_tsv=16->16 human_tsv=18->13 bee_shots=4 bee_hits=1 bee_damage=80 bee_tsv_reward=0.1471 human_shots=0 human_hits=0 human_damage=0 human_tsv_reward=-0.1471 bee_reward=-9.8529 human_reward=-10.1471
RL 1v1 episode=9 bee_team=0 human_team=1 ships_per_side=1 winner=0 timeout=True duration=119.98s bee_tsv=16->16 human_tsv=18->18 bee_shots=4 bee_hits=0 bee_damage=0 bee_tsv_reward=0.0000 human_shots=0 human_hits=0 human_damage=0 human_tsv_reward=0.0000 bee_reward=-10.0000 human_reward=-10.0000
RL 1v1 episode=10 bee_team=1 human_team=0 ships_per_side=1 winner=0 timeout=True duration=119.98s bee_tsv=16->16 human_tsv=18->18 bee_shots=0 bee_hits=0 bee_damage=0 bee_tsv_reward=0.0000 human_shots=2 human_hits=0 human_damage=0 human_tsv_reward=0.0000 bee_reward=-10.0000 human_reward=-10.0000
RL 1v1 summary episodes=10 bee_record=3-7 human_record=0-10 timeouts=7 avg_duration=114.50s bee_shots=39 bee_hits=9 bee_hit_rate=23.08 % bee_damage=690 human_shots=14 human_hits=1 human_hit_rate=7.14 % human_damage=30
RL 1v1 episode=11 bee_team=0 human_team=1 ships_per_side=1 winner=0 timeout=True duration=119.98s bee_tsv=16->16 human_tsv=18->13 bee_shots=2 bee_hits=1 bee_damage=80 bee_tsv_reward=0.1471 human_shots=0 human_hits=0 human_damage=0 human_tsv_reward=-0.1471 bee_reward=-9.8529 human_reward=-10.1471
RL 1v1 episode=12 bee_team=1 human_team=0 ships_per_side=1 winner=0 timeout=True duration=119.98s bee_tsv=16->16 human_tsv=18->13 bee_shots=6 bee_hits=1 bee_damage=80 bee_tsv_reward=0.1471 human_shots=0 human_hits=0 human_damage=0 human_tsv_reward=-0.1471 bee_reward=-9.8529 human_reward=-10.1471
RL 1v1 episode=13 bee_team=0 human_team=1 ships_per_side=1 winner=0 timeout=True duration=119.98s bee_tsv=16->16 human_tsv=18->13 bee_shots=5 bee_hits=1 bee_damage=80 bee_tsv_reward=0.1471 human_shots=2 human_hits=0 human_damage=0 human_tsv_reward=-0.1471 bee_reward=-9.8529 human_reward=-10.1471
RL 1v1 episode=14 bee_team=1 human_team=0 ships_per_side=1 winner=0 timeout=True duration=119.98s bee_tsv=16->16 human_tsv=18->18 bee_shots=0 bee_hits=0 bee_damage=0 bee_tsv_reward=0.0000 human_shots=2 human_hits=0 human_damage=0 human_tsv_reward=0.0000 bee_reward=-10.0000 human_reward=-10.0000
RL 1v1 episode=15 bee_team=0 human_team=1 ships_per_side=1 winner=0 timeout=True duration=119.98s bee_tsv=16->16 human_tsv=18->18 bee_shots=7 bee_hits=0 bee_damage=0 bee_tsv_reward=0.0000 human_shots=4 human_hits=0 human_damage=0 human_tsv_reward=0.0000 bee_reward=-10.0000 human_reward=-10.0000
RL 1v1 episode=16 bee_team=1 human_team=0 ships_per_side=1 winner=0 timeout=True duration=119.98s bee_tsv=16->16 human_tsv=18->18 bee_shots=1 bee_hits=0 bee_damage=0 bee_tsv_reward=0.0000 human_shots=4 human_hits=0 human_damage=0 human_tsv_reward=0.0000 bee_reward=-10.0000 human_reward=-10.0000
RL 1v1 episode=17 bee_team=0 human_team=1 ships_per_side=1 winner=0 timeout=True duration=119.98s bee_tsv=16->16 human_tsv=18->18 bee_shots=0 bee_hits=0 bee_damage=0 bee_tsv_reward=0.0000 human_shots=2 human_hits=0 human_damage=0 human_tsv_reward=0.0000 bee_reward=-10.0000 human_reward=-10.0000
RL 1v1 episode=18 bee_team=1 human_team=0 ships_per_side=1 winner=0 timeout=True duration=119.98s bee_tsv=16->16 human_tsv=18->13 bee_shots=5 bee_hits=1 bee_damage=80 bee_tsv_reward=0.1471 human_shots=2 human_hits=0 human_damage=0 human_tsv_reward=-0.1471 bee_reward=-9.8529 human_reward=-10.1471
RL 1v1 episode=19 bee_team=0 human_team=1 ships_per_side=1 winner=0 timeout=True duration=119.98s bee_tsv=16->14 human_tsv=18->18 bee_shots=4 bee_hits=0 bee_damage=0 bee_tsv_reward=-0.0588 human_shots=4 human_hits=1 human_damage=30 human_tsv_reward=0.0588 bee_reward=-10.0588 human_reward=-9.9412
RL 1v1 episode=20 bee_team=1 human_team=0 ships_per_side=1 winner=0 timeout=True duration=119.98s bee_tsv=16->16 human_tsv=18->13 bee_shots=7 bee_hits=1 bee_damage=80 bee_tsv_reward=0.1471 human_shots=2 human_hits=0 human_damage=0 human_tsv_reward=-0.1471 bee_reward=-9.8529 human_reward=-10.1471
RL 1v1 summary episodes=20 bee_record=3-17 human_record=0-20 timeouts=17 avg_duration=117.24s bee_shots=76 bee_hits=14 bee_hit_rate=18.42 % bee_damage=1090 human_shots=36 human_hits=2 human_hit_rate=5.56 % human_damage=60
RL 1v1 episode=21 bee_team=0 human_team=1 ships_per_side=1 winner=0 timeout=True duration=119.98s bee_tsv=16->14 human_tsv=18->18 bee_shots=2 bee_hits=0 bee_damage=0 bee_tsv_reward=-0.0588 human_shots=4 human_hits=1 human_damage=30 human_tsv_reward=0.0588 bee_reward=-10.0588 human_reward=-9.9412
RL 1v1 episode=22 bee_team=1 human_team=0 ships_per_side=1 winner=0 timeout=True duration=119.98s bee_tsv=16->13 human_tsv=18->18 bee_shots=3 bee_hits=0 bee_damage=0 bee_tsv_reward=-0.0882 human_shots=2 human_hits=2 human_damage=60 human_tsv_reward=0.0882 bee_reward=-10.0882 human_reward=-9.9118
RL 1v1 episode=23 bee_team=0 human_team=1 ships_per_side=1 winner=0 timeout=True duration=119.98s bee_tsv=16->16 human_tsv=18->13 bee_shots=3 bee_hits=1 bee_damage=80 bee_tsv_reward=0.1471 human_shots=2 human_hits=0 human_damage=0 human_tsv_reward=-0.1471 bee_reward=-9.8529 human_reward=-10.1471
RL 1v1 episode=24 bee_team=1 human_team=0 ships_per_side=1 winner=0 timeout=True duration=119.98s bee_tsv=16->16 human_tsv=18->13 bee_shots=6 bee_hits=1 bee_damage=80 bee_tsv_reward=0.1471 human_shots=0 human_hits=0 human_damage=0 human_tsv_reward=-0.1471 bee_reward=-9.8529 human_reward=-10.1471
RL 1v1 episode=25 bee_team=0 human_team=1 ships_per_side=1 winner=0 timeout=True duration=119.98s bee_tsv=16->13 human_tsv=18->13 bee_shots=1 bee_hits=1 bee_damage=80 bee_tsv_reward=0.0588 human_shots=14 human_hits=2 human_damage=60 human_tsv_reward=-0.0588 bee_reward=-9.9412 human_reward=-10.0588
RL 1v1 episode=26 bee_team=1 human_team=0 ships_per_side=1 winner=0 timeout=True duration=119.98s bee_tsv=16->16 human_tsv=18->13 bee_shots=3 bee_hits=1 bee_damage=80 bee_tsv_reward=0.1471 human_shots=2 human_hits=0 human_damage=0 human_tsv_reward=-0.1471 bee_reward=-9.8529 human_reward=-10.1471
RL 1v1 episode=27 bee_team=0 human_team=1 ships_per_side=1 winner=1 timeout=False duration=67.53s bee_tsv=16->16 human_tsv=18->0 bee_shots=5 bee_hits=2 bee_damage=150 bee_tsv_reward=0.5294 human_shots=0 human_hits=0 human_damage=0 human_tsv_reward=-0.5294 bee_reward=10.4731 human_reward=-10.5294
RL 1v1 episode=28 bee_team=1 human_team=0 ships_per_side=1 winner=0 timeout=True duration=119.98s bee_tsv=16->16 human_tsv=18->18 bee_shots=2 bee_hits=0 bee_damage=0 bee_tsv_reward=0.0000 human_shots=2 human_hits=0 human_damage=0 human_tsv_reward=0.0000 bee_reward=-10.0000 human_reward=-10.0000
RL 1v1 episode=29 bee_team=0 human_team=1 ships_per_side=1 winner=0 timeout=True duration=119.98s bee_tsv=16->16 human_tsv=18->13 bee_shots=3 bee_hits=1 bee_damage=80 bee_tsv_reward=0.1471 human_shots=2 human_hits=0 human_damage=0 human_tsv_reward=-0.1471 bee_reward=-9.8529 human_reward=-10.1471
RL 1v1 episode=30 bee_team=1 human_team=0 ships_per_side=1 winner=1 timeout=False duration=62.55s bee_tsv=16->16 human_tsv=18->0 bee_shots=5 bee_hits=2 bee_damage=150 bee_tsv_reward=0.5294 human_shots=0 human_hits=0 human_damage=0 human_tsv_reward=-0.5294 bee_reward=10.4773 human_reward=-10.5294
RL 1v1 summary episodes=30 bee_record=5-25 human_record=0-30 timeouts=25 avg_duration=114.49s bee_shots=109 bee_hits=23 bee_hit_rate=21.10 % bee_damage=1790 human_shots=64 human_hits=7 human_hit_rate=10.94 % human_damage=210
RL 1v1 episode=31 bee_team=0 human_team=1 ships_per_side=1 winner=0 timeout=True duration=119.98s bee_tsv=16->16 human_tsv=18->13 bee_shots=2 bee_hits=1 bee_damage=80 bee_tsv_reward=0.1471 human_shots=10 human_hits=0 human_damage=0 human_tsv_reward=-0.1471 bee_reward=-9.8529 human_reward=-10.1471
RL 1v1 episode=32 bee_team=1 human_team=0 ships_per_side=1 winner=0 timeout=True duration=119.98s bee_tsv=16->16 human_tsv=18->18 bee_shots=1 bee_hits=0 bee_damage=0 bee_tsv_reward=0.0000 human_shots=0 human_hits=0 human_damage=0 human_tsv_reward=0.0000 bee_reward=-10.0000 human_reward=-10.0000
RL 1v1 episode=33 bee_team=0 human_team=1 ships_per_side=1 winner=0 timeout=True duration=119.98s bee_tsv=16->16 human_tsv=18->13 bee_shots=5 bee_hits=1 bee_damage=80 bee_tsv_reward=0.1471 human_shots=4 human_hits=0 human_damage=0 human_tsv_reward=-0.1471 bee_reward=-9.8529 human_reward=-10.1471
RL 1v1 episode=34 bee_team=1 human_team=0 ships_per_side=1 winner=0 timeout=True duration=119.98s bee_tsv=16->16 human_tsv=18->18 bee_shots=4 bee_hits=0 bee_damage=0 bee_tsv_reward=0.0000 human_shots=2 human_hits=0 human_damage=0 human_tsv_reward=0.0000 bee_reward=-10.0000 human_reward=-10.0000
RL 1v1 episode=35 bee_team=0 human_team=1 ships_per_side=1 winner=1 timeout=False duration=97.53s bee_tsv=16->16 human_tsv=18->0 bee_shots=5 bee_hits=2 bee_damage=150 bee_tsv_reward=0.5294 human_shots=2 human_hits=0 human_damage=0 human_tsv_reward=-0.5294 bee_reward=10.4481 human_reward=-10.5294
RL 1v1 episode=36 bee_team=1 human_team=0 ships_per_side=1 winner=0 timeout=True duration=119.98s bee_tsv=16->16 human_tsv=18->18 bee_shots=5 bee_hits=0 bee_damage=0 bee_tsv_reward=0.0000 human_shots=0 human_hits=0 human_damage=0 human_tsv_reward=0.0000 bee_reward=-10.0000 human_reward=-10.0000
RL 1v1 episode=37 bee_team=0 human_team=1 ships_per_side=1 winner=0 timeout=True duration=119.98s bee_tsv=16->16 human_tsv=18->18 bee_shots=2 bee_hits=0 bee_damage=0 bee_tsv_reward=0.0000 human_shots=0 human_hits=0 human_damage=0 human_tsv_reward=0.0000 bee_reward=-10.0000 human_reward=-10.0000
RL 1v1 episode=38 bee_team=1 human_team=0 ships_per_side=1 winner=1 timeout=False duration=105.03s bee_tsv=16->14 human_tsv=18->0 bee_shots=4 bee_hits=2 bee_damage=150 bee_tsv_reward=0.4706 human_shots=4 human_hits=1 human_damage=30 human_tsv_reward=-0.4706 bee_reward=10.3831 human_reward=-10.4706
RL 1v1 episode=39 bee_team=0 human_team=1 ships_per_side=1 winner=0 timeout=True duration=119.98s bee_tsv=16->16 human_tsv=18->13 bee_shots=5 bee_hits=1 bee_damage=80 bee_tsv_reward=0.1471 human_shots=0 human_hits=0 human_damage=0 human_tsv_reward=-0.1471 bee_reward=-9.8529 human_reward=-10.1471
RL 1v1 episode=40 bee_team=1 human_team=0 ships_per_side=1 winner=1 timeout=False duration=67.53s bee_tsv=16->13 human_tsv=18->0 bee_shots=3 bee_hits=2 bee_damage=150 bee_tsv_reward=0.4412 human_shots=4 human_hits=2 human_damage=60 human_tsv_reward=-0.4412 bee_reward=10.3849 human_reward=-10.4412
RL 1v1 summary episodes=40 bee_record=8-32 human_record=0-40 timeouts=32 avg_duration=113.62s bee_shots=145 bee_hits=32 bee_hit_rate=22.07 % bee_damage=2480 human_shots=90 human_hits=10 human_hit_rate=11.11 % human_damage=300
RL 1v1 episode=41 bee_team=0 human_team=1 ships_per_side=1 winner=0 timeout=True duration=119.98s bee_tsv=16->16 human_tsv=18->18 bee_shots=3 bee_hits=0 bee_damage=0 bee_tsv_reward=0.0000 human_shots=0 human_hits=0 human_damage=0 human_tsv_reward=0.0000 bee_reward=-10.0000 human_reward=-10.0000
RL 1v1 episode=42 bee_team=1 human_team=0 ships_per_side=1 winner=0 timeout=True duration=119.98s bee_tsv=16->16 human_tsv=18->18 bee_shots=6 bee_hits=0 bee_damage=0 bee_tsv_reward=0.0000 human_shots=4 human_hits=0 human_damage=0 human_tsv_reward=0.0000 bee_reward=-10.0000 human_reward=-10.0000
RL 1v1 episode=43 bee_team=0 human_team=1 ships_per_side=1 winner=1 timeout=False duration=75.03s bee_tsv=16->16 human_tsv=18->0 bee_shots=2 bee_hits=2 bee_damage=150 bee_tsv_reward=0.5294 human_shots=0 human_hits=0 human_damage=0 human_tsv_reward=-0.5294 bee_reward=10.4669 human_reward=-10.5294
RL 1v1 episode=44 bee_team=1 human_team=0 ships_per_side=1 winner=0 timeout=True duration=119.98s bee_tsv=16->16 human_tsv=18->13 bee_shots=5 bee_hits=1 bee_damage=80 bee_tsv_reward=0.1471 human_shots=4 human_hits=0 human_damage=0 human_tsv_reward=-0.1471 bee_reward=-9.8529 human_reward=-10.1471
RL 1v1 episode=45 bee_team=0 human_team=1 ships_per_side=1 winner=0 timeout=True duration=119.98s bee_tsv=16->13 human_tsv=18->13 bee_shots=2 bee_hits=1 bee_damage=80 bee_tsv_reward=0.0588 human_shots=2 human_hits=2 human_damage=60 human_tsv_reward=-0.0588 bee_reward=-9.9412 human_reward=-10.0588
RL 1v1 episode=46 bee_team=1 human_team=0 ships_per_side=1 winner=1 timeout=False duration=107.53s bee_tsv=16->16 human_tsv=18->0 bee_shots=7 bee_hits=2 bee_damage=150 bee_tsv_reward=0.5294 human_shots=0 human_hits=0 human_damage=0 human_tsv_reward=-0.5294 bee_reward=10.4398 human_reward=-10.5294
RL 1v1 episode=47 bee_team=0 human_team=1 ships_per_side=1 winner=0 timeout=True duration=119.98s bee_tsv=16->16 human_tsv=18->13 bee_shots=8 bee_hits=1 bee_damage=80 bee_tsv_reward=0.1471 human_shots=2 human_hits=0 human_damage=0 human_tsv_reward=-0.1471 bee_reward=-9.8529 human_reward=-10.1471
RL 1v1 episode=48 bee_team=1 human_team=0 ships_per_side=1 winner=0 timeout=True duration=119.98s bee_tsv=16->16 human_tsv=18->13 bee_shots=4 bee_hits=1 bee_damage=80 bee_tsv_reward=0.1471 human_shots=0 human_hits=0 human_damage=0 human_tsv_reward=-0.1471 bee_reward=-9.8529 human_reward=-10.1471
RL 1v1 episode=49 bee_team=0 human_team=1 ships_per_side=1 winner=0 timeout=True duration=119.98s bee_tsv=16->16 human_tsv=18->18 bee_shots=6 bee_hits=0 bee_damage=0 bee_tsv_reward=0.0000 human_shots=0 human_hits=0 human_damage=0 human_tsv_reward=0.0000 bee_reward=-10.0000 human_reward=-10.0000
RL 1v1 episode=50 bee_team=1 human_team=0 ships_per_side=1 winner=0 timeout=True duration=119.98s bee_tsv=16->16 human_tsv=18->13 bee_shots=4 bee_hits=1 bee_damage=80 bee_tsv_reward=0.1471 human_shots=2 human_hits=0 human_damage=0 human_tsv_reward=-0.1471 bee_reward=-9.8529 human_reward=-10.1471
RL 1v1 summary episodes=50 bee_record=10-40 human_record=0-50 timeouts=40 avg_duration=113.74s bee_shots=192 bee_hits=41 bee_hit_rate=21.35 % bee_damage=3180 human_shots=104 human_hits=12 human_hit_rate=11.54 % human_damage=360
RL 1v1 episode=51 bee_team=0 human_team=1 ships_per_side=1 winner=0 timeout=True duration=119.98s bee_tsv=16->16 human_tsv=18->13 bee_shots=4 bee_hits=1 bee_damage=80 bee_tsv_reward=0.1471 human_shots=0 human_hits=0 human_damage=0 human_tsv_reward=-0.1471 bee_reward=-9.8529 human_reward=-10.1471
RL 1v1 episode=52 bee_team=1 human_team=0 ships_per_side=1 winner=0 timeout=True duration=119.98s bee_tsv=16->16 human_tsv=18->13 bee_shots=3 bee_hits=1 bee_damage=80 bee_tsv_reward=0.1471 human_shots=0 human_hits=0 human_damage=0 human_tsv_reward=-0.1471 bee_reward=-9.8529 human_reward=-10.1471
RL 1v1 episode=53 bee_team=0 human_team=1 ships_per_side=1 winner=0 timeout=True duration=119.98s bee_tsv=16->16 human_tsv=18->13 bee_shots=3 bee_hits=1 bee_damage=80 bee_tsv_reward=0.1471 human_shots=2 human_hits=0 human_damage=0 human_tsv_reward=-0.1471 bee_reward=-9.8529 human_reward=-10.1471
RL 1v1 episode=54 bee_team=1 human_team=0 ships_per_side=1 winner=0 timeout=True duration=119.98s bee_tsv=16->16 human_tsv=18->13 bee_shots=2 bee_hits=1 bee_damage=80 bee_tsv_reward=0.1471 human_shots=0 human_hits=0 human_damage=0 human_tsv_reward=-0.1471 bee_reward=-9.8529 human_reward=-10.1471
RL 1v1 episode=55 bee_team=0 human_team=1 ships_per_side=1 winner=1 timeout=False duration=85.03s bee_tsv=16->16 human_tsv=18->0 bee_shots=8 bee_hits=2 bee_damage=150 bee_tsv_reward=0.5294 human_shots=0 human_hits=0 human_damage=0 human_tsv_reward=-0.5294 bee_reward=10.4586 human_reward=-10.5294
RL 1v1 episode=56 bee_team=1 human_team=0 ships_per_side=1 winner=0 timeout=True duration=119.98s bee_tsv=16->16 human_tsv=18->18 bee_shots=1 bee_hits=0 bee_damage=0 bee_tsv_reward=0.0000 human_shots=0 human_hits=0 human_damage=0 human_tsv_reward=0.0000 bee_reward=-10.0000 human_reward=-10.0000
RL 1v1 episode=57 bee_team=0 human_team=1 ships_per_side=1 winner=0 timeout=True duration=119.98s bee_tsv=16->14 human_tsv=18->13 bee_shots=3 bee_hits=1 bee_damage=80 bee_tsv_reward=0.0882 human_shots=2 human_hits=1 human_damage=30 human_tsv_reward=-0.0882 bee_reward=-9.9118 human_reward=-10.0882
RL 1v1 episode=58 bee_team=1 human_team=0 ships_per_side=1 winner=0 timeout=True duration=119.98s bee_tsv=16->16 human_tsv=18->13 bee_shots=5 bee_hits=1 bee_damage=80 bee_tsv_reward=0.1471 human_shots=0 human_hits=0 human_damage=0 human_tsv_reward=-0.1471 bee_reward=-9.8529 human_reward=-10.1471
RL 1v1 episode=59 bee_team=0 human_team=1 ships_per_side=1 winner=0 timeout=True duration=119.98s bee_tsv=16->14 human_tsv=18->13 bee_shots=4 bee_hits=1 bee_damage=80 bee_tsv_reward=0.0882 human_shots=2 human_hits=1 human_damage=30 human_tsv_reward=-0.0882 bee_reward=-9.9118 human_reward=-10.0882
RL 1v1 episode=60 bee_team=1 human_team=0 ships_per_side=1 winner=1 timeout=False duration=80.03s bee_tsv=16->16 human_tsv=18->0 bee_shots=5 bee_hits=2 bee_damage=150 bee_tsv_reward=0.5294 human_shots=0 human_hits=0 human_damage=0 human_tsv_reward=-0.5294 bee_reward=10.4627 human_reward=-10.5294
RL 1v1 summary episodes=60 bee_record=12-48 human_record=0-60 timeouts=48 avg_duration=113.53s bee_shots=230 bee_hits=52 bee_hit_rate=22.61 % bee_damage=4040 human_shots=110 human_hits=14 human_hit_rate=12.73 % human_damage=420
RL 1v1 episode=61 bee_team=0 human_team=1 ships_per_side=1 winner=0 timeout=True duration=119.98s bee_tsv=16->16 human_tsv=18->13 bee_shots=1 bee_hits=1 bee_damage=80 bee_tsv_reward=0.1471 human_shots=2 human_hits=0 human_damage=0 human_tsv_reward=-0.1471 bee_reward=-9.8529 human_reward=-10.1471
RL 1v1 episode=62 bee_team=1 human_team=0 ships_per_side=1 winner=0 timeout=True duration=119.98s bee_tsv=16->16 human_tsv=18->13 bee_shots=7 bee_hits=1 bee_damage=80 bee_tsv_reward=0.1471 human_shots=2 human_hits=0 human_damage=0 human_tsv_reward=-0.1471 bee_reward=-9.8529 human_reward=-10.1471
RL 1v1 episode=63 bee_team=0 human_team=1 ships_per_side=1 winner=0 timeout=True duration=119.98s bee_tsv=16->14 human_tsv=18->13 bee_shots=5 bee_hits=1 bee_damage=80 bee_tsv_reward=0.0882 human_shots=4 human_hits=1 human_damage=30 human_tsv_reward=-0.0882 bee_reward=-9.9118 human_reward=-10.0882
RL 1v1 episode=64 bee_team=1 human_team=0 ships_per_side=1 winner=1 timeout=False duration=27.53s bee_tsv=16->16 human_tsv=18->0 bee_shots=4 bee_hits=2 bee_damage=150 bee_tsv_reward=0.5294 human_shots=0 human_hits=0 human_damage=0 human_tsv_reward=-0.5294 bee_reward=10.5065 human_reward=-10.5294
RL 1v1 episode=65 bee_team=0 human_team=1 ships_per_side=1 winner=1 timeout=False duration=110.03s bee_tsv=16->16 human_tsv=18->0 bee_shots=4 bee_hits=2 bee_damage=150 bee_tsv_reward=0.5294 human_shots=2 human_hits=0 human_damage=0 human_tsv_reward=-0.5294 bee_reward=10.4377 human_reward=-10.5294
RL 1v1 episode=66 bee_team=1 human_team=0 ships_per_side=1 winner=0 timeout=True duration=119.98s bee_tsv=16->16 human_tsv=18->13 bee_shots=4 bee_hits=1 bee_damage=80 bee_tsv_reward=0.1471 human_shots=2 human_hits=0 human_damage=0 human_tsv_reward=-0.1471 bee_reward=-9.8529 human_reward=-10.1471
RL 1v1 episode=67 bee_team=0 human_team=1 ships_per_side=1 winner=0 timeout=True duration=119.98s bee_tsv=16->16 human_tsv=18->13 bee_shots=7 bee_hits=1 bee_damage=80 bee_tsv_reward=0.1471 human_shots=0 human_hits=0 human_damage=0 human_tsv_reward=-0.1471 bee_reward=-9.8529 human_reward=-10.1471
RL 1v1 episode=68 bee_team=1 human_team=0 ships_per_side=1 winner=0 timeout=True duration=119.98s bee_tsv=16->14 human_tsv=18->13 bee_shots=3 bee_hits=1 bee_damage=80 bee_tsv_reward=0.0882 human_shots=6 human_hits=1 human_damage=30 human_tsv_reward=-0.0882 bee_reward=-9.9118 human_reward=-10.0882
RL 1v1 episode=69 bee_team=0 human_team=1 ships_per_side=1 winner=1 timeout=False duration=12.53s bee_tsv=16->16 human_tsv=18->0 bee_shots=2 bee_hits=2 bee_damage=150 bee_tsv_reward=0.5294 human_shots=0 human_hits=0 human_damage=0 human_tsv_reward=-0.5294 bee_reward=10.5190 human_reward=-10.5294
RL 1v1 episode=70 bee_team=1 human_team=0 ships_per_side=1 winner=0 timeout=True duration=119.98s bee_tsv=16->16 human_tsv=18->13 bee_shots=7 bee_hits=1 bee_damage=80 bee_tsv_reward=0.1471 human_shots=2 human_hits=0 human_damage=0 human_tsv_reward=-0.1471 bee_reward=-9.8529 human_reward=-10.1471
RL 1v1 summary episodes=70 bee_record=15-55 human_record=0-70 timeouts=55 avg_duration=111.46s bee_shots=274 bee_hits=65 bee_hit_rate=23.72 % bee_damage=5050 human_shots=130 human_hits=16 human_hit_rate=12.31 % human_damage=480
RL 1v1 episode=71 bee_team=0 human_team=1 ships_per_side=1 winner=0 timeout=True duration=119.98s bee_tsv=16->16 human_tsv=18->13 bee_shots=5 bee_hits=1 bee_damage=80 bee_tsv_reward=0.1471 human_shots=6 human_hits=0 human_damage=0 human_tsv_reward=-0.1471 bee_reward=-9.8529 human_reward=-10.1471
RL 1v1 episode=72 bee_team=1 human_team=0 ships_per_side=1 winner=0 timeout=True duration=119.98s bee_tsv=16->16 human_tsv=18->18 bee_shots=7 bee_hits=0 bee_damage=0 bee_tsv_reward=0.0000 human_shots=0 human_hits=0 human_damage=0 human_tsv_reward=0.0000 bee_reward=-10.0000 human_reward=-10.0000
RL 1v1 episode=73 bee_team=0 human_team=1 ships_per_side=1 winner=0 timeout=True duration=119.98s bee_tsv=16->16 human_tsv=18->13 bee_shots=5 bee_hits=1 bee_damage=80 bee_tsv_reward=0.1471 human_shots=4 human_hits=0 human_damage=0 human_tsv_reward=-0.1471 bee_reward=-9.8529 human_reward=-10.1471
RL 1v1 episode=74 bee_team=1 human_team=0 ships_per_side=1 winner=0 timeout=True duration=119.98s bee_tsv=16->16 human_tsv=18->13 bee_shots=6 bee_hits=1 bee_damage=80 bee_tsv_reward=0.1471 human_shots=4 human_hits=0 human_damage=0 human_tsv_reward=-0.1471 bee_reward=-9.8529 human_reward=-10.1471
RL 1v1 episode=75 bee_team=0 human_team=1 ships_per_side=1 winner=0 timeout=True duration=119.98s bee_tsv=16->16 human_tsv=18->13 bee_shots=4 bee_hits=1 bee_damage=80 bee_tsv_reward=0.1471 human_shots=0 human_hits=0 human_damage=0 human_tsv_reward=-0.1471 bee_reward=-9.8529 human_reward=-10.1471
RL 1v1 episode=76 bee_team=1 human_team=0 ships_per_side=1 winner=0 timeout=True duration=119.98s bee_tsv=16->16 human_tsv=18->13 bee_shots=2 bee_hits=1 bee_damage=80 bee_tsv_reward=0.1471 human_shots=0 human_hits=0 human_damage=0 human_tsv_reward=-0.1471 bee_reward=-9.8529 human_reward=-10.1471
RL 1v1 episode=77 bee_team=0 human_team=1 ships_per_side=1 winner=0 timeout=True duration=119.98s bee_tsv=16->16 human_tsv=18->13 bee_shots=6 bee_hits=1 bee_damage=80 bee_tsv_reward=0.1471 human_shots=4 human_hits=0 human_damage=0 human_tsv_reward=-0.1471 bee_reward=-9.8529 human_reward=-10.1471
RL 1v1 episode=78 bee_team=1 human_team=0 ships_per_side=1 winner=0 timeout=True duration=119.98s bee_tsv=16->16 human_tsv=18->13 bee_shots=8 bee_hits=1 bee_damage=80 bee_tsv_reward=0.1471 human_shots=2 human_hits=0 human_damage=0 human_tsv_reward=-0.1471 bee_reward=-9.8529 human_reward=-10.1471
RL 1v1 episode=79 bee_team=0 human_team=1 ships_per_side=1 winner=0 timeout=True duration=119.98s bee_tsv=16->16 human_tsv=18->18 bee_shots=5 bee_hits=0 bee_damage=0 bee_tsv_reward=0.0000 human_shots=0 human_hits=0 human_damage=0 human_tsv_reward=0.0000 bee_reward=-10.0000 human_reward=-10.0000
RL 1v1 episode=80 bee_team=1 human_team=0 ships_per_side=1 winner=0 timeout=True duration=119.98s bee_tsv=16->16 human_tsv=18->13 bee_shots=3 bee_hits=1 bee_damage=80 bee_tsv_reward=0.1471 human_shots=4 human_hits=0 human_damage=0 human_tsv_reward=-0.1471 bee_reward=-9.8529 human_reward=-10.1471
RL 1v1 summary episodes=80 bee_record=15-65 human_record=0-80 timeouts=65 avg_duration=112.52s bee_shots=325 bee_hits=73 bee_hit_rate=22.46 % bee_damage=5690 human_shots=154 human_hits=16 human_hit_rate=10.39 % human_damage=480
RL 1v1 episode=81 bee_team=0 human_team=1 ships_per_side=1 winner=0 timeout=True duration=119.98s bee_tsv=16->16 human_tsv=18->13 bee_shots=5 bee_hits=1 bee_damage=80 bee_tsv_reward=0.1471 human_shots=2 human_hits=0 human_damage=0 human_tsv_reward=-0.1471 bee_reward=-9.8529 human_reward=-10.1471
RL 1v1 episode=82 bee_team=1 human_team=0 ships_per_side=1 winner=0 timeout=True duration=119.98s bee_tsv=16->16 human_tsv=18->13 bee_shots=5 bee_hits=1 bee_damage=80 bee_tsv_reward=0.1471 human_shots=0 human_hits=0 human_damage=0 human_tsv_reward=-0.1471 bee_reward=-9.8529 human_reward=-10.1471
RL 1v1 episode=83 bee_team=0 human_team=1 ships_per_side=1 winner=0 timeout=True duration=119.98s bee_tsv=16->16 human_tsv=18->13 bee_shots=8 bee_hits=1 bee_damage=80 bee_tsv_reward=0.1471 human_shots=10 human_hits=0 human_damage=0 human_tsv_reward=-0.1471 bee_reward=-9.8529 human_reward=-10.1471
RL 1v1 episode=84 bee_team=1 human_team=0 ships_per_side=1 winner=0 timeout=True duration=119.98s bee_tsv=16->16 human_tsv=18->18 bee_shots=1 bee_hits=0 bee_damage=0 bee_tsv_reward=0.0000 human_shots=0 human_hits=0 human_damage=0 human_tsv_reward=0.0000 bee_reward=-10.0000 human_reward=-10.0000
RL 1v1 episode=85 bee_team=0 human_team=1 ships_per_side=1 winner=0 timeout=True duration=119.98s bee_tsv=16->16 human_tsv=18->13 bee_shots=6 bee_hits=1 bee_damage=80 bee_tsv_reward=0.1471 human_shots=0 human_hits=0 human_damage=0 human_tsv_reward=-0.1471 bee_reward=-9.8529 human_reward=-10.1471
RL 1v1 episode=86 bee_team=1 human_team=0 ships_per_side=1 winner=0 timeout=True duration=119.98s bee_tsv=16->16 human_tsv=18->13 bee_shots=5 bee_hits=1 bee_damage=80 bee_tsv_reward=0.1471 human_shots=0 human_hits=0 human_damage=0 human_tsv_reward=-0.1471 bee_reward=-9.8529 human_reward=-10.1471
RL 1v1 episode=87 bee_team=0 human_team=1 ships_per_side=1 winner=0 timeout=True duration=119.98s bee_tsv=16->16 human_tsv=18->13 bee_shots=2 bee_hits=1 bee_damage=80 bee_tsv_reward=0.1471 human_shots=0 human_hits=0 human_damage=0 human_tsv_reward=-0.1471 bee_reward=-9.8529 human_reward=-10.1471
RL 1v1 episode=88 bee_team=1 human_team=0 ships_per_side=1 winner=0 timeout=True duration=119.98s bee_tsv=16->14 human_tsv=18->13 bee_shots=2 bee_hits=1 bee_damage=80 bee_tsv_reward=0.0882 human_shots=4 human_hits=1 human_damage=30 human_tsv_reward=-0.0882 bee_reward=-9.9118 human_reward=-10.0882
RL 1v1 episode=89 bee_team=0 human_team=1 ships_per_side=1 winner=0 timeout=True duration=119.98s bee_tsv=16->16 human_tsv=18->18 bee_shots=0 bee_hits=0 bee_damage=0 bee_tsv_reward=0.0000 human_shots=0 human_hits=0 human_damage=0 human_tsv_reward=0.0000 bee_reward=-10.0000 human_reward=-10.0000
RL 1v1 episode=90 bee_team=1 human_team=0 ships_per_side=1 winner=0 timeout=True duration=119.98s bee_tsv=16->16 human_tsv=18->13 bee_shots=4 bee_hits=1 bee_damage=80 bee_tsv_reward=0.1471 human_shots=0 human_hits=0 human_damage=0 human_tsv_reward=-0.1471 bee_reward=-9.8529 human_reward=-10.1471
RL 1v1 summary episodes=90 bee_record=15-75 human_record=0-90 timeouts=75 avg_duration=113.35s bee_shots=363 bee_hits=81 bee_hit_rate=22.31 % bee_damage=6330 human_shots=170 human_hits=17 human_hit_rate=10.00 % human_damage=510
RL 1v1 episode=91 bee_team=0 human_team=1 ships_per_side=1 winner=1 timeout=False duration=77.53s bee_tsv=16->13 human_tsv=18->0 bee_shots=7 bee_hits=2 bee_damage=150 bee_tsv_reward=0.4412 human_shots=2 human_hits=2 human_damage=60 human_tsv_reward=-0.4412 bee_reward=10.3766 human_reward=-10.4412
RL 1v1 episode=92 bee_team=1 human_team=0 ships_per_side=1 winner=0 timeout=True duration=119.98s bee_tsv=16->14 human_tsv=18->13 bee_shots=12 bee_hits=1 bee_damage=80 bee_tsv_reward=0.0882 human_shots=2 human_hits=1 human_damage=30 human_tsv_reward=-0.0882 bee_reward=-9.9118 human_reward=-10.0882
RL 1v1 episode=93 bee_team=0 human_team=1 ships_per_side=1 winner=0 timeout=True duration=119.98s bee_tsv=16->13 human_tsv=18->13 bee_shots=9 bee_hits=1 bee_damage=80 bee_tsv_reward=0.0588 human_shots=4 human_hits=2 human_damage=60 human_tsv_reward=-0.0588 bee_reward=-9.9412 human_reward=-10.0588
RL 1v1 episode=94 bee_team=1 human_team=0 ships_per_side=1 winner=0 timeout=True duration=119.98s bee_tsv=16->16 human_tsv=18->13 bee_shots=3 bee_hits=1 bee_damage=80 bee_tsv_reward=0.1471 human_shots=0 human_hits=0 human_damage=0 human_tsv_reward=-0.1471 bee_reward=-9.8529 human_reward=-10.1471
RL 1v1 episode=95 bee_team=0 human_team=1 ships_per_side=1 winner=0 timeout=True duration=119.98s bee_tsv=16->16 human_tsv=18->13 bee_shots=2 bee_hits=1 bee_damage=80 bee_tsv_reward=0.1471 human_shots=0 human_hits=0 human_damage=0 human_tsv_reward=-0.1471 bee_reward=-9.8529 human_reward=-10.1471
RL 1v1 episode=96 bee_team=1 human_team=0 ships_per_side=1 winner=0 timeout=True duration=119.98s bee_tsv=16->16 human_tsv=18->13 bee_shots=6 bee_hits=1 bee_damage=80 bee_tsv_reward=0.1471 human_shots=2 human_hits=0 human_damage=0 human_tsv_reward=-0.1471 bee_reward=-9.8529 human_reward=-10.1471
RL 1v1 episode=97 bee_team=0 human_team=1 ships_per_side=1 winner=1 timeout=False duration=10.07s bee_tsv=16->16 human_tsv=18->0 bee_shots=2 bee_hits=2 bee_damage=150 bee_tsv_reward=0.5294 human_shots=0 human_hits=0 human_damage=0 human_tsv_reward=-0.5294 bee_reward=10.5210 human_reward=-10.5294
RL 1v1 episode=98 bee_team=1 human_team=0 ships_per_side=1 winner=0 timeout=True duration=119.98s bee_tsv=16->16 human_tsv=18->13 bee_shots=6 bee_hits=1 bee_damage=80 bee_tsv_reward=0.1471 human_shots=0 human_hits=0 human_damage=0 human_tsv_reward=-0.1471 bee_reward=-9.8529 human_reward=-10.1471
RL 1v1 episode=99 bee_team=0 human_team=1 ships_per_side=1 winner=1 timeout=False duration=70.05s bee_tsv=16->16 human_tsv=18->0 bee_shots=5 bee_hits=2 bee_damage=150 bee_tsv_reward=0.5294 human_shots=2 human_hits=0 human_damage=0 human_tsv_reward=-0.5294 bee_reward=10.4710 human_reward=-10.5294
RL 1v1 episode=100 bee_team=1 human_team=0 ships_per_side=1 winner=0 timeout=True duration=119.98s bee_tsv=16->16 human_tsv=18->13 bee_shots=10 bee_hits=1 bee_damage=80 bee_tsv_reward=0.1471 human_shots=0 human_hits=0 human_damage=0 human_tsv_reward=-0.1471 bee_reward=-9.8529 human_reward=-10.1471
RL 1v1 summary episodes=100 bee_record=18-82 human_record=0-100 timeouts=82 avg_duration=111.99s bee_shots=425 bee_hits=94 bee_hit_rate=22.12 % bee_damage=7340 human_shots=182 human_hits=22 human_hit_rate=12.09 % human_damage=660
RL 1v1 episode=101 bee_team=0 human_team=1 ships_per_side=1 winner=0 timeout=True duration=119.98s bee_tsv=16->14 human_tsv=18->13 bee_shots=5 bee_hits=1 bee_damage=80 bee_tsv_reward=0.0882 human_shots=4 human_hits=1 human_damage=30 human_tsv_reward=-0.0882 bee_reward=-9.9118 human_reward=-10.0882
RL 1v1 episode=102 bee_team=1 human_team=0 ships_per_side=1 winner=0 timeout=True duration=119.98s bee_tsv=16->16 human_tsv=18->13 bee_shots=4 bee_hits=1 bee_damage=80 bee_tsv_reward=0.1471 human_shots=0 human_hits=0 human_damage=0 human_tsv_reward=-0.1471 bee_reward=-9.8529 human_reward=-10.1471
RL 1v1 episode=103 bee_team=0 human_team=1 ships_per_side=1 winner=0 timeout=True duration=119.98s bee_tsv=16->16 human_tsv=18->13 bee_shots=4 bee_hits=1 bee_damage=80 bee_tsv_reward=0.1471 human_shots=0 human_hits=0 human_damage=0 human_tsv_reward=-0.1471 bee_reward=-9.8529 human_reward=-10.1471
RL 1v1 episode=104 bee_team=1 human_team=0 ships_per_side=1 winner=0 timeout=True duration=119.98s bee_tsv=16->16 human_tsv=18->13 bee_shots=10 bee_hits=1 bee_damage=80 bee_tsv_reward=0.1471 human_shots=6 human_hits=0 human_damage=0 human_tsv_reward=-0.1471 bee_reward=-9.8529 human_reward=-10.1471
RL 1v1 episode=105 bee_team=0 human_team=1 ships_per_side=1 winner=0 timeout=True duration=119.98s bee_tsv=16->13 human_tsv=18->13 bee_shots=8 bee_hits=1 bee_damage=80 bee_tsv_reward=0.0588 human_shots=2 human_hits=2 human_damage=60 human_tsv_reward=-0.0588 bee_reward=-9.9412 human_reward=-10.0588
RL 1v1 episode=106 bee_team=1 human_team=0 ships_per_side=1 winner=0 timeout=True duration=119.98s bee_tsv=16->12 human_tsv=18->13 bee_shots=5 bee_hits=1 bee_damage=80 bee_tsv_reward=0.0294 human_shots=4 human_hits=3 human_damage=90 human_tsv_reward=-0.0294 bee_reward=-9.9706 human_reward=-10.0294
RL 1v1 episode=107 bee_team=0 human_team=1 ships_per_side=1 winner=0 timeout=True duration=119.98s bee_tsv=16->16 human_tsv=18->13 bee_shots=5 bee_hits=1 bee_damage=80 bee_tsv_reward=0.1471 human_shots=0 human_hits=0 human_damage=0 human_tsv_reward=-0.1471 bee_reward=-9.8529 human_reward=-10.1471
RL 1v1 episode=108 bee_team=1 human_team=0 ships_per_side=1 winner=0 timeout=True duration=119.98s bee_tsv=16->16 human_tsv=18->13 bee_shots=6 bee_hits=1 bee_damage=80 bee_tsv_reward=0.1471 human_shots=0 human_hits=0 human_damage=0 human_tsv_reward=-0.1471 bee_reward=-9.8529 human_reward=-10.1471
RL 1v1 episode=109 bee_team=0 human_team=1 ships_per_side=1 winner=0 timeout=True duration=119.98s bee_tsv=16->11 human_tsv=18->13 bee_shots=8 bee_hits=1 bee_damage=80 bee_tsv_reward=0.0000 human_shots=4 human_hits=4 human_damage=120 human_tsv_reward=0.0000 bee_reward=-10.0000 human_reward=-10.0000
RL 1v1 episode=110 bee_team=1 human_team=0 ships_per_side=1 winner=1 timeout=False duration=12.53s bee_tsv=16->16 human_tsv=18->0 bee_shots=2 bee_hits=2 bee_damage=150 bee_tsv_reward=0.5294 human_shots=0 human_hits=0 human_damage=0 human_tsv_reward=-0.5294 bee_reward=10.5190 human_reward=-10.5294
RL 1v1 summary episodes=110 bee_record=19-91 human_record=0-110 timeouts=91 avg_duration=111.74s bee_shots=482 bee_hits=105 bee_hit_rate=21.78 % bee_damage=8210 human_shots=202 human_hits=32 human_hit_rate=15.84 % human_damage=960
RL 1v1 episode=111 bee_team=0 human_team=1 ships_per_side=1 winner=0 timeout=True duration=119.98s bee_tsv=16->16 human_tsv=18->13 bee_shots=4 bee_hits=1 bee_damage=80 bee_tsv_reward=0.1471 human_shots=0 human_hits=0 human_damage=0 human_tsv_reward=-0.1471 bee_reward=-9.8529 human_reward=-10.1471
RL 1v1 episode=112 bee_team=1 human_team=0 ships_per_side=1 winner=1 timeout=False duration=32.55s bee_tsv=16->16 human_tsv=18->0 bee_shots=3 bee_hits=2 bee_damage=150 bee_tsv_reward=0.5294 human_shots=0 human_hits=0 human_damage=0 human_tsv_reward=-0.5294 bee_reward=10.5023 human_reward=-10.5294
RL 1v1 episode=113 bee_team=0 human_team=1 ships_per_side=1 winner=0 timeout=True duration=119.98s bee_tsv=16->13 human_tsv=18->13 bee_shots=7 bee_hits=1 bee_damage=80 bee_tsv_reward=0.0588 human_shots=4 human_hits=2 human_damage=60 human_tsv_reward=-0.0588 bee_reward=-9.9412 human_reward=-10.0588
RL 1v1 episode=114 bee_team=1 human_team=0 ships_per_side=1 winner=0 timeout=True duration=119.98s bee_tsv=16->12 human_tsv=18->13 bee_shots=2 bee_hits=1 bee_damage=80 bee_tsv_reward=0.0294 human_shots=10 human_hits=3 human_damage=90 human_tsv_reward=-0.0294 bee_reward=-9.9706 human_reward=-10.0294
RL 1v1 episode=115 bee_team=0 human_team=1 ships_per_side=1 winner=1 timeout=False duration=22.53s bee_tsv=16->16 human_tsv=18->0 bee_shots=2 bee_hits=2 bee_damage=150 bee_tsv_reward=0.5294 human_shots=0 human_hits=0 human_damage=0 human_tsv_reward=-0.5294 bee_reward=10.5106 human_reward=-10.5294
RL 1v1 episode=116 bee_team=1 human_team=0 ships_per_side=1 winner=0 timeout=True duration=119.98s bee_tsv=16->16 human_tsv=18->13 bee_shots=2 bee_hits=1 bee_damage=80 bee_tsv_reward=0.1471 human_shots=0 human_hits=0 human_damage=0 human_tsv_reward=-0.1471 bee_reward=-9.8529 human_reward=-10.1471
RL 1v1 episode=117 bee_team=0 human_team=1 ships_per_side=1 winner=0 timeout=True duration=119.98s bee_tsv=16->16 human_tsv=18->13 bee_shots=3 bee_hits=1 bee_damage=80 bee_tsv_reward=0.1471 human_shots=0 human_hits=0 human_damage=0 human_tsv_reward=-0.1471 bee_reward=-9.8529 human_reward=-10.1471
RL 1v1 episode=118 bee_team=1 human_team=0 ships_per_side=1 winner=0 timeout=True duration=119.98s bee_tsv=16->16 human_tsv=18->13 bee_shots=3 bee_hits=1 bee_damage=80 bee_tsv_reward=0.1471 human_shots=0 human_hits=0 human_damage=0 human_tsv_reward=-0.1471 bee_reward=-9.8529 human_reward=-10.1471
RL 1v1 episode=119 bee_team=0 human_team=1 ships_per_side=1 winner=0 timeout=True duration=119.98s bee_tsv=16->16 human_tsv=18->13 bee_shots=6 bee_hits=1 bee_damage=80 bee_tsv_reward=0.1471 human_shots=2 human_hits=0 human_damage=0 human_tsv_reward=-0.1471 bee_reward=-9.8529 human_reward=-10.1471
RL 1v1 episode=120 bee_team=1 human_team=0 ships_per_side=1 winner=0 timeout=True duration=119.98s bee_tsv=16->16 human_tsv=18->13 bee_shots=6 bee_hits=1 bee_damage=80 bee_tsv_reward=0.1471 human_shots=0 human_hits=0 human_damage=0 human_tsv_reward=-0.1471 bee_reward=-9.8529 human_reward=-10.1471
RL 1v1 summary episodes=120 bee_record=21-99 human_record=0-120 timeouts=99 avg_duration=110.89s bee_shots=520 bee_hits=117 bee_hit_rate=22.50 % bee_damage=9150 human_shots=218 human_hits=37 human_hit_rate=16.97 % human_damage=1110
RL 1v1 episode=121 bee_team=0 human_team=1 ships_per_side=1 winner=0 timeout=True duration=119.98s bee_tsv=16->16 human_tsv=18->13 bee_shots=2 bee_hits=1 bee_damage=80 bee_tsv_reward=0.1471 human_shots=0 human_hits=0 human_damage=0 human_tsv_reward=-0.1471 bee_reward=-9.8529 human_reward=-10.1471
RL 1v1 episode=122 bee_team=1 human_team=0 ships_per_side=1 winner=0 timeout=True duration=119.98s bee_tsv=16->16 human_tsv=18->13 bee_shots=2 bee_hits=1 bee_damage=80 bee_tsv_reward=0.1471 human_shots=0 human_hits=0 human_damage=0 human_tsv_reward=-0.1471 bee_reward=-9.8529 human_reward=-10.1471
RL 1v1 episode=123 bee_team=0 human_team=1 ships_per_side=1 winner=0 timeout=True duration=119.98s bee_tsv=16->16 human_tsv=18->13 bee_shots=4 bee_hits=1 bee_damage=80 bee_tsv_reward=0.1471 human_shots=0 human_hits=0 human_damage=0 human_tsv_reward=-0.1471 bee_reward=-9.8529 human_reward=-10.1471
RL 1v1 episode=124 bee_team=1 human_team=0 ships_per_side=1 winner=1 timeout=False duration=115.05s bee_tsv=16->16 human_tsv=18->0 bee_shots=5 bee_hits=2 bee_damage=150 bee_tsv_reward=0.5294 human_shots=0 human_hits=0 human_damage=0 human_tsv_reward=-0.5294 bee_reward=10.4335 human_reward=-10.5294
RL 1v1 episode=125 bee_team=0 human_team=1 ships_per_side=1 winner=1 timeout=False duration=75.05s bee_tsv=16->16 human_tsv=18->0 bee_shots=5 bee_hits=2 bee_damage=150 bee_tsv_reward=0.5294 human_shots=0 human_hits=0 human_damage=0 human_tsv_reward=-0.5294 bee_reward=10.4669 human_reward=-10.5294
RL 1v1 episode=126 bee_team=1 human_team=0 ships_per_side=1 winner=0 timeout=True duration=119.98s bee_tsv=16->16 human_tsv=18->13 bee_shots=3 bee_hits=1 bee_damage=80 bee_tsv_reward=0.1471 human_shots=2 human_hits=0 human_damage=0 human_tsv_reward=-0.1471 bee_reward=-9.8529 human_reward=-10.1471
RL 1v1 episode=127 bee_team=0 human_team=1 ships_per_side=1 winner=0 timeout=True duration=119.98s bee_tsv=16->16 human_tsv=18->13 bee_shots=2 bee_hits=1 bee_damage=80 bee_tsv_reward=0.1471 human_shots=0 human_hits=0 human_damage=0 human_tsv_reward=-0.1471 bee_reward=-9.8529 human_reward=-10.1471
RL 1v1 episode=128 bee_team=1 human_team=0 ships_per_side=1 winner=1 timeout=False duration=50.03s bee_tsv=16->13 human_tsv=18->0 bee_shots=3 bee_hits=2 bee_damage=150 bee_tsv_reward=0.4412 human_shots=2 human_hits=2 human_damage=60 human_tsv_reward=-0.4412 bee_reward=10.3995 human_reward=-10.4412
RL 1v1 episode=129 bee_team=0 human_team=1 ships_per_side=1 winner=1 timeout=False duration=12.67s bee_tsv=16->16 human_tsv=18->0 bee_shots=2 bee_hits=2 bee_damage=150 bee_tsv_reward=0.5294 human_shots=0 human_hits=0 human_damage=0 human_tsv_reward=-0.5294 bee_reward=10.5189 human_reward=-10.5294
RL 1v1 episode=130 bee_team=1 human_team=0 ships_per_side=1 winner=0 timeout=True duration=119.98s bee_tsv=16->16 human_tsv=18->13 bee_shots=9 bee_hits=1 bee_damage=80 bee_tsv_reward=0.1471 human_shots=0 human_hits=0 human_damage=0 human_tsv_reward=-0.1471 bee_reward=-9.8529 human_reward=-10.1471
RL 1v1 summary episodes=130 bee_record=25-105 human_record=0-130 timeouts=105 avg_duration=109.84s bee_shots=557 bee_hits=131 bee_hit_rate=23.52 % bee_damage=10230 human_shots=222 human_hits=39 human_hit_rate=17.57 % human_damage=1170
Unable to save timers to file F:/RLDemo/Bees RL Training/Bees_Data\ML-Agents\Timers\RL 1v1 Training_timers.json
[Physics::Module] Cleanup current backend.
[Physics::Module] Id: 0xf2b8ea05
Input System module state changed to: ShutdownInProgress.
Input Polling Thread exited.
Input System module state changed to: Shutdown.
CodeReloadManager destroyed
GarbageCollector disposing of ComputeBuffer. Please use ComputeBuffer.Release() or .Dispose() to manually release the buffer.
