Mono path[0] = 'F:/RLDemo/Bees RL Training/Bees_Data/Managed'
Mono config path = 'F:/RLDemo/Bees RL Training/MonoBleedingEdge/etc'
CodeReloadManager initialized
Input System module state changed to: Initialized.
[Physics::Module] Initialized fallback backend.
[Physics::Module] Id: 0xdecafbad
Initialize engine version: 6000.5.4f1 (d550df8bd089)
[Subsystems] Discovering subsystems at path F:/RLDemo/Bees RL Training/Bees_Data/UnitySubsystems
Forcing GfxDevice: Null
GfxDevice: creating device client; kGfxThreadingModeNonThreaded
NullGfxDevice:
    Version:  NULL 1.0 [1.0]
    Renderer: Null Device
    Vendor:   Unity Technologies
Begin MonoManager ReloadAssembly
- Finished resetting the current domain, in  0.134 seconds
[Physics::Module] Selected backend.
[Physics::Module] Name: PhysX
[Physics::Module] Id: 0xf2b8ea05
[Physics::Module] SDK Version: 4.1.2
[Physics::Module] Integration Version: 1.0.0
[Physics::Module] Threading Mode: Multi-Threaded
Microsoft Media Foundation video decoding to texture disabled: graphics device is Null, only Direct3D 11 and Direct3D 12 (only on desktop) are supported for hardware-accelerated video decoding.
Texture with ID 114 and with size 13376x6920 was too large for graphics device maximum supported texture size (8192x8192). Falling back to a dummy texture. Generate mip maps to provide lower size fallback.
Texture with ID 210 and with size 13376x6920 was too large for graphics device maximum supported texture size (8192x8192). Falling back to a dummy texture. Generate mip maps to provide lower size fallback.
Texture with ID 221 and with size 13376x6920 was too large for graphics device maximum supported texture size (8192x8192). Falling back to a dummy texture. Generate mip maps to provide lower size fallback.
Texture with ID 238 and with size 13376x6920 was too large for graphics device maximum supported texture size (8192x8192). Falling back to a dummy texture. Generate mip maps to provide lower size fallback.
UnloadTime: 1.821400 ms
UI Audio: DontDestroyOnLoad only works for root GameObjects or components on root GameObjects.
Trying to connect to ws://clashofempire.net:7146
Connection with WebSocketSharp open!
[Steamworks.NET] SteamAPI_Init() failed. Continuing without Steam features.
Steam API is unavailable; using local fallback identity.
User id is 2013868892
RL training configuration health_ratio=0.25 map_size=35 episode_timeout=120s ships_per_side=1 matchup_mode=fixed bee_ship_types=Wasp human_ship_types=Gunship
Can not play a disabled audio source
Registered Communicator in Agent.
RL policy ABI v5 bees-rl-v5|behavior=BeesRL1v1|network=ff-512x3|normalize=true|obs=4685|cont=34|disc=2x16,5,65,65,65|weapon-aim=slotwise-xy|weapon-fire=slotwise-cease-or-fire|weapon-ready=rl-latched-until-fire|shipbits=6|weaponbits=6|mapbits=4|shipmap=v1-0..23|weaponmap=v1-0..9|allies=64|enemies=64|weapons=16|enemy-mounts=16|mining=8|map-objects=64|moving-asteroids=48|self=29|capability=12|parent-carrier=19|entity=19|weapon=19|enemy-mount=22|mining-slot=7|map-slot=12|moving-asteroid-slot=11|objective=16|grid=13x13|entity-order=distance,type,fleet-id,runtime-id observations=4685 continuous_actions=34 weapon_fire_branches=16x2 special_branch=5 ally_target_branch=65 enemy_target_branch=65 map_object_target_branch=65 allies=64 enemies=64 moving_asteroids=48 mining_asteroids=8 map_objects=64 navigation_grid=13x13 weapon_slots=16 enemy_weapon_mounts=16 objective_channels=16 spawned_ship_control=dynamic
RL 1v1 episode=1 outcome=side_1_win bee_team=0 human_team=1 ships_per_side=1 winner=1 timeout=False duration=41.32s bee_tsv=16->11 human_tsv=18->0 bee_fire_requests=189 bee_shots=1 bee_hits=1 bee_damage=75 bee_first_contact=0.32s bee_first_fire=40.98s bee_first_hit=41.02s bee_spawned=0 bee_agent_coverage=1/1 bee_weapons=Eye:189/1 bee_rewards=terminal:10.0000,tsv:0.3171,time:-0.0344,total:10.2827 human_fire_requests=219 human_shots=0 human_hits=2 human_damage=60 human_first_contact=0.32s human_first_fire=none human_first_hit=38.34s human_spawned=0 human_agent_coverage=1/1 human_weapons=DualCannon:219/0 human_rewards=terminal:-10.0000,tsv:-0.3295,time:0.0000,total:-10.3295
RL 1v1 episode=2 outcome=side_1_win bee_team=1 human_team=0 ships_per_side=1 winner=1 timeout=False duration=62.55s bee_tsv=16->11 human_tsv=18->0 bee_fire_requests=313 bee_shots=1 bee_hits=1 bee_damage=75 bee_first_contact=0.03s bee_first_fire=62.51s bee_first_hit=62.54s bee_spawned=0 bee_agent_coverage=1/1 bee_weapons=Eye:313/1 bee_rewards=terminal:10.0000,tsv:0.3171,time:-0.0521,total:10.2650 human_fire_requests=294 human_shots=0 human_hits=2 human_damage=60 human_first_contact=0.03s human_first_fire=none human_first_hit=25.88s human_spawned=0 human_agent_coverage=1/1 human_weapons=DualCannon:294/0 human_rewards=terminal:-10.0000,tsv:-0.3295,time:0.0000,total:-10.3295
RL 1v1 episode=3 outcome=draw bee_team=0 human_team=1 ships_per_side=1 winner=0 timeout=False duration=44.20s bee_tsv=16->0 human_tsv=18->0 bee_fire_requests=228 bee_shots=1 bee_hits=1 bee_damage=75 bee_first_contact=0.04s bee_first_fire=44.17s bee_first_hit=44.20s bee_spawned=0 bee_agent_coverage=1/1 bee_weapons=Eye:228/1 bee_rewards=terminal:0.0000,tsv:-0.0064,time:0.0000,total:-0.0064 human_fire_requests=230 human_shots=0 human_hits=4 human_damage=100 human_first_contact=0.04s human_first_fire=none human_first_hit=15.86s human_spawned=0 human_agent_coverage=1/1 human_weapons=DualCannon:230/0 human_rewards=terminal:0.0000,tsv:-0.1008,time:0.0000,total:-0.1008
RL 1v1 episode=4 outcome=side_1_win bee_team=1 human_team=0 ships_per_side=1 winner=1 timeout=False duration=29.22s bee_tsv=16->16 human_tsv=18->0 bee_fire_requests=155 bee_shots=2 bee_hits=1 bee_damage=75 bee_first_contact=0.02s bee_first_fire=3.33s bee_first_hit=29.20s bee_spawned=0 bee_agent_coverage=1/1 bee_weapons=Eye:155/2 bee_rewards=terminal:10.0000,tsv:0.4641,time:-0.0243,total:10.4398 human_fire_requests=124 human_shots=0 human_hits=0 human_damage=0 human_first_contact=0.02s human_first_fire=none human_first_hit=none human_spawned=0 human_agent_coverage=1/1 human_weapons=DualCannon:124/0 human_rewards=terminal:-10.0000,tsv:-0.4571,time:0.0000,total:-10.4571
RL 1v1 episode=5 outcome=side_2_win bee_team=0 human_team=1 ships_per_side=1 winner=2 timeout=False duration=70.90s bee_tsv=16->0 human_tsv=18->18 bee_fire_requests=335 bee_shots=0 bee_hits=0 bee_damage=0 bee_first_contact=0.03s bee_first_fire=none bee_first_hit=none bee_spawned=0 bee_agent_coverage=1/1 bee_weapons=Eye:335/0 bee_rewards=terminal:-10.0000,tsv:-0.3983,time:0.0000,total:-10.3983 human_fire_requests=319 human_shots=0 human_hits=4 human_damage=100 human_first_contact=0.03s human_first_fire=none human_first_hit=53.38s human_spawned=0 human_agent_coverage=1/1 human_weapons=DualCannon:319/0 human_rewards=terminal:10.0000,tsv:0.4287,time:-0.0591,total:10.3696
RL 1v1 episode=6 outcome=side_2_win bee_team=1 human_team=0 ships_per_side=1 winner=2 timeout=False duration=33.40s bee_tsv=16->0 human_tsv=18->18 bee_fire_requests=173 bee_shots=0 bee_hits=0 bee_damage=0 bee_first_contact=0.03s bee_first_fire=none bee_first_hit=none bee_spawned=0 bee_agent_coverage=1/1 bee_weapons=Eye:173/0 bee_rewards=terminal:-10.0000,tsv:-0.3983,time:0.0000,total:-10.3983 human_fire_requests=179 human_shots=0 human_hits=4 human_damage=100 human_first_contact=0.03s human_first_fire=none human_first_hit=4.20s human_spawned=0 human_agent_coverage=1/1 human_weapons=DualCannon:179/0 human_rewards=terminal:10.0000,tsv:0.4287,time:-0.0278,total:10.4008
RL 1v1 episode=7 outcome=side_1_win bee_team=0 human_team=1 ships_per_side=1 winner=1 timeout=False duration=15.90s bee_tsv=16->16 human_tsv=18->0 bee_fire_requests=87 bee_shots=1 bee_hits=1 bee_damage=75 bee_first_contact=0.03s bee_first_fire=15.85s bee_first_hit=15.88s bee_spawned=0 bee_agent_coverage=1/1 bee_weapons=Eye:87/1 bee_rewards=terminal:10.0000,tsv:0.4641,time:-0.0132,total:10.4509 human_fire_requests=79 human_shots=0 human_hits=0 human_damage=0 human_first_contact=0.03s human_first_fire=none human_first_hit=none human_spawned=0 human_agent_coverage=1/1 human_weapons=DualCannon:79/0 human_rewards=terminal:-10.0000,tsv:-0.4571,time:0.0000,total:-10.4571
RL 1v1 episode=8 outcome=side_1_win bee_team=1 human_team=0 ships_per_side=1 winner=1 timeout=False duration=34.21s bee_tsv=16->16 human_tsv=18->0 bee_fire_requests=172 bee_shots=1 bee_hits=1 bee_damage=75 bee_first_contact=0.03s bee_first_fire=34.18s bee_first_hit=34.20s bee_spawned=0 bee_agent_coverage=1/1 bee_weapons=Eye:172/1 bee_rewards=terminal:10.0000,tsv:0.4641,time:-0.0285,total:10.4356 human_fire_requests=180 human_shots=0 human_hits=0 human_damage=0 human_first_contact=0.03s human_first_fire=none human_first_hit=none human_spawned=0 human_agent_coverage=1/1 human_weapons=DualCannon:180/0 human_rewards=terminal:-10.0000,tsv:-0.4571,time:0.0000,total:-10.4571
RL 1v1 episode=9 outcome=side_2_win bee_team=0 human_team=1 ships_per_side=1 winner=2 timeout=False duration=84.21s bee_tsv=16->0 human_tsv=18->18 bee_fire_requests=435 bee_shots=3 bee_hits=0 bee_damage=0 bee_first_contact=0.03s bee_first_fire=13.34s bee_first_hit=none bee_spawned=0 bee_agent_coverage=1/1 bee_weapons=Eye:435/3 bee_rewards=terminal:-10.0000,tsv:-0.3983,time:0.0000,total:-10.3983 human_fire_requests=447 human_shots=0 human_hits=4 human_damage=100 human_first_contact=0.03s human_first_fire=none human_first_hit=65.04s human_spawned=0 human_agent_coverage=1/1 human_weapons=DualCannon:447/0 human_rewards=terminal:10.0000,tsv:0.4287,time:-0.0702,total:10.3585
RL 1v1 episode=10 outcome=side_2_win bee_team=1 human_team=0 ships_per_side=1 winner=2 timeout=False duration=85.06s bee_tsv=16->0 human_tsv=18->18 bee_fire_requests=451 bee_shots=1 bee_hits=0 bee_damage=0 bee_first_contact=0.02s bee_first_fire=53.34s bee_first_hit=none bee_spawned=0 bee_agent_coverage=1/1 bee_weapons=Eye:451/1 bee_rewards=terminal:-10.0000,tsv:-0.3983,time:0.0000,total:-10.3983 human_fire_requests=473 human_shots=0 human_hits=4 human_damage=100 human_first_contact=0.02s human_first_fire=none human_first_hit=11.70s human_spawned=0 human_agent_coverage=1/1 human_weapons=DualCannon:473/0 human_rewards=terminal:10.0000,tsv:0.4287,time:-0.0709,total:10.3578
RL 1v1 summary episodes=10 bee_record=5-4 human_record=4-5 draws=1 timeouts=0 avg_duration=50.09s bee_shots=11 bee_hits=6 bee_hit_rate=54.55 % bee_damage=450 human_shots=0 human_hits=24 human_hit_rate=0.00 % human_damage=620
RL 1v1 episode=11 outcome=side_1_win bee_team=0 human_team=1 ships_per_side=1 winner=1 timeout=False duration=47.55s bee_tsv=16->11 human_tsv=18->0 bee_fire_requests=236 bee_shots=2 bee_hits=1 bee_damage=75 bee_first_contact=0.03s bee_first_fire=15.85s bee_first_hit=47.54s bee_spawned=0 bee_agent_coverage=1/1 bee_weapons=Eye:236/2 bee_rewards=terminal:10.0000,tsv:0.3171,time:-0.0396,total:10.2775 human_fire_requests=247 human_shots=0 human_hits=2 human_damage=60 human_first_contact=0.03s human_first_fire=none human_first_hit=43.38s human_spawned=0 human_agent_coverage=1/1 human_weapons=DualCannon:247/0 human_rewards=terminal:-10.0000,tsv:-0.3295,time:0.0000,total:-10.3295
RL 1v1 episode=12 outcome=side_1_win bee_team=1 human_team=0 ships_per_side=1 winner=1 timeout=False duration=66.70s bee_tsv=16->13 human_tsv=18->0 bee_fire_requests=328 bee_shots=1 bee_hits=1 bee_damage=75 bee_first_contact=0.04s bee_first_fire=66.67s bee_first_hit=66.70s bee_spawned=0 bee_agent_coverage=1/1 bee_weapons=Eye:328/1 bee_rewards=terminal:10.0000,tsv:0.3759,time:-0.0556,total:10.3203 human_fire_requests=346 human_shots=0 human_hits=1 human_damage=30 human_first_contact=0.04s human_first_fire=none human_first_hit=25.04s human_spawned=0 human_agent_coverage=1/1 human_weapons=DualCannon:346/0 human_rewards=terminal:-10.0000,tsv:-0.3785,time:0.0000,total:-10.3785
RL 1v1 episode=13 outcome=side_1_win bee_team=0 human_team=1 ships_per_side=1 winner=1 timeout=False duration=6.72s bee_tsv=16->16 human_tsv=18->0 bee_fire_requests=43 bee_shots=1 bee_hits=1 bee_damage=75 bee_first_contact=0.02s bee_first_fire=6.67s bee_first_hit=6.70s bee_spawned=0 bee_agent_coverage=1/1 bee_weapons=Eye:43/1 bee_rewards=terminal:10.0000,tsv:0.4641,time:-0.0056,total:10.4586 human_fire_requests=34 human_shots=0 human_hits=0 human_damage=0 human_first_contact=0.02s human_first_fire=none human_first_hit=none human_spawned=0 human_agent_coverage=1/1 human_weapons=DualCannon:34/0 human_rewards=terminal:-10.0000,tsv:-0.4571,time:0.0000,total:-10.4571
RL 1v1 episode=14 outcome=side_1_win bee_team=1 human_team=0 ships_per_side=1 winner=1 timeout=False duration=35.05s bee_tsv=16->16 human_tsv=18->0 bee_fire_requests=194 bee_shots=2 bee_hits=1 bee_damage=75 bee_first_contact=0.03s bee_first_fire=19.18s bee_first_hit=35.04s bee_spawned=0 bee_agent_coverage=1/1 bee_weapons=Eye:194/2 bee_rewards=terminal:10.0000,tsv:0.4641,time:-0.0292,total:10.4349 human_fire_requests=183 human_shots=0 human_hits=0 human_damage=0 human_first_contact=0.03s human_first_fire=none human_first_hit=none human_spawned=0 human_agent_coverage=1/1 human_weapons=DualCannon:183/0 human_rewards=terminal:-10.0000,tsv:-0.4571,time:0.0000,total:-10.4571
RL 1v1 episode=15 outcome=side_1_win bee_team=0 human_team=1 ships_per_side=1 winner=1 timeout=False duration=34.20s bee_tsv=16->16 human_tsv=18->0 bee_fire_requests=177 bee_shots=2 bee_hits=1 bee_damage=75 bee_first_contact=0.04s bee_first_fire=24.17s bee_first_hit=34.20s bee_spawned=0 bee_agent_coverage=1/1 bee_weapons=Eye:177/2 bee_rewards=terminal:10.0000,tsv:0.4641,time:-0.0285,total:10.4356 human_fire_requests=170 human_shots=0 human_hits=0 human_damage=0 human_first_contact=0.04s human_first_fire=none human_first_hit=none human_spawned=0 human_agent_coverage=1/1 human_weapons=DualCannon:170/0 human_rewards=terminal:-10.0000,tsv:-0.4571,time:0.0000,total:-10.4571
RL 1v1 episode=16 outcome=side_1_win bee_team=1 human_team=0 ships_per_side=1 winner=1 timeout=False duration=41.72s bee_tsv=16->16 human_tsv=18->0 bee_fire_requests=198 bee_shots=2 bee_hits=1 bee_damage=75 bee_first_contact=0.02s bee_first_fire=25.83s bee_first_hit=41.70s bee_spawned=0 bee_agent_coverage=1/1 bee_weapons=Eye:198/2 bee_rewards=terminal:10.0000,tsv:0.4641,time:-0.0348,total:10.4294 human_fire_requests=245 human_shots=0 human_hits=0 human_damage=0 human_first_contact=0.02s human_first_fire=none human_first_hit=none human_spawned=0 human_agent_coverage=1/1 human_weapons=DualCannon:245/0 human_rewards=terminal:-10.0000,tsv:-0.4571,time:0.0000,total:-10.4571
RL 1v1 episode=17 outcome=side_1_win bee_team=0 human_team=1 ships_per_side=1 winner=1 timeout=False duration=20.90s bee_tsv=16->16 human_tsv=18->0 bee_fire_requests=114 bee_shots=1 bee_hits=1 bee_damage=75 bee_first_contact=0.03s bee_first_fire=20.85s bee_first_hit=20.88s bee_spawned=0 bee_agent_coverage=1/1 bee_weapons=Eye:114/1 bee_rewards=terminal:10.0000,tsv:0.4641,time:-0.0174,total:10.4467 human_fire_requests=91 human_shots=0 human_hits=0 human_damage=0 human_first_contact=0.03s human_first_fire=none human_first_hit=none human_spawned=0 human_agent_coverage=1/1 human_weapons=DualCannon:91/0 human_rewards=terminal:-10.0000,tsv:-0.4571,time:0.0000,total:-10.4571
RL 1v1 episode=18 outcome=side_1_win bee_team=1 human_team=0 ships_per_side=1 winner=1 timeout=False duration=63.40s bee_tsv=16->11 human_tsv=18->0 bee_fire_requests=306 bee_shots=2 bee_hits=1 bee_damage=75 bee_first_contact=0.03s bee_first_fire=22.51s bee_first_hit=63.38s bee_spawned=0 bee_agent_coverage=1/1 bee_weapons=Eye:306/2 bee_rewards=terminal:10.0000,tsv:0.3171,time:-0.0528,total:10.2643 human_fire_requests=289 human_shots=0 human_hits=2 human_damage=60 human_first_contact=0.03s human_first_fire=none human_first_hit=56.70s human_spawned=0 human_agent_coverage=1/1 human_weapons=DualCannon:289/0 human_rewards=terminal:-10.0000,tsv:-0.3295,time:0.0000,total:-10.3295
RL 1v1 episode=19 outcome=side_2_win bee_team=0 human_team=1 ships_per_side=1 winner=2 timeout=False duration=16.71s bee_tsv=16->0 human_tsv=18->18 bee_fire_requests=81 bee_shots=0 bee_hits=0 bee_damage=0 bee_first_contact=0.03s bee_first_fire=none bee_first_hit=none bee_spawned=0 bee_agent_coverage=1/1 bee_weapons=Eye:81/0 bee_rewards=terminal:-10.0000,tsv:-0.3983,time:0.0000,total:-10.3983 human_fire_requests=74 human_shots=0 human_hits=4 human_damage=100 human_first_contact=0.03s human_first_fire=none human_first_hit=3.38s human_spawned=0 human_agent_coverage=1/1 human_weapons=DualCannon:74/0 human_rewards=terminal:10.0000,tsv:0.4287,time:-0.0139,total:10.4147
RL 1v1 episode=20 outcome=side_2_win bee_team=1 human_team=0 ships_per_side=1 winner=2 timeout=False duration=50.04s bee_tsv=16->0 human_tsv=18->18 bee_fire_requests=266 bee_shots=0 bee_hits=0 bee_damage=0 bee_first_contact=0.03s bee_first_fire=none bee_first_hit=none bee_spawned=0 bee_agent_coverage=1/1 bee_weapons=Eye:266/0 bee_rewards=terminal:-10.0000,tsv:-0.3983,time:0.0000,total:-10.3983 human_fire_requests=250 human_shots=0 human_hits=4 human_damage=100 human_first_contact=0.03s human_first_fire=none human_first_hit=15.04s human_spawned=0 human_agent_coverage=1/1 human_weapons=DualCannon:250/0 human_rewards=terminal:10.0000,tsv:0.4287,time:-0.0417,total:10.3870
RL 1v1 summary episodes=20 bee_record=13-6 human_record=6-13 draws=1 timeouts=0 avg_duration=44.20s bee_shots=24 bee_hits=14 bee_hit_rate=58.33 % bee_damage=1050 human_shots=0 human_hits=37 human_hit_rate=0.00 % human_damage=970
RL 1v1 episode=21 outcome=side_2_win bee_team=0 human_team=1 ships_per_side=1 winner=2 timeout=False duration=41.72s bee_tsv=16->0 human_tsv=18->18 bee_fire_requests=214 bee_shots=0 bee_hits=0 bee_damage=0 bee_first_contact=0.02s bee_first_fire=none bee_first_hit=none bee_spawned=0 bee_agent_coverage=1/1 bee_weapons=Eye:214/0 bee_rewards=terminal:-10.0000,tsv:-0.3983,time:0.0000,total:-10.3983 human_fire_requests=192 human_shots=0 human_hits=4 human_damage=100 human_first_contact=0.02s human_first_fire=none human_first_hit=34.20s human_spawned=0 human_agent_coverage=1/1 human_weapons=DualCannon:192/0 human_rewards=terminal:10.0000,tsv:0.4287,time:-0.0348,total:10.3939
RL 1v1 episode=22 outcome=side_1_win bee_team=1 human_team=0 ships_per_side=1 winner=1 timeout=False duration=4.21s bee_tsv=16->16 human_tsv=18->0 bee_fire_requests=19 bee_shots=1 bee_hits=1 bee_damage=75 bee_first_contact=0.03s bee_first_fire=4.18s bee_first_hit=4.20s bee_spawned=0 bee_agent_coverage=1/1 bee_weapons=Eye:19/1 bee_rewards=terminal:10.0000,tsv:0.4641,time:-0.0035,total:10.4606 human_fire_requests=23 human_shots=0 human_hits=0 human_damage=0 human_first_contact=0.03s human_first_fire=none human_first_hit=none human_spawned=0 human_agent_coverage=1/1 human_weapons=DualCannon:23/0 human_rewards=terminal:-10.0000,tsv:-0.4571,time:0.0000,total:-10.4571
RL 1v1 episode=23 outcome=side_2_win bee_team=0 human_team=1 ships_per_side=1 winner=2 timeout=False duration=55.89s bee_tsv=16->0 human_tsv=18->18 bee_fire_requests=290 bee_shots=0 bee_hits=0 bee_damage=0 bee_first_contact=0.03s bee_first_fire=none bee_first_hit=none bee_spawned=0 bee_agent_coverage=1/1 bee_weapons=Eye:290/0 bee_rewards=terminal:-10.0000,tsv:-0.3983,time:0.0000,total:-10.3983 human_fire_requests=273 human_shots=0 human_hits=4 human_damage=100 human_first_contact=0.03s human_first_fire=none human_first_hit=36.70s human_spawned=0 human_agent_coverage=1/1 human_weapons=DualCannon:273/0 human_rewards=terminal:10.0000,tsv:0.4287,time:-0.0466,total:10.3821
Unable to save timers to file F:/RLDemo/Bees RL Training/Bees_Data\ML-Agents\Timers\RL 1v1 Training_timers.json
[Physics::Module] Cleanup current backend.
[Physics::Module] Id: 0xf2b8ea05
Input System module state changed to: ShutdownInProgress.
Input Polling Thread exited.
Input System module state changed to: Shutdown.
CodeReloadManager destroyed
GarbageCollector disposing of ComputeBuffer. Please use ComputeBuffer.Release() or .Dispose() to manually release the buffer.
