Mono path[0] = 'F:/RLDemo/Bees RL Training/Bees_Data/Managed'
Mono config path = 'F:/RLDemo/Bees RL Training/MonoBleedingEdge/etc'
CodeReloadManager initialized
Input System module state changed to: Initialized.
[Physics::Module] Initialized fallback backend.
[Physics::Module] Id: 0xdecafbad
Initialize engine version: 6000.5.4f1 (d550df8bd089)
[Subsystems] Discovering subsystems at path F:/RLDemo/Bees RL Training/Bees_Data/UnitySubsystems
Forcing GfxDevice: Null
GfxDevice: creating device client; kGfxThreadingModeNonThreaded
NullGfxDevice:
    Version:  NULL 1.0 [1.0]
    Renderer: Null Device
    Vendor:   Unity Technologies
Begin MonoManager ReloadAssembly
- Finished resetting the current domain, in  0.101 seconds
[Physics::Module] Selected backend.
[Physics::Module] Name: PhysX
[Physics::Module] Id: 0xf2b8ea05
[Physics::Module] SDK Version: 4.1.2
[Physics::Module] Integration Version: 1.0.0
[Physics::Module] Threading Mode: Multi-Threaded
Microsoft Media Foundation video decoding to texture disabled: graphics device is Null, only Direct3D 11 and Direct3D 12 (only on desktop) are supported for hardware-accelerated video decoding.
Texture with ID 114 and with size 13376x6920 was too large for graphics device maximum supported texture size (8192x8192). Falling back to a dummy texture. Generate mip maps to provide lower size fallback.
Texture with ID 210 and with size 13376x6920 was too large for graphics device maximum supported texture size (8192x8192). Falling back to a dummy texture. Generate mip maps to provide lower size fallback.
Texture with ID 221 and with size 13376x6920 was too large for graphics device maximum supported texture size (8192x8192). Falling back to a dummy texture. Generate mip maps to provide lower size fallback.
Texture with ID 238 and with size 13376x6920 was too large for graphics device maximum supported texture size (8192x8192). Falling back to a dummy texture. Generate mip maps to provide lower size fallback.
UnloadTime: 1.901900 ms
UI Audio: DontDestroyOnLoad only works for root GameObjects or components on root GameObjects.
Trying to connect to ws://clashofempire.net:7146
Connection with WebSocketSharp open!
[Steamworks.NET] SteamAPI_Init() failed. Continuing without Steam features.
Steam API is unavailable; using local fallback identity.
User id is 2013868892
RL training configuration health_ratio=0.25 map_size=35 episode_timeout=120s ships_per_side=1 matchup_mode=fixed bee_ship_types=Wasp human_ship_types=Gunship
Can not play a disabled audio source
Registered Communicator in Agent.
RL policy ABI v5 bees-rl-v5|behavior=BeesRL1v1|network=ff-512x3|normalize=true|obs=4685|cont=34|disc=2x16,5,65,65,65|weapon-aim=slotwise-xy|weapon-fire=slotwise-cease-or-fire|weapon-ready=rl-latched-until-fire|shipbits=6|weaponbits=6|mapbits=4|shipmap=v1-0..23|weaponmap=v1-0..9|allies=64|enemies=64|weapons=16|enemy-mounts=16|mining=8|map-objects=64|moving-asteroids=48|self=29|capability=12|parent-carrier=19|entity=19|weapon=19|enemy-mount=22|mining-slot=7|map-slot=12|moving-asteroid-slot=11|objective=16|grid=13x13|entity-order=distance,type,fleet-id,runtime-id observations=4685 continuous_actions=34 weapon_fire_branches=16x2 special_branch=5 ally_target_branch=65 enemy_target_branch=65 map_object_target_branch=65 allies=64 enemies=64 moving_asteroids=48 mining_asteroids=8 map_objects=64 navigation_grid=13x13 weapon_slots=16 enemy_weapon_mounts=16 objective_channels=16 spawned_ship_control=dynamic
RL 1v1 episode=1 outcome=side_1_win bee_team=0 human_team=1 ships_per_side=1 winner=1 timeout=False duration=23.00s bee_tsv=16->16 human_tsv=18->0 bee_fire_requests=104 bee_shots=1 bee_hits=1 bee_damage=75 bee_first_contact=0.33s bee_first_fire=22.66s bee_first_hit=22.70s bee_spawned=0 bee_agent_coverage=1/1 bee_weapons=Eye:104/1 bee_rewards=terminal:10.0000,tsv:0.4641,time:-0.0192,total:10.4450 human_fire_requests=113 human_shots=0 human_hits=0 human_damage=0 human_first_contact=0.33s human_first_fire=none human_first_hit=none human_spawned=0 human_agent_coverage=1/1 human_weapons=DualCannon:113/0 human_rewards=terminal:-10.0000,tsv:-0.4571,time:0.0000,total:-10.4571
RL 1v1 episode=2 outcome=side_2_win bee_team=1 human_team=0 ships_per_side=1 winner=2 timeout=False duration=13.40s bee_tsv=16->0 human_tsv=18->18 bee_fire_requests=67 bee_shots=0 bee_hits=0 bee_damage=0 bee_first_contact=0.03s bee_first_fire=none bee_first_hit=none bee_spawned=0 bee_agent_coverage=1/1 bee_weapons=Eye:67/0 bee_rewards=terminal:-10.0000,tsv:-0.3983,time:0.0000,total:-10.3983 human_fire_requests=77 human_shots=0 human_hits=4 human_damage=100 human_first_contact=0.03s human_first_fire=none human_first_hit=4.20s human_spawned=0 human_agent_coverage=1/1 human_weapons=DualCannon:77/0 human_rewards=terminal:10.0000,tsv:0.4287,time:-0.0112,total:10.4175
RL 1v1 episode=3 outcome=side_2_win bee_team=0 human_team=1 ships_per_side=1 winner=2 timeout=False duration=51.71s bee_tsv=16->0 human_tsv=18->18 bee_fire_requests=254 bee_shots=0 bee_hits=0 bee_damage=0 bee_first_contact=0.03s bee_first_fire=none bee_first_hit=none bee_spawned=0 bee_agent_coverage=1/1 bee_weapons=Eye:254/0 bee_rewards=terminal:-10.0000,tsv:-0.3983,time:0.0000,total:-10.3983 human_fire_requests=281 human_shots=0 human_hits=4 human_damage=100 human_first_contact=0.03s human_first_fire=none human_first_hit=26.70s human_spawned=0 human_agent_coverage=1/1 human_weapons=DualCannon:281/0 human_rewards=terminal:10.0000,tsv:0.4287,time:-0.0431,total:10.3856
RL 1v1 episode=4 outcome=side_1_win bee_team=1 human_team=0 ships_per_side=1 winner=1 timeout=False duration=26.71s bee_tsv=16->16 human_tsv=18->0 bee_fire_requests=121 bee_shots=1 bee_hits=1 bee_damage=75 bee_first_contact=0.03s bee_first_fire=26.68s bee_first_hit=26.70s bee_spawned=0 bee_agent_coverage=1/1 bee_weapons=Eye:121/1 bee_rewards=terminal:10.0000,tsv:0.4641,time:-0.0223,total:10.4419 human_fire_requests=128 human_shots=0 human_hits=0 human_damage=0 human_first_contact=0.03s human_first_fire=none human_first_hit=none human_spawned=0 human_agent_coverage=1/1 human_weapons=DualCannon:128/0 human_rewards=terminal:-10.0000,tsv:-0.4571,time:0.0000,total:-10.4571
RL 1v1 episode=5 outcome=side_2_win bee_team=0 human_team=1 ships_per_side=1 winner=2 timeout=False duration=16.71s bee_tsv=16->0 human_tsv=18->18 bee_fire_requests=92 bee_shots=0 bee_hits=0 bee_damage=0 bee_first_contact=0.02s bee_first_fire=none bee_first_hit=none bee_spawned=0 bee_agent_coverage=1/1 bee_weapons=Eye:92/0 bee_rewards=terminal:-10.0000,tsv:-0.3983,time:0.0000,total:-10.3983 human_fire_requests=76 human_shots=0 human_hits=4 human_damage=100 human_first_contact=0.02s human_first_fire=none human_first_hit=9.20s human_spawned=0 human_agent_coverage=1/1 human_weapons=DualCannon:76/0 human_rewards=terminal:10.0000,tsv:0.4287,time:-0.0139,total:10.4147
RL 1v1 episode=6 outcome=side_1_win bee_team=1 human_team=0 ships_per_side=1 winner=1 timeout=False duration=16.70s bee_tsv=16->16 human_tsv=18->0 bee_fire_requests=79 bee_shots=1 bee_hits=1 bee_damage=75 bee_first_contact=0.04s bee_first_fire=16.67s bee_first_hit=16.70s bee_spawned=0 bee_agent_coverage=1/1 bee_weapons=Eye:79/1 bee_rewards=terminal:10.0000,tsv:0.4641,time:-0.0139,total:10.4502 human_fire_requests=85 human_shots=0 human_hits=0 human_damage=0 human_first_contact=0.04s human_first_fire=none human_first_hit=none human_spawned=0 human_agent_coverage=1/1 human_weapons=DualCannon:85/0 human_rewards=terminal:-10.0000,tsv:-0.4571,time:0.0000,total:-10.4571
RL 1v1 episode=7 outcome=side_1_win bee_team=0 human_team=1 ships_per_side=1 winner=1 timeout=False duration=4.22s bee_tsv=16->16 human_tsv=18->0 bee_fire_requests=27 bee_shots=1 bee_hits=1 bee_damage=75 bee_first_contact=0.02s bee_first_fire=4.17s bee_first_hit=4.20s bee_spawned=0 bee_agent_coverage=1/1 bee_weapons=Eye:27/1 bee_rewards=terminal:10.0000,tsv:0.4641,time:-0.0035,total:10.4606 human_fire_requests=19 human_shots=0 human_hits=0 human_damage=0 human_first_contact=0.02s human_first_fire=none human_first_hit=none human_spawned=0 human_agent_coverage=1/1 human_weapons=DualCannon:19/0 human_rewards=terminal:-10.0000,tsv:-0.4571,time:0.0000,total:-10.4571
RL 1v1 episode=8 outcome=side_1_win bee_team=1 human_team=0 ships_per_side=1 winner=1 timeout=False duration=34.21s bee_tsv=16->16 human_tsv=18->0 bee_fire_requests=170 bee_shots=1 bee_hits=1 bee_damage=75 bee_first_contact=0.03s bee_first_fire=34.18s bee_first_hit=34.20s bee_spawned=0 bee_agent_coverage=1/1 bee_weapons=Eye:170/1 bee_rewards=terminal:10.0000,tsv:0.4641,time:-0.0285,total:10.4356 human_fire_requests=170 human_shots=0 human_hits=0 human_damage=0 human_first_contact=0.03s human_first_fire=none human_first_hit=none human_spawned=0 human_agent_coverage=1/1 human_weapons=DualCannon:170/0 human_rewards=terminal:-10.0000,tsv:-0.4571,time:0.0000,total:-10.4571
RL 1v1 episode=9 outcome=side_2_win bee_team=0 human_team=1 ships_per_side=1 winner=2 timeout=False duration=31.71s bee_tsv=16->0 human_tsv=18->18 bee_fire_requests=158 bee_shots=0 bee_hits=0 bee_damage=0 bee_first_contact=0.03s bee_first_fire=none bee_first_hit=none bee_spawned=0 bee_agent_coverage=1/1 bee_weapons=Eye:158/0 bee_rewards=terminal:-10.0000,tsv:-0.3983,time:0.0000,total:-10.3983 human_fire_requests=158 human_shots=0 human_hits=4 human_damage=100 human_first_contact=0.03s human_first_fire=none human_first_hit=14.20s human_spawned=0 human_agent_coverage=1/1 human_weapons=DualCannon:158/0 human_rewards=terminal:10.0000,tsv:0.4287,time:-0.0264,total:10.4022
RL 1v1 episode=10 outcome=side_2_win bee_team=1 human_team=0 ships_per_side=1 winner=2 timeout=False duration=35.87s bee_tsv=16->0 human_tsv=18->18 bee_fire_requests=185 bee_shots=0 bee_hits=0 bee_damage=0 bee_first_contact=0.02s bee_first_fire=none bee_first_hit=none bee_spawned=0 bee_agent_coverage=1/1 bee_weapons=Eye:185/0 bee_rewards=terminal:-10.0000,tsv:-0.3983,time:0.0000,total:-10.3983 human_fire_requests=189 human_shots=0 human_hits=4 human_damage=100 human_first_contact=0.02s human_first_fire=none human_first_hit=22.54s human_spawned=0 human_agent_coverage=1/1 human_weapons=DualCannon:189/0 human_rewards=terminal:10.0000,tsv:0.4287,time:-0.0299,total:10.3988
RL 1v1 summary episodes=10 bee_record=5-5 human_record=5-5 draws=0 timeouts=0 avg_duration=25.42s bee_shots=5 bee_hits=5 bee_hit_rate=100.00 % bee_damage=375 human_shots=0 human_hits=20 human_hit_rate=0.00 % human_damage=500
RL 1v1 episode=11 outcome=side_1_win bee_team=0 human_team=1 ships_per_side=1 winner=1 timeout=False duration=15.04s bee_tsv=16->16 human_tsv=18->0 bee_fire_requests=84 bee_shots=1 bee_hits=1 bee_damage=75 bee_first_contact=0.03s bee_first_fire=15.01s bee_first_hit=15.04s bee_spawned=0 bee_agent_coverage=1/1 bee_weapons=Eye:84/1 bee_rewards=terminal:10.0000,tsv:0.4641,time:-0.0125,total:10.4516 human_fire_requests=87 human_shots=0 human_hits=0 human_damage=0 human_first_contact=0.03s human_first_fire=none human_first_hit=none human_spawned=0 human_agent_coverage=1/1 human_weapons=DualCannon:87/0 human_rewards=terminal:-10.0000,tsv:-0.4571,time:0.0000,total:-10.4571
RL 1v1 episode=12 outcome=side_1_win bee_team=1 human_team=0 ships_per_side=1 winner=1 timeout=False duration=30.87s bee_tsv=16->11 human_tsv=18->0 bee_fire_requests=150 bee_shots=1 bee_hits=1 bee_damage=75 bee_first_contact=0.02s bee_first_fire=30.83s bee_first_hit=30.86s bee_spawned=0 bee_agent_coverage=1/1 bee_weapons=Eye:150/1 bee_rewards=terminal:10.0000,tsv:0.3171,time:-0.0257,total:10.2914 human_fire_requests=142 human_shots=0 human_hits=2 human_damage=60 human_first_contact=0.02s human_first_fire=none human_first_hit=28.36s human_spawned=0 human_agent_coverage=1/1 human_weapons=DualCannon:142/0 human_rewards=terminal:-10.0000,tsv:-0.3295,time:0.0000,total:-10.3295
RL 1v1 episode=13 outcome=timeout bee_team=0 human_team=1 ships_per_side=1 winner=0 timeout=True duration=119.99s bee_tsv=16->11 human_tsv=18->18 bee_fire_requests=601 bee_shots=3 bee_hits=0 bee_damage=0 bee_first_contact=0.04s bee_first_fire=28.34s bee_first_hit=none bee_spawned=0 bee_agent_coverage=1/1 bee_weapons=Eye:601/3 bee_rewards=terminal:-10.0000,tsv:-0.0748,time:0.0000,total:-10.0748 human_fire_requests=594 human_shots=0 human_hits=2 human_damage=60 human_first_contact=0.04s human_first_fire=none human_first_hit=116.70s human_spawned=0 human_agent_coverage=1/1 human_weapons=DualCannon:594/0 human_rewards=terminal:-10.0000,tsv:0.1999,time:0.0000,total:-9.8001
RL 1v1 episode=14 outcome=side_1_win bee_team=1 human_team=0 ships_per_side=1 winner=1 timeout=False duration=88.37s bee_tsv=16->16 human_tsv=18->0 bee_fire_requests=439 bee_shots=3 bee_hits=1 bee_damage=75 bee_first_contact=0.04s bee_first_fire=58.34s bee_first_hit=88.36s bee_spawned=0 bee_agent_coverage=1/1 bee_weapons=Eye:439/3 bee_rewards=terminal:10.0000,tsv:0.4641,time:-0.0736,total:10.3905 human_fire_requests=430 human_shots=0 human_hits=0 human_damage=0 human_first_contact=0.04s human_first_fire=none human_first_hit=none human_spawned=0 human_agent_coverage=1/1 human_weapons=DualCannon:430/0 human_rewards=terminal:-10.0000,tsv:-0.4571,time:0.0000,total:-10.4571
RL 1v1 episode=15 outcome=side_1_win bee_team=0 human_team=1 ships_per_side=1 winner=1 timeout=False duration=34.21s bee_tsv=16->16 human_tsv=18->0 bee_fire_requests=160 bee_shots=2 bee_hits=1 bee_damage=75 bee_first_contact=0.02s bee_first_fire=27.51s bee_first_hit=34.20s bee_spawned=0 bee_agent_coverage=1/1 bee_weapons=Eye:160/2 bee_rewards=terminal:10.0000,tsv:0.4641,time:-0.0285,total:10.4356 human_fire_requests=186 human_shots=0 human_hits=0 human_damage=0 human_first_contact=0.02s human_first_fire=none human_first_hit=none human_spawned=0 human_agent_coverage=1/1 human_weapons=DualCannon:186/0 human_rewards=terminal:-10.0000,tsv:-0.4571,time:0.0000,total:-10.4571
RL 1v1 episode=16 outcome=side_2_win bee_team=1 human_team=0 ships_per_side=1 winner=2 timeout=False duration=31.70s bee_tsv=16->0 human_tsv=18->18 bee_fire_requests=160 bee_shots=0 bee_hits=0 bee_damage=0 bee_first_contact=0.04s bee_first_fire=none bee_first_hit=none bee_spawned=0 bee_agent_coverage=1/1 bee_weapons=Eye:160/0 bee_rewards=terminal:-10.0000,tsv:-0.3983,time:0.0000,total:-10.3983 human_fire_requests=168 human_shots=0 human_hits=4 human_damage=100 human_first_contact=0.04s human_first_fire=none human_first_hit=15.86s human_spawned=0 human_agent_coverage=1/1 human_weapons=DualCannon:168/0 human_rewards=terminal:10.0000,tsv:0.4287,time:-0.0264,total:10.4022
RL 1v1 episode=17 outcome=side_1_win bee_team=0 human_team=1 ships_per_side=1 winner=1 timeout=False duration=11.72s bee_tsv=16->16 human_tsv=18->0 bee_fire_requests=64 bee_shots=1 bee_hits=1 bee_damage=75 bee_first_contact=0.02s bee_first_fire=11.67s bee_first_hit=11.70s bee_spawned=0 bee_agent_coverage=1/1 bee_weapons=Eye:64/1 bee_rewards=terminal:10.0000,tsv:0.4641,time:-0.0098,total:10.4544 human_fire_requests=57 human_shots=0 human_hits=0 human_damage=0 human_first_contact=0.02s human_first_fire=none human_first_hit=none human_spawned=0 human_agent_coverage=1/1 human_weapons=DualCannon:57/0 human_rewards=terminal:-10.0000,tsv:-0.4571,time:0.0000,total:-10.4571
RL 1v1 episode=18 outcome=side_1_win bee_team=1 human_team=0 ships_per_side=1 winner=1 timeout=False duration=46.71s bee_tsv=16->16 human_tsv=18->0 bee_fire_requests=248 bee_shots=3 bee_hits=1 bee_damage=75 bee_first_contact=0.03s bee_first_fire=25.85s bee_first_hit=46.70s bee_spawned=0 bee_agent_coverage=1/1 bee_weapons=Eye:248/3 bee_rewards=terminal:10.0000,tsv:0.4641,time:-0.0389,total:10.4252 human_fire_requests=232 human_shots=0 human_hits=0 human_damage=0 human_first_contact=0.03s human_first_fire=none human_first_hit=none human_spawned=0 human_agent_coverage=1/1 human_weapons=DualCannon:232/0 human_rewards=terminal:-10.0000,tsv:-0.4571,time:0.0000,total:-10.4571
RL 1v1 episode=19 outcome=side_1_win bee_team=0 human_team=1 ships_per_side=1 winner=1 timeout=False duration=35.89s bee_tsv=16->16 human_tsv=18->0 bee_fire_requests=199 bee_shots=4 bee_hits=1 bee_damage=75 bee_first_contact=0.03s bee_first_fire=9.18s bee_first_hit=35.88s bee_spawned=0 bee_agent_coverage=1/1 bee_weapons=Eye:199/4 bee_rewards=terminal:10.0000,tsv:0.4641,time:-0.0299,total:10.4342 human_fire_requests=180 human_shots=0 human_hits=0 human_damage=0 human_first_contact=0.03s human_first_fire=none human_first_hit=none human_spawned=0 human_agent_coverage=1/1 human_weapons=DualCannon:180/0 human_rewards=terminal:-10.0000,tsv:-0.4571,time:0.0000,total:-10.4571
RL 1v1 episode=20 outcome=side_2_win bee_team=1 human_team=0 ships_per_side=1 winner=2 timeout=False duration=15.04s bee_tsv=16->0 human_tsv=18->18 bee_fire_requests=77 bee_shots=0 bee_hits=0 bee_damage=0 bee_first_contact=0.03s bee_first_fire=none bee_first_hit=none bee_spawned=0 bee_agent_coverage=1/1 bee_weapons=Eye:77/0 bee_rewards=terminal:-10.0000,tsv:-0.3983,time:0.0000,total:-10.3983 human_fire_requests=82 human_shots=0 human_hits=4 human_damage=100 human_first_contact=0.03s human_first_fire=none human_first_hit=4.20s human_spawned=0 human_agent_coverage=1/1 human_weapons=DualCannon:82/0 human_rewards=terminal:10.0000,tsv:0.4287,time:-0.0125,total:10.4161
RL 1v1 summary episodes=20 bee_record=12-8 human_record=7-13 draws=0 timeouts=1 avg_duration=34.19s bee_shots=23 bee_hits=12 bee_hit_rate=52.17 % bee_damage=900 human_shots=0 human_hits=32 human_hit_rate=0.00 % human_damage=820
RL 1v1 episode=21 outcome=side_2_win bee_team=0 human_team=1 ships_per_side=1 winner=2 timeout=False duration=20.87s bee_tsv=16->0 human_tsv=18->18 bee_fire_requests=109 bee_shots=2 bee_hits=0 bee_damage=0 bee_first_contact=0.02s bee_first_fire=3.33s bee_first_hit=none bee_spawned=0 bee_agent_coverage=1/1 bee_weapons=Eye:109/2 bee_rewards=terminal:-10.0000,tsv:-0.3983,time:0.0000,total:-10.3983 human_fire_requests=106 human_shots=0 human_hits=4 human_damage=100 human_first_contact=0.02s human_first_fire=none human_first_hit=14.20s human_spawned=0 human_agent_coverage=1/1 human_weapons=DualCannon:106/0 human_rewards=terminal:10.0000,tsv:0.4287,time:-0.0174,total:10.4113
RL 1v1 episode=22 outcome=side_1_win bee_team=1 human_team=0 ships_per_side=1 winner=1 timeout=False duration=15.05s bee_tsv=16->16 human_tsv=18->0 bee_fire_requests=84 bee_shots=1 bee_hits=1 bee_damage=75 bee_first_contact=0.04s bee_first_fire=15.00s bee_first_hit=15.04s bee_spawned=0 bee_agent_coverage=1/1 bee_weapons=Eye:84/1 bee_rewards=terminal:10.0000,tsv:0.4641,time:-0.0125,total:10.4516 human_fire_requests=72 human_shots=0 human_hits=0 human_damage=0 human_first_contact=0.04s human_first_fire=none human_first_hit=none human_spawned=0 human_agent_coverage=1/1 human_weapons=DualCannon:72/0 human_rewards=terminal:-10.0000,tsv:-0.4571,time:0.0000,total:-10.4571
RL 1v1 episode=23 outcome=timeout bee_team=0 human_team=1 ships_per_side=1 winner=0 timeout=True duration=119.99s bee_tsv=16->16 human_tsv=18->18 bee_fire_requests=623 bee_shots=3 bee_hits=0 bee_damage=0 bee_first_contact=0.03s bee_first_fire=15.84s bee_first_hit=none bee_spawned=0 bee_agent_coverage=1/1 bee_weapons=Eye:623/3 bee_rewards=terminal:-10.0000,tsv:0.0723,time:0.0000,total:-9.9277 human_fire_requests=601 human_shots=0 human_hits=0 human_damage=0 human_first_contact=0.03s human_first_fire=none human_first_hit=none human_spawned=0 human_agent_coverage=1/1 human_weapons=DualCannon:601/0 human_rewards=terminal:-10.0000,tsv:0.0723,time:0.0000,total:-9.9277
RL 1v1 episode=24 outcome=side_2_win bee_team=1 human_team=0 ships_per_side=1 winner=2 timeout=False duration=35.89s bee_tsv=16->0 human_tsv=18->18 bee_fire_requests=184 bee_shots=1 bee_hits=0 bee_damage=0 bee_first_contact=0.03s bee_first_fire=31.68s bee_first_hit=none bee_spawned=0 bee_agent_coverage=1/1 bee_weapons=Eye:184/1 bee_rewards=terminal:-10.0000,tsv:-0.3983,time:0.0000,total:-10.3983 human_fire_requests=167 human_shots=0 human_hits=4 human_damage=100 human_first_contact=0.03s human_first_fire=none human_first_hit=15.04s human_spawned=0 human_agent_coverage=1/1 human_weapons=DualCannon:167/0 human_rewards=terminal:10.0000,tsv:0.4287,time:-0.0299,total:10.3987
RL 1v1 episode=25 outcome=side_2_win bee_team=0 human_team=1 ships_per_side=1 winner=2 timeout=False duration=43.39s bee_tsv=16->0 human_tsv=18->18 bee_fire_requests=220 bee_shots=2 bee_hits=0 bee_damage=0 bee_first_contact=0.03s bee_first_fire=6.68s bee_first_hit=none bee_spawned=0 bee_agent_coverage=1/1 bee_weapons=Eye:220/2 bee_rewards=terminal:-10.0000,tsv:-0.3983,time:0.0000,total:-10.3983 human_fire_requests=219 human_shots=0 human_hits=4 human_damage=100 human_first_contact=0.03s human_first_fire=none human_first_hit=29.20s human_spawned=0 human_agent_coverage=1/1 human_weapons=DualCannon:219/0 human_rewards=terminal:10.0000,tsv:0.4287,time:-0.0362,total:10.3925
RL 1v1 episode=26 outcome=side_1_win bee_team=1 human_team=0 ships_per_side=1 winner=1 timeout=False duration=79.21s bee_tsv=16->11 human_tsv=18->0 bee_fire_requests=409 bee_shots=2 bee_hits=1 bee_damage=75 bee_first_contact=0.03s bee_first_fire=35.84s bee_first_hit=79.20s bee_spawned=0 bee_agent_coverage=1/1 bee_weapons=Eye:409/2 bee_rewards=terminal:10.0000,tsv:0.3171,time:-0.0660,total:10.2511 human_fire_requests=374 human_shots=0 human_hits=2 human_damage=60 human_first_contact=0.03s human_first_fire=none human_first_hit=60.04s human_spawned=0 human_agent_coverage=1/1 human_weapons=DualCannon:374/0 human_rewards=terminal:-10.0000,tsv:-0.3295,time:0.0000,total:-10.3295
Unable to save timers to file F:/RLDemo/Bees RL Training/Bees_Data\ML-Agents\Timers\RL 1v1 Training_timers.json
[Physics::Module] Cleanup current backend.
[Physics::Module] Id: 0xf2b8ea05
Input System module state changed to: ShutdownInProgress.
Input Polling Thread exited.
Input System module state changed to: Shutdown.
CodeReloadManager destroyed
GarbageCollector disposing of ComputeBuffer. Please use ComputeBuffer.Release() or .Dispose() to manually release the buffer.
