Mono path[0] = 'F:/RLDemo/Bees RL Training/Bees_Data/Managed'
Mono config path = 'F:/RLDemo/Bees RL Training/MonoBleedingEdge/etc'
CodeReloadManager initialized
Input System module state changed to: Initialized.
[Physics::Module] Initialized fallback backend.
[Physics::Module] Id: 0xdecafbad
Initialize engine version: 6000.5.4f1 (d550df8bd089)
[Subsystems] Discovering subsystems at path F:/RLDemo/Bees RL Training/Bees_Data/UnitySubsystems
Forcing GfxDevice: Null
GfxDevice: creating device client; kGfxThreadingModeNonThreaded
NullGfxDevice:
    Version:  NULL 1.0 [1.0]
    Renderer: Null Device
    Vendor:   Unity Technologies
Begin MonoManager ReloadAssembly
- Finished resetting the current domain, in  0.320 seconds
[Physics::Module] Selected backend.
[Physics::Module] Name: PhysX
[Physics::Module] Id: 0xf2b8ea05
[Physics::Module] SDK Version: 4.1.2
[Physics::Module] Integration Version: 1.0.0
[Physics::Module] Threading Mode: Multi-Threaded
Microsoft Media Foundation video decoding to texture disabled: graphics device is Null, only Direct3D 11 and Direct3D 12 (only on desktop) are supported for hardware-accelerated video decoding.
Texture with ID 114 and with size 13376x6920 was too large for graphics device maximum supported texture size (8192x8192). Falling back to a dummy texture. Generate mip maps to provide lower size fallback.
Texture with ID 210 and with size 13376x6920 was too large for graphics device maximum supported texture size (8192x8192). Falling back to a dummy texture. Generate mip maps to provide lower size fallback.
Texture with ID 221 and with size 13376x6920 was too large for graphics device maximum supported texture size (8192x8192). Falling back to a dummy texture. Generate mip maps to provide lower size fallback.
Texture with ID 238 and with size 13376x6920 was too large for graphics device maximum supported texture size (8192x8192). Falling back to a dummy texture. Generate mip maps to provide lower size fallback.
UnloadTime: 49.970100 ms
UI Audio: DontDestroyOnLoad only works for root GameObjects or components on root GameObjects.
Trying to connect to ws://clashofempire.net:7146
Connection with WebSocketSharp open!
[Steamworks.NET] SteamAPI_Init() failed. Continuing without Steam features.
Steam API is unavailable; using local fallback identity.
User id is 2013868892
RL training configuration health_ratio=0.25 map_size=35 episode_timeout=120s ships_per_side=1 matchup_mode=fixed bee_ship_types=Wasp human_ship_types=Gunship
Can not play a disabled audio source
Registered Communicator in Agent.
RL policy ABI v5 bees-rl-v5|behavior=BeesRL1v1|network=ff-512x3|normalize=true|obs=4685|cont=34|disc=2x16,5,65,65,65|weapon-aim=slotwise-xy|weapon-fire=slotwise-cease-or-fire|weapon-ready=rl-latched-until-fire|shipbits=6|weaponbits=6|mapbits=4|shipmap=v1-0..23|weaponmap=v1-0..9|allies=64|enemies=64|weapons=16|enemy-mounts=16|mining=8|map-objects=64|moving-asteroids=48|self=29|capability=12|parent-carrier=19|entity=19|weapon=19|enemy-mount=22|mining-slot=7|map-slot=12|moving-asteroid-slot=11|objective=16|grid=13x13|entity-order=distance,type,fleet-id,runtime-id observations=4685 continuous_actions=34 weapon_fire_branches=16x2 special_branch=5 ally_target_branch=65 enemy_target_branch=65 map_object_target_branch=65 allies=64 enemies=64 moving_asteroids=48 mining_asteroids=8 map_objects=64 navigation_grid=13x13 weapon_slots=16 enemy_weapon_mounts=16 objective_channels=16 spawned_ship_control=dynamic
RL 1v1 episode=1 outcome=side_1_win bee_team=0 human_team=1 ships_per_side=1 winner=1 timeout=False duration=7.98s bee_tsv=16->11 human_tsv=18->0 bee_fire_requests=41 bee_shots=1 bee_hits=1 bee_damage=75 bee_first_contact=0.32s bee_first_fire=7.65s bee_first_hit=7.68s bee_spawned=0 bee_agent_coverage=1/1 bee_weapons=Eye:41/1 bee_rewards=terminal:10.0000,tsv:0.3171,time:-0.0067,total:10.3104 human_fire_requests=41 human_shots=0 human_hits=2 human_damage=60 human_first_contact=0.32s human_first_fire=none human_first_hit=3.34s human_spawned=0 human_agent_coverage=1/1 human_weapons=DualCannon:41/0 human_rewards=terminal:-10.0000,tsv:-0.3295,time:0.0000,total:-10.3295
RL 1v1 episode=2 outcome=side_1_win bee_team=1 human_team=0 ships_per_side=1 winner=1 timeout=False duration=43.37s bee_tsv=16->11 human_tsv=18->0 bee_fire_requests=239 bee_shots=2 bee_hits=1 bee_damage=75 bee_first_contact=0.02s bee_first_fire=29.17s bee_first_hit=43.36s bee_spawned=0 bee_agent_coverage=1/1 bee_weapons=Eye:239/2 bee_rewards=terminal:10.0000,tsv:0.3171,time:-0.0361,total:10.2810 human_fire_requests=233 human_shots=0 human_hits=2 human_damage=60 human_first_contact=0.02s human_first_fire=none human_first_hit=28.36s human_spawned=0 human_agent_coverage=1/1 human_weapons=DualCannon:233/0 human_rewards=terminal:-10.0000,tsv:-0.3295,time:0.0000,total:-10.3295
RL 1v1 episode=3 outcome=side_1_win bee_team=0 human_team=1 ships_per_side=1 winner=1 timeout=False duration=23.37s bee_tsv=16->16 human_tsv=18->0 bee_fire_requests=111 bee_shots=1 bee_hits=1 bee_damage=75 bee_first_contact=0.02s bee_first_fire=23.34s bee_first_hit=23.36s bee_spawned=0 bee_agent_coverage=1/1 bee_weapons=Eye:111/1 bee_rewards=terminal:10.0000,tsv:0.4641,time:-0.0195,total:10.4447 human_fire_requests=104 human_shots=0 human_hits=0 human_damage=0 human_first_contact=0.02s human_first_fire=none human_first_hit=none human_spawned=0 human_agent_coverage=1/1 human_weapons=DualCannon:104/0 human_rewards=terminal:-10.0000,tsv:-0.4571,time:0.0000,total:-10.4571
RL 1v1 episode=4 outcome=side_1_win bee_team=1 human_team=0 ships_per_side=1 winner=1 timeout=False duration=41.71s bee_tsv=16->16 human_tsv=18->0 bee_fire_requests=196 bee_shots=1 bee_hits=1 bee_damage=75 bee_first_contact=0.02s bee_first_fire=41.67s bee_first_hit=41.70s bee_spawned=0 bee_agent_coverage=1/1 bee_weapons=Eye:196/1 bee_rewards=terminal:10.0000,tsv:0.4641,time:-0.0348,total:10.4294 human_fire_requests=236 human_shots=0 human_hits=0 human_damage=0 human_first_contact=0.02s human_first_fire=none human_first_hit=none human_spawned=0 human_agent_coverage=1/1 human_weapons=DualCannon:236/0 human_rewards=terminal:-10.0000,tsv:-0.4571,time:0.0000,total:-10.4571
RL 1v1 episode=5 outcome=side_1_win bee_team=0 human_team=1 ships_per_side=1 winner=1 timeout=False duration=4.20s bee_tsv=16->16 human_tsv=18->0 bee_fire_requests=24 bee_shots=1 bee_hits=1 bee_damage=75 bee_first_contact=0.02s bee_first_fire=4.17s bee_first_hit=4.20s bee_spawned=0 bee_agent_coverage=1/1 bee_weapons=Eye:24/1 bee_rewards=terminal:10.0000,tsv:0.4641,time:-0.0035,total:10.4606 human_fire_requests=24 human_shots=0 human_hits=0 human_damage=0 human_first_contact=0.02s human_first_fire=none human_first_hit=none human_spawned=0 human_agent_coverage=1/1 human_weapons=DualCannon:24/0 human_rewards=terminal:-10.0000,tsv:-0.4571,time:0.0000,total:-10.4571
RL 1v1 episode=6 outcome=side_2_win bee_team=1 human_team=0 ships_per_side=1 winner=2 timeout=False duration=82.55s bee_tsv=16->0 human_tsv=18->18 bee_fire_requests=409 bee_shots=1 bee_hits=0 bee_damage=0 bee_first_contact=0.03s bee_first_fire=21.67s bee_first_hit=none bee_spawned=0 bee_agent_coverage=1/1 bee_weapons=Eye:409/1 bee_rewards=terminal:-10.0000,tsv:-0.3983,time:0.0000,total:-10.3983 human_fire_requests=413 human_shots=0 human_hits=4 human_damage=100 human_first_contact=0.03s human_first_fire=none human_first_hit=61.70s human_spawned=0 human_agent_coverage=1/1 human_weapons=DualCannon:413/0 human_rewards=terminal:10.0000,tsv:0.4287,time:-0.0688,total:10.3599
RL 1v1 episode=7 outcome=draw bee_team=0 human_team=1 ships_per_side=1 winner=0 timeout=False duration=9.21s bee_tsv=16->0 human_tsv=18->0 bee_fire_requests=50 bee_shots=1 bee_hits=1 bee_damage=75 bee_first_contact=0.02s bee_first_fire=9.17s bee_first_hit=9.20s bee_spawned=0 bee_agent_coverage=1/1 bee_weapons=Eye:50/1 bee_rewards=terminal:0.0000,tsv:-0.0064,time:0.0000,total:-0.0064 human_fire_requests=52 human_shots=0 human_hits=4 human_damage=100 human_first_contact=0.02s human_first_fire=none human_first_hit=5.88s human_spawned=0 human_agent_coverage=1/1 human_weapons=DualCannon:52/0 human_rewards=terminal:0.0000,tsv:-0.1008,time:0.0000,total:-0.1008
RL 1v1 episode=8 outcome=side_1_win bee_team=1 human_team=0 ships_per_side=1 winner=1 timeout=False duration=20.05s bee_tsv=16->16 human_tsv=18->0 bee_fire_requests=109 bee_shots=1 bee_hits=1 bee_damage=75 bee_first_contact=0.02s bee_first_fire=20.00s bee_first_hit=20.04s bee_spawned=0 bee_agent_coverage=1/1 bee_weapons=Eye:109/1 bee_rewards=terminal:10.0000,tsv:0.4641,time:-0.0167,total:10.4474 human_fire_requests=110 human_shots=0 human_hits=0 human_damage=0 human_first_contact=0.02s human_first_fire=none human_first_hit=none human_spawned=0 human_agent_coverage=1/1 human_weapons=DualCannon:110/0 human_rewards=terminal:-10.0000,tsv:-0.4571,time:0.0000,total:-10.4571
RL 1v1 episode=9 outcome=side_1_win bee_team=0 human_team=1 ships_per_side=1 winner=1 timeout=False duration=14.21s bee_tsv=16->16 human_tsv=18->0 bee_fire_requests=76 bee_shots=2 bee_hits=1 bee_damage=75 bee_first_contact=0.03s bee_first_fire=4.18s bee_first_hit=14.20s bee_spawned=0 bee_agent_coverage=1/1 bee_weapons=Eye:76/2 bee_rewards=terminal:10.0000,tsv:0.4641,time:-0.0118,total:10.4523 human_fire_requests=63 human_shots=0 human_hits=0 human_damage=0 human_first_contact=0.03s human_first_fire=none human_first_hit=none human_spawned=0 human_agent_coverage=1/1 human_weapons=DualCannon:63/0 human_rewards=terminal:-10.0000,tsv:-0.4571,time:0.0000,total:-10.4571
RL 1v1 episode=10 outcome=side_1_win bee_team=1 human_team=0 ships_per_side=1 winner=1 timeout=False duration=35.89s bee_tsv=16->16 human_tsv=18->0 bee_fire_requests=166 bee_shots=3 bee_hits=1 bee_damage=75 bee_first_contact=0.02s bee_first_fire=2.51s bee_first_hit=35.88s bee_spawned=0 bee_agent_coverage=1/1 bee_weapons=Eye:166/3 bee_rewards=terminal:10.0000,tsv:0.4641,time:-0.0299,total:10.4342 human_fire_requests=190 human_shots=0 human_hits=0 human_damage=0 human_first_contact=0.02s human_first_fire=none human_first_hit=none human_spawned=0 human_agent_coverage=1/1 human_weapons=DualCannon:190/0 human_rewards=terminal:-10.0000,tsv:-0.4571,time:0.0000,total:-10.4571
RL 1v1 summary episodes=10 bee_record=8-1 human_record=1-8 draws=1 timeouts=0 avg_duration=28.25s bee_shots=14 bee_hits=9 bee_hit_rate=64.29 % bee_damage=675 human_shots=0 human_hits=12 human_hit_rate=0.00 % human_damage=320
RL 1v1 episode=11 outcome=side_1_win bee_team=0 human_team=1 ships_per_side=1 winner=1 timeout=False duration=58.39s bee_tsv=16->16 human_tsv=18->0 bee_fire_requests=260 bee_shots=2 bee_hits=1 bee_damage=75 bee_first_contact=0.02s bee_first_fire=15.84s bee_first_hit=58.38s bee_spawned=0 bee_agent_coverage=1/1 bee_weapons=Eye:260/2 bee_rewards=terminal:10.0000,tsv:0.4641,time:-0.0487,total:10.4155 human_fire_requests=313 human_shots=0 human_hits=0 human_damage=0 human_first_contact=0.02s human_first_fire=none human_first_hit=none human_spawned=0 human_agent_coverage=1/1 human_weapons=DualCannon:313/0 human_rewards=terminal:-10.0000,tsv:-0.4571,time:0.0000,total:-10.4571
RL 1v1 episode=12 outcome=side_1_win bee_team=1 human_team=0 ships_per_side=1 winner=1 timeout=False duration=70.04s bee_tsv=16->16 human_tsv=18->0 bee_fire_requests=310 bee_shots=2 bee_hits=1 bee_damage=75 bee_first_contact=0.02s bee_first_fire=54.17s bee_first_hit=70.04s bee_spawned=0 bee_agent_coverage=1/1 bee_weapons=Eye:310/2 bee_rewards=terminal:10.0000,tsv:0.4641,time:-0.0584,total:10.4058 human_fire_requests=373 human_shots=0 human_hits=0 human_damage=0 human_first_contact=0.02s human_first_fire=none human_first_hit=none human_spawned=0 human_agent_coverage=1/1 human_weapons=DualCannon:373/0 human_rewards=terminal:-10.0000,tsv:-0.4571,time:0.0000,total:-10.4571
RL 1v1 episode=13 outcome=side_1_win bee_team=0 human_team=1 ships_per_side=1 winner=1 timeout=False duration=16.72s bee_tsv=16->16 human_tsv=18->0 bee_fire_requests=85 bee_shots=1 bee_hits=1 bee_damage=75 bee_first_contact=0.02s bee_first_fire=16.67s bee_first_hit=16.70s bee_spawned=0 bee_agent_coverage=1/1 bee_weapons=Eye:85/1 bee_rewards=terminal:10.0000,tsv:0.4641,time:-0.0139,total:10.4502 human_fire_requests=92 human_shots=0 human_hits=0 human_damage=0 human_first_contact=0.02s human_first_fire=none human_first_hit=none human_spawned=0 human_agent_coverage=1/1 human_weapons=DualCannon:92/0 human_rewards=terminal:-10.0000,tsv:-0.4571,time:0.0000,total:-10.4571
RL 1v1 episode=14 outcome=timeout bee_team=1 human_team=0 ships_per_side=1 winner=0 timeout=True duration=119.99s bee_tsv=16->16 human_tsv=18->18 bee_fire_requests=577 bee_shots=4 bee_hits=0 bee_damage=0 bee_first_contact=0.03s bee_first_fire=33.34s bee_first_hit=none bee_spawned=0 bee_agent_coverage=1/1 bee_weapons=Eye:577/4 bee_rewards=terminal:-10.0000,tsv:0.0723,time:0.0000,total:-9.9277 human_fire_requests=627 human_shots=0 human_hits=0 human_damage=0 human_first_contact=0.03s human_first_fire=none human_first_hit=none human_spawned=0 human_agent_coverage=1/1 human_weapons=DualCannon:627/0 human_rewards=terminal:-10.0000,tsv:0.0723,time:0.0000,total:-9.9277
RL 1v1 episode=15 outcome=timeout bee_team=0 human_team=1 ships_per_side=1 winner=0 timeout=True duration=119.99s bee_tsv=16->11 human_tsv=18->18 bee_fire_requests=608 bee_shots=0 bee_hits=0 bee_damage=0 bee_first_contact=0.03s bee_first_fire=none bee_first_hit=none bee_spawned=0 bee_agent_coverage=1/1 bee_weapons=Eye:608/0 bee_rewards=terminal:-10.0000,tsv:-0.0748,time:0.0000,total:-10.0748 human_fire_requests=595 human_shots=0 human_hits=2 human_damage=60 human_first_contact=0.03s human_first_fire=none human_first_hit=108.38s human_spawned=0 human_agent_coverage=1/1 human_weapons=DualCannon:595/0 human_rewards=terminal:-10.0000,tsv:0.1999,time:0.0000,total:-9.8001
RL 1v1 episode=16 outcome=side_1_win bee_team=1 human_team=0 ships_per_side=1 winner=1 timeout=False duration=60.89s bee_tsv=16->16 human_tsv=18->0 bee_fire_requests=290 bee_shots=3 bee_hits=1 bee_damage=75 bee_first_contact=0.03s bee_first_fire=6.68s bee_first_hit=60.88s bee_spawned=0 bee_agent_coverage=1/1 bee_weapons=Eye:290/3 bee_rewards=terminal:10.0000,tsv:0.4641,time:-0.0507,total:10.4134 human_fire_requests=323 human_shots=0 human_hits=0 human_damage=0 human_first_contact=0.03s human_first_fire=none human_first_hit=none human_spawned=0 human_agent_coverage=1/1 human_weapons=DualCannon:323/0 human_rewards=terminal:-10.0000,tsv:-0.4571,time:0.0000,total:-10.4571
RL 1v1 episode=17 outcome=side_2_win bee_team=0 human_team=1 ships_per_side=1 winner=2 timeout=False duration=80.04s bee_tsv=16->0 human_tsv=18->18 bee_fire_requests=420 bee_shots=0 bee_hits=0 bee_damage=0 bee_first_contact=0.03s bee_first_fire=none bee_first_hit=none bee_spawned=0 bee_agent_coverage=1/1 bee_weapons=Eye:420/0 bee_rewards=terminal:-10.0000,tsv:-0.3983,time:0.0000,total:-10.3983 human_fire_requests=424 human_shots=0 human_hits=4 human_damage=100 human_first_contact=0.03s human_first_fire=none human_first_hit=40.88s human_spawned=0 human_agent_coverage=1/1 human_weapons=DualCannon:424/0 human_rewards=terminal:10.0000,tsv:0.4287,time:-0.0667,total:10.3620
RL 1v1 episode=18 outcome=side_1_win bee_team=1 human_team=0 ships_per_side=1 winner=1 timeout=False duration=32.55s bee_tsv=16->16 human_tsv=18->0 bee_fire_requests=164 bee_shots=2 bee_hits=1 bee_damage=75 bee_first_contact=0.03s bee_first_fire=5.83s bee_first_hit=32.54s bee_spawned=0 bee_agent_coverage=1/1 bee_weapons=Eye:164/2 bee_rewards=terminal:10.0000,tsv:0.4641,time:-0.0271,total:10.4370 human_fire_requests=143 human_shots=0 human_hits=0 human_damage=0 human_first_contact=0.03s human_first_fire=none human_first_hit=none human_spawned=0 human_agent_coverage=1/1 human_weapons=DualCannon:143/0 human_rewards=terminal:-10.0000,tsv:-0.4571,time:0.0000,total:-10.4571
RL 1v1 episode=19 outcome=side_1_win bee_team=0 human_team=1 ships_per_side=1 winner=1 timeout=False duration=3.39s bee_tsv=16->16 human_tsv=18->0 bee_fire_requests=16 bee_shots=1 bee_hits=1 bee_damage=75 bee_first_contact=0.02s bee_first_fire=3.34s bee_first_hit=3.38s bee_spawned=0 bee_agent_coverage=1/1 bee_weapons=Eye:16/1 bee_rewards=terminal:10.0000,tsv:0.4641,time:-0.0028,total:10.4613 human_fire_requests=19 human_shots=0 human_hits=0 human_damage=0 human_first_contact=0.02s human_first_fire=none human_first_hit=none human_spawned=0 human_agent_coverage=1/1 human_weapons=DualCannon:19/0 human_rewards=terminal:-10.0000,tsv:-0.4571,time:0.0000,total:-10.4571
RL 1v1 episode=20 outcome=side_1_win bee_team=1 human_team=0 ships_per_side=1 winner=1 timeout=False duration=83.39s bee_tsv=16->11 human_tsv=18->0 bee_fire_requests=433 bee_shots=2 bee_hits=1 bee_damage=75 bee_first_contact=0.02s bee_first_fire=2.51s bee_first_hit=83.38s bee_spawned=0 bee_agent_coverage=1/1 bee_weapons=Eye:433/2 bee_rewards=terminal:10.0000,tsv:0.3171,time:-0.0695,total:10.2476 human_fire_requests=420 human_shots=0 human_hits=2 human_damage=60 human_first_contact=0.02s human_first_fire=none human_first_hit=16.70s human_spawned=0 human_agent_coverage=1/1 human_weapons=DualCannon:420/0 human_rewards=terminal:-10.0000,tsv:-0.3295,time:0.0000,total:-10.3295
RL 1v1 summary episodes=20 bee_record=15-4 human_record=2-17 draws=1 timeouts=2 avg_duration=46.40s bee_shots=31 bee_hits=16 bee_hit_rate=51.61 % bee_damage=1200 human_shots=0 human_hits=20 human_hit_rate=0.00 % human_damage=540
RL 1v1 episode=21 outcome=side_1_win bee_team=0 human_team=1 ships_per_side=1 winner=1 timeout=False duration=30.04s bee_tsv=16->11 human_tsv=18->0 bee_fire_requests=166 bee_shots=1 bee_hits=1 bee_damage=75 bee_first_contact=0.02s bee_first_fire=30.01s bee_first_hit=30.04s bee_spawned=0 bee_agent_coverage=1/1 bee_weapons=Eye:166/1 bee_rewards=terminal:10.0000,tsv:0.3171,time:-0.0250,total:10.2921 human_fire_requests=146 human_shots=0 human_hits=2 human_damage=60 human_first_contact=0.02s human_first_fire=none human_first_hit=24.20s human_spawned=0 human_agent_coverage=1/1 human_weapons=DualCannon:146/0 human_rewards=terminal:-10.0000,tsv:-0.3295,time:0.0000,total:-10.3295
RL 1v1 episode=22 outcome=side_1_win bee_team=1 human_team=0 ships_per_side=1 winner=1 timeout=False duration=28.37s bee_tsv=16->11 human_tsv=18->0 bee_fire_requests=137 bee_shots=1 bee_hits=1 bee_damage=75 bee_first_contact=0.02s bee_first_fire=28.33s bee_first_hit=28.36s bee_spawned=0 bee_agent_coverage=1/1 bee_weapons=Eye:137/1 bee_rewards=terminal:10.0000,tsv:0.3171,time:-0.0236,total:10.2935 human_fire_requests=135 human_shots=0 human_hits=2 human_damage=60 human_first_contact=0.02s human_first_fire=none human_first_hit=4.20s human_spawned=0 human_agent_coverage=1/1 human_weapons=DualCannon:135/0 human_rewards=terminal:-10.0000,tsv:-0.3295,time:0.0000,total:-10.3295
Unable to save timers to file F:/RLDemo/Bees RL Training/Bees_Data\ML-Agents\Timers\RL 1v1 Training_timers.json
[Physics::Module] Cleanup current backend.
[Physics::Module] Id: 0xf2b8ea05
Input System module state changed to: ShutdownInProgress.
Input Polling Thread exited.
Input System module state changed to: Shutdown.
CodeReloadManager destroyed
GarbageCollector disposing of ComputeBuffer. Please use ComputeBuffer.Release() or .Dispose() to manually release the buffer.
