Mono path[0] = 'F:/RLDemo/Bees RL Training/Bees_Data/Managed'
Mono config path = 'F:/RLDemo/Bees RL Training/MonoBleedingEdge/etc'
CodeReloadManager initialized
Input System module state changed to: Initialized.
[Physics::Module] Initialized fallback backend.
[Physics::Module] Id: 0xdecafbad
Initialize engine version: 6000.5.4f1 (d550df8bd089)
[Subsystems] Discovering subsystems at path F:/RLDemo/Bees RL Training/Bees_Data/UnitySubsystems
Forcing GfxDevice: Null
GfxDevice: creating device client; kGfxThreadingModeNonThreaded
NullGfxDevice:
    Version:  NULL 1.0 [1.0]
    Renderer: Null Device
    Vendor:   Unity Technologies
Begin MonoManager ReloadAssembly
- Finished resetting the current domain, in  0.079 seconds
[Physics::Module] Selected backend.
[Physics::Module] Name: PhysX
[Physics::Module] Id: 0xf2b8ea05
[Physics::Module] SDK Version: 4.1.2
[Physics::Module] Integration Version: 1.0.0
[Physics::Module] Threading Mode: Multi-Threaded
Microsoft Media Foundation video decoding to texture disabled: graphics device is Null, only Direct3D 11 and Direct3D 12 (only on desktop) are supported for hardware-accelerated video decoding.
Texture with ID 114 and with size 13376x6920 was too large for graphics device maximum supported texture size (8192x8192). Falling back to a dummy texture. Generate mip maps to provide lower size fallback.
Texture with ID 210 and with size 13376x6920 was too large for graphics device maximum supported texture size (8192x8192). Falling back to a dummy texture. Generate mip maps to provide lower size fallback.
Texture with ID 221 and with size 13376x6920 was too large for graphics device maximum supported texture size (8192x8192). Falling back to a dummy texture. Generate mip maps to provide lower size fallback.
Texture with ID 238 and with size 13376x6920 was too large for graphics device maximum supported texture size (8192x8192). Falling back to a dummy texture. Generate mip maps to provide lower size fallback.
UnloadTime: 1.790100 ms
UI Audio: DontDestroyOnLoad only works for root GameObjects or components on root GameObjects.
Trying to connect to ws://clashofempire.net:7146
Connection with WebSocketSharp open!
[Steamworks.NET] SteamAPI_Init() failed. Continuing without Steam features.
Steam API is unavailable; using local fallback identity.
User id is 2013868892
RL training configuration health_ratio=0.25 map_size=35 episode_timeout=120s ships_per_side=1 matchup_mode=fixed bee_ship_types=Wasp human_ship_types=Gunship
Can not play a disabled audio source
Registered Communicator in Agent.
RL policy ABI v5 bees-rl-v5|behavior=BeesRL1v1|network=ff-512x3|normalize=true|obs=4685|cont=34|disc=2x16,5,65,65,65|weapon-aim=slotwise-xy|weapon-fire=slotwise-cease-or-fire|weapon-ready=rl-latched-until-fire|shipbits=6|weaponbits=6|mapbits=4|shipmap=v1-0..23|weaponmap=v1-0..9|allies=64|enemies=64|weapons=16|enemy-mounts=16|mining=8|map-objects=64|moving-asteroids=48|self=29|capability=12|parent-carrier=19|entity=19|weapon=19|enemy-mount=22|mining-slot=7|map-slot=12|moving-asteroid-slot=11|objective=16|grid=13x13|entity-order=distance,type,fleet-id,runtime-id observations=4685 continuous_actions=34 weapon_fire_branches=16x2 special_branch=5 ally_target_branch=65 enemy_target_branch=65 map_object_target_branch=65 allies=64 enemies=64 moving_asteroids=48 mining_asteroids=8 map_objects=64 navigation_grid=13x13 weapon_slots=16 enemy_weapon_mounts=16 objective_channels=16 spawned_ship_control=dynamic
RL 1v1 episode=1 outcome=side_1_win bee_team=0 human_team=1 ships_per_side=1 winner=1 timeout=False duration=26.33s bee_tsv=16->11 human_tsv=18->0 bee_fire_requests=127 bee_shots=2 bee_hits=1 bee_damage=75 bee_first_contact=0.33s bee_first_fire=11.00s bee_first_hit=26.02s bee_spawned=0 bee_agent_coverage=1/1 bee_weapons=Eye:127/2 bee_rewards=terminal:10.0000,tsv:0.3171,time:-0.0219,total:10.2951 human_fire_requests=134 human_shots=0 human_hits=2 human_damage=60 human_first_contact=0.33s human_first_fire=none human_first_hit=2.70s human_spawned=0 human_agent_coverage=1/1 human_weapons=DualCannon:134/0 human_rewards=terminal:-10.0000,tsv:-0.3295,time:0.0000,total:-10.3295
RL 1v1 episode=2 outcome=side_1_win bee_team=1 human_team=0 ships_per_side=1 winner=1 timeout=False duration=31.71s bee_tsv=16->11 human_tsv=18->0 bee_fire_requests=183 bee_shots=1 bee_hits=1 bee_damage=75 bee_first_contact=0.03s bee_first_fire=31.68s bee_first_hit=31.70s bee_spawned=0 bee_agent_coverage=1/1 bee_weapons=Eye:183/1 bee_rewards=terminal:10.0000,tsv:0.3171,time:-0.0264,total:10.2907 human_fire_requests=168 human_shots=0 human_hits=2 human_damage=60 human_first_contact=0.03s human_first_fire=none human_first_hit=6.70s human_spawned=0 human_agent_coverage=1/1 human_weapons=DualCannon:168/0 human_rewards=terminal:-10.0000,tsv:-0.3295,time:0.0000,total:-10.3295
RL 1v1 episode=3 outcome=side_1_win bee_team=0 human_team=1 ships_per_side=1 winner=1 timeout=False duration=17.56s bee_tsv=16->16 human_tsv=18->0 bee_fire_requests=102 bee_shots=1 bee_hits=1 bee_damage=75 bee_first_contact=0.02s bee_first_fire=17.51s bee_first_hit=17.54s bee_spawned=0 bee_agent_coverage=1/1 bee_weapons=Eye:102/1 bee_rewards=terminal:10.0000,tsv:0.4641,time:-0.0146,total:10.4495 human_fire_requests=93 human_shots=0 human_hits=0 human_damage=0 human_first_contact=0.02s human_first_fire=none human_first_hit=none human_spawned=0 human_agent_coverage=1/1 human_weapons=DualCannon:93/0 human_rewards=terminal:-10.0000,tsv:-0.4571,time:0.0000,total:-10.4571
RL 1v1 episode=4 outcome=side_2_win bee_team=1 human_team=0 ships_per_side=1 winner=2 timeout=False duration=49.21s bee_tsv=16->0 human_tsv=18->18 bee_fire_requests=260 bee_shots=0 bee_hits=0 bee_damage=0 bee_first_contact=0.03s bee_first_fire=none bee_first_hit=none bee_spawned=0 bee_agent_coverage=1/1 bee_weapons=Eye:260/0 bee_rewards=terminal:-10.0000,tsv:-0.3983,time:0.0000,total:-10.3983 human_fire_requests=241 human_shots=0 human_hits=4 human_damage=100 human_first_contact=0.03s human_first_fire=none human_first_hit=10.88s human_spawned=0 human_agent_coverage=1/1 human_weapons=DualCannon:241/0 human_rewards=terminal:10.0000,tsv:0.4287,time:-0.0410,total:10.3876
RL 1v1 episode=5 outcome=side_1_win bee_team=0 human_team=1 ships_per_side=1 winner=1 timeout=False duration=33.39s bee_tsv=16->16 human_tsv=18->0 bee_fire_requests=153 bee_shots=1 bee_hits=1 bee_damage=75 bee_first_contact=0.03s bee_first_fire=33.34s bee_first_hit=33.38s bee_spawned=0 bee_agent_coverage=1/1 bee_weapons=Eye:153/1 bee_rewards=terminal:10.0000,tsv:0.4641,time:-0.0278,total:10.4363 human_fire_requests=166 human_shots=0 human_hits=0 human_damage=0 human_first_contact=0.03s human_first_fire=none human_first_hit=none human_spawned=0 human_agent_coverage=1/1 human_weapons=DualCannon:166/0 human_rewards=terminal:-10.0000,tsv:-0.4571,time:0.0000,total:-10.4571
RL 1v1 episode=6 outcome=side_1_win bee_team=1 human_team=0 ships_per_side=1 winner=1 timeout=False duration=39.21s bee_tsv=16->16 human_tsv=18->0 bee_fire_requests=189 bee_shots=1 bee_hits=1 bee_damage=75 bee_first_contact=0.03s bee_first_fire=39.18s bee_first_hit=39.20s bee_spawned=0 bee_agent_coverage=1/1 bee_weapons=Eye:189/1 bee_rewards=terminal:10.0000,tsv:0.4641,time:-0.0327,total:10.4315 human_fire_requests=193 human_shots=0 human_hits=0 human_damage=0 human_first_contact=0.03s human_first_fire=none human_first_hit=none human_spawned=0 human_agent_coverage=1/1 human_weapons=DualCannon:193/0 human_rewards=terminal:-10.0000,tsv:-0.4571,time:0.0000,total:-10.4571
RL 1v1 episode=7 outcome=side_1_win bee_team=0 human_team=1 ships_per_side=1 winner=1 timeout=False duration=19.21s bee_tsv=16->16 human_tsv=18->0 bee_fire_requests=92 bee_shots=1 bee_hits=1 bee_damage=75 bee_first_contact=0.02s bee_first_fire=19.17s bee_first_hit=19.20s bee_spawned=0 bee_agent_coverage=1/1 bee_weapons=Eye:92/1 bee_rewards=terminal:10.0000,tsv:0.4641,time:-0.0160,total:10.4481 human_fire_requests=91 human_shots=0 human_hits=0 human_damage=0 human_first_contact=0.02s human_first_fire=none human_first_hit=none human_spawned=0 human_agent_coverage=1/1 human_weapons=DualCannon:91/0 human_rewards=terminal:-10.0000,tsv:-0.4571,time:0.0000,total:-10.4571
RL 1v1 episode=8 outcome=side_1_win bee_team=1 human_team=0 ships_per_side=1 winner=1 timeout=False duration=13.37s bee_tsv=16->16 human_tsv=18->0 bee_fire_requests=61 bee_shots=1 bee_hits=1 bee_damage=75 bee_first_contact=0.04s bee_first_fire=13.34s bee_first_hit=13.36s bee_spawned=0 bee_agent_coverage=1/1 bee_weapons=Eye:61/1 bee_rewards=terminal:10.0000,tsv:0.4641,time:-0.0111,total:10.4530 human_fire_requests=61 human_shots=0 human_hits=0 human_damage=0 human_first_contact=0.04s human_first_fire=none human_first_hit=none human_spawned=0 human_agent_coverage=1/1 human_weapons=DualCannon:61/0 human_rewards=terminal:-10.0000,tsv:-0.4571,time:0.0000,total:-10.4571
RL 1v1 episode=9 outcome=side_1_win bee_team=0 human_team=1 ships_per_side=1 winner=1 timeout=False duration=40.87s bee_tsv=16->16 human_tsv=18->0 bee_fire_requests=182 bee_shots=1 bee_hits=1 bee_damage=75 bee_first_contact=0.02s bee_first_fire=40.84s bee_first_hit=40.86s bee_spawned=0 bee_agent_coverage=1/1 bee_weapons=Eye:182/1 bee_rewards=terminal:10.0000,tsv:0.4641,time:-0.0341,total:10.4301 human_fire_requests=207 human_shots=0 human_hits=0 human_damage=0 human_first_contact=0.02s human_first_fire=none human_first_hit=none human_spawned=0 human_agent_coverage=1/1 human_weapons=DualCannon:207/0 human_rewards=terminal:-10.0000,tsv:-0.4571,time:0.0000,total:-10.4571
RL 1v1 episode=10 outcome=side_1_win bee_team=1 human_team=0 ships_per_side=1 winner=1 timeout=False duration=36.71s bee_tsv=16->16 human_tsv=18->0 bee_fire_requests=175 bee_shots=1 bee_hits=1 bee_damage=75 bee_first_contact=0.03s bee_first_fire=36.68s bee_first_hit=36.70s bee_spawned=0 bee_agent_coverage=1/1 bee_weapons=Eye:175/1 bee_rewards=terminal:10.0000,tsv:0.4641,time:-0.0306,total:10.4336 human_fire_requests=178 human_shots=0 human_hits=0 human_damage=0 human_first_contact=0.03s human_first_fire=none human_first_hit=none human_spawned=0 human_agent_coverage=1/1 human_weapons=DualCannon:178/0 human_rewards=terminal:-10.0000,tsv:-0.4571,time:0.0000,total:-10.4571
RL 1v1 summary episodes=10 bee_record=9-1 human_record=1-9 draws=0 timeouts=0 avg_duration=30.76s bee_shots=10 bee_hits=9 bee_hit_rate=90.00 % bee_damage=675 human_shots=0 human_hits=8 human_hit_rate=0.00 % human_damage=220
RL 1v1 episode=11 outcome=side_1_win bee_team=0 human_team=1 ships_per_side=1 winner=1 timeout=False duration=28.37s bee_tsv=16->11 human_tsv=18->0 bee_fire_requests=141 bee_shots=1 bee_hits=1 bee_damage=75 bee_first_contact=0.02s bee_first_fire=28.34s bee_first_hit=28.36s bee_spawned=0 bee_agent_coverage=1/1 bee_weapons=Eye:141/1 bee_rewards=terminal:10.0000,tsv:0.3171,time:-0.0236,total:10.2934 human_fire_requests=159 human_shots=0 human_hits=2 human_damage=60 human_first_contact=0.02s human_first_fire=none human_first_hit=28.36s human_spawned=0 human_agent_coverage=1/1 human_weapons=DualCannon:159/0 human_rewards=terminal:-10.0000,tsv:-0.3295,time:0.0000,total:-10.3295
RL 1v1 episode=12 outcome=timeout bee_team=1 human_team=0 ships_per_side=1 winner=0 timeout=True duration=119.99s bee_tsv=16->11 human_tsv=18->18 bee_fire_requests=582 bee_shots=2 bee_hits=0 bee_damage=0 bee_first_contact=0.03s bee_first_fire=57.51s bee_first_hit=none bee_spawned=0 bee_agent_coverage=1/1 bee_weapons=Eye:582/2 bee_rewards=terminal:-10.0000,tsv:-0.0748,time:0.0000,total:-10.0748 human_fire_requests=566 human_shots=0 human_hits=2 human_damage=60 human_first_contact=0.03s human_first_fire=none human_first_hit=116.70s human_spawned=0 human_agent_coverage=1/1 human_weapons=DualCannon:566/0 human_rewards=terminal:-10.0000,tsv:0.1999,time:0.0000,total:-9.8001
RL 1v1 episode=13 outcome=side_1_win bee_team=0 human_team=1 ships_per_side=1 winner=1 timeout=False duration=54.21s bee_tsv=16->16 human_tsv=18->0 bee_fire_requests=263 bee_shots=2 bee_hits=1 bee_damage=75 bee_first_contact=0.03s bee_first_fire=12.51s bee_first_hit=54.20s bee_spawned=0 bee_agent_coverage=1/1 bee_weapons=Eye:263/2 bee_rewards=terminal:10.0000,tsv:0.4641,time:-0.0452,total:10.4190 human_fire_requests=261 human_shots=0 human_hits=0 human_damage=0 human_first_contact=0.03s human_first_fire=none human_first_hit=none human_spawned=0 human_agent_coverage=1/1 human_weapons=DualCannon:261/0 human_rewards=terminal:-10.0000,tsv:-0.4571,time:0.0000,total:-10.4571
RL 1v1 episode=14 outcome=side_1_win bee_team=1 human_team=0 ships_per_side=1 winner=1 timeout=False duration=26.71s bee_tsv=16->16 human_tsv=18->0 bee_fire_requests=139 bee_shots=1 bee_hits=1 bee_damage=75 bee_first_contact=0.02s bee_first_fire=26.67s bee_first_hit=26.70s bee_spawned=0 bee_agent_coverage=1/1 bee_weapons=Eye:139/1 bee_rewards=terminal:10.0000,tsv:0.4641,time:-0.0223,total:10.4419 human_fire_requests=146 human_shots=0 human_hits=0 human_damage=0 human_first_contact=0.02s human_first_fire=none human_first_hit=none human_spawned=0 human_agent_coverage=1/1 human_weapons=DualCannon:146/0 human_rewards=terminal:-10.0000,tsv:-0.4571,time:0.0000,total:-10.4571
RL 1v1 episode=15 outcome=side_1_win bee_team=0 human_team=1 ships_per_side=1 winner=1 timeout=False duration=31.70s bee_tsv=16->16 human_tsv=18->0 bee_fire_requests=154 bee_shots=1 bee_hits=1 bee_damage=75 bee_first_contact=0.04s bee_first_fire=31.67s bee_first_hit=31.70s bee_spawned=0 bee_agent_coverage=1/1 bee_weapons=Eye:154/1 bee_rewards=terminal:10.0000,tsv:0.4641,time:-0.0264,total:10.4377 human_fire_requests=174 human_shots=0 human_hits=0 human_damage=0 human_first_contact=0.04s human_first_fire=none human_first_hit=none human_spawned=0 human_agent_coverage=1/1 human_weapons=DualCannon:174/0 human_rewards=terminal:-10.0000,tsv:-0.4571,time:0.0000,total:-10.4571
RL 1v1 episode=16 outcome=side_1_win bee_team=1 human_team=0 ships_per_side=1 winner=1 timeout=False duration=5.87s bee_tsv=16->16 human_tsv=18->0 bee_fire_requests=26 bee_shots=1 bee_hits=1 bee_damage=75 bee_first_contact=0.02s bee_first_fire=5.83s bee_first_hit=5.86s bee_spawned=0 bee_agent_coverage=1/1 bee_weapons=Eye:26/1 bee_rewards=terminal:10.0000,tsv:0.4641,time:-0.0049,total:10.4593 human_fire_requests=26 human_shots=0 human_hits=0 human_damage=0 human_first_contact=0.02s human_first_fire=none human_first_hit=none human_spawned=0 human_agent_coverage=1/1 human_weapons=DualCannon:26/0 human_rewards=terminal:-10.0000,tsv:-0.4571,time:0.0000,total:-10.4571
RL 1v1 episode=17 outcome=side_1_win bee_team=0 human_team=1 ships_per_side=1 winner=1 timeout=False duration=36.70s bee_tsv=16->16 human_tsv=18->0 bee_fire_requests=190 bee_shots=1 bee_hits=1 bee_damage=75 bee_first_contact=0.04s bee_first_fire=36.67s bee_first_hit=36.70s bee_spawned=0 bee_agent_coverage=1/1 bee_weapons=Eye:190/1 bee_rewards=terminal:10.0000,tsv:0.4641,time:-0.0306,total:10.4336 human_fire_requests=174 human_shots=0 human_hits=0 human_damage=0 human_first_contact=0.04s human_first_fire=none human_first_hit=none human_spawned=0 human_agent_coverage=1/1 human_weapons=DualCannon:174/0 human_rewards=terminal:-10.0000,tsv:-0.4571,time:0.0000,total:-10.4571
RL 1v1 episode=18 outcome=side_1_win bee_team=1 human_team=0 ships_per_side=1 winner=1 timeout=False duration=33.37s bee_tsv=16->16 human_tsv=18->0 bee_fire_requests=168 bee_shots=1 bee_hits=1 bee_damage=75 bee_first_contact=0.02s bee_first_fire=33.33s bee_first_hit=33.36s bee_spawned=0 bee_agent_coverage=1/1 bee_weapons=Eye:168/1 bee_rewards=terminal:10.0000,tsv:0.4641,time:-0.0278,total:10.4363 human_fire_requests=142 human_shots=0 human_hits=0 human_damage=0 human_first_contact=0.02s human_first_fire=none human_first_hit=none human_spawned=0 human_agent_coverage=1/1 human_weapons=DualCannon:142/0 human_rewards=terminal:-10.0000,tsv:-0.4571,time:0.0000,total:-10.4571
RL 1v1 episode=19 outcome=side_1_win bee_team=0 human_team=1 ships_per_side=1 winner=1 timeout=False duration=56.70s bee_tsv=16->16 human_tsv=18->0 bee_fire_requests=294 bee_shots=2 bee_hits=1 bee_damage=75 bee_first_contact=0.04s bee_first_fire=17.50s bee_first_hit=56.70s bee_spawned=0 bee_agent_coverage=1/1 bee_weapons=Eye:294/2 bee_rewards=terminal:10.0000,tsv:0.4641,time:-0.0473,total:10.4169 human_fire_requests=288 human_shots=0 human_hits=0 human_damage=0 human_first_contact=0.04s human_first_fire=none human_first_hit=none human_spawned=0 human_agent_coverage=1/1 human_weapons=DualCannon:288/0 human_rewards=terminal:-10.0000,tsv:-0.4571,time:0.0000,total:-10.4571
RL 1v1 episode=20 outcome=side_1_win bee_team=1 human_team=0 ships_per_side=1 winner=1 timeout=False duration=29.22s bee_tsv=16->16 human_tsv=18->0 bee_fire_requests=133 bee_shots=1 bee_hits=1 bee_damage=75 bee_first_contact=0.02s bee_first_fire=29.17s bee_first_hit=29.20s bee_spawned=0 bee_agent_coverage=1/1 bee_weapons=Eye:133/1 bee_rewards=terminal:10.0000,tsv:0.4641,time:-0.0243,total:10.4398 human_fire_requests=148 human_shots=0 human_hits=0 human_damage=0 human_first_contact=0.02s human_first_fire=none human_first_hit=none human_spawned=0 human_agent_coverage=1/1 human_weapons=DualCannon:148/0 human_rewards=terminal:-10.0000,tsv:-0.4571,time:0.0000,total:-10.4571
RL 1v1 summary episodes=20 bee_record=18-2 human_record=1-19 draws=0 timeouts=1 avg_duration=36.52s bee_shots=23 bee_hits=18 bee_hit_rate=78.26 % bee_damage=1350 human_shots=0 human_hits=12 human_hit_rate=0.00 % human_damage=340
RL 1v1 episode=21 outcome=side_1_win bee_team=0 human_team=1 ships_per_side=1 winner=1 timeout=False duration=25.90s bee_tsv=16->11 human_tsv=18->0 bee_fire_requests=140 bee_shots=1 bee_hits=1 bee_damage=75 bee_first_contact=0.03s bee_first_fire=25.85s bee_first_hit=25.88s bee_spawned=0 bee_agent_coverage=1/1 bee_weapons=Eye:140/1 bee_rewards=terminal:10.0000,tsv:0.3171,time:-0.0216,total:10.2955 human_fire_requests=124 human_shots=0 human_hits=2 human_damage=60 human_first_contact=0.03s human_first_fire=none human_first_hit=25.88s human_spawned=0 human_agent_coverage=1/1 human_weapons=DualCannon:124/0 human_rewards=terminal:-10.0000,tsv:-0.3295,time:0.0000,total:-10.3295
RL 1v1 episode=22 outcome=side_1_win bee_team=1 human_team=0 ships_per_side=1 winner=1 timeout=False duration=46.71s bee_tsv=16->16 human_tsv=18->0 bee_fire_requests=223 bee_shots=1 bee_hits=1 bee_damage=75 bee_first_contact=0.03s bee_first_fire=46.68s bee_first_hit=46.70s bee_spawned=0 bee_agent_coverage=1/1 bee_weapons=Eye:223/1 bee_rewards=terminal:10.0000,tsv:0.4641,time:-0.0389,total:10.4252 human_fire_requests=211 human_shots=0 human_hits=0 human_damage=0 human_first_contact=0.03s human_first_fire=none human_first_hit=none human_spawned=0 human_agent_coverage=1/1 human_weapons=DualCannon:211/0 human_rewards=terminal:-10.0000,tsv:-0.4571,time:0.0000,total:-10.4571
RL 1v1 episode=23 outcome=side_1_win bee_team=0 human_team=1 ships_per_side=1 winner=1 timeout=False duration=52.54s bee_tsv=16->11 human_tsv=18->0 bee_fire_requests=269 bee_shots=1 bee_hits=1 bee_damage=75 bee_first_contact=0.03s bee_first_fire=52.51s bee_first_hit=52.54s bee_spawned=0 bee_agent_coverage=1/1 bee_weapons=Eye:269/1 bee_rewards=terminal:10.0000,tsv:0.3171,time:-0.0438,total:10.2733 human_fire_requests=270 human_shots=0 human_hits=2 human_damage=60 human_first_contact=0.03s human_first_fire=none human_first_hit=32.54s human_spawned=0 human_agent_coverage=1/1 human_weapons=DualCannon:270/0 human_rewards=terminal:-10.0000,tsv:-0.3295,time:0.0000,total:-10.3295
RL 1v1 episode=24 outcome=side_1_win bee_team=1 human_team=0 ships_per_side=1 winner=1 timeout=False duration=21.72s bee_tsv=16->16 human_tsv=18->0 bee_fire_requests=112 bee_shots=1 bee_hits=1 bee_damage=75 bee_first_contact=0.02s bee_first_fire=21.67s bee_first_hit=21.70s bee_spawned=0 bee_agent_coverage=1/1 bee_weapons=Eye:112/1 bee_rewards=terminal:10.0000,tsv:0.4641,time:-0.0181,total:10.4461 human_fire_requests=108 human_shots=0 human_hits=0 human_damage=0 human_first_contact=0.02s human_first_fire=none human_first_hit=none human_spawned=0 human_agent_coverage=1/1 human_weapons=DualCannon:108/0 human_rewards=terminal:-10.0000,tsv:-0.4571,time:0.0000,total:-10.4571
RL 1v1 episode=25 outcome=side_1_win bee_team=0 human_team=1 ships_per_side=1 winner=1 timeout=False duration=45.88s bee_tsv=16->11 human_tsv=18->0 bee_fire_requests=224 bee_shots=1 bee_hits=1 bee_damage=75 bee_first_contact=0.03s bee_first_fire=45.85s bee_first_hit=45.88s bee_spawned=0 bee_agent_coverage=1/1 bee_weapons=Eye:224/1 bee_rewards=terminal:10.0000,tsv:0.3171,time:-0.0382,total:10.2789 human_fire_requests=220 human_shots=0 human_hits=2 human_damage=60 human_first_contact=0.03s human_first_fire=none human_first_hit=45.04s human_spawned=0 human_agent_coverage=1/1 human_weapons=DualCannon:220/0 human_rewards=terminal:-10.0000,tsv:-0.3295,time:0.0000,total:-10.3295
RL 1v1 episode=26 outcome=side_1_win bee_team=1 human_team=0 ships_per_side=1 winner=1 timeout=False duration=14.22s bee_tsv=16->16 human_tsv=18->0 bee_fire_requests=78 bee_shots=1 bee_hits=1 bee_damage=75 bee_first_contact=0.02s bee_first_fire=14.17s bee_first_hit=14.20s bee_spawned=0 bee_agent_coverage=1/1 bee_weapons=Eye:78/1 bee_rewards=terminal:10.0000,tsv:0.4641,time:-0.0118,total:10.4523 human_fire_requests=61 human_shots=0 human_hits=0 human_damage=0 human_first_contact=0.02s human_first_fire=none human_first_hit=none human_spawned=0 human_agent_coverage=1/1 human_weapons=DualCannon:61/0 human_rewards=terminal:-10.0000,tsv:-0.4571,time:0.0000,total:-10.4571
Unable to save timers to file F:/RLDemo/Bees RL Training/Bees_Data\ML-Agents\Timers\RL 1v1 Training_timers.json
[Physics::Module] Cleanup current backend.
[Physics::Module] Id: 0xf2b8ea05
Input System module state changed to: ShutdownInProgress.
Input Polling Thread exited.
Input System module state changed to: Shutdown.
CodeReloadManager destroyed
GarbageCollector disposing of ComputeBuffer. Please use ComputeBuffer.Release() or .Dispose() to manually release the buffer.
