R:\Bees\Assets\.venv-mlagents\lib\site-packages\mlagents\torch_utils\torch.py:4: UserWarning: pkg_resources is deprecated as an API. See https://setuptools.pypa.io/en/latest/pkg_resources.html. The pkg_resources package is slated for removal as early as 2025-11-30. Refrain from using this package or pin to Setuptools<81.
  import pkg_resources
R:\Bees\Assets\.venv-mlagents\lib\site-packages\mlagents\torch_utils\torch.py:4: UserWarning: pkg_resources is deprecated as an API. See https://setuptools.pypa.io/en/latest/pkg_resources.html. The pkg_resources package is slated for removal as early as 2025-11-30. Refrain from using this package or pin to Setuptools<81.
  import pkg_resources
R:\Bees\Assets\.venv-mlagents\lib\site-packages\mlagents\torch_utils\torch.py:4: UserWarning: pkg_resources is deprecated as an API. See https://setuptools.pypa.io/en/latest/pkg_resources.html. The pkg_resources package is slated for removal as early as 2025-11-30. Refrain from using this package or pin to Setuptools<81.
  import pkg_resources
R:\Bees\Assets\.venv-mlagents\lib\site-packages\mlagents\torch_utils\torch.py:4: UserWarning: pkg_resources is deprecated as an API. See https://setuptools.pypa.io/en/latest/pkg_resources.html. The pkg_resources package is slated for removal as early as 2025-11-30. Refrain from using this package or pin to Setuptools<81.
  import pkg_resources
R:\Bees\Assets\.venv-mlagents\lib\site-packages\mlagents\torch_utils\torch.py:4: UserWarning: pkg_resources is deprecated as an API. See https://setuptools.pypa.io/en/latest/pkg_resources.html. The pkg_resources package is slated for removal as early as 2025-11-30. Refrain from using this package or pin to Setuptools<81.
  import pkg_resources
R:\Bees\Assets\.venv-mlagents\lib\site-packages\mlagents\torch_utils\torch.py:4: UserWarning: pkg_resources is deprecated as an API. See https://setuptools.pypa.io/en/latest/pkg_resources.html. The pkg_resources package is slated for removal as early as 2025-11-30. Refrain from using this package or pin to Setuptools<81.
  import pkg_resources
R:\Bees\Assets\.venv-mlagents\lib\site-packages\mlagents\torch_utils\torch.py:4: UserWarning: pkg_resources is deprecated as an API. See https://setuptools.pypa.io/en/latest/pkg_resources.html. The pkg_resources package is slated for removal as early as 2025-11-30. Refrain from using this package or pin to Setuptools<81.
  import pkg_resources
R:\Bees\Assets\.venv-mlagents\lib\site-packages\mlagents\torch_utils\torch.py:4: UserWarning: pkg_resources is deprecated as an API. See https://setuptools.pypa.io/en/latest/pkg_resources.html. The pkg_resources package is slated for removal as early as 2025-11-30. Refrain from using this package or pin to Setuptools<81.
  import pkg_resources
R:\Bees\Assets\.venv-mlagents\lib\site-packages\mlagents\torch_utils\torch.py:4: UserWarning: pkg_resources is deprecated as an API. See https://setuptools.pypa.io/en/latest/pkg_resources.html. The pkg_resources package is slated for removal as early as 2025-11-30. Refrain from using this package or pin to Setuptools<81.
  import pkg_resources
R:\Bees\Assets\.venv-mlagents\lib\site-packages\mlagents\torch_utils\torch.py:4: UserWarning: pkg_resources is deprecated as an API. See https://setuptools.pypa.io/en/latest/pkg_resources.html. The pkg_resources package is slated for removal as early as 2025-11-30. Refrain from using this package or pin to Setuptools<81.
  import pkg_resources
R:\Bees\Assets\.venv-mlagents\lib\site-packages\mlagents\torch_utils\torch.py:4: UserWarning: pkg_resources is deprecated as an API. See https://setuptools.pypa.io/en/latest/pkg_resources.html. The pkg_resources package is slated for removal as early as 2025-11-30. Refrain from using this package or pin to Setuptools<81.
  import pkg_resources
R:\Bees\Assets\.venv-mlagents\lib\site-packages\mlagents\torch_utils\torch.py:4: UserWarning: pkg_resources is deprecated as an API. See https://setuptools.pypa.io/en/latest/pkg_resources.html. The pkg_resources package is slated for removal as early as 2025-11-30. Refrain from using this package or pin to Setuptools<81.
  import pkg_resources
R:\Bees\Assets\.venv-mlagents\lib\site-packages\mlagents\torch_utils\torch.py:4: UserWarning: pkg_resources is deprecated as an API. See https://setuptools.pypa.io/en/latest/pkg_resources.html. The pkg_resources package is slated for removal as early as 2025-11-30. Refrain from using this package or pin to Setuptools<81.
  import pkg_resources
R:\Bees\Assets\.venv-mlagents\lib\site-packages\mlagents\torch_utils\torch.py:4: UserWarning: pkg_resources is deprecated as an API. See https://setuptools.pypa.io/en/latest/pkg_resources.html. The pkg_resources package is slated for removal as early as 2025-11-30. Refrain from using this package or pin to Setuptools<81.
  import pkg_resources
R:\Bees\Assets\.venv-mlagents\lib\site-packages\mlagents\torch_utils\torch.py:4: UserWarning: pkg_resources is deprecated as an API. See https://setuptools.pypa.io/en/latest/pkg_resources.html. The pkg_resources package is slated for removal as early as 2025-11-30. Refrain from using this package or pin to Setuptools<81.
  import pkg_resources
R:\Bees\Assets\.venv-mlagents\lib\site-packages\mlagents\torch_utils\torch.py:4: UserWarning: pkg_resources is deprecated as an API. See https://setuptools.pypa.io/en/latest/pkg_resources.html. The pkg_resources package is slated for removal as early as 2025-11-30. Refrain from using this package or pin to Setuptools<81.
  import pkg_resources
R:\Bees\Assets\.venv-mlagents\lib\site-packages\mlagents\torch_utils\torch.py:4: UserWarning: pkg_resources is deprecated as an API. See https://setuptools.pypa.io/en/latest/pkg_resources.html. The pkg_resources package is slated for removal as early as 2025-11-30. Refrain from using this package or pin to Setuptools<81.
  import pkg_resources
R:\Bees\Assets\.venv-mlagents\lib\site-packages\mlagents\torch_utils\torch.py:4: UserWarning: pkg_resources is deprecated as an API. See https://setuptools.pypa.io/en/latest/pkg_resources.html. The pkg_resources package is slated for removal as early as 2025-11-30. Refrain from using this package or pin to Setuptools<81.
  import pkg_resources
R:\Bees\Assets\.venv-mlagents\lib\site-packages\mlagents\torch_utils\torch.py:4: UserWarning: pkg_resources is deprecated as an API. See https://setuptools.pypa.io/en/latest/pkg_resources.html. The pkg_resources package is slated for removal as early as 2025-11-30. Refrain from using this package or pin to Setuptools<81.
  import pkg_resources
R:\Bees\Assets\.venv-mlagents\lib\site-packages\mlagents\torch_utils\torch.py:4: UserWarning: pkg_resources is deprecated as an API. See https://setuptools.pypa.io/en/latest/pkg_resources.html. The pkg_resources package is slated for removal as early as 2025-11-30. Refrain from using this package or pin to Setuptools<81.
  import pkg_resources
R:\Bees\Assets\.venv-mlagents\lib\site-packages\mlagents\torch_utils\torch.py:4: UserWarning: pkg_resources is deprecated as an API. See https://setuptools.pypa.io/en/latest/pkg_resources.html. The pkg_resources package is slated for removal as early as 2025-11-30. Refrain from using this package or pin to Setuptools<81.
  import pkg_resources
R:\Bees\Assets\.venv-mlagents\lib\site-packages\mlagents\torch_utils\torch.py:4: UserWarning: pkg_resources is deprecated as an API. See https://setuptools.pypa.io/en/latest/pkg_resources.html. The pkg_resources package is slated for removal as early as 2025-11-30. Refrain from using this package or pin to Setuptools<81.
  import pkg_resources
R:\Bees\Assets\.venv-mlagents\lib\site-packages\mlagents\torch_utils\torch.py:4: UserWarning: pkg_resources is deprecated as an API. See https://setuptools.pypa.io/en/latest/pkg_resources.html. The pkg_resources package is slated for removal as early as 2025-11-30. Refrain from using this package or pin to Setuptools<81.
  import pkg_resources
R:\Bees\Assets\.venv-mlagents\lib\site-packages\mlagents\torch_utils\torch.py:4: UserWarning: pkg_resources is deprecated as an API. See https://setuptools.pypa.io/en/latest/pkg_resources.html. The pkg_resources package is slated for removal as early as 2025-11-30. Refrain from using this package or pin to Setuptools<81.
  import pkg_resources
R:\Bees\Assets\.venv-mlagents\lib\site-packages\mlagents\torch_utils\torch.py:4: UserWarning: pkg_resources is deprecated as an API. See https://setuptools.pypa.io/en/latest/pkg_resources.html. The pkg_resources package is slated for removal as early as 2025-11-30. Refrain from using this package or pin to Setuptools<81.
  import pkg_resources
R:\Bees\Assets\.venv-mlagents\lib\site-packages\mlagents\torch_utils\torch.py:4: UserWarning: pkg_resources is deprecated as an API. See https://setuptools.pypa.io/en/latest/pkg_resources.html. The pkg_resources package is slated for removal as early as 2025-11-30. Refrain from using this package or pin to Setuptools<81.
  import pkg_resources
R:\Bees\Assets\.venv-mlagents\lib\site-packages\mlagents\torch_utils\torch.py:4: UserWarning: pkg_resources is deprecated as an API. See https://setuptools.pypa.io/en/latest/pkg_resources.html. The pkg_resources package is slated for removal as early as 2025-11-30. Refrain from using this package or pin to Setuptools<81.
  import pkg_resources
R:\Bees\Assets\.venv-mlagents\lib\site-packages\mlagents\torch_utils\torch.py:4: UserWarning: pkg_resources is deprecated as an API. See https://setuptools.pypa.io/en/latest/pkg_resources.html. The pkg_resources package is slated for removal as early as 2025-11-30. Refrain from using this package or pin to Setuptools<81.
  import pkg_resources
R:\Bees\Assets\.venv-mlagents\lib\site-packages\mlagents\torch_utils\torch.py:4: UserWarning: pkg_resources is deprecated as an API. See https://setuptools.pypa.io/en/latest/pkg_resources.html. The pkg_resources package is slated for removal as early as 2025-11-30. Refrain from using this package or pin to Setuptools<81.
  import pkg_resources
R:\Bees\Assets\.venv-mlagents\lib\site-packages\mlagents\torch_utils\torch.py:4: UserWarning: pkg_resources is deprecated as an API. See https://setuptools.pypa.io/en/latest/pkg_resources.html. The pkg_resources package is slated for removal as early as 2025-11-30. Refrain from using this package or pin to Setuptools<81.
  import pkg_resources
R:\Bees\Assets\.venv-mlagents\lib\site-packages\mlagents\torch_utils\torch.py:4: UserWarning: pkg_resources is deprecated as an API. See https://setuptools.pypa.io/en/latest/pkg_resources.html. The pkg_resources package is slated for removal as early as 2025-11-30. Refrain from using this package or pin to Setuptools<81.
  import pkg_resources
R:\Bees\Assets\.venv-mlagents\lib\site-packages\mlagents\torch_utils\torch.py:4: UserWarning: pkg_resources is deprecated as an API. See https://setuptools.pypa.io/en/latest/pkg_resources.html. The pkg_resources package is slated for removal as early as 2025-11-30. Refrain from using this package or pin to Setuptools<81.
  import pkg_resources
R:\Bees\Assets\.venv-mlagents\lib\site-packages\mlagents\torch_utils\torch.py:4: UserWarning: pkg_resources is deprecated as an API. See https://setuptools.pypa.io/en/latest/pkg_resources.html. The pkg_resources package is slated for removal as early as 2025-11-30. Refrain from using this package or pin to Setuptools<81.
  import pkg_resources
R:\Bees\Assets\.venv-mlagents\lib\site-packages\mlagents\torch_utils\torch.py:4: UserWarning: pkg_resources is deprecated as an API. See https://setuptools.pypa.io/en/latest/pkg_resources.html. The pkg_resources package is slated for removal as early as 2025-11-30. Refrain from using this package or pin to Setuptools<81.
  import pkg_resources
R:\Bees\Assets\.venv-mlagents\lib\site-packages\mlagents\torch_utils\torch.py:4: UserWarning: pkg_resources is deprecated as an API. See https://setuptools.pypa.io/en/latest/pkg_resources.html. The pkg_resources package is slated for removal as early as 2025-11-30. Refrain from using this package or pin to Setuptools<81.
  import pkg_resources
R:\Bees\Assets\.venv-mlagents\lib\site-packages\mlagents\torch_utils\torch.py:4: UserWarning: pkg_resources is deprecated as an API. See https://setuptools.pypa.io/en/latest/pkg_resources.html. The pkg_resources package is slated for removal as early as 2025-11-30. Refrain from using this package or pin to Setuptools<81.
  import pkg_resources
R:\Bees\Assets\.venv-mlagents\lib\site-packages\mlagents\torch_utils\torch.py:4: UserWarning: pkg_resources is deprecated as an API. See https://setuptools.pypa.io/en/latest/pkg_resources.html. The pkg_resources package is slated for removal as early as 2025-11-30. Refrain from using this package or pin to Setuptools<81.
  import pkg_resources
R:\Bees\Assets\.venv-mlagents\lib\site-packages\mlagents\torch_utils\torch.py:4: UserWarning: pkg_resources is deprecated as an API. See https://setuptools.pypa.io/en/latest/pkg_resources.html. The pkg_resources package is slated for removal as early as 2025-11-30. Refrain from using this package or pin to Setuptools<81.
  import pkg_resources
R:\Bees\Assets\.venv-mlagents\lib\site-packages\mlagents\torch_utils\torch.py:4: UserWarning: pkg_resources is deprecated as an API. See https://setuptools.pypa.io/en/latest/pkg_resources.html. The pkg_resources package is slated for removal as early as 2025-11-30. Refrain from using this package or pin to Setuptools<81.
  import pkg_resources
R:\Bees\Assets\.venv-mlagents\lib\site-packages\mlagents\torch_utils\torch.py:4: UserWarning: pkg_resources is deprecated as an API. See https://setuptools.pypa.io/en/latest/pkg_resources.html. The pkg_resources package is slated for removal as early as 2025-11-30. Refrain from using this package or pin to Setuptools<81.
  import pkg_resources
R:\Bees\Assets\.venv-mlagents\lib\site-packages\mlagents\torch_utils\torch.py:4: UserWarning: pkg_resources is deprecated as an API. See https://setuptools.pypa.io/en/latest/pkg_resources.html. The pkg_resources package is slated for removal as early as 2025-11-30. Refrain from using this package or pin to Setuptools<81.
  import pkg_resources
R:\Bees\Assets\.venv-mlagents\lib\site-packages\mlagents\torch_utils\torch.py:4: UserWarning: pkg_resources is deprecated as an API. See https://setuptools.pypa.io/en/latest/pkg_resources.html. The pkg_resources package is slated for removal as early as 2025-11-30. Refrain from using this package or pin to Setuptools<81.
  import pkg_resources
R:\Bees\Assets\.venv-mlagents\lib\site-packages\mlagents\torch_utils\torch.py:4: UserWarning: pkg_resources is deprecated as an API. See https://setuptools.pypa.io/en/latest/pkg_resources.html. The pkg_resources package is slated for removal as early as 2025-11-30. Refrain from using this package or pin to Setuptools<81.
  import pkg_resources
R:\Bees\Assets\.venv-mlagents\lib\site-packages\mlagents\torch_utils\torch.py:4: UserWarning: pkg_resources is deprecated as an API. See https://setuptools.pypa.io/en/latest/pkg_resources.html. The pkg_resources package is slated for removal as early as 2025-11-30. Refrain from using this package or pin to Setuptools<81.
  import pkg_resources
R:\Bees\Assets\.venv-mlagents\lib\site-packages\mlagents\torch_utils\torch.py:4: UserWarning: pkg_resources is deprecated as an API. See https://setuptools.pypa.io/en/latest/pkg_resources.html. The pkg_resources package is slated for removal as early as 2025-11-30. Refrain from using this package or pin to Setuptools<81.
  import pkg_resources
R:\Bees\Assets\.venv-mlagents\lib\site-packages\mlagents\torch_utils\torch.py:4: UserWarning: pkg_resources is deprecated as an API. See https://setuptools.pypa.io/en/latest/pkg_resources.html. The pkg_resources package is slated for removal as early as 2025-11-30. Refrain from using this package or pin to Setuptools<81.
  import pkg_resources
R:\Bees\Assets\.venv-mlagents\lib\site-packages\mlagents\torch_utils\torch.py:4: UserWarning: pkg_resources is deprecated as an API. See https://setuptools.pypa.io/en/latest/pkg_resources.html. The pkg_resources package is slated for removal as early as 2025-11-30. Refrain from using this package or pin to Setuptools<81.
  import pkg_resources
R:\Bees\Assets\.venv-mlagents\lib\site-packages\mlagents\torch_utils\torch.py:4: UserWarning: pkg_resources is deprecated as an API. See https://setuptools.pypa.io/en/latest/pkg_resources.html. The pkg_resources package is slated for removal as early as 2025-11-30. Refrain from using this package or pin to Setuptools<81.
  import pkg_resources
R:\Bees\Assets\.venv-mlagents\lib\site-packages\mlagents\torch_utils\torch.py:4: UserWarning: pkg_resources is deprecated as an API. See https://setuptools.pypa.io/en/latest/pkg_resources.html. The pkg_resources package is slated for removal as early as 2025-11-30. Refrain from using this package or pin to Setuptools<81.
  import pkg_resources
R:\Bees\Assets\.venv-mlagents\lib\site-packages\torch\onnx\utils.py:631: UserWarning: ONNX Preprocess - Removing mutation from node aten::clamp_ on block input: 'action_model._continuous_distribution.log_sigma'. This changes graph semantics. (Triggered internally at ..\torch\csrc\jit\passes\onnx\remove_inplace_ops_for_onnx.cpp:355.)
  _C._jit_pass_onnx_remove_inplace_ops_for_onnx(graph, module)
Traceback (most recent call last):
  File "R:\Bees\Assets\Training\bees_mlagents_learn.py", line 630, in <module>
    main()
  File "R:\Bees\Assets\Training\bees_mlagents_learn.py", line 614, in main
    learn.main()
  File "R:\Bees\Assets\.venv-mlagents\lib\site-packages\mlagents\trainers\learn.py", line 270, in main
    run_cli(parse_command_line())
  File "R:\Bees\Assets\.venv-mlagents\lib\site-packages\mlagents\trainers\learn.py", line 266, in run_cli
    run_training(run_seed, options, num_areas)
  File "R:\Bees\Assets\.venv-mlagents\lib\site-packages\mlagents\trainers\learn.py", line 138, in run_training
    tc.start_learning(env_manager)
  File "R:\Bees\Assets\.venv-mlagents\lib\site-packages\mlagents_envs\timers.py", line 305, in wrapped
    return func(*args, **kwargs)
  File "R:\Bees\Assets\.venv-mlagents\lib\site-packages\mlagents\trainers\trainer_controller.py", line 175, in start_learning
    n_steps = self.advance(env_manager)
  File "R:\Bees\Assets\.venv-mlagents\lib\site-packages\mlagents_envs\timers.py", line 305, in wrapped
    return func(*args, **kwargs)
  File "R:\Bees\Assets\.venv-mlagents\lib\site-packages\mlagents\trainers\trainer_controller.py", line 233, in advance
    new_step_infos = env_manager.get_steps()
  File "R:\Bees\Assets\.venv-mlagents\lib\site-packages\mlagents\trainers\env_manager.py", line 124, in get_steps
    new_step_infos = self._step()
  File "R:\Bees\Assets\Training\bees_mlagents_learn.py", line 490, in fast_step
    self._queue_steps()
  File "R:\Bees\Assets\Training\bees_mlagents_learn.py", line 437, in batched_queue_steps
    run_out = evaluate_on_cpu(
  File "R:\Bees\Assets\Training\bees_mlagents_learn.py", line 333, in evaluate_on_cpu
    action, run_out, memories = actor.get_action_and_stats(
  File "R:\Bees\Assets\.venv-mlagents\lib\site-packages\mlagents\trainers\torch_entities\networks.py", line 640, in get_action_and_stats
    action, log_probs, entropies = self.action_model(encoding, masks)
  File "R:\Bees\Assets\.venv-mlagents\lib\site-packages\torch\nn\modules\module.py", line 1518, in _wrapped_call_impl
    return self._call_impl(*args, **kwargs)
  File "R:\Bees\Assets\.venv-mlagents\lib\site-packages\torch\nn\modules\module.py", line 1527, in _call_impl
    return forward_call(*args, **kwargs)
  File "R:\Bees\Assets\Training\bees_mlagents_ppo_compat.py", line 161, in masked_forward
    log_probs, entropy = _masked_action_log_probs_and_entropy(
  File "R:\Bees\Assets\Training\bees_mlagents_ppo_compat.py", line 45, in _masked_action_log_probs_and_entropy
    activity = _build_bees_continuous_activity_mask(
NameError: name '_build_bees_continuous_activity_mask' is not defined
