[INFO] Connected to Unity environment with package version 4.1.0 and communication version 1.5.0
[INFO] Connected to Unity environment with package version 4.1.0 and communication version 1.5.0
[INFO] Connected to Unity environment with package version 4.1.0 and communication version 1.5.0
[INFO] Connected to Unity environment with package version 4.1.0 and communication version 1.5.0
[INFO] Connected to Unity environment with package version 4.1.0 and communication version 1.5.0
[INFO] Connected to Unity environment with package version 4.1.0 and communication version 1.5.0
[INFO] Connected to Unity environment with package version 4.1.0 and communication version 1.5.0
[INFO] Connected to Unity environment with package version 4.1.0 and communication version 1.5.0
[INFO] Connected to Unity environment with package version 4.1.0 and communication version 1.5.0
[INFO] Connected to Unity environment with package version 4.1.0 and communication version 1.5.0
[INFO] Connected to Unity environment with package version 4.1.0 and communication version 1.5.0
[INFO] Connected to Unity environment with package version 4.1.0 and communication version 1.5.0
[INFO] Connected new brain: BeesRL1v1?team=0
[INFO] Connected new brain: BeesRL1v1?team=1
[INFO] Connected new brain: BeesRL1v1?team=0
[INFO] Connected new brain: BeesRL1v1?team=1
[INFO] Connected new brain: BeesRL1v1?team=0
[INFO] Connected new brain: BeesRL1v1?team=1
[INFO] Connected new brain: BeesRL1v1?team=0
[INFO] Connected new brain: BeesRL1v1?team=1
[INFO] Connected new brain: BeesRL1v1?team=0
[INFO] Connected new brain: BeesRL1v1?team=1
[INFO] Connected new brain: BeesRL1v1?team=0
[INFO] Connected new brain: BeesRL1v1?team=1
[INFO] Connected new brain: BeesRL1v1?team=0
[INFO] Connected new brain: BeesRL1v1?team=1
[INFO] Connected new brain: BeesRL1v1?team=0
[INFO] Connected new brain: BeesRL1v1?team=1
[INFO] Connected new brain: BeesRL1v1?team=0
[INFO] Connected new brain: BeesRL1v1?team=1
[INFO] Connected new brain: BeesRL1v1?team=0
[INFO] Connected new brain: BeesRL1v1?team=1
[INFO] Connected new brain: BeesRL1v1?team=0
[INFO] Connected new brain: BeesRL1v1?team=1
[INFO] Connected new brain: BeesRL1v1?team=0
[INFO] Connected new brain: BeesRL1v1?team=1
[INFO] Connected to Unity environment with package version 4.1.0 and communication version 1.5.0
[INFO] Connected new brain: BeesRL1v1?team=0
[INFO] Connected new brain: BeesRL1v1?team=1
[INFO] Connected to Unity environment with package version 4.1.0 and communication version 1.5.0
[INFO] Connected new brain: BeesRL1v1?team=0
[INFO] Connected new brain: BeesRL1v1?team=1
[INFO] Connected to Unity environment with package version 4.1.0 and communication version 1.5.0
[INFO] Connected to Unity environment with package version 4.1.0 and communication version 1.5.0
[INFO] Connected new brain: BeesRL1v1?team=0
[INFO] Connected new brain: BeesRL1v1?team=1
[INFO] Connected new brain: BeesRL1v1?team=0
[INFO] Connected new brain: BeesRL1v1?team=1
[INFO] Connected to Unity environment with package version 4.1.0 and communication version 1.5.0
[INFO] Connected to Unity environment with package version 4.1.0 and communication version 1.5.0
[INFO] Connected to Unity environment with package version 4.1.0 and communication version 1.5.0
[INFO] Connected new brain: BeesRL1v1?team=0
[INFO] Connected new brain: BeesRL1v1?team=1
[INFO] Connected new brain: BeesRL1v1?team=0
[INFO] Connected new brain: BeesRL1v1?team=1
[INFO] Connected new brain: BeesRL1v1?team=0
[INFO] Connected new brain: BeesRL1v1?team=1
[INFO] Connected to Unity environment with package version 4.1.0 and communication version 1.5.0
[INFO] Connected new brain: BeesRL1v1?team=0
[INFO] Connected new brain: BeesRL1v1?team=1
[INFO] Connected to Unity environment with package version 4.1.0 and communication version 1.5.0
[INFO] Connected to Unity environment with package version 4.1.0 and communication version 1.5.0
[INFO] Connected new brain: BeesRL1v1?team=0
[INFO] Connected new brain: BeesRL1v1?team=1
[INFO] Connected new brain: BeesRL1v1?team=0
[INFO] Connected new brain: BeesRL1v1?team=1
[INFO] Connected to Unity environment with package version 4.1.0 and communication version 1.5.0
[INFO] Connected new brain: BeesRL1v1?team=0
[INFO] Connected new brain: BeesRL1v1?team=1
[INFO] Connected to Unity environment with package version 4.1.0 and communication version 1.5.0
[INFO] Connected new brain: BeesRL1v1?team=0
[INFO] Connected new brain: BeesRL1v1?team=1
[INFO] Connected to Unity environment with package version 4.1.0 and communication version 1.5.0
[INFO] Connected new brain: BeesRL1v1?team=0
[INFO] Connected new brain: BeesRL1v1?team=1
[INFO] Connected to Unity environment with package version 4.1.0 and communication version 1.5.0
[INFO] Connected to Unity environment with package version 4.1.0 and communication version 1.5.0
[INFO] Connected new brain: BeesRL1v1?team=0
[INFO] Connected new brain: BeesRL1v1?team=1
[INFO] Connected new brain: BeesRL1v1?team=0
[INFO] Connected new brain: BeesRL1v1?team=1
[INFO] Connected to Unity environment with package version 4.1.0 and communication version 1.5.0
[INFO] Connected new brain: BeesRL1v1?team=0
[INFO] Connected new brain: BeesRL1v1?team=1
[INFO] Connected to Unity environment with package version 4.1.0 and communication version 1.5.0
[INFO] Connected new brain: BeesRL1v1?team=0
[INFO] Connected new brain: BeesRL1v1?team=1
[INFO] Connected to Unity environment with package version 4.1.0 and communication version 1.5.0
[INFO] Connected to Unity environment with package version 4.1.0 and communication version 1.5.0
[INFO] Connected new brain: BeesRL1v1?team=0
[INFO] Connected new brain: BeesRL1v1?team=1
[INFO] Connected to Unity environment with package version 4.1.0 and communication version 1.5.0
[INFO] Connected to Unity environment with package version 4.1.0 and communication version 1.5.0
[INFO] Connected new brain: BeesRL1v1?team=0
[INFO] Connected new brain: BeesRL1v1?team=1
[INFO] Connected new brain: BeesRL1v1?team=0
[INFO] Connected new brain: BeesRL1v1?team=1
[INFO] Connected new brain: BeesRL1v1?team=0
[INFO] Connected new brain: BeesRL1v1?team=1
[INFO] Connected to Unity environment with package version 4.1.0 and communication version 1.5.0
[INFO] Connected new brain: BeesRL1v1?team=0
[INFO] Connected new brain: BeesRL1v1?team=1
[INFO] Connected to Unity environment with package version 4.1.0 and communication version 1.5.0
[INFO] Connected new brain: BeesRL1v1?team=0
[INFO] Connected new brain: BeesRL1v1?team=1
[INFO] Connected to Unity environment with package version 4.1.0 and communication version 1.5.0
[INFO] Connected to Unity environment with package version 4.1.0 and communication version 1.5.0
[INFO] Connected new brain: BeesRL1v1?team=0
[INFO] Connected new brain: BeesRL1v1?team=1
[INFO] Connected new brain: BeesRL1v1?team=0
[INFO] Connected new brain: BeesRL1v1?team=1
[INFO] Connected to Unity environment with package version 4.1.0 and communication version 1.5.0
[INFO] Connected to Unity environment with package version 4.1.0 and communication version 1.5.0
[INFO] Connected new brain: BeesRL1v1?team=0
[INFO] Connected new brain: BeesRL1v1?team=1
[INFO] Connected new brain: BeesRL1v1?team=0
[INFO] Connected new brain: BeesRL1v1?team=1
[INFO] Connected to Unity environment with package version 4.1.0 and communication version 1.5.0
[INFO] Connected to Unity environment with package version 4.1.0 and communication version 1.5.0
[INFO] Connected new brain: BeesRL1v1?team=0
[INFO] Connected new brain: BeesRL1v1?team=1
[INFO] Connected new brain: BeesRL1v1?team=0
[INFO] Connected new brain: BeesRL1v1?team=1
[INFO] Connected to Unity environment with package version 4.1.0 and communication version 1.5.0
[INFO] Connected new brain: BeesRL1v1?team=0
[INFO] Connected new brain: BeesRL1v1?team=1
[INFO] Connected to Unity environment with package version 4.1.0 and communication version 1.5.0
[INFO] Connected to Unity environment with package version 4.1.0 and communication version 1.5.0
[INFO] Connected to Unity environment with package version 4.1.0 and communication version 1.5.0
[INFO] Connected new brain: BeesRL1v1?team=0
[INFO] Connected new brain: BeesRL1v1?team=1
[INFO] Connected to Unity environment with package version 4.1.0 and communication version 1.5.0
[INFO] Connected new brain: BeesRL1v1?team=0
[INFO] Connected new brain: BeesRL1v1?team=1
[INFO] Connected new brain: BeesRL1v1?team=0
[INFO] Connected new brain: BeesRL1v1?team=1
[INFO] Connected to Unity environment with package version 4.1.0 and communication version 1.5.0
[INFO] Connected new brain: BeesRL1v1?team=0
[INFO] Connected new brain: BeesRL1v1?team=1
[INFO] Connected new brain: BeesRL1v1?team=0
[INFO] Connected new brain: BeesRL1v1?team=1
[INFO] Connected to Unity environment with package version 4.1.0 and communication version 1.5.0
[INFO] Connected to Unity environment with package version 4.1.0 and communication version 1.5.0
[INFO] Connected new brain: BeesRL1v1?team=0
[INFO] Connected new brain: BeesRL1v1?team=1
[INFO] Connected to Unity environment with package version 4.1.0 and communication version 1.5.0
[INFO] Connected new brain: BeesRL1v1?team=0
[INFO] Connected new brain: BeesRL1v1?team=1
[INFO] Connected to Unity environment with package version 4.1.0 and communication version 1.5.0
[INFO] Connected to Unity environment with package version 4.1.0 and communication version 1.5.0
[INFO] Connected new brain: BeesRL1v1?team=0
[INFO] Connected new brain: BeesRL1v1?team=1
[INFO] Connected to Unity environment with package version 4.1.0 and communication version 1.5.0
[INFO] Connected new brain: BeesRL1v1?team=0
[INFO] Connected new brain: BeesRL1v1?team=1
[INFO] Connected new brain: BeesRL1v1?team=0
[INFO] Connected new brain: BeesRL1v1?team=1
[INFO] Connected new brain: BeesRL1v1?team=0
[INFO] Connected new brain: BeesRL1v1?team=1
[INFO] Connected to Unity environment with package version 4.1.0 and communication version 1.5.0
[INFO] Connected to Unity environment with package version 4.1.0 and communication version 1.5.0
[INFO] Connected to Unity environment with package version 4.1.0 and communication version 1.5.0
[INFO] Connected to Unity environment with package version 4.1.0 and communication version 1.5.0
[INFO] Connected new brain: BeesRL1v1?team=0
[INFO] Connected new brain: BeesRL1v1?team=1
[INFO] Connected new brain: BeesRL1v1?team=0
[INFO] Connected new brain: BeesRL1v1?team=1
[INFO] Connected new brain: BeesRL1v1?team=0
[INFO] Connected new brain: BeesRL1v1?team=1
[INFO] Connected new brain: BeesRL1v1?team=0
[INFO] Connected new brain: BeesRL1v1?team=1
[INFO] Connected to Unity environment with package version 4.1.0 and communication version 1.5.0
[INFO] Connected to Unity environment with package version 4.1.0 and communication version 1.5.0
[INFO] Connected new brain: BeesRL1v1?team=0
[INFO] Connected new brain: BeesRL1v1?team=1
[INFO] Connected to Unity environment with package version 4.1.0 and communication version 1.5.0
[INFO] Connected new brain: BeesRL1v1?team=0
[INFO] Connected new brain: BeesRL1v1?team=1
[INFO] Connected new brain: BeesRL1v1?team=0
[INFO] Connected new brain: BeesRL1v1?team=1
[INFO] Connected to Unity environment with package version 4.1.0 and communication version 1.5.0
[INFO] Connected to Unity environment with package version 4.1.0 and communication version 1.5.0
[INFO] Connected to Unity environment with package version 4.1.0 and communication version 1.5.0
[INFO] Connected new brain: BeesRL1v1?team=0
[INFO] Connected new brain: BeesRL1v1?team=1
[INFO] Connected new brain: BeesRL1v1?team=0
[INFO] Connected new brain: BeesRL1v1?team=1
[INFO] Connected to Unity environment with package version 4.1.0 and communication version 1.5.0
[INFO] Connected new brain: BeesRL1v1?team=0
[INFO] Connected new brain: BeesRL1v1?team=1
[INFO] Connected new brain: BeesRL1v1?team=0
[INFO] Connected new brain: BeesRL1v1?team=1
[Bees RL] PPO value-estimate/return buffer key separation: enabled
[Bees RL] Cross-worker policy inference batching: enabled
[Bees RL] Slim subprocess action IPC: enabled
[Bees RL] Worker timer transfer: every 64 steps
[Bees RL] Blocking Unity-worker wait: enabled
[Bees RL] Hybrid devices: trainer/optimizer uses --torch-device; environment inference uses synchronized CPU actor replicas


	Unity Technologies

 Version information:
  ml-agents: 1.1.0,
  ml-agents-envs: 1.1.0,
  Communicator API: 1.5.0,
  PyTorch: 2.1.1+cu121
[INFO] Hyperparameters for behavior name BeesRL1v1: 
	trainer_type:	ppo
	hyperparameters:	
	  batch_size:	512
	  buffer_size:	16384
	  learning_rate:	0.0003
	  beta:	0.001
	  epsilon:	0.15
	  lambd:	0.95
	  num_epoch:	3
	  shared_critic:	False
	  learning_rate_schedule:	constant
	  beta_schedule:	constant
	  epsilon_schedule:	constant
	checkpoint_interval:	250000
	network_settings:	
	  normalize:	True
	  hidden_units:	128
	  num_layers:	3
	  vis_encode_type:	simple
	  memory:	None
	  goal_conditioning_type:	hyper
	  deterministic:	False
	reward_signals:	
	  extrinsic:	
	    gamma:	1.0
	    strength:	1.0
	    network_settings:	
	      normalize:	False
	      hidden_units:	128
	      num_layers:	2
	      vis_encode_type:	simple
	      memory:	None
	      goal_conditioning_type:	hyper
	      deterministic:	False
	init_path:	None
	keep_checkpoints:	5000
	even_checkpoints:	False
	max_steps:	5000000000000
	time_horizon:	2048
	summary_freq:	5000
	threaded:	False
	self_play:	
	  save_steps:	20000
	  team_change:	100000
	  swap_steps:	20000
	  window:	30
	  play_against_latest_model_ratio:	0.2
	  initial_elo:	1200.0
	behavioral_cloning:	None
[INFO] Resuming from .results\bees-full-005\BeesRL1v1.
[INFO] Resuming training from step 5771664.
[INFO] BeesRL1v1. Step: 5775000. Time Elapsed: 95.962 s. Mean Reward: -1.196. Std of Reward: 9.888. Training. ELO: 62.420.
[INFO] BeesRL1v1. Step: 5780000. Time Elapsed: 113.667 s. Mean Reward: 1.141. Std of Reward: 10.360. Training. ELO: 61.968.
[INFO] BeesRL1v1. Step: 5785000. Time Elapsed: 118.085 s. Mean Reward: -6.355. Std of Reward: 8.619. Training. ELO: 59.695.
[INFO] BeesRL1v1. Step: 5790000. Time Elapsed: 144.188 s. Mean Reward: -2.104. Std of Reward: 10.197. Training. ELO: 55.983.
[INFO] BeesRL1v1. Step: 5795000. Time Elapsed: 159.766 s. Mean Reward: -2.002. Std of Reward: 9.945. Training. ELO: 53.226.
[INFO] BeesRL1v1. Step: 5800000. Time Elapsed: 174.085 s. Mean Reward: 0.707. Std of Reward: 10.446. Training. ELO: 51.627.
[INFO] BeesRL1v1. Step: 5805000. Time Elapsed: 194.603 s. Mean Reward: -3.867. Std of Reward: 9.732. Training. ELO: 50.817.
[INFO] BeesRL1v1. Step: 5810000. Time Elapsed: 209.949 s. Mean Reward: -4.142. Std of Reward: 9.265. Training. ELO: 44.937.
[INFO] BeesRL1v1. Step: 5815000. Time Elapsed: 220.041 s. Mean Reward: -3.199. Std of Reward: 10.040. Training. ELO: 41.239.
[INFO] BeesRL1v1. Step: 5820000. Time Elapsed: 238.572 s. Mean Reward: -2.686. Std of Reward: 10.090. Training. ELO: 41.088.
[INFO] BeesRL1v1. Step: 5825000. Time Elapsed: 258.783 s. Mean Reward: -4.729. Std of Reward: 9.531. Training. ELO: 41.088.
[INFO] BeesRL1v1. Step: 5830000. Time Elapsed: 273.032 s. Mean Reward: -4.195. Std of Reward: 9.563. Training. ELO: 41.088.
[INFO] BeesRL1v1. Step: 5835000. Time Elapsed: 287.326 s. Mean Reward: 0.840. Std of Reward: 10.174. Training. ELO: 41.308.
[INFO] BeesRL1v1. Step: 5840000. Time Elapsed: 309.396 s. Mean Reward: -4.968. Std of Reward: 9.223. Training. ELO: 38.790.
[INFO] BeesRL1v1. Step: 5845000. Time Elapsed: 320.499 s. Mean Reward: -2.933. Std of Reward: 10.022. Training. ELO: 33.613.
[INFO] BeesRL1v1. Step: 5850000. Time Elapsed: 334.078 s. Mean Reward: 0.719. Std of Reward: 9.542. Training. ELO: 31.789.
[INFO] BeesRL1v1. Step: 5855000. Time Elapsed: 359.684 s. Mean Reward: -4.058. Std of Reward: 9.419. Training. ELO: 28.813.
[INFO] BeesRL1v1. Step: 5860000. Time Elapsed: 373.522 s. Mean Reward: -4.448. Std of Reward: 9.435. Training. ELO: 24.490.
[INFO] BeesRL1v1. Step: 5865000. Time Elapsed: 387.337 s. Mean Reward: -2.788. Std of Reward: 10.264. Training. ELO: 20.217.
[INFO] BeesRL1v1. Step: 5870000. Time Elapsed: 395.798 s. Mean Reward: -2.902. Std of Reward: 9.788. Training. ELO: 19.244.
[INFO] BeesRL1v1. Step: 5875000. Time Elapsed: 435.763 s. Mean Reward: -3.321. Std of Reward: 9.994. Training. ELO: 18.280.
[INFO] BeesRL1v1. Step: 5880000. Time Elapsed: 450.094 s. Mean Reward: -3.112. Std of Reward: 10.006. Training. ELO: 18.222.
[INFO] BeesRL1v1. Step: 5885000. Time Elapsed: 464.292 s. Mean Reward: -2.155. Std of Reward: 10.041. Training. ELO: 18.222.
[INFO] BeesRL1v1. Step: 5890000. Time Elapsed: 485.207 s. Mean Reward: -2.819. Std of Reward: 9.845. Training. ELO: 18.222.
[INFO] BeesRL1v1. Step: 5895000. Time Elapsed: 499.453 s. Mean Reward: -1.651. Std of Reward: 10.283. Training. ELO: 18.337.
[INFO] BeesRL1v1. Step: 5900000. Time Elapsed: 510.291 s. Mean Reward: -2.823. Std of Reward: 10.197. Training. ELO: 19.372.
[INFO] BeesRL1v1. Step: 5905000. Time Elapsed: 537.020 s. Mean Reward: -2.092. Std of Reward: 10.180. Training. ELO: 16.497.
[INFO] BeesRL1v1. Step: 5910000. Time Elapsed: 547.253 s. Mean Reward: -3.488. Std of Reward: 10.032. Training. ELO: 11.874.
[INFO] BeesRL1v1. Step: 5915000. Time Elapsed: 562.416 s. Mean Reward: -3.344. Std of Reward: 9.850. Training. ELO: 10.632.
[INFO] BeesRL1v1. Step: 5920000. Time Elapsed: 574.056 s. Mean Reward: -2.112. Std of Reward: 10.204. Training. ELO: 7.537.
[INFO] BeesRL1v1. Step: 5925000. Time Elapsed: 597.401 s. Mean Reward: -1.876. Std of Reward: 9.637. Training. ELO: 4.681.
[INFO] BeesRL1v1. Step: 5930000. Time Elapsed: 615.067 s. Mean Reward: -3.878. Std of Reward: 9.834. Training. ELO: 0.940.
[INFO] BeesRL1v1. Step: 5935000. Time Elapsed: 629.216 s. Mean Reward: -2.684. Std of Reward: 10.009. Training. ELO: -0.627.
[INFO] BeesRL1v1. Step: 5940000. Time Elapsed: 653.111 s. Mean Reward: -4.668. Std of Reward: 9.373. Training. ELO: -7.463.
[INFO] BeesRL1v1. Step: 5945000. Time Elapsed: 662.102 s. Mean Reward: -7.710. Std of Reward: 7.154. Training. ELO: -14.579.
[INFO] BeesRL1v1. Step: 5950000. Time Elapsed: 678.641 s. Mean Reward: -1.762. Std of Reward: 10.232. Training. ELO: -18.398.
[INFO] BeesRL1v1. Step: 5955000. Time Elapsed: 706.355 s. Mean Reward: -2.644. Std of Reward: 9.912. Training. ELO: -19.061.
[INFO] BeesRL1v1. Step: 5960000. Time Elapsed: 716.156 s. Mean Reward: -1.378. Std of Reward: 10.330. Training. ELO: -20.402.
[INFO] BeesRL1v1. Step: 5965000. Time Elapsed: 731.118 s. Mean Reward: -1.970. Std of Reward: 10.228. Training. ELO: -16.761.
[INFO] BeesRL1v1. Step: 5970000. Time Elapsed: 744.723 s. Mean Reward: -0.883. Std of Reward: 10.351. Training. ELO: -18.420.
[INFO] BeesRL1v1. Step: 5975000. Time Elapsed: 783.760 s. Mean Reward: -1.285. Std of Reward: 10.410. Training. ELO: -15.615.
[INFO] BeesRL1v1. Step: 5980000. Time Elapsed: 799.759 s. Mean Reward: -5.021. Std of Reward: 9.198. Training. ELO: -12.132.
[INFO] BeesRL1v1. Step: 5985000. Time Elapsed: 812.160 s. Mean Reward: -0.861. Std of Reward: 10.186. Training. ELO: -12.681.
[INFO] BeesRL1v1. Step: 5990000. Time Elapsed: 836.326 s. Mean Reward: -4.052. Std of Reward: 9.606. Training. ELO: -14.507.
[INFO] BeesRL1v1. Step: 5995000. Time Elapsed: 847.153 s. Mean Reward: 0.145. Std of Reward: 10.562. Training. ELO: -12.472.
[INFO] BeesRL1v1. Step: 6000000. Time Elapsed: 861.156 s. Mean Reward: -1.683. Std of Reward: 10.109. Training. ELO: -12.612.
[INFO] Exported .results\bees-full-005\BeesRL1v1\BeesRL1v1-5999944.onnx
[INFO] BeesRL1v1. Step: 6005000. Time Elapsed: 889.342 s. Mean Reward: -4.307. Std of Reward: 9.454. Training. ELO: -15.538.
[INFO] BeesRL1v1. Step: 6010000. Time Elapsed: 900.029 s. Mean Reward: -3.351. Std of Reward: 9.852. Training. ELO: -19.335.
[INFO] BeesRL1v1. Step: 6015000. Time Elapsed: 917.361 s. Mean Reward: -1.883. Std of Reward: 9.949. Training. ELO: -19.767.
[INFO] BeesRL1v1. Step: 6020000. Time Elapsed: 930.965 s. Mean Reward: -1.076. Std of Reward: 10.359. Training. ELO: -21.260.
[INFO] BeesRL1v1. Step: 6025000. Time Elapsed: 953.386 s. Mean Reward: -5.103. Std of Reward: 9.316. Training. ELO: -21.425.
[INFO] BeesRL1v1. Step: 6030000. Time Elapsed: 966.684 s. Mean Reward: -1.410. Std of Reward: 10.337. Training. ELO: -23.261.
[INFO] BeesRL1v1. Step: 6035000. Time Elapsed: 986.191 s. Mean Reward: -1.001. Std of Reward: 10.078. Training. ELO: -22.800.
[INFO] BeesRL1v1. Step: 6040000. Time Elapsed: 1013.108 s. Mean Reward: -4.241. Std of Reward: 9.597. Training. ELO: -23.336.
[INFO] BeesRL1v1. Step: 6045000. Time Elapsed: 1028.359 s. Mean Reward: 0.131. Std of Reward: 10.030. Training. ELO: -25.369.
[INFO] BeesRL1v1. Step: 6050000. Time Elapsed: 1044.163 s. Mean Reward: -1.186. Std of Reward: 10.323. Training. ELO: -24.156.
[INFO] BeesRL1v1. Step: 6055000. Time Elapsed: 1067.060 s. Mean Reward: -7.521. Std of Reward: 7.623. Training. ELO: -27.355.
[INFO] BeesRL1v1. Step: 6060000. Time Elapsed: 1084.383 s. Mean Reward: -4.256. Std of Reward: 8.954. Training. ELO: -29.113.
[INFO] BeesRL1v1. Step: 6065000. Time Elapsed: 1097.984 s. Mean Reward: -2.952. Std of Reward: 9.980. Training. ELO: -29.113.
[INFO] BeesRL1v1. Step: 6070000. Time Elapsed: 1110.937 s. Mean Reward: -4.263. Std of Reward: 9.375. Training. ELO: -29.113.
[INFO] BeesRL1v1. Step: 6075000. Time Elapsed: 1149.537 s. Mean Reward: -0.680. Std of Reward: 10.343. Training. ELO: -26.682.
[INFO] BeesRL1v1. Step: 6080000. Time Elapsed: 1167.749 s. Mean Reward: -3.372. Std of Reward: 9.777. Training. ELO: -24.929.
[INFO] BeesRL1v1. Step: 6085000. Time Elapsed: 1183.225 s. Mean Reward: -2.276. Std of Reward: 10.305. Training. ELO: -27.211.
[INFO] BeesRL1v1. Step: 6090000. Time Elapsed: 1210.505 s. Mean Reward: -2.165. Std of Reward: 10.006. Training. ELO: -27.294.
[INFO] BeesRL1v1. Step: 6095000. Time Elapsed: 1221.024 s. Mean Reward: 0.770. Std of Reward: 10.355. Training. ELO: -25.780.
[INFO] BeesRL1v1. Step: 6100000. Time Elapsed: 1237.370 s. Mean Reward: -0.845. Std of Reward: 9.748. Training. ELO: -27.907.
[INFO] BeesRL1v1. Step: 6105000. Time Elapsed: 1265.556 s. Mean Reward: -2.137. Std of Reward: 10.240. Training. ELO: -29.601.
[INFO] BeesRL1v1. Step: 6110000. Time Elapsed: 1278.261 s. Mean Reward: -3.783. Std of Reward: 9.327. Training. ELO: -33.587.
[INFO] BeesRL1v1. Step: 6115000. Time Elapsed: 1293.166 s. Mean Reward: -4.840. Std of Reward: 9.283. Training. ELO: -41.704.
[INFO] BeesRL1v1. Step: 6120000. Time Elapsed: 1309.384 s. Mean Reward: -1.996. Std of Reward: 9.936. Training. ELO: -43.077.
[INFO] BeesRL1v1. Step: 6125000. Time Elapsed: 1332.910 s. Mean Reward: -4.348. Std of Reward: 9.115. Training. ELO: -50.091.
[INFO] BeesRL1v1. Step: 6130000. Time Elapsed: 1347.353 s. Mean Reward: -0.985. Std of Reward: 10.324. Training. ELO: -50.968.
[INFO] BeesRL1v1. Step: 6135000. Time Elapsed: 1363.410 s. Mean Reward: 0.086. Std of Reward: 10.371. Training. ELO: -48.785.
[INFO] BeesRL1v1. Step: 6140000. Time Elapsed: 1390.550 s. Mean Reward: -2.357. Std of Reward: 9.834. Training. ELO: -47.977.
[INFO] BeesRL1v1. Step: 6145000. Time Elapsed: 1404.807 s. Mean Reward: -2.212. Std of Reward: 10.176. Training. ELO: -47.977.
[INFO] BeesRL1v1. Step: 6150000. Time Elapsed: 1420.620 s. Mean Reward: -4.638. Std of Reward: 9.344. Training. ELO: -47.977.
[INFO] BeesRL1v1. Step: 6155000. Time Elapsed: 1447.998 s. Mean Reward: -0.433. Std of Reward: 10.232. Training. ELO: -47.346.
[INFO] BeesRL1v1. Step: 6160000. Time Elapsed: 1467.869 s. Mean Reward: -1.102. Std of Reward: 9.891. Training. ELO: -44.934.
[INFO] BeesRL1v1. Step: 6165000. Time Elapsed: 1479.839 s. Mean Reward: -4.056. Std of Reward: 9.428. Training. ELO: -46.464.
[INFO] BeesRL1v1. Step: 6170000. Time Elapsed: 1505.420 s. Mean Reward: -3.148. Std of Reward: 9.595. Training. ELO: -46.849.
[INFO] BeesRL1v1. Step: 6175000. Time Elapsed: 1534.888 s. Mean Reward: -1.464. Std of Reward: 10.293. Training. ELO: -45.842.
[INFO] BeesRL1v1. Step: 6180000. Time Elapsed: 1554.185 s. Mean Reward: -1.428. Std of Reward: 10.219. Training. ELO: -41.763.
[INFO] BeesRL1v1. Step: 6185000. Time Elapsed: 1569.782 s. Mean Reward: -1.721. Std of Reward: 10.432. Training. ELO: -35.110.
[INFO] BeesRL1v1. Step: 6190000. Time Elapsed: 1594.160 s. Mean Reward: -1.793. Std of Reward: 10.424. Training. ELO: -33.762.
[INFO] BeesRL1v1. Step: 6195000. Time Elapsed: 1609.026 s. Mean Reward: -2.117. Std of Reward: 10.205. Training. ELO: -33.894.
[INFO] BeesRL1v1. Step: 6200000. Time Elapsed: 1620.902 s. Mean Reward: -0.762. Std of Reward: 10.511. Training. ELO: -34.796.
[INFO] BeesRL1v1. Step: 6205000. Time Elapsed: 1647.970 s. Mean Reward: -3.381. Std of Reward: 9.852. Training. ELO: -37.347.
[INFO] BeesRL1v1. Step: 6210000. Time Elapsed: 1659.874 s. Mean Reward: -5.579. Std of Reward: 8.636. Training. ELO: -44.600.
[INFO] BeesRL1v1. Step: 6215000. Time Elapsed: 1675.941 s. Mean Reward: -3.185. Std of Reward: 9.599. Training. ELO: -49.804.
[INFO] BeesRL1v1. Step: 6220000. Time Elapsed: 1699.262 s. Mean Reward: -6.329. Std of Reward: 8.057. Training. ELO: -49.815.
[INFO] BeesRL1v1. Step: 6225000. Time Elapsed: 1713.047 s. Mean Reward: -1.026. Std of Reward: 10.206. Training. ELO: -49.815.
[INFO] BeesRL1v1. Step: 6230000. Time Elapsed: 1724.317 s. Mean Reward: -1.973. Std of Reward: 9.899. Training. ELO: -49.815.
[INFO] BeesRL1v1. Step: 6235000. Time Elapsed: 1741.120 s. Mean Reward: -1.500. Std of Reward: 9.850. Training. ELO: -49.751.
[INFO] BeesRL1v1. Step: 6240000. Time Elapsed: 1766.472 s. Mean Reward: -1.624. Std of Reward: 9.964. Training. ELO: -47.998.
[INFO] BeesRL1v1. Step: 6245000. Time Elapsed: 1783.223 s. Mean Reward: -3.453. Std of Reward: 9.653. Training. ELO: -51.826.
[INFO] BeesRL1v1. Step: 6250000. Time Elapsed: 1795.684 s. Mean Reward: -2.482. Std of Reward: 10.312. Training. ELO: -52.805.
[INFO] Exported .results\bees-full-005\BeesRL1v1\BeesRL1v1-6249722.onnx
[INFO] BeesRL1v1. Step: 6255000. Time Elapsed: 1819.383 s. Mean Reward: -3.375. Std of Reward: 9.520. Training. ELO: -53.456.
[INFO] BeesRL1v1. Step: 6260000. Time Elapsed: 1834.805 s. Mean Reward: -3.352. Std of Reward: 9.826. Training. ELO: -58.802.
[INFO] BeesRL1v1. Step: 6265000. Time Elapsed: 1852.509 s. Mean Reward: -3.823. Std of Reward: 9.504. Training. ELO: -64.321.
[INFO] BeesRL1v1. Step: 6270000. Time Elapsed: 1879.735 s. Mean Reward: -1.575. Std of Reward: 10.291. Training. ELO: -66.825.
[INFO] BeesRL1v1. Step: 6275000. Time Elapsed: 1904.051 s. Mean Reward: -3.570. Std of Reward: 9.618. Training. ELO: -73.590.
[INFO] BeesRL1v1. Step: 6280000. Time Elapsed: 1924.356 s. Mean Reward: -2.230. Std of Reward: 9.993. Training. ELO: -75.852.
[INFO] BeesRL1v1. Step: 6285000. Time Elapsed: 1951.692 s. Mean Reward: -3.493. Std of Reward: 9.696. Training. ELO: -81.813.
[INFO] BeesRL1v1. Step: 6290000. Time Elapsed: 1968.333 s. Mean Reward: 1.200. Std of Reward: 10.014. Training. ELO: -82.514.
[INFO] BeesRL1v1. Step: 6295000. Time Elapsed: 1981.092 s. Mean Reward: -3.680. Std of Reward: 9.610. Training. ELO: -80.645.
[INFO] BeesRL1v1. Step: 6300000. Time Elapsed: 1994.024 s. Mean Reward: -4.744. Std of Reward: 9.532. Training. ELO: -82.163.
[INFO] BeesRL1v1. Step: 6305000. Time Elapsed: 2017.709 s. Mean Reward: -2.399. Std of Reward: 9.715. Training. ELO: -81.375.
[INFO] BeesRL1v1. Step: 6310000. Time Elapsed: 2032.110 s. Mean Reward: 1.564. Std of Reward: 10.098. Training. ELO: -77.985.
[INFO] BeesRL1v1. Step: 6315000. Time Elapsed: 2045.000 s. Mean Reward: -4.515. Std of Reward: 9.593. Training. ELO: -75.370.
[INFO] BeesRL1v1. Step: 6320000. Time Elapsed: 2071.151 s. Mean Reward: -3.047. Std of Reward: 10.122. Training. ELO: -75.003.
[INFO] BeesRL1v1. Step: 6325000. Time Elapsed: 2083.274 s. Mean Reward: -1.394. Std of Reward: 10.102. Training. ELO: -75.003.
[INFO] BeesRL1v1. Step: 6330000. Time Elapsed: 2098.566 s. Mean Reward: -0.487. Std of Reward: 10.105. Training. ELO: -75.003.
[INFO] BeesRL1v1. Step: 6335000. Time Elapsed: 2123.166 s. Mean Reward: -3.611. Std of Reward: 9.802. Training. ELO: -74.913.
[INFO] BeesRL1v1. Step: 6340000. Time Elapsed: 2136.191 s. Mean Reward: -0.776. Std of Reward: 10.357. Training. ELO: -72.783.
[INFO] BeesRL1v1. Step: 6345000. Time Elapsed: 2149.309 s. Mean Reward: -3.603. Std of Reward: 9.799. Training. ELO: -74.275.
[INFO] BeesRL1v1. Step: 6350000. Time Elapsed: 2166.468 s. Mean Reward: -1.001. Std of Reward: 10.048. Training. ELO: -73.565.
[INFO] BeesRL1v1. Step: 6355000. Time Elapsed: 2188.699 s. Mean Reward: -1.693. Std of Reward: 10.292. Training. ELO: -71.904.
[INFO] BeesRL1v1. Step: 6360000. Time Elapsed: 2198.655 s. Mean Reward: -1.925. Std of Reward: 10.375. Training. ELO: -71.557.
[INFO] BeesRL1v1. Step: 6365000. Time Elapsed: 2214.953 s. Mean Reward: -2.849. Std of Reward: 9.437. Training. ELO: -72.087.
[INFO] BeesRL1v1. Step: 6370000. Time Elapsed: 2242.311 s. Mean Reward: -2.540. Std of Reward: 9.734. Training. ELO: -74.163.
[INFO] BeesRL1v1. Step: 6375000. Time Elapsed: 2267.461 s. Mean Reward: -2.466. Std of Reward: 10.121. Training. ELO: -75.709.
[INFO] BeesRL1v1. Step: 6380000. Time Elapsed: 2289.924 s. Mean Reward: -3.041. Std of Reward: 9.778. Training. ELO: -73.979.
[INFO] BeesRL1v1. Step: 6385000. Time Elapsed: 2313.138 s. Mean Reward: -4.222. Std of Reward: 9.380. Training. ELO: -73.276.
[INFO] BeesRL1v1. Step: 6390000. Time Elapsed: 2326.249 s. Mean Reward: -1.797. Std of Reward: 10.420. Training. ELO: -71.969.
[INFO] BeesRL1v1. Step: 6395000. Time Elapsed: 2338.818 s. Mean Reward: -2.907. Std of Reward: 9.636. Training. ELO: -73.591.
[INFO] BeesRL1v1. Step: 6400000. Time Elapsed: 2351.975 s. Mean Reward: -1.925. Std of Reward: 9.801. Training. ELO: -76.462.
[INFO] BeesRL1v1. Step: 6405000. Time Elapsed: 2376.773 s. Mean Reward: -3.002. Std of Reward: 9.697. Training. ELO: -80.598.
[INFO] BeesRL1v1. Step: 6410000. Time Elapsed: 2391.714 s. Mean Reward: -4.444. Std of Reward: 9.424. Training. ELO: -87.333.
[INFO] BeesRL1v1. Step: 6415000. Time Elapsed: 2404.944 s. Mean Reward: -4.073. Std of Reward: 9.446. Training. ELO: -90.500.
[INFO] BeesRL1v1. Step: 6420000. Time Elapsed: 2426.528 s. Mean Reward: -1.528. Std of Reward: 10.135. Training. ELO: -94.187.
[INFO] BeesRL1v1. Step: 6425000. Time Elapsed: 2442.176 s. Mean Reward: -1.853. Std of Reward: 10.212. Training. ELO: -95.154.
[INFO] BeesRL1v1. Step: 6430000. Time Elapsed: 2460.864 s. Mean Reward: -1.269. Std of Reward: 10.168. Training. ELO: -95.347.
[INFO] BeesRL1v1. Step: 6435000. Time Elapsed: 2483.539 s. Mean Reward: -5.125. Std of Reward: 9.119. Training. ELO: -97.028.
[INFO] BeesRL1v1. Step: 6440000. Time Elapsed: 2494.612 s. Mean Reward: -4.178. Std of Reward: 9.646. Training. ELO: -101.637.
[INFO] BeesRL1v1. Step: 6445000. Time Elapsed: 2509.298 s. Mean Reward: -1.658. Std of Reward: 10.285. Training. ELO: -105.692.
[INFO] BeesRL1v1. Step: 6450000. Time Elapsed: 2525.641 s. Mean Reward: -2.676. Std of Reward: 9.805. Training. ELO: -108.536.
[INFO] BeesRL1v1. Step: 6455000. Time Elapsed: 2548.425 s. Mean Reward: -3.018. Std of Reward: 9.980. Training. ELO: -110.819.
[INFO] BeesRL1v1. Step: 6460000. Time Elapsed: 2560.831 s. Mean Reward: -2.998. Std of Reward: 10.026. Training. ELO: -111.167.
[INFO] BeesRL1v1. Step: 6465000. Time Elapsed: 2574.274 s. Mean Reward: 1.148. Std of Reward: 10.029. Training. ELO: -111.167.
[INFO] BeesRL1v1. Step: 6470000. Time Elapsed: 2600.628 s. Mean Reward: -3.278. Std of Reward: 9.726. Training. ELO: -111.167.
[INFO] BeesRL1v1. Step: 6475000. Time Elapsed: 2626.195 s. Mean Reward: -1.471. Std of Reward: 10.200. Training. ELO: -111.093.
[INFO] BeesRL1v1. Step: 6480000. Time Elapsed: 2640.437 s. Mean Reward: -5.229. Std of Reward: 9.236. Training. ELO: -111.185.
[INFO] BeesRL1v1. Step: 6485000. Time Elapsed: 2671.129 s. Mean Reward: -0.792. Std of Reward: 10.457. Training. ELO: -111.107.
[INFO] BeesRL1v1. Step: 6490000. Time Elapsed: 2683.876 s. Mean Reward: -3.107. Std of Reward: 10.061. Training. ELO: -110.700.
[INFO] BeesRL1v1. Step: 6495000. Time Elapsed: 2698.955 s. Mean Reward: -2.192. Std of Reward: 9.691. Training. ELO: -110.684.
[INFO] BeesRL1v1. Step: 6500000. Time Elapsed: 2721.717 s. Mean Reward: -2.523. Std of Reward: 10.108. Training. ELO: -113.218.
[INFO] Exported .results\bees-full-005\BeesRL1v1\BeesRL1v1-6499990.onnx
[INFO] BeesRL1v1. Step: 6505000. Time Elapsed: 2735.490 s. Mean Reward: -5.092. Std of Reward: 9.098. Training. ELO: -114.871.
[INFO] BeesRL1v1. Step: 6510000. Time Elapsed: 2747.682 s. Mean Reward: -4.382. Std of Reward: 9.478. Training. ELO: -116.556.
[INFO] BeesRL1v1. Step: 6515000. Time Elapsed: 2761.619 s. Mean Reward: -3.320. Std of Reward: 10.001. Training. ELO: -119.024.
[INFO] BeesRL1v1. Step: 6520000. Time Elapsed: 2786.726 s. Mean Reward: -1.855. Std of Reward: 10.357. Training. ELO: -115.637.
[INFO] BeesRL1v1. Step: 6525000. Time Elapsed: 2798.612 s. Mean Reward: -3.165. Std of Reward: 9.952. Training. ELO: -117.292.
[INFO] BeesRL1v1. Step: 6530000. Time Elapsed: 2816.342 s. Mean Reward: -0.718. Std of Reward: 9.917. Training. ELO: -116.098.
[INFO] BeesRL1v1. Step: 6535000. Time Elapsed: 2840.549 s. Mean Reward: -0.460. Std of Reward: 9.869. Training. ELO: -116.197.
[INFO] BeesRL1v1. Step: 6540000. Time Elapsed: 2853.736 s. Mean Reward: -1.684. Std of Reward: 10.107. Training. ELO: -112.877.
[INFO] BeesRL1v1. Step: 6545000. Time Elapsed: 2865.496 s. Mean Reward: -4.800. Std of Reward: 9.251. Training. ELO: -114.851.
[INFO] BeesRL1v1. Step: 6550000. Time Elapsed: 2895.793 s. Mean Reward: 0.111. Std of Reward: 10.232. Training. ELO: -114.364.
[INFO] BeesRL1v1. Step: 6555000. Time Elapsed: 2908.487 s. Mean Reward: -1.172. Std of Reward: 10.188. Training. ELO: -111.605.
[INFO] BeesRL1v1. Step: 6560000. Time Elapsed: 2921.853 s. Mean Reward: -1.154. Std of Reward: 10.172. Training. ELO: -109.471.
[INFO] BeesRL1v1. Step: 6565000. Time Elapsed: 2936.536 s. Mean Reward: -2.679. Std of Reward: 10.090. Training. ELO: -109.029.
[INFO] BeesRL1v1. Step: 6570000. Time Elapsed: 2964.468 s. Mean Reward: -2.413. Std of Reward: 9.807. Training. ELO: -110.277.
[INFO] BeesRL1v1. Step: 6575000. Time Elapsed: 2988.033 s. Mean Reward: -3.594. Std of Reward: 9.808. Training. ELO: -114.895.
[INFO] BeesRL1v1. Step: 6580000. Time Elapsed: 3010.651 s. Mean Reward: -4.668. Std of Reward: 8.900. Training. ELO: -117.573.
[INFO] BeesRL1v1. Step: 6585000. Time Elapsed: 3039.519 s. Mean Reward: -2.795. Std of Reward: 9.728. Training. ELO: -121.886.
[INFO] BeesRL1v1. Step: 6590000. Time Elapsed: 3046.999 s. Mean Reward: -2.752. Std of Reward: 9.863. Training. ELO: -120.662.
[INFO] BeesRL1v1. Step: 6595000. Time Elapsed: 3060.405 s. Mean Reward: -2.306. Std of Reward: 10.135. Training. ELO: -120.242.
[INFO] BeesRL1v1. Step: 6600000. Time Elapsed: 3084.486 s. Mean Reward: -0.439. Std of Reward: 9.856. Training. ELO: -122.216.
[INFO] BeesRL1v1. Step: 6605000. Time Elapsed: 3099.171 s. Mean Reward: -2.568. Std of Reward: 10.057. Training. ELO: -119.495.
[INFO] BeesRL1v1. Step: 6610000. Time Elapsed: 3114.699 s. Mean Reward: -2.570. Std of Reward: 9.446. Training. ELO: -122.387.
[INFO] BeesRL1v1. Step: 6615000. Time Elapsed: 3128.080 s. Mean Reward: -1.376. Std of Reward: 10.307. Training. ELO: -124.122.
[INFO] BeesRL1v1. Step: 6620000. Time Elapsed: 3152.268 s. Mean Reward: -1.225. Std of Reward: 10.153. Training. ELO: -122.560.
[INFO] BeesRL1v1. Step: 6625000. Time Elapsed: 3166.163 s. Mean Reward: -1.020. Std of Reward: 10.305. Training. ELO: -124.847.
[INFO] BeesRL1v1. Step: 6630000. Time Elapsed: 3180.636 s. Mean Reward: -0.824. Std of Reward: 10.341. Training. ELO: -125.651.
[INFO] BeesRL1v1. Step: 6635000. Time Elapsed: 3204.886 s. Mean Reward: -0.832. Std of Reward: 10.353. Training. ELO: -127.553.
[INFO] BeesRL1v1. Step: 6640000. Time Elapsed: 3221.255 s. Mean Reward: -2.587. Std of Reward: 10.096. Training. ELO: -130.299.
[INFO] BeesRL1v1. Step: 6645000. Time Elapsed: 3234.565 s. Mean Reward: -4.099. Std of Reward: 9.380. Training. ELO: -133.598.
[INFO] BeesRL1v1. Step: 6650000. Time Elapsed: 3257.647 s. Mean Reward: -3.919. Std of Reward: 9.540. Training. ELO: -139.328.
[INFO] BeesRL1v1. Step: 6655000. Time Elapsed: 3269.403 s. Mean Reward: -3.843. Std of Reward: 9.273. Training. ELO: -145.645.
[INFO] BeesRL1v1. Step: 6660000. Time Elapsed: 3283.401 s. Mean Reward: -1.434. Std of Reward: 10.167. Training. ELO: -149.689.
[INFO] BeesRL1v1. Step: 6665000. Time Elapsed: 3308.194 s. Mean Reward: -1.078. Std of Reward: 9.858. Training. ELO: -148.598.
[INFO] BeesRL1v1. Step: 6670000. Time Elapsed: 3325.488 s. Mean Reward: -2.379. Std of Reward: 10.109. Training. ELO: -151.693.
[INFO] BeesRL1v1. Step: 6675000. Time Elapsed: 3350.615 s. Mean Reward: -1.327. Std of Reward: 10.311. Training. ELO: -150.643.
[INFO] BeesRL1v1. Step: 6680000. Time Elapsed: 3370.658 s. Mean Reward: -0.733. Std of Reward: 10.105. Training. ELO: -149.235.
[INFO] BeesRL1v1. Step: 6685000. Time Elapsed: 3393.695 s. Mean Reward: -3.835. Std of Reward: 9.378. Training. ELO: -148.315.
[INFO] BeesRL1v1. Step: 6690000. Time Elapsed: 3408.448 s. Mean Reward: -1.282. Std of Reward: 10.460. Training. ELO: -151.391.
[INFO] BeesRL1v1. Step: 6695000. Time Elapsed: 3424.961 s. Mean Reward: -1.990. Std of Reward: 10.207. Training. ELO: -149.742.
[INFO] BeesRL1v1. Step: 6700000. Time Elapsed: 3446.413 s. Mean Reward: -2.412. Std of Reward: 10.150. Training. ELO: -150.147.
[INFO] BeesRL1v1. Step: 6705000. Time Elapsed: 3458.376 s. Mean Reward: -3.187. Std of Reward: 9.901. Training. ELO: -150.147.
[INFO] BeesRL1v1. Step: 6710000. Time Elapsed: 3473.631 s. Mean Reward: -3.221. Std of Reward: 9.884. Training. ELO: -150.147.
[INFO] BeesRL1v1. Step: 6715000. Time Elapsed: 3500.666 s. Mean Reward: -0.983. Std of Reward: 10.328. Training. ELO: -150.147.
[INFO] BeesRL1v1. Step: 6720000. Time Elapsed: 3513.799 s. Mean Reward: -3.635. Std of Reward: 9.883. Training. ELO: -150.147.
[INFO] BeesRL1v1. Step: 6725000. Time Elapsed: 3526.328 s. Mean Reward: -4.838. Std of Reward: 9.231. Training. ELO: -150.147.
[INFO] BeesRL1v1. Step: 6730000. Time Elapsed: 3541.920 s. Mean Reward: 0.740. Std of Reward: 10.324. Training. ELO: -150.147.
[INFO] BeesRL1v1. Step: 6735000. Time Elapsed: 3567.156 s. Mean Reward: -2.986. Std of Reward: 9.661. Training. ELO: -149.960.
[INFO] BeesRL1v1. Step: 6740000. Time Elapsed: 3581.664 s. Mean Reward: -2.654. Std of Reward: 10.064. Training. ELO: -150.269.
[INFO] BeesRL1v1. Step: 6745000. Time Elapsed: 3595.611 s. Mean Reward: -0.871. Std of Reward: 10.337. Training. ELO: -148.688.
[INFO] BeesRL1v1. Step: 6750000. Time Elapsed: 3619.782 s. Mean Reward: -1.866. Std of Reward: 10.216. Training. ELO: -146.215.
[INFO] Exported .results\bees-full-005\BeesRL1v1\BeesRL1v1-6749953.onnx
[INFO] BeesRL1v1. Step: 6755000. Time Elapsed: 3636.028 s. Mean Reward: -2.025. Std of Reward: 10.036. Training. ELO: -144.647.
[INFO] BeesRL1v1. Step: 6760000. Time Elapsed: 3648.410 s. Mean Reward: -4.678. Std of Reward: 9.164. Training. ELO: -147.404.
[INFO] BeesRL1v1. Step: 6765000. Time Elapsed: 3677.134 s. Mean Reward: -3.386. Std of Reward: 9.844. Training. ELO: -150.920.
[INFO] BeesRL1v1. Step: 6770000. Time Elapsed: 3686.587 s. Mean Reward: -2.331. Std of Reward: 10.351. Training. ELO: -149.547.
[INFO] BeesRL1v1. Step: 6775000. Time Elapsed: 3710.141 s. Mean Reward: -2.632. Std of Reward: 10.045. Training. ELO: -148.390.
[INFO] BeesRL1v1. Step: 6780000. Time Elapsed: 3731.443 s. Mean Reward: -3.252. Std of Reward: 9.607. Training. ELO: -148.423.
[INFO] BeesRL1v1. Step: 6785000. Time Elapsed: 3755.516 s. Mean Reward: -3.100. Std of Reward: 10.112. Training. ELO: -148.423.
[INFO] BeesRL1v1. Step: 6790000. Time Elapsed: 3769.459 s. Mean Reward: -1.470. Std of Reward: 10.023. Training. ELO: -148.423.
[INFO] BeesRL1v1. Step: 6795000. Time Elapsed: 3784.192 s. Mean Reward: -2.660. Std of Reward: 10.078. Training. ELO: -147.889.
[INFO] BeesRL1v1. Step: 6800000. Time Elapsed: 3806.723 s. Mean Reward: -0.825. Std of Reward: 9.789. Training. ELO: -145.192.
[INFO] BeesRL1v1. Step: 6805000. Time Elapsed: 3821.816 s. Mean Reward: -2.199. Std of Reward: 10.162. Training. ELO: -146.598.
[INFO] BeesRL1v1. Step: 6810000. Time Elapsed: 3834.155 s. Mean Reward: -1.562. Std of Reward: 9.997. Training. ELO: -145.444.
[INFO] BeesRL1v1. Step: 6815000. Time Elapsed: 3859.803 s. Mean Reward: -3.568. Std of Reward: 9.793. Training. ELO: -144.671.
[INFO] BeesRL1v1. Step: 6820000. Time Elapsed: 3874.167 s. Mean Reward: -0.513. Std of Reward: 10.222. Training. ELO: -143.705.
[INFO] BeesRL1v1. Step: 6825000. Time Elapsed: 3893.461 s. Mean Reward: -0.441. Std of Reward: 10.363. Training. ELO: -141.728.
[INFO] BeesRL1v1. Step: 6830000. Time Elapsed: 3904.278 s. Mean Reward: -2.985. Std of Reward: 10.226. Training. ELO: -139.923.
[INFO] BeesRL1v1. Step: 6835000. Time Elapsed: 3926.613 s. Mean Reward: -1.870. Std of Reward: 10.260. Training. ELO: -138.801.
[INFO] BeesRL1v1. Step: 6840000. Time Elapsed: 3938.877 s. Mean Reward: -1.902. Std of Reward: 10.047. Training. ELO: -138.593.
[INFO] BeesRL1v1. Step: 6845000. Time Elapsed: 3954.205 s. Mean Reward: 0.375. Std of Reward: 10.209. Training. ELO: -134.201.
[INFO] BeesRL1v1. Step: 6850000. Time Elapsed: 3980.170 s. Mean Reward: -2.040. Std of Reward: 10.356. Training. ELO: -131.903.
[INFO] BeesRL1v1. Step: 6855000. Time Elapsed: 3989.277 s. Mean Reward: 0.091. Std of Reward: 10.110. Training. ELO: -128.895.
[INFO] BeesRL1v1. Step: 6860000. Time Elapsed: 4006.017 s. Mean Reward: -0.146. Std of Reward: 10.376. Training. ELO: -130.228.
[INFO] BeesRL1v1. Step: 6865000. Time Elapsed: 4028.171 s. Mean Reward: -1.499. Std of Reward: 10.131. Training. ELO: -133.587.
[INFO] BeesRL1v1. Step: 6870000. Time Elapsed: 4042.755 s. Mean Reward: -2.189. Std of Reward: 9.940. Training. ELO: -139.060.
[INFO] BeesRL1v1. Step: 6875000. Time Elapsed: 4069.777 s. Mean Reward: -0.164. Std of Reward: 9.840. Training. ELO: -143.002.
[INFO] BeesRL1v1. Step: 6880000. Time Elapsed: 4101.586 s. Mean Reward: -2.133. Std of Reward: 9.951. Training. ELO: -149.341.
[INFO] BeesRL1v1. Step: 6885000. Time Elapsed: 4113.860 s. Mean Reward: -2.174. Std of Reward: 10.143. Training. ELO: -152.321.
[INFO] BeesRL1v1. Step: 6890000. Time Elapsed: 4128.916 s. Mean Reward: -0.771. Std of Reward: 10.224. Training. ELO: -155.524.
[INFO] BeesRL1v1. Step: 6895000. Time Elapsed: 4143.020 s. Mean Reward: -1.722. Std of Reward: 9.602. Training. ELO: -158.148.
[INFO] BeesRL1v1. Step: 6900000. Time Elapsed: 4167.699 s. Mean Reward: -1.314. Std of Reward: 10.317. Training. ELO: -159.847.
[INFO] BeesRL1v1. Step: 6905000. Time Elapsed: 4177.226 s. Mean Reward: -2.282. Std of Reward: 10.302. Training. ELO: -159.763.
[INFO] BeesRL1v1. Step: 6910000. Time Elapsed: 4193.926 s. Mean Reward: -0.145. Std of Reward: 10.388. Training. ELO: -160.332.
[INFO] BeesRL1v1. Step: 6915000. Time Elapsed: 4219.011 s. Mean Reward: -1.283. Std of Reward: 10.180. Training. ELO: -160.436.
[INFO] BeesRL1v1. Step: 6920000. Time Elapsed: 4233.814 s. Mean Reward: -2.396. Std of Reward: 10.123. Training. ELO: -162.963.
[INFO] BeesRL1v1. Step: 6925000. Time Elapsed: 4245.576 s. Mean Reward: -1.421. Std of Reward: 10.459. Training. ELO: -165.534.
[INFO] BeesRL1v1. Step: 6930000. Time Elapsed: 4271.235 s. Mean Reward: -4.271. Std of Reward: 9.550. Training. ELO: -169.531.
[INFO] BeesRL1v1. Step: 6935000. Time Elapsed: 4285.700 s. Mean Reward: -0.682. Std of Reward: 10.065. Training. ELO: -171.443.
[INFO] BeesRL1v1. Step: 6940000. Time Elapsed: 4297.590 s. Mean Reward: -3.175. Std of Reward: 10.051. Training. ELO: -175.307.
[INFO] BeesRL1v1. Step: 6945000. Time Elapsed: 4310.096 s. Mean Reward: -1.568. Std of Reward: 10.302. Training. ELO: -178.306.
[INFO] BeesRL1v1. Step: 6950000. Time Elapsed: 4338.245 s. Mean Reward: -1.549. Std of Reward: 10.049. Training. ELO: -178.123.
[INFO] BeesRL1v1. Step: 6955000. Time Elapsed: 4351.871 s. Mean Reward: -0.736. Std of Reward: 10.233. Training. ELO: -180.160.
[INFO] BeesRL1v1. Step: 6960000. Time Elapsed: 4368.170 s. Mean Reward: -3.474. Std of Reward: 9.373. Training. ELO: -181.422.
[INFO] BeesRL1v1. Step: 6965000. Time Elapsed: 4391.762 s. Mean Reward: -3.724. Std of Reward: 9.568. Training. ELO: -183.700.
[INFO] BeesRL1v1. Step: 6970000. Time Elapsed: 4403.607 s. Mean Reward: -4.758. Std of Reward: 9.449. Training. ELO: -188.357.
[INFO] BeesRL1v1. Step: 6975000. Time Elapsed: 4428.355 s. Mean Reward: -3.550. Std of Reward: 9.615. Training. ELO: -192.423.
[INFO] BeesRL1v1. Step: 6980000. Time Elapsed: 4458.961 s. Mean Reward: -2.746. Std of Reward: 9.864. Training. ELO: -191.471.
[INFO] BeesRL1v1. Step: 6985000. Time Elapsed: 4473.725 s. Mean Reward: -2.184. Std of Reward: 10.058. Training. ELO: -192.140.
[INFO] BeesRL1v1. Step: 6990000. Time Elapsed: 4484.583 s. Mean Reward: -3.292. Std of Reward: 9.749. Training. ELO: -192.190.
[INFO] BeesRL1v1. Step: 6995000. Time Elapsed: 4500.195 s. Mean Reward: -2.903. Std of Reward: 9.823. Training. ELO: -191.894.
[INFO] BeesRL1v1. Step: 7000000. Time Elapsed: 4523.998 s. Mean Reward: -1.719. Std of Reward: 9.922. Training. ELO: -191.138.
[INFO] Exported .results\bees-full-005\BeesRL1v1\BeesRL1v1-6999962.onnx
[INFO] BeesRL1v1. Step: 7005000. Time Elapsed: 4541.452 s. Mean Reward: 0.112. Std of Reward: 10.375. Training. ELO: -188.034.
[INFO] BeesRL1v1. Step: 7010000. Time Elapsed: 4554.100 s. Mean Reward: 0.110. Std of Reward: 10.401. Training. ELO: -187.006.
[INFO] BeesRL1v1. Step: 7015000. Time Elapsed: 4577.419 s. Mean Reward: -4.210. Std of Reward: 9.216. Training. ELO: -185.512.
[INFO] BeesRL1v1. Step: 7020000. Time Elapsed: 4591.232 s. Mean Reward: -2.959. Std of Reward: 9.838. Training. ELO: -185.231.
[INFO] BeesRL1v1. Step: 7025000. Time Elapsed: 4612.889 s. Mean Reward: 1.565. Std of Reward: 9.580. Training. ELO: -185.231.
[INFO] BeesRL1v1. Step: 7030000. Time Elapsed: 4636.068 s. Mean Reward: -2.410. Std of Reward: 10.145. Training. ELO: -185.231.
[INFO] BeesRL1v1. Step: 7035000. Time Elapsed: 4652.541 s. Mean Reward: -0.396. Std of Reward: 9.991. Training. ELO: -185.091.
[INFO] BeesRL1v1. Step: 7040000. Time Elapsed: 4668.554 s. Mean Reward: -1.164. Std of Reward: 10.192. Training. ELO: -185.191.
[INFO] BeesRL1v1. Step: 7045000. Time Elapsed: 4682.046 s. Mean Reward: -0.773. Std of Reward: 10.226. Training. ELO: -185.299.
[INFO] BeesRL1v1. Step: 7050000. Time Elapsed: 4706.237 s. Mean Reward: -2.749. Std of Reward: 9.929. Training. ELO: -184.393.
[INFO] BeesRL1v1. Step: 7055000. Time Elapsed: 4722.032 s. Mean Reward: -2.296. Std of Reward: 10.323. Training. ELO: -185.592.
[INFO] BeesRL1v1. Step: 7060000. Time Elapsed: 4738.122 s. Mean Reward: -3.453. Std of Reward: 9.356. Training. ELO: -185.482.
[INFO] BeesRL1v1. Step: 7065000. Time Elapsed: 4766.462 s. Mean Reward: -1.756. Std of Reward: 10.283. Training. ELO: -185.482.
[INFO] BeesRL1v1. Step: 7070000. Time Elapsed: 4776.334 s. Mean Reward: -5.850. Std of Reward: 8.811. Training. ELO: -185.482.
[INFO] BeesRL1v1. Step: 7075000. Time Elapsed: 4804.988 s. Mean Reward: -4.620. Std of Reward: 9.057. Training. ELO: -185.482.
[INFO] BeesRL1v1. Step: 7080000. Time Elapsed: 4839.161 s. Mean Reward: -1.721. Std of Reward: 10.150. Training. ELO: -185.482.
[INFO] BeesRL1v1. Step: 7085000. Time Elapsed: 4850.775 s. Mean Reward: -2.129. Std of Reward: 10.210. Training. ELO: -185.482.
[INFO] BeesRL1v1. Step: 7090000. Time Elapsed: 4866.281 s. Mean Reward: -0.994. Std of Reward: 10.059. Training. ELO: -185.482.
[INFO] BeesRL1v1. Step: 7095000. Time Elapsed: 4882.488 s. Mean Reward: -1.245. Std of Reward: 10.042. Training. ELO: -185.797.
[INFO] BeesRL1v1. Step: 7100000. Time Elapsed: 4907.383 s. Mean Reward: -2.780. Std of Reward: 10.013. Training. ELO: -188.239.
[INFO] BeesRL1v1. Step: 7105000. Time Elapsed: 4923.417 s. Mean Reward: -2.112. Std of Reward: 9.948. Training. ELO: -191.358.
[INFO] BeesRL1v1. Step: 7110000. Time Elapsed: 4940.487 s. Mean Reward: -2.847. Std of Reward: 9.722. Training. ELO: -194.062.
[INFO] BeesRL1v1. Step: 7115000. Time Elapsed: 4965.611 s. Mean Reward: -0.760. Std of Reward: 10.330. Training. ELO: -195.511.
[INFO] BeesRL1v1. Step: 7120000. Time Elapsed: 4981.552 s. Mean Reward: -2.626. Std of Reward: 9.546. Training. ELO: -199.885.
[INFO] BeesRL1v1. Step: 7125000. Time Elapsed: 5000.263 s. Mean Reward: -1.908. Std of Reward: 10.404. Training. ELO: -201.386.
[INFO] BeesRL1v1. Step: 7130000. Time Elapsed: 5025.639 s. Mean Reward: -1.931. Std of Reward: 10.201. Training. ELO: -204.277.
[INFO] BeesRL1v1. Step: 7135000. Time Elapsed: 5036.427 s. Mean Reward: -1.771. Std of Reward: 10.068. Training. ELO: -206.055.
[INFO] BeesRL1v1. Step: 7140000. Time Elapsed: 5051.785 s. Mean Reward: -0.407. Std of Reward: 10.084. Training. ELO: -208.567.
[INFO] BeesRL1v1. Step: 7145000. Time Elapsed: 5081.044 s. Mean Reward: -2.049. Std of Reward: 10.072. Training. ELO: -209.971.
[INFO] BeesRL1v1. Step: 7150000. Time Elapsed: 5092.753 s. Mean Reward: -1.060. Std of Reward: 10.343. Training. ELO: -211.955.
[INFO] BeesRL1v1. Step: 7155000. Time Elapsed: 5107.344 s. Mean Reward: -3.911. Std of Reward: 9.656. Training. ELO: -213.464.
[INFO] BeesRL1v1. Step: 7160000. Time Elapsed: 5123.366 s. Mean Reward: -2.426. Std of Reward: 10.107. Training. ELO: -217.089.
[INFO] BeesRL1v1. Step: 7165000. Time Elapsed: 5151.674 s. Mean Reward: -1.718. Std of Reward: 10.105. Training. ELO: -214.229.
[INFO] BeesRL1v1. Step: 7170000. Time Elapsed: 5165.604 s. Mean Reward: -1.969. Std of Reward: 10.202. Training. ELO: -214.539.
[INFO] BeesRL1v1. Step: 7175000. Time Elapsed: 5193.905 s. Mean Reward: -2.979. Std of Reward: 9.981. Training. ELO: -215.352.
[INFO] BeesRL1v1. Step: 7180000. Time Elapsed: 5225.638 s. Mean Reward: -4.121. Std of Reward: 9.732. Training. ELO: -215.765.
[INFO] BeesRL1v1. Step: 7185000. Time Elapsed: 5243.019 s. Mean Reward: -2.144. Std of Reward: 10.054. Training. ELO: -215.765.
[INFO] BeesRL1v1. Step: 7190000. Time Elapsed: 5255.759 s. Mean Reward: -3.687. Std of Reward: 9.917. Training. ELO: -215.765.
[INFO] BeesRL1v1. Step: 7195000. Time Elapsed: 5285.287 s. Mean Reward: 0.071. Std of Reward: 10.391. Training. ELO: -215.765.
[INFO] BeesRL1v1. Step: 7200000. Time Elapsed: 5296.497 s. Mean Reward: -2.593. Std of Reward: 9.780. Training. ELO: -215.765.
[INFO] BeesRL1v1. Step: 7205000. Time Elapsed: 5310.203 s. Mean Reward: -3.043. Std of Reward: 9.965. Training. ELO: -215.765.
[INFO] BeesRL1v1. Step: 7210000. Time Elapsed: 5324.618 s. Mean Reward: -0.916. Std of Reward: 10.207. Training. ELO: -215.765.
[INFO] BeesRL1v1. Step: 7215000. Time Elapsed: 5355.052 s. Mean Reward: 0.466. Std of Reward: 10.258. Training. ELO: -215.298.
[INFO] BeesRL1v1. Step: 7220000. Time Elapsed: 5367.316 s. Mean Reward: -1.296. Std of Reward: 10.308. Training. ELO: -213.421.
[INFO] BeesRL1v1. Step: 7225000. Time Elapsed: 5383.309 s. Mean Reward: -0.669. Std of Reward: 9.989. Training. ELO: -210.129.
[INFO] BeesRL1v1. Step: 7230000. Time Elapsed: 5409.661 s. Mean Reward: 0.781. Std of Reward: 10.244. Training. ELO: -207.542.
[INFO] BeesRL1v1. Step: 7235000. Time Elapsed: 5424.387 s. Mean Reward: -3.446. Std of Reward: 9.938. Training. ELO: -205.999.
[INFO] BeesRL1v1. Step: 7240000. Time Elapsed: 5438.740 s. Mean Reward: -2.606. Std of Reward: 9.872. Training. ELO: -210.519.
[INFO] BeesRL1v1. Step: 7245000. Time Elapsed: 5461.602 s. Mean Reward: -4.927. Std of Reward: 9.199. Training. ELO: -214.906.
[INFO] BeesRL1v1. Step: 7250000. Time Elapsed: 5474.577 s. Mean Reward: 0.113. Std of Reward: 9.950. Training. ELO: -218.507.
[INFO] Exported .results\bees-full-005\BeesRL1v1\BeesRL1v1-7249965.onnx
[INFO] BeesRL1v1. Step: 7255000. Time Elapsed: 5488.042 s. Mean Reward: -2.814. Std of Reward: 9.352. Training. ELO: -222.593.
[INFO] BeesRL1v1. Step: 7260000. Time Elapsed: 5502.926 s. Mean Reward: -0.808. Std of Reward: 10.237. Training. ELO: -223.216.
[INFO] BeesRL1v1. Step: 7265000. Time Elapsed: 5526.106 s. Mean Reward: -2.639. Std of Reward: 9.927. Training. ELO: -221.868.
[INFO] BeesRL1v1. Step: 7270000. Time Elapsed: 5542.321 s. Mean Reward: -3.428. Std of Reward: 9.354. Training. ELO: -224.165.
[INFO] BeesRL1v1. Step: 7275000. Time Elapsed: 5566.128 s. Mean Reward: -2.707. Std of Reward: 10.022. Training. ELO: -229.086.
[INFO] BeesRL1v1. Step: 7280000. Time Elapsed: 5594.009 s. Mean Reward: -2.108. Std of Reward: 9.953. Training. ELO: -229.345.
[INFO] BeesRL1v1. Step: 7285000. Time Elapsed: 5611.696 s. Mean Reward: -3.005. Std of Reward: 9.585. Training. ELO: -229.345.
[INFO] BeesRL1v1. Step: 7290000. Time Elapsed: 5629.687 s. Mean Reward: -2.684. Std of Reward: 9.905. Training. ELO: -229.345.
[INFO] BeesRL1v1. Step: 7295000. Time Elapsed: 5650.410 s. Mean Reward: -2.747. Std of Reward: 10.059. Training. ELO: -229.763.
[INFO] BeesRL1v1. Step: 7300000. Time Elapsed: 5664.576 s. Mean Reward: -3.074. Std of Reward: 9.818. Training. ELO: -233.691.
[INFO] BeesRL1v1. Step: 7305000. Time Elapsed: 5678.895 s. Mean Reward: 0.903. Std of Reward: 10.053. Training. ELO: -231.456.
[INFO] BeesRL1v1. Step: 7310000. Time Elapsed: 5702.812 s. Mean Reward: -0.447. Std of Reward: 10.136. Training. ELO: -229.644.
[INFO] BeesRL1v1. Step: 7315000. Time Elapsed: 5716.182 s. Mean Reward: -3.821. Std of Reward: 9.366. Training. ELO: -232.328.
[INFO] BeesRL1v1. Step: 7320000. Time Elapsed: 5732.292 s. Mean Reward: -2.842. Std of Reward: 10.004. Training. ELO: -236.787.
[INFO] BeesRL1v1. Step: 7325000. Time Elapsed: 5746.878 s. Mean Reward: -2.799. Std of Reward: 9.910. Training. ELO: -238.681.
[INFO] BeesRL1v1. Step: 7330000. Time Elapsed: 5769.671 s. Mean Reward: -2.082. Std of Reward: 10.086. Training. ELO: -242.042.
[INFO] BeesRL1v1. Step: 7335000. Time Elapsed: 5780.412 s. Mean Reward: -0.161. Std of Reward: 10.257. Training. ELO: -239.902.
[INFO] BeesRL1v1. Step: 7340000. Time Elapsed: 5796.411 s. Mean Reward: -0.645. Std of Reward: 10.123. Training. ELO: -238.853.
[INFO] BeesRL1v1. Step: 7345000. Time Elapsed: 5820.584 s. Mean Reward: 0.589. Std of Reward: 9.708. Training. ELO: -237.198.
[INFO] BeesRL1v1. Step: 7350000. Time Elapsed: 5838.063 s. Mean Reward: -2.949. Std of Reward: 9.827. Training. ELO: -237.509.
[INFO] BeesRL1v1. Step: 7355000. Time Elapsed: 5849.630 s. Mean Reward: -3.006. Std of Reward: 9.973. Training. ELO: -240.690.
[INFO] BeesRL1v1. Step: 7360000. Time Elapsed: 5875.791 s. Mean Reward: -1.206. Std of Reward: 10.087. Training. ELO: -241.809.
[INFO] BeesRL1v1. Step: 7365000. Time Elapsed: 5887.863 s. Mean Reward: -1.901. Std of Reward: 9.669. Training. ELO: -243.155.
[INFO] BeesRL1v1. Step: 7370000. Time Elapsed: 5905.641 s. Mean Reward: -1.157. Std of Reward: 10.298. Training. ELO: -242.465.
[INFO] BeesRL1v1. Step: 7375000. Time Elapsed: 5929.388 s. Mean Reward: -1.143. Std of Reward: 10.326. Training. ELO: -242.758.
[INFO] BeesRL1v1. Step: 7380000. Time Elapsed: 5955.174 s. Mean Reward: -4.437. Std of Reward: 9.310. Training. ELO: -242.660.
[INFO] BeesRL1v1. Step: 7385000. Time Elapsed: 5974.563 s. Mean Reward: -2.631. Std of Reward: 9.942. Training. ELO: -242.660.
[INFO] BeesRL1v1. Step: 7390000. Time Elapsed: 5991.769 s. Mean Reward: -3.668. Std of Reward: 9.622. Training. ELO: -242.660.
[INFO] BeesRL1v1. Step: 7395000. Time Elapsed: 6014.645 s. Mean Reward: -3.205. Std of Reward: 9.622. Training. ELO: -242.539.
[INFO] BeesRL1v1. Step: 7400000. Time Elapsed: 6026.146 s. Mean Reward: -1.654. Std of Reward: 10.292. Training. ELO: -242.220.
[INFO] BeesRL1v1. Step: 7405000. Time Elapsed: 6041.650 s. Mean Reward: 1.269. Std of Reward: 10.484. Training. ELO: -238.575.
[INFO] BeesRL1v1. Step: 7410000. Time Elapsed: 6064.055 s. Mean Reward: -3.676. Std of Reward: 9.915. Training. ELO: -238.658.
[INFO] BeesRL1v1. Step: 7415000. Time Elapsed: 6076.973 s. Mean Reward: -0.713. Std of Reward: 10.379. Training. ELO: -238.836.
[INFO] BeesRL1v1. Step: 7420000. Time Elapsed: 6090.792 s. Mean Reward: -4.725. Std of Reward: 9.012. Training. ELO: -240.706.
[INFO] BeesRL1v1. Step: 7425000. Time Elapsed: 6105.381 s. Mean Reward: -3.781. Std of Reward: 9.398. Training. ELO: -244.150.
[INFO] BeesRL1v1. Step: 7430000. Time Elapsed: 6130.514 s. Mean Reward: 0.108. Std of Reward: 10.078. Training. ELO: -245.523.
[INFO] BeesRL1v1. Step: 7435000. Time Elapsed: 6143.580 s. Mean Reward: -3.517. Std of Reward: 9.026. Training. ELO: -245.921.
[INFO] BeesRL1v1. Step: 7440000. Time Elapsed: 6153.522 s. Mean Reward: -1.591. Std of Reward: 10.421. Training. ELO: -247.464.
[INFO] BeesRL1v1. Step: 7445000. Time Elapsed: 6181.887 s. Mean Reward: -2.354. Std of Reward: 10.024. Training. ELO: -249.869.
[INFO] BeesRL1v1. Step: 7450000. Time Elapsed: 6195.449 s. Mean Reward: 1.151. Std of Reward: 10.295. Training. ELO: -249.979.
[INFO] BeesRL1v1. Step: 7455000. Time Elapsed: 6207.746 s. Mean Reward: -1.240. Std of Reward: 9.761. Training. ELO: -248.354.
[INFO] BeesRL1v1. Step: 7460000. Time Elapsed: 6229.914 s. Mean Reward: -0.436. Std of Reward: 10.401. Training. ELO: -249.660.
[INFO] BeesRL1v1. Step: 7465000. Time Elapsed: 6251.035 s. Mean Reward: 2.537. Std of Reward: 9.479. Training. ELO: -249.660.
[INFO] BeesRL1v1. Step: 7470000. Time Elapsed: 6262.511 s. Mean Reward: -2.669. Std of Reward: 10.074. Training. ELO: -249.660.
[INFO] BeesRL1v1. Step: 7475000. Time Elapsed: 6286.811 s. Mean Reward: -3.657. Std of Reward: 9.661. Training. ELO: -249.660.
[INFO] BeesRL1v1. Step: 7480000. Time Elapsed: 6315.745 s. Mean Reward: -4.787. Std of Reward: 9.221. Training. ELO: -249.660.
[INFO] BeesRL1v1. Step: 7485000. Time Elapsed: 6329.385 s. Mean Reward: -4.160. Std of Reward: 9.153. Training. ELO: -249.660.
[INFO] BeesRL1v1. Step: 7490000. Time Elapsed: 6343.594 s. Mean Reward: -3.257. Std of Reward: 9.403. Training. ELO: -249.660.
[INFO] BeesRL1v1. Step: 7495000. Time Elapsed: 6371.024 s. Mean Reward: -0.567. Std of Reward: 9.790. Training. ELO: -249.660.
[INFO] BeesRL1v1. Step: 7500000. Time Elapsed: 6385.596 s. Mean Reward: -1.017. Std of Reward: 10.172. Training. ELO: -249.660.
[INFO] Exported .results\bees-full-005\BeesRL1v1\BeesRL1v1-7499894.onnx
[INFO] BeesRL1v1. Step: 7505000. Time Elapsed: 6396.743 s. Mean Reward: -3.705. Std of Reward: 9.597. Training. ELO: -249.660.
[INFO] BeesRL1v1. Step: 7510000. Time Elapsed: 6418.876 s. Mean Reward: -2.008. Std of Reward: 10.202. Training. ELO: -249.660.
[INFO] BeesRL1v1. Step: 7515000. Time Elapsed: 6435.939 s. Mean Reward: -2.108. Std of Reward: 9.910. Training. ELO: -250.156.
[INFO] BeesRL1v1. Step: 7520000. Time Elapsed: 6450.280 s. Mean Reward: -2.105. Std of Reward: 9.908. Training. ELO: -255.526.
[INFO] BeesRL1v1. Step: 7525000. Time Elapsed: 6474.676 s. Mean Reward: -1.002. Std of Reward: 10.243. Training. ELO: -256.487.
[INFO] BeesRL1v1. Step: 7530000. Time Elapsed: 6488.143 s. Mean Reward: -2.066. Std of Reward: 10.371. Training. ELO: -260.571.
[INFO] BeesRL1v1. Step: 7535000. Time Elapsed: 6502.970 s. Mean Reward: -1.788. Std of Reward: 10.257. Training. ELO: -261.204.
[INFO] BeesRL1v1. Step: 7540000. Time Elapsed: 6514.492 s. Mean Reward: -0.732. Std of Reward: 10.229. Training. ELO: -260.631.
[INFO] BeesRL1v1. Step: 7545000. Time Elapsed: 6539.070 s. Mean Reward: 0.355. Std of Reward: 10.535. Training. ELO: -256.410.
[INFO] BeesRL1v1. Step: 7550000. Time Elapsed: 6549.709 s. Mean Reward: 3.503. Std of Reward: 9.286. Training. ELO: -248.351.
[INFO] BeesRL1v1. Step: 7555000. Time Elapsed: 6565.462 s. Mean Reward: 1.235. Std of Reward: 10.152. Training. ELO: -243.694.
[INFO] BeesRL1v1. Step: 7560000. Time Elapsed: 6591.470 s. Mean Reward: -2.646. Std of Reward: 9.587. Training. ELO: -245.822.
[INFO] BeesRL1v1. Step: 7565000. Time Elapsed: 6603.970 s. Mean Reward: 1.258. Std of Reward: 9.674. Training. ELO: -248.715.
[INFO] BeesRL1v1. Step: 7570000. Time Elapsed: 6618.690 s. Mean Reward: -2.261. Std of Reward: 10.296. Training. ELO: -252.493.
[INFO] BeesRL1v1. Step: 7575000. Time Elapsed: 6653.353 s. Mean Reward: -1.991. Std of Reward: 10.169. Training. ELO: -254.793.
[INFO] BeesRL1v1. Step: 7580000. Time Elapsed: 6672.635 s. Mean Reward: -0.784. Std of Reward: 10.312. Training. ELO: -253.296.
[INFO] BeesRL1v1. Step: 7585000. Time Elapsed: 6687.549 s. Mean Reward: -0.953. Std of Reward: 10.245. Training. ELO: -250.239.
[INFO] BeesRL1v1. Step: 7590000. Time Elapsed: 6700.520 s. Mean Reward: -2.206. Std of Reward: 9.854. Training. ELO: -251.354.
[INFO] BeesRL1v1. Step: 7595000. Time Elapsed: 6724.996 s. Mean Reward: -0.767. Std of Reward: 10.219. Training. ELO: -251.086.
[INFO] BeesRL1v1. Step: 7600000. Time Elapsed: 6737.636 s. Mean Reward: 2.568. Std of Reward: 10.038. Training. ELO: -248.535.
[INFO] BeesRL1v1. Step: 7605000. Time Elapsed: 6751.278 s. Mean Reward: -0.674. Std of Reward: 10.305. Training. ELO: -247.065.
[INFO] BeesRL1v1. Step: 7610000. Time Elapsed: 6778.096 s. Mean Reward: -3.571. Std of Reward: 9.795. Training. ELO: -251.982.
[INFO] BeesRL1v1. Step: 7615000. Time Elapsed: 6792.573 s. Mean Reward: -3.109. Std of Reward: 10.065. Training. ELO: -258.520.
[INFO] BeesRL1v1. Step: 7620000. Time Elapsed: 6802.270 s. Mean Reward: -3.478. Std of Reward: 9.633. Training. ELO: -262.463.
[INFO] BeesRL1v1. Step: 7625000. Time Elapsed: 6827.392 s. Mean Reward: -0.436. Std of Reward: 10.404. Training. ELO: -262.838.
[INFO] BeesRL1v1. Step: 7630000. Time Elapsed: 6841.701 s. Mean Reward: -2.327. Std of Reward: 10.162. Training. ELO: -263.038.
[INFO] BeesRL1v1. Step: 7635000. Time Elapsed: 6859.185 s. Mean Reward: 0.102. Std of Reward: 10.122. Training. ELO: -267.259.
[INFO] BeesRL1v1. Step: 7640000. Time Elapsed: 6869.852 s. Mean Reward: 0.397. Std of Reward: 10.501. Training. ELO: -262.964.
[INFO] BeesRL1v1. Step: 7645000. Time Elapsed: 6893.250 s. Mean Reward: 2.055. Std of Reward: 9.897. Training. ELO: -261.885.
[INFO] BeesRL1v1. Step: 7650000. Time Elapsed: 6906.374 s. Mean Reward: -3.669. Std of Reward: 9.629. Training. ELO: -262.592.
[INFO] BeesRL1v1. Step: 7655000. Time Elapsed: 6921.450 s. Mean Reward: 1.293. Std of Reward: 10.042. Training. ELO: -264.987.
[INFO] BeesRL1v1. Step: 7660000. Time Elapsed: 6946.993 s. Mean Reward: -1.857. Std of Reward: 9.841. Training. ELO: -263.773.
[INFO] BeesRL1v1. Step: 7665000. Time Elapsed: 6964.439 s. Mean Reward: -0.400. Std of Reward: 9.752. Training. ELO: -268.143.
[INFO] BeesRL1v1. Step: 7670000. Time Elapsed: 6974.383 s. Mean Reward: -4.205. Std of Reward: 9.369. Training. ELO: -269.848.
[INFO] BeesRL1v1. Step: 7675000. Time Elapsed: 7005.873 s. Mean Reward: -2.398. Std of Reward: 10.048. Training. ELO: -275.711.
[INFO] BeesRL1v1. Step: 7680000. Time Elapsed: 7028.316 s. Mean Reward: 1.022. Std of Reward: 9.930. Training. ELO: -270.249.
[INFO] BeesRL1v1. Step: 7685000. Time Elapsed: 7039.418 s. Mean Reward: -1.863. Std of Reward: 9.926. Training. ELO: -268.650.
[INFO] BeesRL1v1. Step: 7690000. Time Elapsed: 7050.567 s. Mean Reward: -2.263. Std of Reward: 9.904. Training. ELO: -270.061.
[INFO] BeesRL1v1. Step: 7695000. Time Elapsed: 7075.239 s. Mean Reward: -2.586. Std of Reward: 9.947. Training. ELO: -272.152.
[INFO] BeesRL1v1. Step: 7700000. Time Elapsed: 7084.937 s. Mean Reward: 0.391. Std of Reward: 10.216. Training. ELO: -268.774.
[INFO] BeesRL1v1. Step: 7705000. Time Elapsed: 7100.041 s. Mean Reward: -2.021. Std of Reward: 9.979. Training. ELO: -269.486.
[INFO] BeesRL1v1. Step: 7710000. Time Elapsed: 7127.876 s. Mean Reward: -2.949. Std of Reward: 9.732. Training. ELO: -274.745.
[INFO] BeesRL1v1. Step: 7715000. Time Elapsed: 7140.414 s. Mean Reward: -1.595. Std of Reward: 10.133. Training. ELO: -279.587.
[INFO] BeesRL1v1. Step: 7720000. Time Elapsed: 7152.801 s. Mean Reward: -4.832. Std of Reward: 8.927. Training. ELO: -283.075.
[INFO] BeesRL1v1. Step: 7725000. Time Elapsed: 7175.720 s. Mean Reward: -1.898. Std of Reward: 9.959. Training. ELO: -287.587.
[INFO] BeesRL1v1. Step: 7730000. Time Elapsed: 7192.055 s. Mean Reward: -2.581. Std of Reward: 9.562. Training. ELO: -289.523.
[INFO] BeesRL1v1. Step: 7735000. Time Elapsed: 7205.499 s. Mean Reward: -3.255. Std of Reward: 9.727. Training. ELO: -294.505.
[INFO] BeesRL1v1. Step: 7740000. Time Elapsed: 7228.986 s. Mean Reward: -3.023. Std of Reward: 9.375. Training. ELO: -297.239.
[INFO] BeesRL1v1. Step: 7745000. Time Elapsed: 7241.266 s. Mean Reward: -2.427. Std of Reward: 10.099. Training. ELO: -300.101.
[INFO] BeesRL1v1. Step: 7750000. Time Elapsed: 7255.520 s. Mean Reward: -0.643. Std of Reward: 10.123. Training. ELO: -300.373.
[INFO] Exported .results\bees-full-005\BeesRL1v1\BeesRL1v1-7749730.onnx
[INFO] BeesRL1v1. Step: 7755000. Time Elapsed: 7270.205 s. Mean Reward: -3.837. Std of Reward: 9.202. Training. ELO: -302.182.
[INFO] BeesRL1v1. Step: 7760000. Time Elapsed: 7297.438 s. Mean Reward: 0.092. Std of Reward: 10.472. Training. ELO: -300.388.
[INFO] BeesRL1v1. Step: 7765000. Time Elapsed: 7308.338 s. Mean Reward: -1.750. Std of Reward: 9.954. Training. ELO: -298.846.
[INFO] BeesRL1v1. Step: 7770000. Time Elapsed: 7322.850 s. Mean Reward: 0.296. Std of Reward: 10.154. Training. ELO: -297.769.
[INFO] BeesRL1v1. Step: 7775000. Time Elapsed: 7353.924 s. Mean Reward: -2.051. Std of Reward: 10.155. Training. ELO: -299.497.
[INFO] BeesRL1v1. Step: 7780000. Time Elapsed: 7376.681 s. Mean Reward: -2.187. Std of Reward: 10.084. Training. ELO: -299.633.
[INFO] BeesRL1v1. Step: 7785000. Time Elapsed: 7386.858 s. Mean Reward: -7.768. Std of Reward: 7.397. Training. ELO: -307.027.
[INFO] BeesRL1v1. Step: 7790000. Time Elapsed: 7408.612 s. Mean Reward: -5.004. Std of Reward: 9.203. Training. ELO: -314.882.
[INFO] BeesRL1v1. Step: 7795000. Time Elapsed: 7421.649 s. Mean Reward: -1.365. Std of Reward: 10.170. Training. ELO: -316.601.
[INFO] BeesRL1v1. Step: 7800000. Time Elapsed: 7434.376 s. Mean Reward: -2.658. Std of Reward: 10.066. Training. ELO: -317.472.
[INFO] BeesRL1v1. Step: 7805000. Time Elapsed: 7446.452 s. Mean Reward: 0.377. Std of Reward: 10.507. Training. ELO: -316.329.
[INFO] BeesRL1v1. Step: 7810000. Time Elapsed: 7472.261 s. Mean Reward: -1.464. Std of Reward: 10.003. Training. ELO: -315.193.
[INFO] BeesRL1v1. Step: 7815000. Time Elapsed: 7485.592 s. Mean Reward: -0.902. Std of Reward: 10.347. Training. ELO: -316.644.
[INFO] BeesRL1v1. Step: 7820000. Time Elapsed: 7499.559 s. Mean Reward: -2.280. Std of Reward: 9.758. Training. ELO: -317.864.
[INFO] BeesRL1v1. Step: 7825000. Time Elapsed: 7523.901 s. Mean Reward: -4.142. Std of Reward: 9.578. Training. ELO: -319.219.
[INFO] BeesRL1v1. Step: 7830000. Time Elapsed: 7536.517 s. Mean Reward: -0.186. Std of Reward: 9.548. Training. ELO: -320.594.
[INFO] BeesRL1v1. Step: 7835000. Time Elapsed: 7550.832 s. Mean Reward: -0.982. Std of Reward: 10.213. Training. ELO: -317.878.
[INFO] BeesRL1v1. Step: 7840000. Time Elapsed: 7577.978 s. Mean Reward: -1.779. Std of Reward: 10.127. Training. ELO: -318.474.
[INFO] BeesRL1v1. Step: 7845000. Time Elapsed: 7592.626 s. Mean Reward: -5.467. Std of Reward: 8.744. Training. ELO: -322.868.
[INFO] BeesRL1v1. Step: 7850000. Time Elapsed: 7605.619 s. Mean Reward: -1.214. Std of Reward: 10.357. Training. ELO: -325.398.
[INFO] BeesRL1v1. Step: 7855000. Time Elapsed: 7630.615 s. Mean Reward: -3.485. Std of Reward: 9.654. Training. ELO: -325.977.
[INFO] BeesRL1v1. Step: 7860000. Time Elapsed: 7642.867 s. Mean Reward: -0.233. Std of Reward: 10.415. Training. ELO: -326.907.
[INFO] BeesRL1v1. Step: 7865000. Time Elapsed: 7657.645 s. Mean Reward: -3.192. Std of Reward: 9.903. Training. ELO: -326.907.
[INFO] BeesRL1v1. Step: 7870000. Time Elapsed: 7673.402 s. Mean Reward: -1.928. Std of Reward: 10.067. Training. ELO: -326.907.
[INFO] BeesRL1v1. Step: 7875000. Time Elapsed: 7707.182 s. Mean Reward: -2.138. Std of Reward: 10.162. Training. ELO: -326.415.
[INFO] BeesRL1v1. Step: 7880000. Time Elapsed: 7727.902 s. Mean Reward: 0.173. Std of Reward: 10.166. Training. ELO: -319.851.
[INFO] BeesRL1v1. Step: 7885000. Time Elapsed: 7740.383 s. Mean Reward: -1.041. Std of Reward: 9.986. Training. ELO: -319.468.
[INFO] BeesRL1v1. Step: 7890000. Time Elapsed: 7763.164 s. Mean Reward: -3.499. Std of Reward: 9.389. Training. ELO: -323.711.
[INFO] BeesRL1v1. Step: 7895000. Time Elapsed: 7777.137 s. Mean Reward: 1.427. Std of Reward: 9.899. Training. ELO: -319.547.
[INFO] BeesRL1v1. Step: 7900000. Time Elapsed: 7791.526 s. Mean Reward: 0.616. Std of Reward: 10.353. Training. ELO: -315.856.
[INFO] BeesRL1v1. Step: 7905000. Time Elapsed: 7817.191 s. Mean Reward: -1.917. Std of Reward: 10.061. Training. ELO: -311.766.
[INFO] BeesRL1v1. Step: 7910000. Time Elapsed: 7832.458 s. Mean Reward: -0.161. Std of Reward: 10.264. Training. ELO: -311.974.
[INFO] BeesRL1v1. Step: 7915000. Time Elapsed: 7841.623 s. Mean Reward: -4.441. Std of Reward: 9.429. Training. ELO: -314.691.
[INFO] BeesRL1v1. Step: 7920000. Time Elapsed: 7855.500 s. Mean Reward: -1.900. Std of Reward: 9.962. Training. ELO: -318.673.
[INFO] BeesRL1v1. Step: 7925000. Time Elapsed: 7883.405 s. Mean Reward: -1.432. Std of Reward: 9.948. Training. ELO: -321.717.
[INFO] BeesRL1v1. Step: 7930000. Time Elapsed: 7896.907 s. Mean Reward: -4.264. Std of Reward: 9.517. Training. ELO: -329.320.
[INFO] BeesRL1v1. Step: 7935000. Time Elapsed: 7914.122 s. Mean Reward: -0.452. Std of Reward: 9.977. Training. ELO: -330.626.
[INFO] BeesRL1v1. Step: 7940000. Time Elapsed: 7936.363 s. Mean Reward: -5.061. Std of Reward: 8.877. Training. ELO: -330.755.
[INFO] BeesRL1v1. Step: 7945000. Time Elapsed: 7950.031 s. Mean Reward: -1.852. Std of Reward: 10.347. Training. ELO: -330.755.
[INFO] BeesRL1v1. Step: 7950000. Time Elapsed: 7968.168 s. Mean Reward: -3.447. Std of Reward: 9.339. Training. ELO: -330.755.
[INFO] BeesRL1v1. Step: 7955000. Time Elapsed: 7993.001 s. Mean Reward: -4.659. Std of Reward: 9.006. Training. ELO: -330.755.
[INFO] BeesRL1v1. Step: 7960000. Time Elapsed: 8007.662 s. Mean Reward: -3.369. Std of Reward: 9.542. Training. ELO: -330.755.
[INFO] BeesRL1v1. Step: 7965000. Time Elapsed: 8019.197 s. Mean Reward: -3.473. Std of Reward: 9.661. Training. ELO: -330.755.
[INFO] BeesRL1v1. Step: 7970000. Time Elapsed: 8036.247 s. Mean Reward: -0.336. Std of Reward: 10.104. Training. ELO: -330.755.
[INFO] BeesRL1v1. Step: 7975000. Time Elapsed: 8069.022 s. Mean Reward: -2.202. Std of Reward: 9.968. Training. ELO: -330.755.
[INFO] BeesRL1v1. Step: 7980000. Time Elapsed: 8089.212 s. Mean Reward: -1.019. Std of Reward: 10.299. Training. ELO: -330.755.
[INFO] BeesRL1v1. Step: 7985000. Time Elapsed: 8103.687 s. Mean Reward: -3.560. Std of Reward: 9.495. Training. ELO: -330.755.
[INFO] BeesRL1v1. Step: 7990000. Time Elapsed: 8126.736 s. Mean Reward: -2.709. Std of Reward: 10.183. Training. ELO: -330.755.
[INFO] BeesRL1v1. Step: 7995000. Time Elapsed: 8142.814 s. Mean Reward: -0.856. Std of Reward: 9.995. Training. ELO: -330.737.
[INFO] BeesRL1v1. Step: 8000000. Time Elapsed: 8157.765 s. Mean Reward: -4.011. Std of Reward: 8.923. Training. ELO: -335.652.
[INFO] Exported .results\bees-full-005\BeesRL1v1\BeesRL1v1-7999990.onnx
[INFO] BeesRL1v1. Step: 8005000. Time Elapsed: 8183.422 s. Mean Reward: -0.191. Std of Reward: 10.107. Training. ELO: -338.823.
[INFO] BeesRL1v1. Step: 8010000. Time Elapsed: 8198.737 s. Mean Reward: -2.506. Std of Reward: 10.111. Training. ELO: -337.829.
[INFO] BeesRL1v1. Step: 8015000. Time Elapsed: 8216.246 s. Mean Reward: -2.470. Std of Reward: 9.917. Training. ELO: -342.562.
[INFO] Learning was interrupted. Please wait while the graph is generated.
[INFO] Exported .results\bees-full-005\BeesRL1v1\BeesRL1v1-8015327.onnx
[INFO] Copied .results\bees-full-005\BeesRL1v1\BeesRL1v1-8015327.onnx to .results\bees-full-005\BeesRL1v1.onnx.
[ERROR] SubprocessEnvManager had workers that didn't signal shutdown
[ERROR] A SubprocessEnvManager worker did not shut down correctly so it was forcefully terminated.
[ERROR] A SubprocessEnvManager worker did not shut down correctly so it was forcefully terminated.
[ERROR] A SubprocessEnvManager worker did not shut down correctly so it was forcefully terminated.
[ERROR] A SubprocessEnvManager worker did not shut down correctly so it was forcefully terminated.
[ERROR] A SubprocessEnvManager worker did not shut down correctly so it was forcefully terminated.
[ERROR] A SubprocessEnvManager worker did not shut down correctly so it was forcefully terminated.
[ERROR] A SubprocessEnvManager worker did not shut down correctly so it was forcefully terminated.
[ERROR] A SubprocessEnvManager worker did not shut down correctly so it was forcefully terminated.
[ERROR] A SubprocessEnvManager worker did not shut down correctly so it was forcefully terminated.
[ERROR] A SubprocessEnvManager worker did not shut down correctly so it was forcefully terminated.
[ERROR] A SubprocessEnvManager worker did not shut down correctly so it was forcefully terminated.
[ERROR] A SubprocessEnvManager worker did not shut down correctly so it was forcefully terminated.
[ERROR] A SubprocessEnvManager worker did not shut down correctly so it was forcefully terminated.
[ERROR] A SubprocessEnvManager worker did not shut down correctly so it was forcefully terminated.
[ERROR] A SubprocessEnvManager worker did not shut down correctly so it was forcefully terminated.
[ERROR] A SubprocessEnvManager worker did not shut down correctly so it was forcefully terminated.
[ERROR] A SubprocessEnvManager worker did not shut down correctly so it was forcefully terminated.
[ERROR] A SubprocessEnvManager worker did not shut down correctly so it was forcefully terminated.
[ERROR] A SubprocessEnvManager worker did not shut down correctly so it was forcefully terminated.
[ERROR] A SubprocessEnvManager worker did not shut down correctly so it was forcefully terminated.
[ERROR] A SubprocessEnvManager worker did not shut down correctly so it was forcefully terminated.
[ERROR] A SubprocessEnvManager worker did not shut down correctly so it was forcefully terminated.
[ERROR] A SubprocessEnvManager worker did not shut down correctly so it was forcefully terminated.
[ERROR] A SubprocessEnvManager worker did not shut down correctly so it was forcefully terminated.
[ERROR] A SubprocessEnvManager worker did not shut down correctly so it was forcefully terminated.
[ERROR] A SubprocessEnvManager worker did not shut down correctly so it was forcefully terminated.
[ERROR] A SubprocessEnvManager worker did not shut down correctly so it was forcefully terminated.
[ERROR] A SubprocessEnvManager worker did not shut down correctly so it was forcefully terminated.
[ERROR] A SubprocessEnvManager worker did not shut down correctly so it was forcefully terminated.
[ERROR] A SubprocessEnvManager worker did not shut down correctly so it was forcefully terminated.
[ERROR] A SubprocessEnvManager worker did not shut down correctly so it was forcefully terminated.
[ERROR] A SubprocessEnvManager worker did not shut down correctly so it was forcefully terminated.
[ERROR] A SubprocessEnvManager worker did not shut down correctly so it was forcefully terminated.
[ERROR] A SubprocessEnvManager worker did not shut down correctly so it was forcefully terminated.
[ERROR] A SubprocessEnvManager worker did not shut down correctly so it was forcefully terminated.
[ERROR] A SubprocessEnvManager worker did not shut down correctly so it was forcefully terminated.
[ERROR] A SubprocessEnvManager worker did not shut down correctly so it was forcefully terminated.
[ERROR] A SubprocessEnvManager worker did not shut down correctly so it was forcefully terminated.
[ERROR] A SubprocessEnvManager worker did not shut down correctly so it was forcefully terminated.
[ERROR] A SubprocessEnvManager worker did not shut down correctly so it was forcefully terminated.
[ERROR] A SubprocessEnvManager worker did not shut down correctly so it was forcefully terminated.
[ERROR] A SubprocessEnvManager worker did not shut down correctly so it was forcefully terminated.
[ERROR] A SubprocessEnvManager worker did not shut down correctly so it was forcefully terminated.
[ERROR] A SubprocessEnvManager worker did not shut down correctly so it was forcefully terminated.
[ERROR] A SubprocessEnvManager worker did not shut down correctly so it was forcefully terminated.
[ERROR] A SubprocessEnvManager worker did not shut down correctly so it was forcefully terminated.
[ERROR] A SubprocessEnvManager worker did not shut down correctly so it was forcefully terminated.
[ERROR] A SubprocessEnvManager worker did not shut down correctly so it was forcefully terminated.
[ERROR] A SubprocessEnvManager worker did not shut down correctly so it was forcefully terminated.
[ERROR] A SubprocessEnvManager worker did not shut down correctly so it was forcefully terminated.
[ERROR] A SubprocessEnvManager worker did not shut down correctly so it was forcefully terminated.
[ERROR] A SubprocessEnvManager worker did not shut down correctly so it was forcefully terminated.
[ERROR] A SubprocessEnvManager worker did not shut down correctly so it was forcefully terminated.
[ERROR] A SubprocessEnvManager worker did not shut down correctly so it was forcefully terminated.
[ERROR] A SubprocessEnvManager worker did not shut down correctly so it was forcefully terminated.
[ERROR] A SubprocessEnvManager worker did not shut down correctly so it was forcefully terminated.
[ERROR] A SubprocessEnvManager worker did not shut down correctly so it was forcefully terminated.
[ERROR] A SubprocessEnvManager worker did not shut down correctly so it was forcefully terminated.
[ERROR] A SubprocessEnvManager worker did not shut down correctly so it was forcefully terminated.
[ERROR] A SubprocessEnvManager worker did not shut down correctly so it was forcefully terminated.
[ERROR] A SubprocessEnvManager worker did not shut down correctly so it was forcefully terminated.
[ERROR] A SubprocessEnvManager worker did not shut down correctly so it was forcefully terminated.
[ERROR] A SubprocessEnvManager worker did not shut down correctly so it was forcefully terminated.
[ERROR] A SubprocessEnvManager worker did not shut down correctly so it was forcefully terminated.
