[INFO] Connected to Unity environment with package version 4.1.0 and communication version 1.5.0
[INFO] Connected to Unity environment with package version 4.1.0 and communication version 1.5.0
[INFO] Connected to Unity environment with package version 4.1.0 and communication version 1.5.0
[INFO] Connected to Unity environment with package version 4.1.0 and communication version 1.5.0
[INFO] Connected to Unity environment with package version 4.1.0 and communication version 1.5.0
[INFO] Connected to Unity environment with package version 4.1.0 and communication version 1.5.0
[INFO] Connected to Unity environment with package version 4.1.0 and communication version 1.5.0
[INFO] Connected to Unity environment with package version 4.1.0 and communication version 1.5.0
[INFO] Connected new brain: BeesRL1v1?team=0
[INFO] Connected new brain: BeesRL1v1?team=1
[INFO] Connected new brain: BeesRL1v1?team=0
[INFO] Connected new brain: BeesRL1v1?team=1
[INFO] Connected new brain: BeesRL1v1?team=0
[INFO] Connected new brain: BeesRL1v1?team=1
[INFO] Connected to Unity environment with package version 4.1.0 and communication version 1.5.0
[INFO] Connected to Unity environment with package version 4.1.0 and communication version 1.5.0
[INFO] Connected new brain: BeesRL1v1?team=0
[INFO] Connected new brain: BeesRL1v1?team=1
[INFO] Connected new brain: BeesRL1v1?team=0
[INFO] Connected new brain: BeesRL1v1?team=1
[INFO] Connected new brain: BeesRL1v1?team=0
[INFO] Connected new brain: BeesRL1v1?team=1
[INFO] Connected new brain: BeesRL1v1?team=0
[INFO] Connected new brain: BeesRL1v1?team=1
[INFO] Connected new brain: BeesRL1v1?team=0
[INFO] Connected new brain: BeesRL1v1?team=1
[INFO] Connected new brain: BeesRL1v1?team=0
[INFO] Connected new brain: BeesRL1v1?team=1
[INFO] Connected new brain: BeesRL1v1?team=0
[INFO] Connected new brain: BeesRL1v1?team=1
[INFO] Connected to Unity environment with package version 4.1.0 and communication version 1.5.0
[INFO] Connected to Unity environment with package version 4.1.0 and communication version 1.5.0
[INFO] Connected to Unity environment with package version 4.1.0 and communication version 1.5.0
[INFO] Connected new brain: BeesRL1v1?team=0
[INFO] Connected new brain: BeesRL1v1?team=1
[INFO] Connected to Unity environment with package version 4.1.0 and communication version 1.5.0
[INFO] Connected to Unity environment with package version 4.1.0 and communication version 1.5.0
[INFO] Connected to Unity environment with package version 4.1.0 and communication version 1.5.0
[INFO] Connected new brain: BeesRL1v1?team=0
[INFO] Connected new brain: BeesRL1v1?team=1
[INFO] Connected to Unity environment with package version 4.1.0 and communication version 1.5.0
[INFO] Connected new brain: BeesRL1v1?team=0
[INFO] Connected new brain: BeesRL1v1?team=1
[INFO] Connected to Unity environment with package version 4.1.0 and communication version 1.5.0
[INFO] Connected to Unity environment with package version 4.1.0 and communication version 1.5.0
[INFO] Connected to Unity environment with package version 4.1.0 and communication version 1.5.0
[INFO] Connected new brain: BeesRL1v1?team=0
[INFO] Connected new brain: BeesRL1v1?team=1
[INFO] Connected new brain: BeesRL1v1?team=0
[INFO] Connected new brain: BeesRL1v1?team=1
[INFO] Connected new brain: BeesRL1v1?team=0
[INFO] Connected new brain: BeesRL1v1?team=1
[INFO] Connected new brain: BeesRL1v1?team=0
[INFO] Connected new brain: BeesRL1v1?team=1
[INFO] Connected to Unity environment with package version 4.1.0 and communication version 1.5.0
[INFO] Connected new brain: BeesRL1v1?team=0
[INFO] Connected new brain: BeesRL1v1?team=1
[INFO] Connected to Unity environment with package version 4.1.0 and communication version 1.5.0
[INFO] Connected to Unity environment with package version 4.1.0 and communication version 1.5.0
[INFO] Connected new brain: BeesRL1v1?team=0
[INFO] Connected new brain: BeesRL1v1?team=1
[INFO] Connected new brain: BeesRL1v1?team=0
[INFO] Connected new brain: BeesRL1v1?team=1
[INFO] Connected to Unity environment with package version 4.1.0 and communication version 1.5.0
[INFO] Connected to Unity environment with package version 4.1.0 and communication version 1.5.0
[INFO] Connected to Unity environment with package version 4.1.0 and communication version 1.5.0
[INFO] Connected to Unity environment with package version 4.1.0 and communication version 1.5.0
[INFO] Connected to Unity environment with package version 4.1.0 and communication version 1.5.0
[INFO] Connected to Unity environment with package version 4.1.0 and communication version 1.5.0
[INFO] Connected to Unity environment with package version 4.1.0 and communication version 1.5.0
[INFO] Connected new brain: BeesRL1v1?team=0
[INFO] Connected new brain: BeesRL1v1?team=1
[INFO] Connected new brain: BeesRL1v1?team=0
[INFO] Connected new brain: BeesRL1v1?team=1
[INFO] Connected new brain: BeesRL1v1?team=0
[INFO] Connected new brain: BeesRL1v1?team=1
[INFO] Connected new brain: BeesRL1v1?team=0
[INFO] Connected new brain: BeesRL1v1?team=1
[INFO] Connected new brain: BeesRL1v1?team=0
[INFO] Connected new brain: BeesRL1v1?team=1
[INFO] Connected new brain: BeesRL1v1?team=0
[INFO] Connected new brain: BeesRL1v1?team=1
[INFO] Connected new brain: BeesRL1v1?team=0
[INFO] Connected new brain: BeesRL1v1?team=1
[INFO] Connected new brain: BeesRL1v1?team=0
[INFO] Connected new brain: BeesRL1v1?team=1
[INFO] Connected new brain: BeesRL1v1?team=0
[INFO] Connected new brain: BeesRL1v1?team=1
[INFO] Connected new brain: BeesRL1v1?team=0
[INFO] Connected new brain: BeesRL1v1?team=1
[INFO] Connected to Unity environment with package version 4.1.0 and communication version 1.5.0
[INFO] Connected new brain: BeesRL1v1?team=0
[INFO] Connected new brain: BeesRL1v1?team=1
[INFO] Connected to Unity environment with package version 4.1.0 and communication version 1.5.0
[INFO] Connected to Unity environment with package version 4.1.0 and communication version 1.5.0
[INFO] Connected to Unity environment with package version 4.1.0 and communication version 1.5.0
[INFO] Connected new brain: BeesRL1v1?team=0
[INFO] Connected new brain: BeesRL1v1?team=1
[INFO] Connected to Unity environment with package version 4.1.0 and communication version 1.5.0
[INFO] Connected to Unity environment with package version 4.1.0 and communication version 1.5.0
[INFO] Connected new brain: BeesRL1v1?team=0
[INFO] Connected new brain: BeesRL1v1?team=1
[INFO] Connected to Unity environment with package version 4.1.0 and communication version 1.5.0
[INFO] Connected new brain: BeesRL1v1?team=0
[INFO] Connected new brain: BeesRL1v1?team=1
[INFO] Connected to Unity environment with package version 4.1.0 and communication version 1.5.0
[INFO] Connected to Unity environment with package version 4.1.0 and communication version 1.5.0
[INFO] Connected new brain: BeesRL1v1?team=0
[INFO] Connected new brain: BeesRL1v1?team=1
[INFO] Connected new brain: BeesRL1v1?team=0
[INFO] Connected new brain: BeesRL1v1?team=1
[INFO] Connected new brain: BeesRL1v1?team=0
[INFO] Connected new brain: BeesRL1v1?team=1
[INFO] Connected new brain: BeesRL1v1?team=0
[INFO] Connected new brain: BeesRL1v1?team=1
[INFO] Connected new brain: BeesRL1v1?team=0
[INFO] Connected new brain: BeesRL1v1?team=1
[INFO] Connected to Unity environment with package version 4.1.0 and communication version 1.5.0
[INFO] Connected to Unity environment with package version 4.1.0 and communication version 1.5.0
[INFO] Connected to Unity environment with package version 4.1.0 and communication version 1.5.0
[INFO] Connected new brain: BeesRL1v1?team=0
[INFO] Connected new brain: BeesRL1v1?team=1
[INFO] Connected new brain: BeesRL1v1?team=0
[INFO] Connected new brain: BeesRL1v1?team=1
[INFO] Connected new brain: BeesRL1v1?team=0
[INFO] Connected new brain: BeesRL1v1?team=1
[INFO] Connected to Unity environment with package version 4.1.0 and communication version 1.5.0
[INFO] Connected new brain: BeesRL1v1?team=0
[INFO] Connected new brain: BeesRL1v1?team=1
[INFO] Connected to Unity environment with package version 4.1.0 and communication version 1.5.0
[INFO] Connected to Unity environment with package version 4.1.0 and communication version 1.5.0
[INFO] Connected new brain: BeesRL1v1?team=0
[INFO] Connected new brain: BeesRL1v1?team=1
[INFO] Connected to Unity environment with package version 4.1.0 and communication version 1.5.0
[INFO] Connected to Unity environment with package version 4.1.0 and communication version 1.5.0
[INFO] Connected new brain: BeesRL1v1?team=0
[INFO] Connected new brain: BeesRL1v1?team=1
[INFO] Connected to Unity environment with package version 4.1.0 and communication version 1.5.0
[INFO] Connected new brain: BeesRL1v1?team=0
[INFO] Connected new brain: BeesRL1v1?team=1
[INFO] Connected new brain: BeesRL1v1?team=0
[INFO] Connected new brain: BeesRL1v1?team=1
[INFO] Connected new brain: BeesRL1v1?team=0
[INFO] Connected new brain: BeesRL1v1?team=1
[Bees RL] PPO value-estimate/return buffer key separation: enabled
[Bees RL] Cross-worker policy inference batching: enabled
[Bees RL] Slim subprocess action IPC: enabled
[Bees RL] Worker timer transfer: every 64 steps
[Bees RL] Blocking Unity-worker wait: enabled
[Bees RL] Hybrid devices: trainer/optimizer uses --torch-device; environment inference uses synchronized CPU actor replicas


	Unity Technologies

 Version information:
  ml-agents: 1.1.0,
  ml-agents-envs: 1.1.0,
  Communicator API: 1.5.0,
  PyTorch: 2.1.1+cu121
[INFO] Hyperparameters for behavior name BeesRL1v1: 
	trainer_type:	ppo
	hyperparameters:	
	  batch_size:	512
	  buffer_size:	16384
	  learning_rate:	0.0003
	  beta:	0.001
	  epsilon:	0.15
	  lambd:	0.95
	  num_epoch:	3
	  shared_critic:	False
	  learning_rate_schedule:	constant
	  beta_schedule:	constant
	  epsilon_schedule:	constant
	checkpoint_interval:	250000
	network_settings:	
	  normalize:	True
	  hidden_units:	128
	  num_layers:	3
	  vis_encode_type:	simple
	  memory:	None
	  goal_conditioning_type:	hyper
	  deterministic:	False
	reward_signals:	
	  extrinsic:	
	    gamma:	1.0
	    strength:	1.0
	    network_settings:	
	      normalize:	False
	      hidden_units:	128
	      num_layers:	2
	      vis_encode_type:	simple
	      memory:	None
	      goal_conditioning_type:	hyper
	      deterministic:	False
	init_path:	None
	keep_checkpoints:	5000
	even_checkpoints:	False
	max_steps:	5000000000000
	time_horizon:	2048
	summary_freq:	5000
	threaded:	False
	self_play:	
	  save_steps:	20000
	  team_change:	100000
	  swap_steps:	20000
	  window:	30
	  play_against_latest_model_ratio:	0.2
	  initial_elo:	1200.0
	behavioral_cloning:	None
[INFO] Exported .results\bees-full-005\BeesRL1v1\BeesRL1v1-0.onnx
[INFO] Copied .results\bees-full-005\BeesRL1v1\BeesRL1v1-0.onnx to .results\bees-full-005\BeesRL1v1.onnx.
[ERROR] SubprocessEnvManager had workers that didn't signal shutdown
[ERROR] A SubprocessEnvManager worker did not shut down correctly so it was forcefully terminated.
[ERROR] A SubprocessEnvManager worker did not shut down correctly so it was forcefully terminated.
[ERROR] A SubprocessEnvManager worker did not shut down correctly so it was forcefully terminated.
[ERROR] A SubprocessEnvManager worker did not shut down correctly so it was forcefully terminated.
[ERROR] A SubprocessEnvManager worker did not shut down correctly so it was forcefully terminated.
[ERROR] A SubprocessEnvManager worker did not shut down correctly so it was forcefully terminated.
[ERROR] A SubprocessEnvManager worker did not shut down correctly so it was forcefully terminated.
[ERROR] A SubprocessEnvManager worker did not shut down correctly so it was forcefully terminated.
[ERROR] A SubprocessEnvManager worker did not shut down correctly so it was forcefully terminated.
[ERROR] A SubprocessEnvManager worker did not shut down correctly so it was forcefully terminated.
[ERROR] A SubprocessEnvManager worker did not shut down correctly so it was forcefully terminated.
[ERROR] A SubprocessEnvManager worker did not shut down correctly so it was forcefully terminated.
[ERROR] A SubprocessEnvManager worker did not shut down correctly so it was forcefully terminated.
[ERROR] A SubprocessEnvManager worker did not shut down correctly so it was forcefully terminated.
[ERROR] A SubprocessEnvManager worker did not shut down correctly so it was forcefully terminated.
[ERROR] A SubprocessEnvManager worker did not shut down correctly so it was forcefully terminated.
[ERROR] A SubprocessEnvManager worker did not shut down correctly so it was forcefully terminated.
[ERROR] A SubprocessEnvManager worker did not shut down correctly so it was forcefully terminated.
[ERROR] A SubprocessEnvManager worker did not shut down correctly so it was forcefully terminated.
[ERROR] A SubprocessEnvManager worker did not shut down correctly so it was forcefully terminated.
[ERROR] A SubprocessEnvManager worker did not shut down correctly so it was forcefully terminated.
[ERROR] A SubprocessEnvManager worker did not shut down correctly so it was forcefully terminated.
[ERROR] A SubprocessEnvManager worker did not shut down correctly so it was forcefully terminated.
[ERROR] A SubprocessEnvManager worker did not shut down correctly so it was forcefully terminated.
[ERROR] A SubprocessEnvManager worker did not shut down correctly so it was forcefully terminated.
[ERROR] A SubprocessEnvManager worker did not shut down correctly so it was forcefully terminated.
[ERROR] A SubprocessEnvManager worker did not shut down correctly so it was forcefully terminated.
[ERROR] A SubprocessEnvManager worker did not shut down correctly so it was forcefully terminated.
[ERROR] A SubprocessEnvManager worker did not shut down correctly so it was forcefully terminated.
[ERROR] A SubprocessEnvManager worker did not shut down correctly so it was forcefully terminated.
[ERROR] A SubprocessEnvManager worker did not shut down correctly so it was forcefully terminated.
[ERROR] A SubprocessEnvManager worker did not shut down correctly so it was forcefully terminated.
[ERROR] A SubprocessEnvManager worker did not shut down correctly so it was forcefully terminated.
[ERROR] A SubprocessEnvManager worker did not shut down correctly so it was forcefully terminated.
[ERROR] A SubprocessEnvManager worker did not shut down correctly so it was forcefully terminated.
[ERROR] A SubprocessEnvManager worker did not shut down correctly so it was forcefully terminated.
[ERROR] A SubprocessEnvManager worker did not shut down correctly so it was forcefully terminated.
[ERROR] A SubprocessEnvManager worker did not shut down correctly so it was forcefully terminated.
[ERROR] A SubprocessEnvManager worker did not shut down correctly so it was forcefully terminated.
[ERROR] A SubprocessEnvManager worker did not shut down correctly so it was forcefully terminated.
[ERROR] A SubprocessEnvManager worker did not shut down correctly so it was forcefully terminated.
