Mono path[0] = 'F:/RLDemo/Bees RL Training/Bees_Data/Managed'
Mono config path = 'F:/RLDemo/Bees RL Training/MonoBleedingEdge/etc'
CodeReloadManager initialized
Input System module state changed to: Initialized.
[Physics::Module] Initialized fallback backend.
[Physics::Module] Id: 0xdecafbad
Initialize engine version: 6000.4.3f1 (39d1a88d4dd1)
[Subsystems] Discovering subsystems at path F:/RLDemo/Bees RL Training/Bees_Data/UnitySubsystems
Forcing GfxDevice: Null
GfxDevice: creating device client; kGfxThreadingModeNonThreaded
NullGfxDevice:
    Version:  NULL 1.0 [1.0]
    Renderer: Null Device
    Vendor:   Unity Technologies
Begin MonoManager ReloadAssembly
- Finished resetting the current domain, in  0.007 seconds
[Physics::Module] Selected backend.
[Physics::Module] Name: PhysX
[Physics::Module] Id: 0xf2b8ea05
[Physics::Module] SDK Version: 4.1.2
[Physics::Module] Integration Version: 1.0.0
[Physics::Module] Threading Mode: Multi-Threaded
Microsoft Media Foundation video decoding to texture disabled: graphics device is Null, only Direct3D 11 and Direct3D 12 (only on desktop) are supported for hardware-accelerated video decoding.
Texture with ID 114 and with size 13376x6920 was too large for graphics device maximum supported texture size (8192x8192). Falling back to a dummy texture. Generate mip maps to provide lower size fallback.
Texture with ID 210 and with size 13376x6920 was too large for graphics device maximum supported texture size (8192x8192). Falling back to a dummy texture. Generate mip maps to provide lower size fallback.
Texture with ID 221 and with size 13376x6920 was too large for graphics device maximum supported texture size (8192x8192). Falling back to a dummy texture. Generate mip maps to provide lower size fallback.
Texture with ID 238 and with size 13376x6920 was too large for graphics device maximum supported texture size (8192x8192). Falling back to a dummy texture. Generate mip maps to provide lower size fallback.
UnloadTime: 1.117500 ms
RL training configuration health_ratio=0.25 map_size=30 episode_timeout=120s ships_per_side=1 bee_ship_types=Wasp human_ship_types=Gunship
DontDestroyOnLoad only works for root GameObjects or components on root GameObjects.
Trying to connect to ws://clashofempire.net:7146
Connection with WebSocketSharp open!
[Steamworks.NET] SteamAPI_Init() failed. Continuing without Steam features.
Steam API is unavailable; using local fallback identity.
User id is 2013868892
Can not play a disabled audio source
Registered Communicator in Agent.
RL 1v1 episode=1 bee_team=0 human_team=1 ships_per_side=1 winner=0 timeout=True duration=119.67s bee_tsv=16->16 human_tsv=18->18 bee_shots=2 bee_hits=0 bee_damage=0 bee_tsv_reward=0.0000 human_shots=2 human_hits=0 human_damage=0 human_tsv_reward=0.0000 bee_reward=-10.0000 human_reward=-10.0000
RL 1v1 episode=2 bee_team=1 human_team=0 ships_per_side=1 winner=0 timeout=True duration=119.98s bee_tsv=16->16 human_tsv=18->18 bee_shots=3 bee_hits=0 bee_damage=0 bee_tsv_reward=0.0000 human_shots=2 human_hits=0 human_damage=0 human_tsv_reward=0.0000 bee_reward=-10.0000 human_reward=-10.0000
RL 1v1 episode=3 bee_team=0 human_team=1 ships_per_side=1 winner=1 timeout=False duration=37.53s bee_tsv=16->16 human_tsv=18->0 bee_shots=1 bee_hits=1 bee_damage=75 bee_tsv_reward=0.5294 human_shots=0 human_hits=0 human_damage=0 human_tsv_reward=-0.5294 bee_reward=10.4981 human_reward=-10.5294
RL 1v1 episode=4 bee_team=1 human_team=0 ships_per_side=1 winner=0 timeout=True duration=119.98s bee_tsv=16->16 human_tsv=18->18 bee_shots=1 bee_hits=0 bee_damage=0 bee_tsv_reward=0.0000 human_shots=2 human_hits=0 human_damage=0 human_tsv_reward=0.0000 bee_reward=-10.0000 human_reward=-10.0000
RL 1v1 episode=5 bee_team=0 human_team=1 ships_per_side=1 winner=0 timeout=True duration=119.98s bee_tsv=16->16 human_tsv=18->18 bee_shots=1 bee_hits=0 bee_damage=0 bee_tsv_reward=0.0000 human_shots=0 human_hits=0 human_damage=0 human_tsv_reward=0.0000 bee_reward=-10.0000 human_reward=-10.0000
RL 1v1 episode=6 bee_team=1 human_team=0 ships_per_side=1 winner=0 timeout=True duration=119.98s bee_tsv=16->16 human_tsv=18->18 bee_shots=0 bee_hits=0 bee_damage=0 bee_tsv_reward=0.0000 human_shots=0 human_hits=0 human_damage=0 human_tsv_reward=0.0000 bee_reward=-10.0000 human_reward=-10.0000
RL 1v1 episode=7 bee_team=0 human_team=1 ships_per_side=1 winner=0 timeout=True duration=119.98s bee_tsv=16->16 human_tsv=18->18 bee_shots=0 bee_hits=0 bee_damage=0 bee_tsv_reward=0.0000 human_shots=0 human_hits=0 human_damage=0 human_tsv_reward=0.0000 bee_reward=-10.0000 human_reward=-10.0000
RL 1v1 episode=8 bee_team=1 human_team=0 ships_per_side=1 winner=0 timeout=True duration=119.98s bee_tsv=16->16 human_tsv=18->18 bee_shots=0 bee_hits=0 bee_damage=0 bee_tsv_reward=0.0000 human_shots=0 human_hits=0 human_damage=0 human_tsv_reward=0.0000 bee_reward=-10.0000 human_reward=-10.0000
RL 1v1 episode=9 bee_team=0 human_team=1 ships_per_side=1 winner=0 timeout=True duration=119.98s bee_tsv=16->16 human_tsv=18->18 bee_shots=0 bee_hits=0 bee_damage=0 bee_tsv_reward=0.0000 human_shots=0 human_hits=0 human_damage=0 human_tsv_reward=0.0000 bee_reward=-10.0000 human_reward=-10.0000
RL 1v1 episode=10 bee_team=1 human_team=0 ships_per_side=1 winner=0 timeout=True duration=119.98s bee_tsv=16->16 human_tsv=18->18 bee_shots=1 bee_hits=0 bee_damage=0 bee_tsv_reward=0.0000 human_shots=0 human_hits=0 human_damage=0 human_tsv_reward=0.0000 bee_reward=-10.0000 human_reward=-10.0000
RL 1v1 summary episodes=10 bee_record=1-9 human_record=0-10 timeouts=9 avg_duration=111.71s bee_shots=9 bee_hits=1 bee_hit_rate=11.11 % bee_damage=75 human_shots=6 human_hits=0 human_hit_rate=0.00 % human_damage=0
RL 1v1 episode=11 bee_team=0 human_team=1 ships_per_side=1 winner=0 timeout=True duration=119.98s bee_tsv=16->16 human_tsv=18->18 bee_shots=0 bee_hits=0 bee_damage=0 bee_tsv_reward=0.0000 human_shots=0 human_hits=0 human_damage=0 human_tsv_reward=0.0000 bee_reward=-10.0000 human_reward=-10.0000
RL 1v1 episode=12 bee_team=1 human_team=0 ships_per_side=1 winner=0 timeout=True duration=119.98s bee_tsv=16->16 human_tsv=18->18 bee_shots=1 bee_hits=0 bee_damage=0 bee_tsv_reward=0.0000 human_shots=2 human_hits=0 human_damage=0 human_tsv_reward=0.0000 bee_reward=-10.0000 human_reward=-10.0000
RL 1v1 episode=13 bee_team=0 human_team=1 ships_per_side=1 winner=0 timeout=True duration=119.98s bee_tsv=16->16 human_tsv=18->18 bee_shots=0 bee_hits=0 bee_damage=0 bee_tsv_reward=0.0000 human_shots=4 human_hits=0 human_damage=0 human_tsv_reward=0.0000 bee_reward=-10.0000 human_reward=-10.0000
RL 1v1 episode=14 bee_team=1 human_team=0 ships_per_side=1 winner=0 timeout=True duration=119.98s bee_tsv=16->16 human_tsv=18->18 bee_shots=0 bee_hits=0 bee_damage=0 bee_tsv_reward=0.0000 human_shots=0 human_hits=0 human_damage=0 human_tsv_reward=0.0000 bee_reward=-10.0000 human_reward=-10.0000
RL 1v1 episode=15 bee_team=0 human_team=1 ships_per_side=1 winner=0 timeout=True duration=119.98s bee_tsv=16->16 human_tsv=18->18 bee_shots=1 bee_hits=0 bee_damage=0 bee_tsv_reward=0.0000 human_shots=2 human_hits=0 human_damage=0 human_tsv_reward=0.0000 bee_reward=-10.0000 human_reward=-10.0000
RL 1v1 episode=16 bee_team=1 human_team=0 ships_per_side=1 winner=1 timeout=False duration=87.58s bee_tsv=16->16 human_tsv=18->0 bee_shots=2 bee_hits=1 bee_damage=75 bee_tsv_reward=0.5294 human_shots=2 human_hits=0 human_damage=0 human_tsv_reward=-0.5294 bee_reward=10.4564 human_reward=-10.5294
RL 1v1 episode=17 bee_team=0 human_team=1 ships_per_side=1 winner=0 timeout=True duration=119.98s bee_tsv=16->13 human_tsv=18->18 bee_shots=0 bee_hits=0 bee_damage=0 bee_tsv_reward=-0.0882 human_shots=2 human_hits=1 human_damage=30 human_tsv_reward=0.0882 bee_reward=-10.0882 human_reward=-9.9118
RL 1v1 episode=18 bee_team=1 human_team=0 ships_per_side=1 winner=0 timeout=True duration=119.98s bee_tsv=16->16 human_tsv=18->18 bee_shots=1 bee_hits=0 bee_damage=0 bee_tsv_reward=0.0000 human_shots=2 human_hits=0 human_damage=0 human_tsv_reward=0.0000 bee_reward=-10.0000 human_reward=-10.0000
RL 1v1 episode=19 bee_team=0 human_team=1 ships_per_side=1 winner=0 timeout=True duration=119.98s bee_tsv=16->16 human_tsv=18->18 bee_shots=2 bee_hits=0 bee_damage=0 bee_tsv_reward=0.0000 human_shots=0 human_hits=0 human_damage=0 human_tsv_reward=0.0000 bee_reward=-10.0000 human_reward=-10.0000
RL 1v1 episode=20 bee_team=1 human_team=0 ships_per_side=1 winner=0 timeout=True duration=119.98s bee_tsv=16->16 human_tsv=18->18 bee_shots=0 bee_hits=0 bee_damage=0 bee_tsv_reward=0.0000 human_shots=0 human_hits=0 human_damage=0 human_tsv_reward=0.0000 bee_reward=-10.0000 human_reward=-10.0000
RL 1v1 summary episodes=20 bee_record=2-18 human_record=0-20 timeouts=18 avg_duration=114.23s bee_shots=16 bee_hits=2 bee_hit_rate=12.50 % bee_damage=150 human_shots=20 human_hits=1 human_hit_rate=5.00 % human_damage=30
RL 1v1 episode=21 bee_team=0 human_team=1 ships_per_side=1 winner=1 timeout=False duration=117.55s bee_tsv=16->16 human_tsv=18->0 bee_shots=1 bee_hits=1 bee_damage=75 bee_tsv_reward=0.5294 human_shots=2 human_hits=0 human_damage=0 human_tsv_reward=-0.5294 bee_reward=10.4315 human_reward=-10.5294
RL 1v1 episode=22 bee_team=1 human_team=0 ships_per_side=1 winner=0 timeout=True duration=119.98s bee_tsv=16->16 human_tsv=18->18 bee_shots=0 bee_hits=0 bee_damage=0 bee_tsv_reward=0.0000 human_shots=0 human_hits=0 human_damage=0 human_tsv_reward=0.0000 bee_reward=-10.0000 human_reward=-10.0000
RL 1v1 episode=23 bee_team=0 human_team=1 ships_per_side=1 winner=0 timeout=True duration=119.98s bee_tsv=16->16 human_tsv=18->18 bee_shots=0 bee_hits=0 bee_damage=0 bee_tsv_reward=0.0000 human_shots=2 human_hits=0 human_damage=0 human_tsv_reward=0.0000 bee_reward=-10.0000 human_reward=-10.0000
RL 1v1 episode=24 bee_team=1 human_team=0 ships_per_side=1 winner=0 timeout=True duration=119.98s bee_tsv=16->16 human_tsv=18->18 bee_shots=0 bee_hits=0 bee_damage=0 bee_tsv_reward=0.0000 human_shots=0 human_hits=0 human_damage=0 human_tsv_reward=0.0000 bee_reward=-10.0000 human_reward=-10.0000
RL 1v1 episode=25 bee_team=0 human_team=1 ships_per_side=1 winner=0 timeout=True duration=119.98s bee_tsv=16->16 human_tsv=18->18 bee_shots=1 bee_hits=0 bee_damage=0 bee_tsv_reward=0.0000 human_shots=0 human_hits=0 human_damage=0 human_tsv_reward=0.0000 bee_reward=-10.0000 human_reward=-10.0000
RL 1v1 episode=26 bee_team=1 human_team=0 ships_per_side=1 winner=0 timeout=True duration=119.98s bee_tsv=16->16 human_tsv=18->18 bee_shots=0 bee_hits=0 bee_damage=0 bee_tsv_reward=0.0000 human_shots=0 human_hits=0 human_damage=0 human_tsv_reward=0.0000 bee_reward=-10.0000 human_reward=-10.0000
RL 1v1 episode=27 bee_team=0 human_team=1 ships_per_side=1 winner=0 timeout=True duration=119.98s bee_tsv=16->16 human_tsv=18->18 bee_shots=1 bee_hits=0 bee_damage=0 bee_tsv_reward=0.0000 human_shots=0 human_hits=0 human_damage=0 human_tsv_reward=0.0000 bee_reward=-10.0000 human_reward=-10.0000
RL 1v1 episode=28 bee_team=1 human_team=0 ships_per_side=1 winner=0 timeout=True duration=119.98s bee_tsv=16->16 human_tsv=18->18 bee_shots=0 bee_hits=0 bee_damage=0 bee_tsv_reward=0.0000 human_shots=0 human_hits=0 human_damage=0 human_tsv_reward=0.0000 bee_reward=-10.0000 human_reward=-10.0000
RL 1v1 episode=29 bee_team=0 human_team=1 ships_per_side=1 winner=0 timeout=True duration=119.98s bee_tsv=16->16 human_tsv=18->18 bee_shots=1 bee_hits=0 bee_damage=0 bee_tsv_reward=0.0000 human_shots=0 human_hits=0 human_damage=0 human_tsv_reward=0.0000 bee_reward=-10.0000 human_reward=-10.0000
RL 1v1 episode=30 bee_team=1 human_team=0 ships_per_side=1 winner=0 timeout=True duration=119.98s bee_tsv=16->16 human_tsv=18->18 bee_shots=1 bee_hits=0 bee_damage=0 bee_tsv_reward=0.0000 human_shots=2 human_hits=0 human_damage=0 human_tsv_reward=0.0000 bee_reward=-10.0000 human_reward=-10.0000
RL 1v1 summary episodes=30 bee_record=3-27 human_record=0-30 timeouts=27 avg_duration=116.06s bee_shots=21 bee_hits=3 bee_hit_rate=14.29 % bee_damage=225 human_shots=26 human_hits=1 human_hit_rate=3.85 % human_damage=30
RL 1v1 episode=31 bee_team=0 human_team=1 ships_per_side=1 winner=0 timeout=True duration=119.98s bee_tsv=16->16 human_tsv=18->18 bee_shots=0 bee_hits=0 bee_damage=0 bee_tsv_reward=0.0000 human_shots=0 human_hits=0 human_damage=0 human_tsv_reward=0.0000 bee_reward=-10.0000 human_reward=-10.0000
RL 1v1 episode=32 bee_team=1 human_team=0 ships_per_side=1 winner=0 timeout=True duration=119.98s bee_tsv=16->16 human_tsv=18->18 bee_shots=1 bee_hits=0 bee_damage=0 bee_tsv_reward=0.0000 human_shots=0 human_hits=0 human_damage=0 human_tsv_reward=0.0000 bee_reward=-10.0000 human_reward=-10.0000
RL 1v1 episode=33 bee_team=0 human_team=1 ships_per_side=1 winner=1 timeout=False duration=85.05s bee_tsv=16->16 human_tsv=18->0 bee_shots=1 bee_hits=1 bee_damage=75 bee_tsv_reward=0.5294 human_shots=0 human_hits=0 human_damage=0 human_tsv_reward=-0.5294 bee_reward=10.4585 human_reward=-10.5294
RL 1v1 episode=34 bee_team=1 human_team=0 ships_per_side=1 winner=1 timeout=False duration=57.53s bee_tsv=16->16 human_tsv=18->0 bee_shots=1 bee_hits=1 bee_damage=75 bee_tsv_reward=0.5294 human_shots=0 human_hits=0 human_damage=0 human_tsv_reward=-0.5294 bee_reward=10.4815 human_reward=-10.5294
RL 1v1 episode=35 bee_team=0 human_team=1 ships_per_side=1 winner=0 timeout=True duration=119.98s bee_tsv=16->16 human_tsv=18->18 bee_shots=0 bee_hits=0 bee_damage=0 bee_tsv_reward=0.0000 human_shots=0 human_hits=0 human_damage=0 human_tsv_reward=0.0000 bee_reward=-10.0000 human_reward=-10.0000
RL 1v1 episode=36 bee_team=1 human_team=0 ships_per_side=1 winner=0 timeout=True duration=119.98s bee_tsv=16->16 human_tsv=18->18 bee_shots=0 bee_hits=0 bee_damage=0 bee_tsv_reward=0.0000 human_shots=0 human_hits=0 human_damage=0 human_tsv_reward=0.0000 bee_reward=-10.0000 human_reward=-10.0000
RL 1v1 episode=37 bee_team=0 human_team=1 ships_per_side=1 winner=0 timeout=True duration=119.98s bee_tsv=16->16 human_tsv=18->18 bee_shots=0 bee_hits=0 bee_damage=0 bee_tsv_reward=0.0000 human_shots=0 human_hits=0 human_damage=0 human_tsv_reward=0.0000 bee_reward=-10.0000 human_reward=-10.0000
RL 1v1 episode=38 bee_team=1 human_team=0 ships_per_side=1 winner=0 timeout=True duration=119.98s bee_tsv=16->16 human_tsv=18->18 bee_shots=1 bee_hits=0 bee_damage=0 bee_tsv_reward=0.0000 human_shots=0 human_hits=0 human_damage=0 human_tsv_reward=0.0000 bee_reward=-10.0000 human_reward=-10.0000
RL 1v1 episode=39 bee_team=0 human_team=1 ships_per_side=1 winner=0 timeout=True duration=119.98s bee_tsv=16->16 human_tsv=18->18 bee_shots=0 bee_hits=0 bee_damage=0 bee_tsv_reward=0.0000 human_shots=0 human_hits=0 human_damage=0 human_tsv_reward=0.0000 bee_reward=-10.0000 human_reward=-10.0000
RL 1v1 episode=40 bee_team=1 human_team=0 ships_per_side=1 winner=0 timeout=True duration=119.98s bee_tsv=16->16 human_tsv=18->18 bee_shots=0 bee_hits=0 bee_damage=0 bee_tsv_reward=0.0000 human_shots=2 human_hits=0 human_damage=0 human_tsv_reward=0.0000 bee_reward=-10.0000 human_reward=-10.0000
RL 1v1 summary episodes=40 bee_record=5-35 human_record=0-40 timeouts=35 avg_duration=114.61s bee_shots=25 bee_hits=5 bee_hit_rate=20.00 % bee_damage=375 human_shots=28 human_hits=1 human_hit_rate=3.57 % human_damage=30
RL 1v1 episode=41 bee_team=0 human_team=1 ships_per_side=1 winner=0 timeout=True duration=119.98s bee_tsv=16->16 human_tsv=18->18 bee_shots=1 bee_hits=0 bee_damage=0 bee_tsv_reward=0.0000 human_shots=0 human_hits=0 human_damage=0 human_tsv_reward=0.0000 bee_reward=-10.0000 human_reward=-10.0000
RL 1v1 episode=42 bee_team=1 human_team=0 ships_per_side=1 winner=0 timeout=True duration=119.98s bee_tsv=16->16 human_tsv=18->18 bee_shots=1 bee_hits=0 bee_damage=0 bee_tsv_reward=0.0000 human_shots=0 human_hits=0 human_damage=0 human_tsv_reward=0.0000 bee_reward=-10.0000 human_reward=-10.0000
RL 1v1 episode=43 bee_team=0 human_team=1 ships_per_side=1 winner=0 timeout=True duration=119.98s bee_tsv=16->16 human_tsv=18->18 bee_shots=0 bee_hits=0 bee_damage=0 bee_tsv_reward=0.0000 human_shots=0 human_hits=0 human_damage=0 human_tsv_reward=0.0000 bee_reward=-10.0000 human_reward=-10.0000
RL 1v1 episode=44 bee_team=1 human_team=0 ships_per_side=1 winner=1 timeout=False duration=75.10s bee_tsv=16->16 human_tsv=18->0 bee_shots=2 bee_hits=1 bee_damage=75 bee_tsv_reward=0.5294 human_shots=0 human_hits=0 human_damage=0 human_tsv_reward=-0.5294 bee_reward=10.4668 human_reward=-10.5294
RL 1v1 episode=45 bee_team=0 human_team=1 ships_per_side=1 winner=0 timeout=True duration=119.98s bee_tsv=16->16 human_tsv=18->18 bee_shots=0 bee_hits=0 bee_damage=0 bee_tsv_reward=0.0000 human_shots=0 human_hits=0 human_damage=0 human_tsv_reward=0.0000 bee_reward=-10.0000 human_reward=-10.0000
RL 1v1 episode=46 bee_team=1 human_team=0 ships_per_side=1 winner=0 timeout=True duration=119.98s bee_tsv=16->16 human_tsv=18->18 bee_shots=0 bee_hits=0 bee_damage=0 bee_tsv_reward=0.0000 human_shots=0 human_hits=0 human_damage=0 human_tsv_reward=0.0000 bee_reward=-10.0000 human_reward=-10.0000
RL 1v1 episode=47 bee_team=0 human_team=1 ships_per_side=1 winner=0 timeout=True duration=119.98s bee_tsv=16->16 human_tsv=18->18 bee_shots=0 bee_hits=0 bee_damage=0 bee_tsv_reward=0.0000 human_shots=2 human_hits=0 human_damage=0 human_tsv_reward=0.0000 bee_reward=-10.0000 human_reward=-10.0000
RL 1v1 episode=48 bee_team=1 human_team=0 ships_per_side=1 winner=1 timeout=False duration=77.53s bee_tsv=16->11 human_tsv=18->0 bee_shots=1 bee_hits=1 bee_damage=75 bee_tsv_reward=0.3824 human_shots=2 human_hits=2 human_damage=60 human_tsv_reward=-0.3824 bee_reward=10.3177 human_reward=-10.3824
RL 1v1 episode=49 bee_team=0 human_team=1 ships_per_side=1 winner=0 timeout=True duration=119.98s bee_tsv=16->16 human_tsv=18->18 bee_shots=1 bee_hits=0 bee_damage=0 bee_tsv_reward=0.0000 human_shots=0 human_hits=0 human_damage=0 human_tsv_reward=0.0000 bee_reward=-10.0000 human_reward=-10.0000
RL 1v1 episode=50 bee_team=1 human_team=0 ships_per_side=1 winner=1 timeout=False duration=107.55s bee_tsv=16->11 human_tsv=18->0 bee_shots=1 bee_hits=1 bee_damage=75 bee_tsv_reward=0.3824 human_shots=2 human_hits=2 human_damage=60 human_tsv_reward=-0.3824 bee_reward=10.2927 human_reward=-10.3824
RL 1v1 summary episodes=50 bee_record=8-42 human_record=0-50 timeouts=42 avg_duration=113.69s bee_shots=32 bee_hits=8 bee_hit_rate=25.00 % bee_damage=600 human_shots=34 human_hits=5 human_hit_rate=14.71 % human_damage=150
RL 1v1 episode=51 bee_team=0 human_team=1 ships_per_side=1 winner=0 timeout=True duration=119.98s bee_tsv=16->16 human_tsv=18->18 bee_shots=1 bee_hits=0 bee_damage=0 bee_tsv_reward=0.0000 human_shots=0 human_hits=0 human_damage=0 human_tsv_reward=0.0000 bee_reward=-10.0000 human_reward=-10.0000
RL 1v1 episode=52 bee_team=1 human_team=0 ships_per_side=1 winner=0 timeout=True duration=119.98s bee_tsv=16->16 human_tsv=18->18 bee_shots=0 bee_hits=0 bee_damage=0 bee_tsv_reward=0.0000 human_shots=2 human_hits=0 human_damage=0 human_tsv_reward=0.0000 bee_reward=-10.0000 human_reward=-10.0000
RL 1v1 episode=53 bee_team=0 human_team=1 ships_per_side=1 winner=0 timeout=True duration=119.98s bee_tsv=16->16 human_tsv=18->18 bee_shots=1 bee_hits=0 bee_damage=0 bee_tsv_reward=0.0000 human_shots=2 human_hits=0 human_damage=0 human_tsv_reward=0.0000 bee_reward=-10.0000 human_reward=-10.0000
RL 1v1 episode=54 bee_team=1 human_team=0 ships_per_side=1 winner=0 timeout=True duration=119.98s bee_tsv=16->16 human_tsv=18->18 bee_shots=2 bee_hits=0 bee_damage=0 bee_tsv_reward=0.0000 human_shots=2 human_hits=0 human_damage=0 human_tsv_reward=0.0000 bee_reward=-10.0000 human_reward=-10.0000
RL 1v1 episode=55 bee_team=0 human_team=1 ships_per_side=1 winner=1 timeout=False duration=100.05s bee_tsv=16->16 human_tsv=18->0 bee_shots=1 bee_hits=1 bee_damage=75 bee_tsv_reward=0.5294 human_shots=0 human_hits=0 human_damage=0 human_tsv_reward=-0.5294 bee_reward=10.4460 human_reward=-10.5294
RL 1v1 episode=56 bee_team=1 human_team=0 ships_per_side=1 winner=1 timeout=False duration=2.53s bee_tsv=16->16 human_tsv=18->0 bee_shots=1 bee_hits=1 bee_damage=75 bee_tsv_reward=0.5294 human_shots=0 human_hits=0 human_damage=0 human_tsv_reward=-0.5294 bee_reward=10.5273 human_reward=-10.5294
RL 1v1 episode=57 bee_team=0 human_team=1 ships_per_side=1 winner=1 timeout=False duration=47.55s bee_tsv=16->11 human_tsv=18->0 bee_shots=1 bee_hits=1 bee_damage=75 bee_tsv_reward=0.3824 human_shots=2 human_hits=2 human_damage=60 human_tsv_reward=-0.3824 bee_reward=10.3427 human_reward=-10.3824
RL 1v1 episode=58 bee_team=1 human_team=0 ships_per_side=1 winner=1 timeout=False duration=62.53s bee_tsv=16->11 human_tsv=18->0 bee_shots=1 bee_hits=1 bee_damage=75 bee_tsv_reward=0.3824 human_shots=2 human_hits=2 human_damage=60 human_tsv_reward=-0.3824 bee_reward=10.3302 human_reward=-10.3824
RL 1v1 episode=59 bee_team=0 human_team=1 ships_per_side=1 winner=0 timeout=True duration=119.98s bee_tsv=16->16 human_tsv=18->18 bee_shots=0 bee_hits=0 bee_damage=0 bee_tsv_reward=0.0000 human_shots=2 human_hits=0 human_damage=0 human_tsv_reward=0.0000 bee_reward=-10.0000 human_reward=-10.0000
RL 1v1 episode=60 bee_team=1 human_team=0 ships_per_side=1 winner=2 timeout=False duration=60.03s bee_tsv=16->0 human_tsv=18->18 bee_shots=1 bee_hits=0 bee_damage=0 bee_tsv_reward=-0.4706 human_shots=4 human_hits=4 human_damage=100 human_tsv_reward=0.4706 bee_reward=-10.4706 human_reward=10.4206
RL 1v1 summary episodes=60 bee_record=12-48 human_record=1-59 timeouts=47 avg_duration=109.28s bee_shots=41 bee_hits=12 bee_hit_rate=29.27 % bee_damage=900 human_shots=50 human_hits=13 human_hit_rate=26.00 % human_damage=370
RL 1v1 episode=61 bee_team=0 human_team=1 ships_per_side=1 winner=1 timeout=False duration=67.53s bee_tsv=16->13 human_tsv=18->0 bee_shots=1 bee_hits=1 bee_damage=75 bee_tsv_reward=0.4412 human_shots=2 human_hits=1 human_damage=30 human_tsv_reward=-0.4412 bee_reward=10.3849 human_reward=-10.4412
RL 1v1 episode=62 bee_team=1 human_team=0 ships_per_side=1 winner=1 timeout=False duration=67.53s bee_tsv=16->13 human_tsv=18->0 bee_shots=2 bee_hits=1 bee_damage=75 bee_tsv_reward=0.4412 human_shots=6 human_hits=1 human_damage=30 human_tsv_reward=-0.4412 bee_reward=10.3849 human_reward=-10.4412
RL 1v1 episode=63 bee_team=0 human_team=1 ships_per_side=1 winner=0 timeout=True duration=119.98s bee_tsv=16->16 human_tsv=18->18 bee_shots=0 bee_hits=0 bee_damage=0 bee_tsv_reward=0.0000 human_shots=0 human_hits=0 human_damage=0 human_tsv_reward=0.0000 bee_reward=-10.0000 human_reward=-10.0000
RL 1v1 episode=64 bee_team=1 human_team=0 ships_per_side=1 winner=0 timeout=True duration=119.98s bee_tsv=16->16 human_tsv=18->18 bee_shots=1 bee_hits=0 bee_damage=0 bee_tsv_reward=0.0000 human_shots=4 human_hits=0 human_damage=0 human_tsv_reward=0.0000 bee_reward=-10.0000 human_reward=-10.0000
RL 1v1 episode=65 bee_team=0 human_team=1 ships_per_side=1 winner=1 timeout=False duration=107.60s bee_tsv=16->13 human_tsv=18->0 bee_shots=4 bee_hits=1 bee_damage=75 bee_tsv_reward=0.4412 human_shots=2 human_hits=1 human_damage=30 human_tsv_reward=-0.4412 bee_reward=10.3515 human_reward=-10.4412
RL 1v1 episode=66 bee_team=1 human_team=0 ships_per_side=1 winner=1 timeout=False duration=112.55s bee_tsv=16->16 human_tsv=18->0 bee_shots=2 bee_hits=1 bee_damage=75 bee_tsv_reward=0.5294 human_shots=0 human_hits=0 human_damage=0 human_tsv_reward=-0.5294 bee_reward=10.4356 human_reward=-10.5294
RL 1v1 episode=67 bee_team=0 human_team=1 ships_per_side=1 winner=0 timeout=True duration=119.98s bee_tsv=16->16 human_tsv=18->18 bee_shots=1 bee_hits=0 bee_damage=0 bee_tsv_reward=0.0000 human_shots=2 human_hits=0 human_damage=0 human_tsv_reward=0.0000 bee_reward=-10.0000 human_reward=-10.0000
RL 1v1 episode=68 bee_team=1 human_team=0 ships_per_side=1 winner=0 timeout=True duration=119.98s bee_tsv=16->16 human_tsv=18->18 bee_shots=1 bee_hits=0 bee_damage=0 bee_tsv_reward=0.0000 human_shots=2 human_hits=0 human_damage=0 human_tsv_reward=0.0000 bee_reward=-10.0000 human_reward=-10.0000
RL 1v1 episode=69 bee_team=0 human_team=1 ships_per_side=1 winner=1 timeout=False duration=97.53s bee_tsv=16->13 human_tsv=18->0 bee_shots=1 bee_hits=1 bee_damage=75 bee_tsv_reward=0.4412 human_shots=2 human_hits=1 human_damage=30 human_tsv_reward=-0.4412 bee_reward=10.3599 human_reward=-10.4412
RL 1v1 episode=70 bee_team=1 human_team=0 ships_per_side=1 winner=1 timeout=False duration=50.05s bee_tsv=16->11 human_tsv=18->0 bee_shots=2 bee_hits=1 bee_damage=75 bee_tsv_reward=0.3824 human_shots=2 human_hits=2 human_damage=60 human_tsv_reward=-0.3824 bee_reward=10.3406 human_reward=-10.3824
RL 1v1 summary episodes=70 bee_record=18-52 human_record=1-69 timeouts=51 avg_duration=107.71s bee_shots=56 bee_hits=18 bee_hit_rate=32.14 % bee_damage=1350 human_shots=72 human_hits=19 human_hit_rate=26.39 % human_damage=550
RL 1v1 episode=71 bee_team=0 human_team=1 ships_per_side=1 winner=0 timeout=True duration=119.98s bee_tsv=16->16 human_tsv=18->18 bee_shots=3 bee_hits=0 bee_damage=0 bee_tsv_reward=0.0000 human_shots=0 human_hits=0 human_damage=0 human_tsv_reward=0.0000 bee_reward=-10.0000 human_reward=-10.0000
RL 1v1 episode=72 bee_team=1 human_team=0 ships_per_side=1 winner=0 timeout=True duration=119.98s bee_tsv=16->13 human_tsv=18->18 bee_shots=1 bee_hits=0 bee_damage=0 bee_tsv_reward=-0.0882 human_shots=2 human_hits=1 human_damage=30 human_tsv_reward=0.0882 bee_reward=-10.0882 human_reward=-9.9118
RL 1v1 episode=73 bee_team=0 human_team=1 ships_per_side=1 winner=0 timeout=True duration=119.98s bee_tsv=16->16 human_tsv=18->18 bee_shots=1 bee_hits=0 bee_damage=0 bee_tsv_reward=0.0000 human_shots=0 human_hits=0 human_damage=0 human_tsv_reward=0.0000 bee_reward=-10.0000 human_reward=-10.0000
RL 1v1 episode=74 bee_team=1 human_team=0 ships_per_side=1 winner=0 timeout=True duration=119.98s bee_tsv=16->16 human_tsv=18->18 bee_shots=2 bee_hits=0 bee_damage=0 bee_tsv_reward=0.0000 human_shots=2 human_hits=0 human_damage=0 human_tsv_reward=0.0000 bee_reward=-10.0000 human_reward=-10.0000
RL 1v1 episode=75 bee_team=0 human_team=1 ships_per_side=1 winner=0 timeout=True duration=119.98s bee_tsv=16->16 human_tsv=18->18 bee_shots=1 bee_hits=0 bee_damage=0 bee_tsv_reward=0.0000 human_shots=0 human_hits=0 human_damage=0 human_tsv_reward=0.0000 bee_reward=-10.0000 human_reward=-10.0000
RL 1v1 episode=76 bee_team=1 human_team=0 ships_per_side=1 winner=0 timeout=True duration=119.98s bee_tsv=16->16 human_tsv=18->18 bee_shots=1 bee_hits=0 bee_damage=0 bee_tsv_reward=0.0000 human_shots=4 human_hits=0 human_damage=0 human_tsv_reward=0.0000 bee_reward=-10.0000 human_reward=-10.0000
RL 1v1 episode=77 bee_team=0 human_team=1 ships_per_side=1 winner=1 timeout=False duration=47.53s bee_tsv=16->13 human_tsv=18->0 bee_shots=1 bee_hits=1 bee_damage=75 bee_tsv_reward=0.4412 human_shots=2 human_hits=1 human_damage=30 human_tsv_reward=-0.4412 bee_reward=10.4016 human_reward=-10.4412
RL 1v1 episode=78 bee_team=1 human_team=0 ships_per_side=1 winner=0 timeout=True duration=119.98s bee_tsv=16->16 human_tsv=18->18 bee_shots=0 bee_hits=0 bee_damage=0 bee_tsv_reward=0.0000 human_shots=0 human_hits=0 human_damage=0 human_tsv_reward=0.0000 bee_reward=-10.0000 human_reward=-10.0000
RL 1v1 episode=79 bee_team=0 human_team=1 ships_per_side=1 winner=0 timeout=True duration=119.98s bee_tsv=16->16 human_tsv=18->18 bee_shots=1 bee_hits=0 bee_damage=0 bee_tsv_reward=0.0000 human_shots=2 human_hits=0 human_damage=0 human_tsv_reward=0.0000 bee_reward=-10.0000 human_reward=-10.0000
RL 1v1 episode=80 bee_team=1 human_team=0 ships_per_side=1 winner=0 timeout=True duration=119.98s bee_tsv=16->16 human_tsv=18->18 bee_shots=2 bee_hits=0 bee_damage=0 bee_tsv_reward=0.0000 human_shots=0 human_hits=0 human_damage=0 human_tsv_reward=0.0000 bee_reward=-10.0000 human_reward=-10.0000
RL 1v1 summary episodes=80 bee_record=19-61 human_record=1-79 timeouts=60 avg_duration=108.34s bee_shots=69 bee_hits=19 bee_hit_rate=27.54 % bee_damage=1425 human_shots=84 human_hits=21 human_hit_rate=25.00 % human_damage=610
RL 1v1 episode=81 bee_team=0 human_team=1 ships_per_side=1 winner=0 timeout=True duration=119.98s bee_tsv=16->16 human_tsv=18->18 bee_shots=1 bee_hits=0 bee_damage=0 bee_tsv_reward=0.0000 human_shots=0 human_hits=0 human_damage=0 human_tsv_reward=0.0000 bee_reward=-10.0000 human_reward=-10.0000
RL 1v1 episode=82 bee_team=1 human_team=0 ships_per_side=1 winner=1 timeout=False duration=32.53s bee_tsv=16->16 human_tsv=18->0 bee_shots=1 bee_hits=1 bee_damage=75 bee_tsv_reward=0.5294 human_shots=0 human_hits=0 human_damage=0 human_tsv_reward=-0.5294 bee_reward=10.5023 human_reward=-10.5294
RL 1v1 episode=83 bee_team=0 human_team=1 ships_per_side=1 winner=0 timeout=True duration=119.98s bee_tsv=16->16 human_tsv=18->18 bee_shots=0 bee_hits=0 bee_damage=0 bee_tsv_reward=0.0000 human_shots=0 human_hits=0 human_damage=0 human_tsv_reward=0.0000 bee_reward=-10.0000 human_reward=-10.0000
RL 1v1 episode=84 bee_team=1 human_team=0 ships_per_side=1 winner=0 timeout=True duration=119.98s bee_tsv=16->16 human_tsv=18->18 bee_shots=2 bee_hits=0 bee_damage=0 bee_tsv_reward=0.0000 human_shots=2 human_hits=0 human_damage=0 human_tsv_reward=0.0000 bee_reward=-10.0000 human_reward=-10.0000
RL 1v1 episode=85 bee_team=0 human_team=1 ships_per_side=1 winner=0 timeout=True duration=119.98s bee_tsv=16->16 human_tsv=18->18 bee_shots=1 bee_hits=0 bee_damage=0 bee_tsv_reward=0.0000 human_shots=2 human_hits=0 human_damage=0 human_tsv_reward=0.0000 bee_reward=-10.0000 human_reward=-10.0000
RL 1v1 episode=86 bee_team=1 human_team=0 ships_per_side=1 winner=0 timeout=True duration=119.98s bee_tsv=16->16 human_tsv=18->18 bee_shots=3 bee_hits=0 bee_damage=0 bee_tsv_reward=0.0000 human_shots=0 human_hits=0 human_damage=0 human_tsv_reward=0.0000 bee_reward=-10.0000 human_reward=-10.0000
RL 1v1 episode=87 bee_team=0 human_team=1 ships_per_side=1 winner=0 timeout=True duration=119.98s bee_tsv=16->16 human_tsv=18->18 bee_shots=0 bee_hits=0 bee_damage=0 bee_tsv_reward=0.0000 human_shots=2 human_hits=0 human_damage=0 human_tsv_reward=0.0000 bee_reward=-10.0000 human_reward=-10.0000
RL 1v1 episode=88 bee_team=1 human_team=0 ships_per_side=1 winner=0 timeout=True duration=119.98s bee_tsv=16->16 human_tsv=18->18 bee_shots=1 bee_hits=0 bee_damage=0 bee_tsv_reward=0.0000 human_shots=0 human_hits=0 human_damage=0 human_tsv_reward=0.0000 bee_reward=-10.0000 human_reward=-10.0000
RL 1v1 episode=89 bee_team=0 human_team=1 ships_per_side=1 winner=0 timeout=True duration=119.98s bee_tsv=16->13 human_tsv=18->18 bee_shots=3 bee_hits=0 bee_damage=0 bee_tsv_reward=-0.0882 human_shots=2 human_hits=1 human_damage=30 human_tsv_reward=0.0882 bee_reward=-10.0882 human_reward=-9.9118
RL 1v1 episode=90 bee_team=1 human_team=0 ships_per_side=1 winner=0 timeout=True duration=119.98s bee_tsv=16->16 human_tsv=18->18 bee_shots=1 bee_hits=0 bee_damage=0 bee_tsv_reward=0.0000 human_shots=0 human_hits=0 human_damage=0 human_tsv_reward=0.0000 bee_reward=-10.0000 human_reward=-10.0000
RL 1v1 summary episodes=90 bee_record=20-70 human_record=1-89 timeouts=69 avg_duration=108.66s bee_shots=82 bee_hits=20 bee_hit_rate=24.39 % bee_damage=1500 human_shots=92 human_hits=22 human_hit_rate=23.91 % human_damage=640
RL 1v1 episode=91 bee_team=0 human_team=1 ships_per_side=1 winner=0 timeout=True duration=119.98s bee_tsv=16->16 human_tsv=18->18 bee_shots=3 bee_hits=0 bee_damage=0 bee_tsv_reward=0.0000 human_shots=0 human_hits=0 human_damage=0 human_tsv_reward=0.0000 bee_reward=-10.0000 human_reward=-10.0000
RL 1v1 episode=92 bee_team=1 human_team=0 ships_per_side=1 winner=0 timeout=True duration=119.98s bee_tsv=16->16 human_tsv=18->18 bee_shots=0 bee_hits=0 bee_damage=0 bee_tsv_reward=0.0000 human_shots=2 human_hits=0 human_damage=0 human_tsv_reward=0.0000 bee_reward=-10.0000 human_reward=-10.0000
RL 1v1 episode=93 bee_team=0 human_team=1 ships_per_side=1 winner=0 timeout=True duration=119.98s bee_tsv=16->16 human_tsv=18->18 bee_shots=0 bee_hits=0 bee_damage=0 bee_tsv_reward=0.0000 human_shots=0 human_hits=0 human_damage=0 human_tsv_reward=0.0000 bee_reward=-10.0000 human_reward=-10.0000
RL 1v1 episode=94 bee_team=1 human_team=0 ships_per_side=1 winner=0 timeout=True duration=119.98s bee_tsv=16->16 human_tsv=18->18 bee_shots=3 bee_hits=0 bee_damage=0 bee_tsv_reward=0.0000 human_shots=0 human_hits=0 human_damage=0 human_tsv_reward=0.0000 bee_reward=-10.0000 human_reward=-10.0000
RL 1v1 episode=95 bee_team=0 human_team=1 ships_per_side=1 winner=0 timeout=True duration=119.98s bee_tsv=16->16 human_tsv=18->18 bee_shots=1 bee_hits=0 bee_damage=0 bee_tsv_reward=0.0000 human_shots=2 human_hits=0 human_damage=0 human_tsv_reward=0.0000 bee_reward=-10.0000 human_reward=-10.0000
RL 1v1 episode=96 bee_team=1 human_team=0 ships_per_side=1 winner=1 timeout=False duration=17.57s bee_tsv=16->16 human_tsv=18->0 bee_shots=1 bee_hits=1 bee_damage=75 bee_tsv_reward=0.5294 human_shots=0 human_hits=0 human_damage=0 human_tsv_reward=-0.5294 bee_reward=10.5148 human_reward=-10.5294
RL 1v1 episode=97 bee_team=0 human_team=1 ships_per_side=1 winner=1 timeout=False duration=115.03s bee_tsv=16->16 human_tsv=18->0 bee_shots=2 bee_hits=1 bee_damage=75 bee_tsv_reward=0.5294 human_shots=4 human_hits=0 human_damage=0 human_tsv_reward=-0.5294 bee_reward=10.4336 human_reward=-10.5294
RL 1v1 episode=98 bee_team=1 human_team=0 ships_per_side=1 winner=0 timeout=True duration=119.98s bee_tsv=16->16 human_tsv=18->18 bee_shots=3 bee_hits=0 bee_damage=0 bee_tsv_reward=0.0000 human_shots=0 human_hits=0 human_damage=0 human_tsv_reward=0.0000 bee_reward=-10.0000 human_reward=-10.0000
RL 1v1 episode=99 bee_team=0 human_team=1 ships_per_side=1 winner=0 timeout=True duration=119.98s bee_tsv=16->16 human_tsv=18->18 bee_shots=0 bee_hits=0 bee_damage=0 bee_tsv_reward=0.0000 human_shots=4 human_hits=0 human_damage=0 human_tsv_reward=0.0000 bee_reward=-10.0000 human_reward=-10.0000
RL 1v1 episode=100 bee_team=1 human_team=0 ships_per_side=1 winner=0 timeout=True duration=119.98s bee_tsv=16->16 human_tsv=18->18 bee_shots=2 bee_hits=0 bee_damage=0 bee_tsv_reward=0.0000 human_shots=4 human_hits=0 human_damage=0 human_tsv_reward=0.0000 bee_reward=-10.0000 human_reward=-10.0000
RL 1v1 summary episodes=100 bee_record=22-78 human_record=1-99 timeouts=77 avg_duration=108.72s bee_shots=97 bee_hits=22 bee_hit_rate=22.68 % bee_damage=1650 human_shots=108 human_hits=22 human_hit_rate=20.37 % human_damage=640
RL 1v1 episode=101 bee_team=0 human_team=1 ships_per_side=1 winner=0 timeout=True duration=119.98s bee_tsv=16->16 human_tsv=18->18 bee_shots=0 bee_hits=0 bee_damage=0 bee_tsv_reward=0.0000 human_shots=4 human_hits=0 human_damage=0 human_tsv_reward=0.0000 bee_reward=-10.0000 human_reward=-10.0000
RL 1v1 episode=102 bee_team=1 human_team=0 ships_per_side=1 winner=1 timeout=False duration=67.58s bee_tsv=16->16 human_tsv=18->0 bee_shots=2 bee_hits=1 bee_damage=75 bee_tsv_reward=0.5294 human_shots=0 human_hits=0 human_damage=0 human_tsv_reward=-0.5294 bee_reward=10.4731 human_reward=-10.5294
RL 1v1 episode=103 bee_team=0 human_team=1 ships_per_side=1 winner=0 timeout=True duration=119.98s bee_tsv=16->16 human_tsv=18->18 bee_shots=1 bee_hits=0 bee_damage=0 bee_tsv_reward=0.0000 human_shots=2 human_hits=0 human_damage=0 human_tsv_reward=0.0000 bee_reward=-10.0000 human_reward=-10.0000
RL 1v1 episode=104 bee_team=1 human_team=0 ships_per_side=1 winner=0 timeout=True duration=119.98s bee_tsv=16->11 human_tsv=18->18 bee_shots=1 bee_hits=0 bee_damage=0 bee_tsv_reward=-0.1471 human_shots=2 human_hits=2 human_damage=60 human_tsv_reward=0.1471 bee_reward=-10.1471 human_reward=-9.8529
RL 1v1 episode=105 bee_team=0 human_team=1 ships_per_side=1 winner=0 timeout=True duration=119.98s bee_tsv=16->16 human_tsv=18->18 bee_shots=0 bee_hits=0 bee_damage=0 bee_tsv_reward=0.0000 human_shots=2 human_hits=0 human_damage=0 human_tsv_reward=0.0000 bee_reward=-10.0000 human_reward=-10.0000
RL 1v1 episode=106 bee_team=1 human_team=0 ships_per_side=1 winner=0 timeout=True duration=119.98s bee_tsv=16->13 human_tsv=18->18 bee_shots=1 bee_hits=0 bee_damage=0 bee_tsv_reward=-0.0882 human_shots=8 human_hits=1 human_damage=30 human_tsv_reward=0.0882 bee_reward=-10.0882 human_reward=-9.9118
RL 1v1 episode=107 bee_team=0 human_team=1 ships_per_side=1 winner=1 timeout=False duration=40.17s bee_tsv=16->16 human_tsv=18->0 bee_shots=1 bee_hits=1 bee_damage=75 bee_tsv_reward=0.5294 human_shots=0 human_hits=0 human_damage=0 human_tsv_reward=-0.5294 bee_reward=10.4959 human_reward=-10.5294
RL 1v1 episode=108 bee_team=1 human_team=0 ships_per_side=1 winner=1 timeout=False duration=22.55s bee_tsv=16->16 human_tsv=18->0 bee_shots=1 bee_hits=1 bee_damage=75 bee_tsv_reward=0.5294 human_shots=2 human_hits=0 human_damage=0 human_tsv_reward=-0.5294 bee_reward=10.5106 human_reward=-10.5294
RL 1v1 episode=109 bee_team=0 human_team=1 ships_per_side=1 winner=0 timeout=True duration=119.98s bee_tsv=16->16 human_tsv=18->18 bee_shots=3 bee_hits=0 bee_damage=0 bee_tsv_reward=0.0000 human_shots=0 human_hits=0 human_damage=0 human_tsv_reward=0.0000 bee_reward=-10.0000 human_reward=-10.0000
RL 1v1 episode=110 bee_team=1 human_team=0 ships_per_side=1 winner=1 timeout=False duration=77.53s bee_tsv=16->11 human_tsv=18->0 bee_shots=1 bee_hits=1 bee_damage=75 bee_tsv_reward=0.3824 human_shots=2 human_hits=2 human_damage=60 human_tsv_reward=-0.3824 bee_reward=10.3177 human_reward=-10.3824
RL 1v1 summary episodes=110 bee_record=26-84 human_record=1-109 timeouts=83 avg_duration=107.27s bee_shots=108 bee_hits=26 bee_hit_rate=24.07 % bee_damage=1950 human_shots=130 human_hits=27 human_hit_rate=20.77 % human_damage=790
RL 1v1 episode=111 bee_team=0 human_team=1 ships_per_side=1 winner=0 timeout=True duration=119.98s bee_tsv=16->16 human_tsv=18->18 bee_shots=2 bee_hits=0 bee_damage=0 bee_tsv_reward=0.0000 human_shots=2 human_hits=0 human_damage=0 human_tsv_reward=0.0000 bee_reward=-10.0000 human_reward=-10.0000
RL 1v1 episode=112 bee_team=1 human_team=0 ships_per_side=1 winner=0 timeout=True duration=119.98s bee_tsv=16->11 human_tsv=18->18 bee_shots=0 bee_hits=0 bee_damage=0 bee_tsv_reward=-0.1471 human_shots=2 human_hits=2 human_damage=60 human_tsv_reward=0.1471 bee_reward=-10.1471 human_reward=-9.8529
RL 1v1 episode=113 bee_team=0 human_team=1 ships_per_side=1 winner=1 timeout=False duration=90.20s bee_tsv=16->16 human_tsv=18->0 bee_shots=3 bee_hits=1 bee_damage=75 bee_tsv_reward=0.5294 human_shots=4 human_hits=0 human_damage=0 human_tsv_reward=-0.5294 bee_reward=10.4543 human_reward=-10.5294
RL 1v1 episode=114 bee_team=1 human_team=0 ships_per_side=1 winner=0 timeout=True duration=119.98s bee_tsv=16->16 human_tsv=18->18 bee_shots=1 bee_hits=0 bee_damage=0 bee_tsv_reward=0.0000 human_shots=0 human_hits=0 human_damage=0 human_tsv_reward=0.0000 bee_reward=-10.0000 human_reward=-10.0000
RL 1v1 episode=115 bee_team=0 human_team=1 ships_per_side=1 winner=1 timeout=False duration=32.68s bee_tsv=16->16 human_tsv=18->0 bee_shots=1 bee_hits=1 bee_damage=75 bee_tsv_reward=0.5294 human_shots=0 human_hits=0 human_damage=0 human_tsv_reward=-0.5294 bee_reward=10.5022 human_reward=-10.5294
RL 1v1 episode=116 bee_team=1 human_team=0 ships_per_side=1 winner=1 timeout=False duration=75.05s bee_tsv=16->16 human_tsv=18->0 bee_shots=1 bee_hits=1 bee_damage=75 bee_tsv_reward=0.5294 human_shots=0 human_hits=0 human_damage=0 human_tsv_reward=-0.5294 bee_reward=10.4669 human_reward=-10.5294
RL 1v1 episode=117 bee_team=0 human_team=1 ships_per_side=1 winner=1 timeout=False duration=90.20s bee_tsv=16->16 human_tsv=18->0 bee_shots=6 bee_hits=1 bee_damage=75 bee_tsv_reward=0.5294 human_shots=0 human_hits=0 human_damage=0 human_tsv_reward=-0.5294 bee_reward=10.4543 human_reward=-10.5294
RL 1v1 episode=118 bee_team=1 human_team=0 ships_per_side=1 winner=1 timeout=False duration=15.20s bee_tsv=16->16 human_tsv=18->0 bee_shots=2 bee_hits=1 bee_damage=75 bee_tsv_reward=0.5294 human_shots=2 human_hits=0 human_damage=0 human_tsv_reward=-0.5294 bee_reward=10.5167 human_reward=-10.5294
RL 1v1 episode=119 bee_team=0 human_team=1 ships_per_side=1 winner=1 timeout=False duration=10.18s bee_tsv=16->16 human_tsv=18->0 bee_shots=1 bee_hits=1 bee_damage=75 bee_tsv_reward=0.5294 human_shots=0 human_hits=0 human_damage=0 human_tsv_reward=-0.5294 bee_reward=10.5209 human_reward=-10.5294
RL 1v1 episode=120 bee_team=1 human_team=0 ships_per_side=1 winner=1 timeout=False duration=17.53s bee_tsv=16->16 human_tsv=18->0 bee_shots=1 bee_hits=1 bee_damage=75 bee_tsv_reward=0.5294 human_shots=0 human_hits=0 human_damage=0 human_tsv_reward=-0.5294 bee_reward=10.5148 human_reward=-10.5294
RL 1v1 summary episodes=120 bee_record=33-87 human_record=1-119 timeouts=86 avg_duration=104.09s bee_shots=126 bee_hits=33 bee_hit_rate=26.19 % bee_damage=2475 human_shots=140 human_hits=29 human_hit_rate=20.71 % human_damage=850
RL 1v1 episode=121 bee_team=0 human_team=1 ships_per_side=1 winner=1 timeout=False duration=27.70s bee_tsv=16->16 human_tsv=18->0 bee_shots=1 bee_hits=1 bee_damage=75 bee_tsv_reward=0.5294 human_shots=0 human_hits=0 human_damage=0 human_tsv_reward=-0.5294 bee_reward=10.5063 human_reward=-10.5294
RL 1v1 episode=122 bee_team=1 human_team=0 ships_per_side=1 winner=1 timeout=False duration=10.20s bee_tsv=16->16 human_tsv=18->0 bee_shots=1 bee_hits=1 bee_damage=75 bee_tsv_reward=0.5294 human_shots=0 human_hits=0 human_damage=0 human_tsv_reward=-0.5294 bee_reward=10.5209 human_reward=-10.5294
RL 1v1 episode=123 bee_team=0 human_team=1 ships_per_side=1 winner=1 timeout=False duration=15.20s bee_tsv=16->16 human_tsv=18->0 bee_shots=1 bee_hits=1 bee_damage=75 bee_tsv_reward=0.5294 human_shots=0 human_hits=0 human_damage=0 human_tsv_reward=-0.5294 bee_reward=10.5167 human_reward=-10.5294
RL 1v1 episode=124 bee_team=1 human_team=0 ships_per_side=1 winner=1 timeout=False duration=10.03s bee_tsv=16->16 human_tsv=18->0 bee_shots=1 bee_hits=1 bee_damage=75 bee_tsv_reward=0.5294 human_shots=0 human_hits=0 human_damage=0 human_tsv_reward=-0.5294 bee_reward=10.5211 human_reward=-10.5294
RL 1v1 episode=125 bee_team=0 human_team=1 ships_per_side=1 winner=1 timeout=False duration=22.70s bee_tsv=16->16 human_tsv=18->0 bee_shots=1 bee_hits=1 bee_damage=75 bee_tsv_reward=0.5294 human_shots=0 human_hits=0 human_damage=0 human_tsv_reward=-0.5294 bee_reward=10.5105 human_reward=-10.5294
RL 1v1 episode=126 bee_team=1 human_team=0 ships_per_side=1 winner=1 timeout=False duration=52.70s bee_tsv=16->16 human_tsv=18->0 bee_shots=1 bee_hits=1 bee_damage=75 bee_tsv_reward=0.5294 human_shots=2 human_hits=0 human_damage=0 human_tsv_reward=-0.5294 bee_reward=10.4855 human_reward=-10.5294
RL 1v1 episode=127 bee_team=0 human_team=1 ships_per_side=1 winner=1 timeout=False duration=40.20s bee_tsv=16->16 human_tsv=18->0 bee_shots=2 bee_hits=1 bee_damage=75 bee_tsv_reward=0.5294 human_shots=0 human_hits=0 human_damage=0 human_tsv_reward=-0.5294 bee_reward=10.4959 human_reward=-10.5294
RL 1v1 episode=128 bee_team=1 human_team=0 ships_per_side=1 winner=1 timeout=False duration=17.68s bee_tsv=16->16 human_tsv=18->0 bee_shots=1 bee_hits=1 bee_damage=75 bee_tsv_reward=0.5294 human_shots=0 human_hits=0 human_damage=0 human_tsv_reward=-0.5294 bee_reward=10.5147 human_reward=-10.5294
RL 1v1 episode=129 bee_team=0 human_team=1 ships_per_side=1 winner=1 timeout=False duration=30.18s bee_tsv=16->16 human_tsv=18->0 bee_shots=3 bee_hits=1 bee_damage=75 bee_tsv_reward=0.5294 human_shots=0 human_hits=0 human_damage=0 human_tsv_reward=-0.5294 bee_reward=10.5043 human_reward=-10.5294
RL 1v1 episode=130 bee_team=1 human_team=0 ships_per_side=1 winner=0 timeout=True duration=119.98s bee_tsv=16->13 human_tsv=18->18 bee_shots=8 bee_hits=0 bee_damage=0 bee_tsv_reward=-0.0882 human_shots=2 human_hits=1 human_damage=30 human_tsv_reward=0.0882 bee_reward=-10.0882 human_reward=-9.9118
RL 1v1 summary episodes=130 bee_record=42-88 human_record=1-129 timeouts=87 avg_duration=98.75s bee_shots=146 bee_hits=42 bee_hit_rate=28.77 % bee_damage=3150 human_shots=144 human_hits=30 human_hit_rate=20.83 % human_damage=880
RL 1v1 episode=131 bee_team=0 human_team=1 ships_per_side=1 winner=1 timeout=False duration=42.68s bee_tsv=16->16 human_tsv=18->0 bee_shots=1 bee_hits=1 bee_damage=75 bee_tsv_reward=0.5294 human_shots=0 human_hits=0 human_damage=0 human_tsv_reward=-0.5294 bee_reward=10.4938 human_reward=-10.5294
RL 1v1 episode=132 bee_team=1 human_team=0 ships_per_side=1 winner=1 timeout=False duration=62.68s bee_tsv=16->13 human_tsv=18->0 bee_shots=4 bee_hits=1 bee_damage=75 bee_tsv_reward=0.4412 human_shots=2 human_hits=1 human_damage=30 human_tsv_reward=-0.4412 bee_reward=10.3889 human_reward=-10.4412
RL 1v1 episode=133 bee_team=0 human_team=1 ships_per_side=1 winner=1 timeout=False duration=2.53s bee_tsv=16->16 human_tsv=18->0 bee_shots=1 bee_hits=1 bee_damage=75 bee_tsv_reward=0.5294 human_shots=0 human_hits=0 human_damage=0 human_tsv_reward=-0.5294 bee_reward=10.5273 human_reward=-10.5294
RL 1v1 episode=134 bee_team=1 human_team=0 ships_per_side=1 winner=1 timeout=False duration=5.20s bee_tsv=16->16 human_tsv=18->0 bee_shots=1 bee_hits=1 bee_damage=75 bee_tsv_reward=0.5294 human_shots=0 human_hits=0 human_damage=0 human_tsv_reward=-0.5294 bee_reward=10.5251 human_reward=-10.5294
RL 1v1 episode=135 bee_team=0 human_team=1 ships_per_side=1 winner=1 timeout=False duration=55.20s bee_tsv=16->16 human_tsv=18->0 bee_shots=2 bee_hits=1 bee_damage=75 bee_tsv_reward=0.5294 human_shots=0 human_hits=0 human_damage=0 human_tsv_reward=-0.5294 bee_reward=10.4834 human_reward=-10.5294
RL 1v1 episode=136 bee_team=1 human_team=0 ships_per_side=1 winner=1 timeout=False duration=17.70s bee_tsv=16->16 human_tsv=18->0 bee_shots=1 bee_hits=1 bee_damage=75 bee_tsv_reward=0.5294 human_shots=0 human_hits=0 human_damage=0 human_tsv_reward=-0.5294 bee_reward=10.5147 human_reward=-10.5294
RL 1v1 episode=137 bee_team=0 human_team=1 ships_per_side=1 winner=1 timeout=False duration=62.68s bee_tsv=16->16 human_tsv=18->0 bee_shots=2 bee_hits=1 bee_damage=75 bee_tsv_reward=0.5294 human_shots=6 human_hits=0 human_damage=0 human_tsv_reward=-0.5294 bee_reward=10.4772 human_reward=-10.5294
RL 1v1 episode=138 bee_team=1 human_team=0 ships_per_side=1 winner=1 timeout=False duration=7.67s bee_tsv=16->16 human_tsv=18->0 bee_shots=1 bee_hits=1 bee_damage=75 bee_tsv_reward=0.5294 human_shots=0 human_hits=0 human_damage=0 human_tsv_reward=-0.5294 bee_reward=10.5230 human_reward=-10.5294
RL 1v1 episode=139 bee_team=0 human_team=1 ships_per_side=1 winner=1 timeout=False duration=15.20s bee_tsv=16->16 human_tsv=18->0 bee_shots=1 bee_hits=1 bee_damage=75 bee_tsv_reward=0.5294 human_shots=0 human_hits=0 human_damage=0 human_tsv_reward=-0.5294 bee_reward=10.5167 human_reward=-10.5294
RL 1v1 episode=140 bee_team=1 human_team=0 ships_per_side=1 winner=1 timeout=False duration=17.68s bee_tsv=16->16 human_tsv=18->0 bee_shots=1 bee_hits=1 bee_damage=75 bee_tsv_reward=0.5294 human_shots=0 human_hits=0 human_damage=0 human_tsv_reward=-0.5294 bee_reward=10.5147 human_reward=-10.5294
RL 1v1 summary episodes=140 bee_record=52-88 human_record=1-139 timeouts=87 avg_duration=93.76s bee_shots=161 bee_hits=52 bee_hit_rate=32.30 % bee_damage=3900 human_shots=152 human_hits=31 human_hit_rate=20.39 % human_damage=910
RL 1v1 episode=141 bee_team=0 human_team=1 ships_per_side=1 winner=1 timeout=False duration=17.68s bee_tsv=16->16 human_tsv=18->0 bee_shots=1 bee_hits=1 bee_damage=75 bee_tsv_reward=0.5294 human_shots=0 human_hits=0 human_damage=0 human_tsv_reward=-0.5294 bee_reward=10.5147 human_reward=-10.5294
RL 1v1 episode=142 bee_team=1 human_team=0 ships_per_side=1 winner=1 timeout=False duration=12.68s bee_tsv=16->16 human_tsv=18->0 bee_shots=2 bee_hits=1 bee_damage=75 bee_tsv_reward=0.5294 human_shots=0 human_hits=0 human_damage=0 human_tsv_reward=-0.5294 bee_reward=10.5188 human_reward=-10.5294
RL 1v1 episode=143 bee_team=0 human_team=1 ships_per_side=1 winner=1 timeout=False duration=12.68s bee_tsv=16->16 human_tsv=18->0 bee_shots=1 bee_hits=1 bee_damage=75 bee_tsv_reward=0.5294 human_shots=0 human_hits=0 human_damage=0 human_tsv_reward=-0.5294 bee_reward=10.5188 human_reward=-10.5294
RL 1v1 episode=144 bee_team=1 human_team=0 ships_per_side=1 winner=1 timeout=False duration=10.18s bee_tsv=16->16 human_tsv=18->0 bee_shots=1 bee_hits=1 bee_damage=75 bee_tsv_reward=0.5294 human_shots=0 human_hits=0 human_damage=0 human_tsv_reward=-0.5294 bee_reward=10.5209 human_reward=-10.5294
RL 1v1 episode=145 bee_team=0 human_team=1 ships_per_side=1 winner=1 timeout=False duration=47.65s bee_tsv=16->16 human_tsv=18->0 bee_shots=2 bee_hits=1 bee_damage=75 bee_tsv_reward=0.5294 human_shots=0 human_hits=0 human_damage=0 human_tsv_reward=-0.5294 bee_reward=10.4897 human_reward=-10.5294
RL 1v1 episode=146 bee_team=1 human_team=0 ships_per_side=1 winner=1 timeout=False duration=5.20s bee_tsv=16->16 human_tsv=18->0 bee_shots=1 bee_hits=1 bee_damage=75 bee_tsv_reward=0.5294 human_shots=0 human_hits=0 human_damage=0 human_tsv_reward=-0.5294 bee_reward=10.5251 human_reward=-10.5294
RL 1v1 episode=147 bee_team=0 human_team=1 ships_per_side=1 winner=1 timeout=False duration=12.70s bee_tsv=16->16 human_tsv=18->0 bee_shots=1 bee_hits=1 bee_damage=75 bee_tsv_reward=0.5294 human_shots=0 human_hits=0 human_damage=0 human_tsv_reward=-0.5294 bee_reward=10.5188 human_reward=-10.5294
RL 1v1 episode=148 bee_team=1 human_team=0 ships_per_side=1 winner=1 timeout=False duration=60.18s bee_tsv=16->16 human_tsv=18->0 bee_shots=5 bee_hits=1 bee_damage=75 bee_tsv_reward=0.5294 human_shots=0 human_hits=0 human_damage=0 human_tsv_reward=-0.5294 bee_reward=10.4793 human_reward=-10.5294
RL 1v1 episode=149 bee_team=0 human_team=1 ships_per_side=1 winner=0 timeout=True duration=119.98s bee_tsv=16->16 human_tsv=18->18 bee_shots=1 bee_hits=0 bee_damage=0 bee_tsv_reward=0.0000 human_shots=0 human_hits=0 human_damage=0 human_tsv_reward=0.0000 bee_reward=-10.0000 human_reward=-10.0000
RL 1v1 episode=150 bee_team=1 human_team=0 ships_per_side=1 winner=1 timeout=False duration=10.17s bee_tsv=16->16 human_tsv=18->0 bee_shots=1 bee_hits=1 bee_damage=75 bee_tsv_reward=0.5294 human_shots=0 human_hits=0 human_damage=0 human_tsv_reward=-0.5294 bee_reward=10.5209 human_reward=-10.5294
RL 1v1 summary episodes=150 bee_record=61-89 human_record=1-149 timeouts=88 avg_duration=89.57s bee_shots=177 bee_hits=61 bee_hit_rate=34.46 % bee_damage=4575 human_shots=152 human_hits=31 human_hit_rate=20.39 % human_damage=910
RL 1v1 episode=151 bee_team=0 human_team=1 ships_per_side=1 winner=0 timeout=True duration=119.98s bee_tsv=16->16 human_tsv=18->18 bee_shots=0 bee_hits=0 bee_damage=0 bee_tsv_reward=0.0000 human_shots=0 human_hits=0 human_damage=0 human_tsv_reward=0.0000 bee_reward=-10.0000 human_reward=-10.0000
RL 1v1 episode=152 bee_team=1 human_team=0 ships_per_side=1 winner=1 timeout=False duration=20.20s bee_tsv=16->16 human_tsv=18->0 bee_shots=3 bee_hits=1 bee_damage=75 bee_tsv_reward=0.5294 human_shots=0 human_hits=0 human_damage=0 human_tsv_reward=-0.5294 bee_reward=10.5126 human_reward=-10.5294
RL 1v1 episode=153 bee_team=0 human_team=1 ships_per_side=1 winner=1 timeout=False duration=107.53s bee_tsv=16->16 human_tsv=18->0 bee_shots=3 bee_hits=1 bee_damage=75 bee_tsv_reward=0.5294 human_shots=6 human_hits=0 human_damage=0 human_tsv_reward=-0.5294 bee_reward=10.4398 human_reward=-10.5294
RL 1v1 episode=154 bee_team=1 human_team=0 ships_per_side=1 winner=1 timeout=False duration=32.57s bee_tsv=16->16 human_tsv=18->0 bee_shots=1 bee_hits=1 bee_damage=75 bee_tsv_reward=0.5294 human_shots=2 human_hits=0 human_damage=0 human_tsv_reward=-0.5294 bee_reward=10.5023 human_reward=-10.5294
RL 1v1 episode=155 bee_team=0 human_team=1 ships_per_side=1 winner=1 timeout=False duration=55.03s bee_tsv=16->13 human_tsv=18->0 bee_shots=7 bee_hits=1 bee_damage=75 bee_tsv_reward=0.4412 human_shots=2 human_hits=1 human_damage=30 human_tsv_reward=-0.4412 bee_reward=10.3953 human_reward=-10.4412
RL 1v1 episode=156 bee_team=1 human_team=0 ships_per_side=1 winner=1 timeout=False duration=45.20s bee_tsv=16->16 human_tsv=18->0 bee_shots=2 bee_hits=1 bee_damage=75 bee_tsv_reward=0.5294 human_shots=0 human_hits=0 human_damage=0 human_tsv_reward=-0.5294 bee_reward=10.4918 human_reward=-10.5294
RL 1v1 episode=157 bee_team=0 human_team=1 ships_per_side=1 winner=0 timeout=True duration=119.98s bee_tsv=16->16 human_tsv=18->18 bee_shots=4 bee_hits=0 bee_damage=0 bee_tsv_reward=0.0000 human_shots=10 human_hits=0 human_damage=0 human_tsv_reward=0.0000 bee_reward=-10.0000 human_reward=-10.0000
RL 1v1 episode=158 bee_team=1 human_team=0 ships_per_side=1 winner=1 timeout=False duration=2.73s bee_tsv=16->16 human_tsv=18->0 bee_shots=1 bee_hits=1 bee_damage=75 bee_tsv_reward=0.5294 human_shots=0 human_hits=0 human_damage=0 human_tsv_reward=-0.5294 bee_reward=10.5271 human_reward=-10.5294
RL 1v1 episode=159 bee_team=0 human_team=1 ships_per_side=1 winner=1 timeout=False duration=45.03s bee_tsv=16->16 human_tsv=18->0 bee_shots=3 bee_hits=1 bee_damage=75 bee_tsv_reward=0.5294 human_shots=0 human_hits=0 human_damage=0 human_tsv_reward=-0.5294 bee_reward=10.4919 human_reward=-10.5294
RL 1v1 episode=160 bee_team=1 human_team=0 ships_per_side=1 winner=1 timeout=False duration=2.58s bee_tsv=16->16 human_tsv=18->0 bee_shots=1 bee_hits=1 bee_damage=75 bee_tsv_reward=0.5294 human_shots=0 human_hits=0 human_damage=0 human_tsv_reward=-0.5294 bee_reward=10.5273 human_reward=-10.5294
RL 1v1 summary episodes=160 bee_record=69-91 human_record=1-159 timeouts=90 avg_duration=87.42s bee_shots=202 bee_hits=69 bee_hit_rate=34.16 % bee_damage=5175 human_shots=172 human_hits=32 human_hit_rate=18.60 % human_damage=940
RL 1v1 episode=161 bee_team=0 human_team=1 ships_per_side=1 winner=1 timeout=False duration=117.70s bee_tsv=16->16 human_tsv=18->0 bee_shots=9 bee_hits=1 bee_damage=75 bee_tsv_reward=0.5294 human_shots=0 human_hits=0 human_damage=0 human_tsv_reward=-0.5294 bee_reward=10.4313 human_reward=-10.5294
RL 1v1 episode=162 bee_team=1 human_team=0 ships_per_side=1 winner=1 timeout=False duration=22.53s bee_tsv=16->16 human_tsv=18->0 bee_shots=1 bee_hits=1 bee_damage=75 bee_tsv_reward=0.5294 human_shots=0 human_hits=0 human_damage=0 human_tsv_reward=-0.5294 bee_reward=10.5106 human_reward=-10.5294
RL 1v1 episode=163 bee_team=0 human_team=1 ships_per_side=1 winner=1 timeout=False duration=5.03s bee_tsv=16->16 human_tsv=18->0 bee_shots=1 bee_hits=1 bee_damage=75 bee_tsv_reward=0.5294 human_shots=0 human_hits=0 human_damage=0 human_tsv_reward=-0.5294 bee_reward=10.5252 human_reward=-10.5294
RL 1v1 episode=164 bee_team=1 human_team=0 ships_per_side=1 winner=1 timeout=False duration=32.53s bee_tsv=16->16 human_tsv=18->0 bee_shots=4 bee_hits=1 bee_damage=75 bee_tsv_reward=0.5294 human_shots=0 human_hits=0 human_damage=0 human_tsv_reward=-0.5294 bee_reward=10.5023 human_reward=-10.5294
RL 1v1 episode=165 bee_team=0 human_team=1 ships_per_side=1 winner=1 timeout=False duration=17.53s bee_tsv=16->16 human_tsv=18->0 bee_shots=1 bee_hits=1 bee_damage=75 bee_tsv_reward=0.5294 human_shots=0 human_hits=0 human_damage=0 human_tsv_reward=-0.5294 bee_reward=10.5148 human_reward=-10.5294
RL 1v1 episode=166 bee_team=1 human_team=0 ships_per_side=1 winner=1 timeout=False duration=7.53s bee_tsv=16->16 human_tsv=18->0 bee_shots=1 bee_hits=1 bee_damage=75 bee_tsv_reward=0.5294 human_shots=0 human_hits=0 human_damage=0 human_tsv_reward=-0.5294 bee_reward=10.5231 human_reward=-10.5294
RL 1v1 episode=167 bee_team=0 human_team=1 ships_per_side=1 winner=1 timeout=False duration=30.03s bee_tsv=16->16 human_tsv=18->0 bee_shots=3 bee_hits=1 bee_damage=75 bee_tsv_reward=0.5294 human_shots=2 human_hits=0 human_damage=0 human_tsv_reward=-0.5294 bee_reward=10.5044 human_reward=-10.5294
RL 1v1 episode=168 bee_team=1 human_team=0 ships_per_side=1 winner=1 timeout=False duration=27.53s bee_tsv=16->16 human_tsv=18->0 bee_shots=1 bee_hits=1 bee_damage=75 bee_tsv_reward=0.5294 human_shots=2 human_hits=0 human_damage=0 human_tsv_reward=-0.5294 bee_reward=10.5065 human_reward=-10.5294
RL 1v1 episode=169 bee_team=0 human_team=1 ships_per_side=1 winner=1 timeout=False duration=40.10s bee_tsv=16->16 human_tsv=18->0 bee_shots=3 bee_hits=1 bee_damage=75 bee_tsv_reward=0.5294 human_shots=0 human_hits=0 human_damage=0 human_tsv_reward=-0.5294 bee_reward=10.4960 human_reward=-10.5294
RL 1v1 episode=170 bee_team=1 human_team=0 ships_per_side=1 winner=1 timeout=False duration=35.05s bee_tsv=16->16 human_tsv=18->0 bee_shots=4 bee_hits=1 bee_damage=75 bee_tsv_reward=0.5294 human_shots=0 human_hits=0 human_damage=0 human_tsv_reward=-0.5294 bee_reward=10.5002 human_reward=-10.5294
RL 1v1 summary episodes=170 bee_record=79-91 human_record=1-169 timeouts=90 avg_duration=84.25s bee_shots=230 bee_hits=79 bee_hit_rate=34.35 % bee_damage=5925 human_shots=176 human_hits=32 human_hit_rate=18.18 % human_damage=940
RL 1v1 episode=171 bee_team=0 human_team=1 ships_per_side=1 winner=1 timeout=False duration=20.08s bee_tsv=16->16 human_tsv=18->0 bee_shots=2 bee_hits=1 bee_damage=75 bee_tsv_reward=0.5294 human_shots=2 human_hits=0 human_damage=0 human_tsv_reward=-0.5294 bee_reward=10.5127 human_reward=-10.5294
RL 1v1 episode=172 bee_team=1 human_team=0 ships_per_side=1 winner=1 timeout=False duration=15.03s bee_tsv=16->16 human_tsv=18->0 bee_shots=2 bee_hits=1 bee_damage=75 bee_tsv_reward=0.5294 human_shots=0 human_hits=0 human_damage=0 human_tsv_reward=-0.5294 bee_reward=10.5169 human_reward=-10.5294
RL 1v1 episode=173 bee_team=0 human_team=1 ships_per_side=1 winner=1 timeout=False duration=10.05s bee_tsv=16->16 human_tsv=18->0 bee_shots=1 bee_hits=1 bee_damage=75 bee_tsv_reward=0.5294 human_shots=0 human_hits=0 human_damage=0 human_tsv_reward=-0.5294 bee_reward=10.5210 human_reward=-10.5294
RL 1v1 episode=174 bee_team=1 human_team=0 ships_per_side=1 winner=1 timeout=False duration=57.53s bee_tsv=16->16 human_tsv=18->0 bee_shots=7 bee_hits=1 bee_damage=75 bee_tsv_reward=0.5294 human_shots=0 human_hits=0 human_damage=0 human_tsv_reward=-0.5294 bee_reward=10.4815 human_reward=-10.5294
RL 1v1 episode=175 bee_team=0 human_team=1 ships_per_side=1 winner=1 timeout=False duration=20.03s bee_tsv=16->16 human_tsv=18->0 bee_shots=2 bee_hits=1 bee_damage=75 bee_tsv_reward=0.5294 human_shots=0 human_hits=0 human_damage=0 human_tsv_reward=-0.5294 bee_reward=10.5127 human_reward=-10.5294
RL 1v1 episode=176 bee_team=1 human_team=0 ships_per_side=1 winner=1 timeout=False duration=22.70s bee_tsv=16->16 human_tsv=18->0 bee_shots=1 bee_hits=1 bee_damage=75 bee_tsv_reward=0.5294 human_shots=0 human_hits=0 human_damage=0 human_tsv_reward=-0.5294 bee_reward=10.5105 human_reward=-10.5294
RL 1v1 episode=177 bee_team=0 human_team=1 ships_per_side=1 winner=1 timeout=False duration=10.05s bee_tsv=16->16 human_tsv=18->0 bee_shots=1 bee_hits=1 bee_damage=75 bee_tsv_reward=0.5294 human_shots=0 human_hits=0 human_damage=0 human_tsv_reward=-0.5294 bee_reward=10.5210 human_reward=-10.5294
RL 1v1 episode=178 bee_team=1 human_team=0 ships_per_side=1 winner=1 timeout=False duration=22.53s bee_tsv=16->16 human_tsv=18->0 bee_shots=1 bee_hits=1 bee_damage=75 bee_tsv_reward=0.5294 human_shots=0 human_hits=0 human_damage=0 human_tsv_reward=-0.5294 bee_reward=10.5106 human_reward=-10.5294
RL 1v1 episode=179 bee_team=0 human_team=1 ships_per_side=1 winner=0 timeout=True duration=119.98s bee_tsv=16->11 human_tsv=18->18 bee_shots=16 bee_hits=0 bee_damage=0 bee_tsv_reward=-0.1471 human_shots=2 human_hits=2 human_damage=60 human_tsv_reward=0.1471 bee_reward=-10.1471 human_reward=-9.8529
RL 1v1 episode=180 bee_team=1 human_team=0 ships_per_side=1 winner=1 timeout=False duration=15.07s bee_tsv=16->16 human_tsv=18->0 bee_shots=1 bee_hits=1 bee_damage=75 bee_tsv_reward=0.5294 human_shots=0 human_hits=0 human_damage=0 human_tsv_reward=-0.5294 bee_reward=10.5169 human_reward=-10.5294
RL 1v1 summary episodes=180 bee_record=88-92 human_record=1-179 timeouts=91 avg_duration=81.31s bee_shots=264 bee_hits=88 bee_hit_rate=33.33 % bee_damage=6600 human_shots=180 human_hits=34 human_hit_rate=18.89 % human_damage=1000
RL 1v1 episode=181 bee_team=0 human_team=1 ships_per_side=1 winner=0 timeout=True duration=119.98s bee_tsv=16->11 human_tsv=18->18 bee_shots=16 bee_hits=0 bee_damage=0 bee_tsv_reward=-0.1471 human_shots=4 human_hits=2 human_damage=60 human_tsv_reward=0.1471 bee_reward=-10.1471 human_reward=-9.8529
RL 1v1 episode=182 bee_team=1 human_team=0 ships_per_side=1 winner=1 timeout=False duration=35.08s bee_tsv=16->16 human_tsv=18->0 bee_shots=4 bee_hits=1 bee_damage=75 bee_tsv_reward=0.5294 human_shots=0 human_hits=0 human_damage=0 human_tsv_reward=-0.5294 bee_reward=10.5002 human_reward=-10.5294
RL 1v1 episode=183 bee_team=0 human_team=1 ships_per_side=1 winner=1 timeout=False duration=87.55s bee_tsv=16->11 human_tsv=18->0 bee_shots=11 bee_hits=1 bee_damage=75 bee_tsv_reward=0.3824 human_shots=6 human_hits=2 human_damage=60 human_tsv_reward=-0.3824 bee_reward=10.3094 human_reward=-10.3824
RL 1v1 episode=184 bee_team=1 human_team=0 ships_per_side=1 winner=1 timeout=False duration=5.03s bee_tsv=16->16 human_tsv=18->0 bee_shots=1 bee_hits=1 bee_damage=75 bee_tsv_reward=0.5294 human_shots=0 human_hits=0 human_damage=0 human_tsv_reward=-0.5294 bee_reward=10.5252 human_reward=-10.5294
RL 1v1 episode=185 bee_team=0 human_team=1 ships_per_side=1 winner=1 timeout=False duration=42.55s bee_tsv=16->16 human_tsv=18->0 bee_shots=4 bee_hits=1 bee_damage=75 bee_tsv_reward=0.5294 human_shots=0 human_hits=0 human_damage=0 human_tsv_reward=-0.5294 bee_reward=10.4940 human_reward=-10.5294
RL 1v1 episode=186 bee_team=1 human_team=0 ships_per_side=1 winner=1 timeout=False duration=22.53s bee_tsv=16->11 human_tsv=18->0 bee_shots=2 bee_hits=1 bee_damage=75 bee_tsv_reward=0.3824 human_shots=2 human_hits=2 human_damage=60 human_tsv_reward=-0.3824 bee_reward=10.3636 human_reward=-10.3824
RL 1v1 episode=187 bee_team=0 human_team=1 ships_per_side=1 winner=1 timeout=False duration=20.03s bee_tsv=16->16 human_tsv=18->0 bee_shots=2 bee_hits=1 bee_damage=75 bee_tsv_reward=0.5294 human_shots=0 human_hits=0 human_damage=0 human_tsv_reward=-0.5294 bee_reward=10.5127 human_reward=-10.5294
RL 1v1 episode=188 bee_team=1 human_team=0 ships_per_side=1 winner=1 timeout=False duration=15.03s bee_tsv=16->16 human_tsv=18->0 bee_shots=1 bee_hits=1 bee_damage=75 bee_tsv_reward=0.5294 human_shots=0 human_hits=0 human_damage=0 human_tsv_reward=-0.5294 bee_reward=10.5169 human_reward=-10.5294
RL 1v1 episode=189 bee_team=0 human_team=1 ships_per_side=1 winner=1 timeout=False duration=10.03s bee_tsv=16->16 human_tsv=18->0 bee_shots=1 bee_hits=1 bee_damage=75 bee_tsv_reward=0.5294 human_shots=0 human_hits=0 human_damage=0 human_tsv_reward=-0.5294 bee_reward=10.5211 human_reward=-10.5294
RL 1v1 episode=190 bee_team=1 human_team=0 ships_per_side=1 winner=1 timeout=False duration=10.03s bee_tsv=16->16 human_tsv=18->0 bee_shots=1 bee_hits=1 bee_damage=75 bee_tsv_reward=0.5294 human_shots=0 human_hits=0 human_damage=0 human_tsv_reward=-0.5294 bee_reward=10.5211 human_reward=-10.5294
RL 1v1 summary episodes=190 bee_record=97-93 human_record=1-189 timeouts=92 avg_duration=78.96s bee_shots=307 bee_hits=97 bee_hit_rate=31.60 % bee_damage=7275 human_shots=192 human_hits=40 human_hit_rate=20.83 % human_damage=1180
RL 1v1 episode=191 bee_team=0 human_team=1 ships_per_side=1 winner=1 timeout=False duration=22.53s bee_tsv=16->16 human_tsv=18->0 bee_shots=1 bee_hits=1 bee_damage=75 bee_tsv_reward=0.5294 human_shots=2 human_hits=0 human_damage=0 human_tsv_reward=-0.5294 bee_reward=10.5106 human_reward=-10.5294
RL 1v1 episode=192 bee_team=1 human_team=0 ships_per_side=1 winner=1 timeout=False duration=2.53s bee_tsv=16->16 human_tsv=18->0 bee_shots=1 bee_hits=1 bee_damage=75 bee_tsv_reward=0.5294 human_shots=0 human_hits=0 human_damage=0 human_tsv_reward=-0.5294 bee_reward=10.5273 human_reward=-10.5294
RL 1v1 episode=193 bee_team=0 human_team=1 ships_per_side=1 winner=1 timeout=False duration=10.03s bee_tsv=16->16 human_tsv=18->0 bee_shots=1 bee_hits=1 bee_damage=75 bee_tsv_reward=0.5294 human_shots=0 human_hits=0 human_damage=0 human_tsv_reward=-0.5294 bee_reward=10.5211 human_reward=-10.5294
RL 1v1 episode=194 bee_team=1 human_team=0 ships_per_side=1 winner=1 timeout=False duration=5.03s bee_tsv=16->16 human_tsv=18->0 bee_shots=1 bee_hits=1 bee_damage=75 bee_tsv_reward=0.5294 human_shots=0 human_hits=0 human_damage=0 human_tsv_reward=-0.5294 bee_reward=10.5252 human_reward=-10.5294
RL 1v1 episode=195 bee_team=0 human_team=1 ships_per_side=1 winner=1 timeout=False duration=7.53s bee_tsv=16->16 human_tsv=18->0 bee_shots=2 bee_hits=1 bee_damage=75 bee_tsv_reward=0.5294 human_shots=0 human_hits=0 human_damage=0 human_tsv_reward=-0.5294 bee_reward=10.5231 human_reward=-10.5294
RL 1v1 episode=196 bee_team=1 human_team=0 ships_per_side=1 winner=1 timeout=False duration=5.03s bee_tsv=16->16 human_tsv=18->0 bee_shots=1 bee_hits=1 bee_damage=75 bee_tsv_reward=0.5294 human_shots=0 human_hits=0 human_damage=0 human_tsv_reward=-0.5294 bee_reward=10.5252 human_reward=-10.5294
RL 1v1 episode=197 bee_team=0 human_team=1 ships_per_side=1 winner=1 timeout=False duration=12.53s bee_tsv=16->16 human_tsv=18->0 bee_shots=1 bee_hits=1 bee_damage=75 bee_tsv_reward=0.5294 human_shots=0 human_hits=0 human_damage=0 human_tsv_reward=-0.5294 bee_reward=10.5190 human_reward=-10.5294
RL 1v1 episode=198 bee_team=1 human_team=0 ships_per_side=1 winner=1 timeout=False duration=2.57s bee_tsv=16->16 human_tsv=18->0 bee_shots=1 bee_hits=1 bee_damage=75 bee_tsv_reward=0.5294 human_shots=0 human_hits=0 human_damage=0 human_tsv_reward=-0.5294 bee_reward=10.5273 human_reward=-10.5294
RL 1v1 episode=199 bee_team=0 human_team=1 ships_per_side=1 winner=1 timeout=False duration=25.03s bee_tsv=16->11 human_tsv=18->0 bee_shots=2 bee_hits=1 bee_damage=75 bee_tsv_reward=0.3824 human_shots=2 human_hits=2 human_damage=60 human_tsv_reward=-0.3824 bee_reward=10.3615 human_reward=-10.3824
RL 1v1 episode=200 bee_team=1 human_team=0 ships_per_side=1 winner=1 timeout=False duration=2.55s bee_tsv=16->16 human_tsv=18->0 bee_shots=1 bee_hits=1 bee_damage=75 bee_tsv_reward=0.5294 human_shots=0 human_hits=0 human_damage=0 human_tsv_reward=-0.5294 bee_reward=10.5273 human_reward=-10.5294
RL 1v1 summary episodes=200 bee_record=107-93 human_record=1-199 timeouts=92 avg_duration=75.49s bee_shots=319 bee_hits=107 bee_hit_rate=33.54 % bee_damage=8025 human_shots=196 human_hits=42 human_hit_rate=21.43 % human_damage=1240
RL 1v1 episode=201 bee_team=0 human_team=1 ships_per_side=1 winner=1 timeout=False duration=15.03s bee_tsv=16->16 human_tsv=18->0 bee_shots=1 bee_hits=1 bee_damage=75 bee_tsv_reward=0.5294 human_shots=0 human_hits=0 human_damage=0 human_tsv_reward=-0.5294 bee_reward=10.5169 human_reward=-10.5294
RL 1v1 episode=202 bee_team=1 human_team=0 ships_per_side=1 winner=1 timeout=False duration=17.53s bee_tsv=16->16 human_tsv=18->0 bee_shots=1 bee_hits=1 bee_damage=75 bee_tsv_reward=0.5294 human_shots=0 human_hits=0 human_damage=0 human_tsv_reward=-0.5294 bee_reward=10.5148 human_reward=-10.5294
RL 1v1 episode=203 bee_team=0 human_team=1 ships_per_side=1 winner=1 timeout=False duration=7.53s bee_tsv=16->16 human_tsv=18->0 bee_shots=2 bee_hits=1 bee_damage=75 bee_tsv_reward=0.5294 human_shots=0 human_hits=0 human_damage=0 human_tsv_reward=-0.5294 bee_reward=10.5231 human_reward=-10.5294
RL 1v1 episode=204 bee_team=1 human_team=0 ships_per_side=1 winner=1 timeout=False duration=2.55s bee_tsv=16->16 human_tsv=18->0 bee_shots=1 bee_hits=1 bee_damage=75 bee_tsv_reward=0.5294 human_shots=0 human_hits=0 human_damage=0 human_tsv_reward=-0.5294 bee_reward=10.5273 human_reward=-10.5294
RL 1v1 episode=205 bee_team=0 human_team=1 ships_per_side=1 winner=1 timeout=False duration=2.55s bee_tsv=16->16 human_tsv=18->0 bee_shots=1 bee_hits=1 bee_damage=75 bee_tsv_reward=0.5294 human_shots=0 human_hits=0 human_damage=0 human_tsv_reward=-0.5294 bee_reward=10.5273 human_reward=-10.5294
RL 1v1 episode=206 bee_team=1 human_team=0 ships_per_side=1 winner=1 timeout=False duration=7.55s bee_tsv=16->16 human_tsv=18->0 bee_shots=1 bee_hits=1 bee_damage=75 bee_tsv_reward=0.5294 human_shots=0 human_hits=0 human_damage=0 human_tsv_reward=-0.5294 bee_reward=10.5231 human_reward=-10.5294
RL 1v1 episode=207 bee_team=0 human_team=1 ships_per_side=1 winner=1 timeout=False duration=2.53s bee_tsv=16->16 human_tsv=18->0 bee_shots=1 bee_hits=1 bee_damage=75 bee_tsv_reward=0.5294 human_shots=0 human_hits=0 human_damage=0 human_tsv_reward=-0.5294 bee_reward=10.5273 human_reward=-10.5294
RL 1v1 episode=208 bee_team=1 human_team=0 ships_per_side=1 winner=1 timeout=False duration=5.03s bee_tsv=16->16 human_tsv=18->0 bee_shots=1 bee_hits=1 bee_damage=75 bee_tsv_reward=0.5294 human_shots=0 human_hits=0 human_damage=0 human_tsv_reward=-0.5294 bee_reward=10.5252 human_reward=-10.5294
RL 1v1 episode=209 bee_team=0 human_team=1 ships_per_side=1 winner=1 timeout=False duration=15.03s bee_tsv=16->11 human_tsv=18->0 bee_shots=1 bee_hits=1 bee_damage=75 bee_tsv_reward=0.3824 human_shots=2 human_hits=2 human_damage=60 human_tsv_reward=-0.3824 bee_reward=10.3698 human_reward=-10.3824
RL 1v1 episode=210 bee_team=1 human_team=0 ships_per_side=1 winner=1 timeout=False duration=5.03s bee_tsv=16->16 human_tsv=18->0 bee_shots=1 bee_hits=1 bee_damage=75 bee_tsv_reward=0.5294 human_shots=0 human_hits=0 human_damage=0 human_tsv_reward=-0.5294 bee_reward=10.5252 human_reward=-10.5294
RL 1v1 summary episodes=210 bee_record=117-93 human_record=1-209 timeouts=92 avg_duration=72.28s bee_shots=330 bee_hits=117 bee_hit_rate=35.45 % bee_damage=8775 human_shots=198 human_hits=44 human_hit_rate=22.22 % human_damage=1300
RL 1v1 episode=211 bee_team=0 human_team=1 ships_per_side=1 winner=1 timeout=False duration=7.53s bee_tsv=16->16 human_tsv=18->0 bee_shots=2 bee_hits=1 bee_damage=75 bee_tsv_reward=0.5294 human_shots=0 human_hits=0 human_damage=0 human_tsv_reward=-0.5294 bee_reward=10.5231 human_reward=-10.5294
RL 1v1 episode=212 bee_team=1 human_team=0 ships_per_side=1 winner=1 timeout=False duration=7.53s bee_tsv=16->16 human_tsv=18->0 bee_shots=1 bee_hits=1 bee_damage=75 bee_tsv_reward=0.5294 human_shots=0 human_hits=0 human_damage=0 human_tsv_reward=-0.5294 bee_reward=10.5231 human_reward=-10.5294
RL 1v1 episode=213 bee_team=0 human_team=1 ships_per_side=1 winner=1 timeout=False duration=7.53s bee_tsv=16->16 human_tsv=18->0 bee_shots=1 bee_hits=1 bee_damage=75 bee_tsv_reward=0.5294 human_shots=0 human_hits=0 human_damage=0 human_tsv_reward=-0.5294 bee_reward=10.5231 human_reward=-10.5294
RL 1v1 episode=214 bee_team=1 human_team=0 ships_per_side=1 winner=1 timeout=False duration=12.53s bee_tsv=16->16 human_tsv=18->0 bee_shots=2 bee_hits=1 bee_damage=75 bee_tsv_reward=0.5294 human_shots=0 human_hits=0 human_damage=0 human_tsv_reward=-0.5294 bee_reward=10.5190 human_reward=-10.5294
RL 1v1 episode=215 bee_team=0 human_team=1 ships_per_side=1 winner=1 timeout=False duration=45.03s bee_tsv=16->11 human_tsv=18->0 bee_shots=1 bee_hits=1 bee_damage=75 bee_tsv_reward=0.3824 human_shots=2 human_hits=2 human_damage=60 human_tsv_reward=-0.3824 bee_reward=10.3448 human_reward=-10.3824
RL 1v1 episode=216 bee_team=1 human_team=0 ships_per_side=1 winner=1 timeout=False duration=5.03s bee_tsv=16->16 human_tsv=18->0 bee_shots=1 bee_hits=1 bee_damage=75 bee_tsv_reward=0.5294 human_shots=0 human_hits=0 human_damage=0 human_tsv_reward=-0.5294 bee_reward=10.5252 human_reward=-10.5294
RL 1v1 episode=217 bee_team=0 human_team=1 ships_per_side=1 winner=1 timeout=False duration=2.53s bee_tsv=16->16 human_tsv=18->0 bee_shots=1 bee_hits=1 bee_damage=75 bee_tsv_reward=0.5294 human_shots=0 human_hits=0 human_damage=0 human_tsv_reward=-0.5294 bee_reward=10.5273 human_reward=-10.5294
RL 1v1 episode=218 bee_team=1 human_team=0 ships_per_side=1 winner=1 timeout=False duration=20.03s bee_tsv=16->11 human_tsv=18->0 bee_shots=1 bee_hits=1 bee_damage=75 bee_tsv_reward=0.3824 human_shots=2 human_hits=2 human_damage=60 human_tsv_reward=-0.3824 bee_reward=10.3657 human_reward=-10.3824
RL 1v1 episode=219 bee_team=0 human_team=1 ships_per_side=1 winner=1 timeout=False duration=20.03s bee_tsv=16->16 human_tsv=18->0 bee_shots=2 bee_hits=1 bee_damage=75 bee_tsv_reward=0.5294 human_shots=0 human_hits=0 human_damage=0 human_tsv_reward=-0.5294 bee_reward=10.5127 human_reward=-10.5294
RL 1v1 episode=220 bee_team=1 human_team=0 ships_per_side=1 winner=1 timeout=False duration=12.53s bee_tsv=16->16 human_tsv=18->0 bee_shots=2 bee_hits=1 bee_damage=75 bee_tsv_reward=0.5294 human_shots=0 human_hits=0 human_damage=0 human_tsv_reward=-0.5294 bee_reward=10.5190 human_reward=-10.5294
RL 1v1 summary episodes=220 bee_record=127-93 human_record=1-219 timeouts=92 avg_duration=69.63s bee_shots=344 bee_hits=127 bee_hit_rate=36.92 % bee_damage=9525 human_shots=202 human_hits=48 human_hit_rate=23.76 % human_damage=1420
RL 1v1 episode=221 bee_team=0 human_team=1 ships_per_side=1 winner=1 timeout=False duration=5.03s bee_tsv=16->16 human_tsv=18->0 bee_shots=1 bee_hits=1 bee_damage=75 bee_tsv_reward=0.5294 human_shots=0 human_hits=0 human_damage=0 human_tsv_reward=-0.5294 bee_reward=10.5252 human_reward=-10.5294
RL 1v1 episode=222 bee_team=1 human_team=0 ships_per_side=1 winner=1 timeout=False duration=7.53s bee_tsv=16->16 human_tsv=18->0 bee_shots=1 bee_hits=1 bee_damage=75 bee_tsv_reward=0.5294 human_shots=0 human_hits=0 human_damage=0 human_tsv_reward=-0.5294 bee_reward=10.5231 human_reward=-10.5294
RL 1v1 episode=223 bee_team=0 human_team=1 ships_per_side=1 winner=1 timeout=False duration=17.53s bee_tsv=16->16 human_tsv=18->0 bee_shots=2 bee_hits=1 bee_damage=75 bee_tsv_reward=0.5294 human_shots=2 human_hits=0 human_damage=0 human_tsv_reward=-0.5294 bee_reward=10.5148 human_reward=-10.5294
RL 1v1 episode=224 bee_team=1 human_team=0 ships_per_side=1 winner=1 timeout=False duration=2.53s bee_tsv=16->16 human_tsv=18->0 bee_shots=1 bee_hits=1 bee_damage=75 bee_tsv_reward=0.5294 human_shots=0 human_hits=0 human_damage=0 human_tsv_reward=-0.5294 bee_reward=10.5273 human_reward=-10.5294
RL 1v1 episode=225 bee_team=0 human_team=1 ships_per_side=1 winner=1 timeout=False duration=12.53s bee_tsv=16->16 human_tsv=18->0 bee_shots=1 bee_hits=1 bee_damage=75 bee_tsv_reward=0.5294 human_shots=0 human_hits=0 human_damage=0 human_tsv_reward=-0.5294 bee_reward=10.5190 human_reward=-10.5294
RL 1v1 episode=226 bee_team=1 human_team=0 ships_per_side=1 winner=1 timeout=False duration=32.53s bee_tsv=16->16 human_tsv=18->0 bee_shots=2 bee_hits=1 bee_damage=75 bee_tsv_reward=0.5294 human_shots=0 human_hits=0 human_damage=0 human_tsv_reward=-0.5294 bee_reward=10.5023 human_reward=-10.5294
RL 1v1 episode=227 bee_team=0 human_team=1 ships_per_side=1 winner=1 timeout=False duration=20.03s bee_tsv=16->13 human_tsv=18->0 bee_shots=1 bee_hits=1 bee_damage=75 bee_tsv_reward=0.4412 human_shots=2 human_hits=1 human_damage=30 human_tsv_reward=-0.4412 bee_reward=10.4245 human_reward=-10.4412
RL 1v1 episode=228 bee_team=1 human_team=0 ships_per_side=1 winner=1 timeout=False duration=12.53s bee_tsv=16->16 human_tsv=18->0 bee_shots=1 bee_hits=1 bee_damage=75 bee_tsv_reward=0.5294 human_shots=0 human_hits=0 human_damage=0 human_tsv_reward=-0.5294 bee_reward=10.5190 human_reward=-10.5294
RL 1v1 episode=229 bee_team=0 human_team=1 ships_per_side=1 winner=1 timeout=False duration=2.53s bee_tsv=16->16 human_tsv=18->0 bee_shots=1 bee_hits=1 bee_damage=75 bee_tsv_reward=0.5294 human_shots=0 human_hits=0 human_damage=0 human_tsv_reward=-0.5294 bee_reward=10.5273 human_reward=-10.5294
RL 1v1 episode=230 bee_team=1 human_team=0 ships_per_side=1 winner=1 timeout=False duration=2.53s bee_tsv=16->16 human_tsv=18->0 bee_shots=1 bee_hits=1 bee_damage=75 bee_tsv_reward=0.5294 human_shots=0 human_hits=0 human_damage=0 human_tsv_reward=-0.5294 bee_reward=10.5273 human_reward=-10.5294
RL 1v1 summary episodes=230 bee_record=137-93 human_record=1-229 timeouts=92 avg_duration=67.11s bee_shots=356 bee_hits=137 bee_hit_rate=38.48 % bee_damage=10275 human_shots=206 human_hits=49 human_hit_rate=23.79 % human_damage=1450
RL 1v1 episode=231 bee_team=0 human_team=1 ships_per_side=1 winner=1 timeout=False duration=5.03s bee_tsv=16->16 human_tsv=18->0 bee_shots=1 bee_hits=1 bee_damage=75 bee_tsv_reward=0.5294 human_shots=0 human_hits=0 human_damage=0 human_tsv_reward=-0.5294 bee_reward=10.5252 human_reward=-10.5294
RL 1v1 episode=232 bee_team=1 human_team=0 ships_per_side=1 winner=1 timeout=False duration=52.53s bee_tsv=16->16 human_tsv=18->0 bee_shots=9 bee_hits=1 bee_damage=75 bee_tsv_reward=0.5294 human_shots=2 human_hits=0 human_damage=0 human_tsv_reward=-0.5294 bee_reward=10.4856 human_reward=-10.5294
RL 1v1 episode=233 bee_team=0 human_team=1 ships_per_side=1 winner=1 timeout=False duration=50.03s bee_tsv=16->16 human_tsv=18->0 bee_shots=9 bee_hits=1 bee_damage=75 bee_tsv_reward=0.5294 human_shots=0 human_hits=0 human_damage=0 human_tsv_reward=-0.5294 bee_reward=10.4877 human_reward=-10.5294
RL 1v1 episode=234 bee_team=1 human_team=0 ships_per_side=1 winner=1 timeout=False duration=10.03s bee_tsv=16->16 human_tsv=18->0 bee_shots=1 bee_hits=1 bee_damage=75 bee_tsv_reward=0.5294 human_shots=0 human_hits=0 human_damage=0 human_tsv_reward=-0.5294 bee_reward=10.5211 human_reward=-10.5294
RL 1v1 episode=235 bee_team=0 human_team=1 ships_per_side=1 winner=1 timeout=False duration=15.03s bee_tsv=16->16 human_tsv=18->0 bee_shots=2 bee_hits=1 bee_damage=75 bee_tsv_reward=0.5294 human_shots=2 human_hits=0 human_damage=0 human_tsv_reward=-0.5294 bee_reward=10.5169 human_reward=-10.5294
RL 1v1 episode=236 bee_team=1 human_team=0 ships_per_side=1 winner=1 timeout=False duration=10.03s bee_tsv=16->16 human_tsv=18->0 bee_shots=1 bee_hits=1 bee_damage=75 bee_tsv_reward=0.5294 human_shots=0 human_hits=0 human_damage=0 human_tsv_reward=-0.5294 bee_reward=10.5211 human_reward=-10.5294
RL 1v1 episode=237 bee_team=0 human_team=1 ships_per_side=1 winner=1 timeout=False duration=27.53s bee_tsv=16->16 human_tsv=18->0 bee_shots=6 bee_hits=1 bee_damage=75 bee_tsv_reward=0.5294 human_shots=0 human_hits=0 human_damage=0 human_tsv_reward=-0.5294 bee_reward=10.5065 human_reward=-10.5294
RL 1v1 episode=238 bee_team=1 human_team=0 ships_per_side=1 winner=1 timeout=False duration=7.53s bee_tsv=16->16 human_tsv=18->0 bee_shots=1 bee_hits=1 bee_damage=75 bee_tsv_reward=0.5294 human_shots=0 human_hits=0 human_damage=0 human_tsv_reward=-0.5294 bee_reward=10.5231 human_reward=-10.5294
RL 1v1 episode=239 bee_team=0 human_team=1 ships_per_side=1 winner=1 timeout=False duration=7.53s bee_tsv=16->16 human_tsv=18->0 bee_shots=1 bee_hits=1 bee_damage=75 bee_tsv_reward=0.5294 human_shots=0 human_hits=0 human_damage=0 human_tsv_reward=-0.5294 bee_reward=10.5231 human_reward=-10.5294
RL 1v1 episode=240 bee_team=1 human_team=0 ships_per_side=1 winner=1 timeout=False duration=10.03s bee_tsv=16->16 human_tsv=18->0 bee_shots=2 bee_hits=1 bee_damage=75 bee_tsv_reward=0.5294 human_shots=0 human_hits=0 human_damage=0 human_tsv_reward=-0.5294 bee_reward=10.5211 human_reward=-10.5294
RL 1v1 summary episodes=240 bee_record=147-93 human_record=1-239 timeouts=92 avg_duration=65.12s bee_shots=389 bee_hits=147 bee_hit_rate=37.79 % bee_damage=11025 human_shots=210 human_hits=49 human_hit_rate=23.33 % human_damage=1450
RL 1v1 episode=241 bee_team=0 human_team=1 ships_per_side=1 winner=1 timeout=False duration=15.05s bee_tsv=16->16 human_tsv=18->0 bee_shots=2 bee_hits=1 bee_damage=75 bee_tsv_reward=0.5294 human_shots=0 human_hits=0 human_damage=0 human_tsv_reward=-0.5294 bee_reward=10.5169 human_reward=-10.5294
RL 1v1 episode=242 bee_team=1 human_team=0 ships_per_side=1 winner=1 timeout=False duration=15.05s bee_tsv=16->16 human_tsv=18->0 bee_shots=1 bee_hits=1 bee_damage=75 bee_tsv_reward=0.5294 human_shots=0 human_hits=0 human_damage=0 human_tsv_reward=-0.5294 bee_reward=10.5169 human_reward=-10.5294
RL 1v1 episode=243 bee_team=0 human_team=1 ships_per_side=1 winner=0 timeout=True duration=119.98s bee_tsv=16->13 human_tsv=18->18 bee_shots=13 bee_hits=0 bee_damage=0 bee_tsv_reward=-0.0882 human_shots=8 human_hits=1 human_damage=30 human_tsv_reward=0.0882 bee_reward=-10.0882 human_reward=-9.9118
RL 1v1 episode=244 bee_team=1 human_team=0 ships_per_side=1 winner=1 timeout=False duration=12.53s bee_tsv=16->16 human_tsv=18->0 bee_shots=2 bee_hits=1 bee_damage=75 bee_tsv_reward=0.5294 human_shots=2 human_hits=0 human_damage=0 human_tsv_reward=-0.5294 bee_reward=10.5190 human_reward=-10.5294
RL 1v1 episode=245 bee_team=0 human_team=1 ships_per_side=1 winner=1 timeout=False duration=62.55s bee_tsv=16->16 human_tsv=18->0 bee_shots=10 bee_hits=1 bee_damage=75 bee_tsv_reward=0.5294 human_shots=0 human_hits=0 human_damage=0 human_tsv_reward=-0.5294 bee_reward=10.4773 human_reward=-10.5294
RL 1v1 episode=246 bee_team=1 human_team=0 ships_per_side=1 winner=1 timeout=False duration=30.20s bee_tsv=16->13 human_tsv=18->0 bee_shots=4 bee_hits=1 bee_damage=75 bee_tsv_reward=0.4412 human_shots=4 human_hits=1 human_damage=30 human_tsv_reward=-0.4412 bee_reward=10.4160 human_reward=-10.4412
RL 1v1 episode=247 bee_team=0 human_team=1 ships_per_side=1 winner=1 timeout=False duration=22.68s bee_tsv=16->16 human_tsv=18->0 bee_shots=3 bee_hits=1 bee_damage=75 bee_tsv_reward=0.5294 human_shots=2 human_hits=0 human_damage=0 human_tsv_reward=-0.5294 bee_reward=10.5105 human_reward=-10.5294
RL 1v1 episode=248 bee_team=1 human_team=0 ships_per_side=1 winner=1 timeout=False duration=15.05s bee_tsv=16->16 human_tsv=18->0 bee_shots=1 bee_hits=1 bee_damage=75 bee_tsv_reward=0.5294 human_shots=0 human_hits=0 human_damage=0 human_tsv_reward=-0.5294 bee_reward=10.5169 human_reward=-10.5294
RL 1v1 episode=249 bee_team=0 human_team=1 ships_per_side=1 winner=1 timeout=False duration=5.05s bee_tsv=16->16 human_tsv=18->0 bee_shots=1 bee_hits=1 bee_damage=75 bee_tsv_reward=0.5294 human_shots=0 human_hits=0 human_damage=0 human_tsv_reward=-0.5294 bee_reward=10.5252 human_reward=-10.5294
RL 1v1 episode=250 bee_team=1 human_team=0 ships_per_side=1 winner=1 timeout=False duration=72.68s bee_tsv=16->16 human_tsv=18->0 bee_shots=9 bee_hits=1 bee_damage=75 bee_tsv_reward=0.5294 human_shots=0 human_hits=0 human_damage=0 human_tsv_reward=-0.5294 bee_reward=10.4688 human_reward=-10.5294
RL 1v1 summary episodes=250 bee_record=156-94 human_record=1-249 timeouts=93 avg_duration=64.00s bee_shots=435 bee_hits=156 bee_hit_rate=35.86 % bee_damage=11700 human_shots=226 human_hits=51 human_hit_rate=22.57 % human_damage=1510
RL 1v1 episode=251 bee_team=0 human_team=1 ships_per_side=1 winner=1 timeout=False duration=5.13s bee_tsv=16->16 human_tsv=18->0 bee_shots=1 bee_hits=1 bee_damage=75 bee_tsv_reward=0.5294 human_shots=0 human_hits=0 human_damage=0 human_tsv_reward=-0.5294 bee_reward=10.5251 human_reward=-10.5294
RL 1v1 episode=252 bee_team=1 human_team=0 ships_per_side=1 winner=1 timeout=False duration=2.70s bee_tsv=16->16 human_tsv=18->0 bee_shots=1 bee_hits=1 bee_damage=75 bee_tsv_reward=0.5294 human_shots=0 human_hits=0 human_damage=0 human_tsv_reward=-0.5294 bee_reward=10.5272 human_reward=-10.5294
RL 1v1 episode=253 bee_team=0 human_team=1 ships_per_side=1 winner=1 timeout=False duration=22.70s bee_tsv=16->13 human_tsv=18->0 bee_shots=4 bee_hits=1 bee_damage=75 bee_tsv_reward=0.4412 human_shots=2 human_hits=1 human_damage=30 human_tsv_reward=-0.4412 bee_reward=10.4223 human_reward=-10.4412
RL 1v1 episode=254 bee_team=1 human_team=0 ships_per_side=1 winner=1 timeout=False duration=17.68s bee_tsv=16->16 human_tsv=18->0 bee_shots=2 bee_hits=1 bee_damage=75 bee_tsv_reward=0.5294 human_shots=0 human_hits=0 human_damage=0 human_tsv_reward=-0.5294 bee_reward=10.5147 human_reward=-10.5294
RL 1v1 episode=255 bee_team=0 human_team=1 ships_per_side=1 winner=1 timeout=False duration=5.05s bee_tsv=16->16 human_tsv=18->0 bee_shots=1 bee_hits=1 bee_damage=75 bee_tsv_reward=0.5294 human_shots=0 human_hits=0 human_damage=0 human_tsv_reward=-0.5294 bee_reward=10.5252 human_reward=-10.5294
RL 1v1 episode=256 bee_team=1 human_team=0 ships_per_side=1 winner=1 timeout=False duration=2.67s bee_tsv=16->16 human_tsv=18->0 bee_shots=1 bee_hits=1 bee_damage=75 bee_tsv_reward=0.5294 human_shots=0 human_hits=0 human_damage=0 human_tsv_reward=-0.5294 bee_reward=10.5272 human_reward=-10.5294
RL 1v1 episode=257 bee_team=0 human_team=1 ships_per_side=1 winner=1 timeout=False duration=42.65s bee_tsv=16->16 human_tsv=18->0 bee_shots=5 bee_hits=1 bee_damage=75 bee_tsv_reward=0.5294 human_shots=0 human_hits=0 human_damage=0 human_tsv_reward=-0.5294 bee_reward=10.4939 human_reward=-10.5294
RL 1v1 episode=258 bee_team=1 human_team=0 ships_per_side=1 winner=1 timeout=False duration=7.53s bee_tsv=16->16 human_tsv=18->0 bee_shots=2 bee_hits=1 bee_damage=75 bee_tsv_reward=0.5294 human_shots=0 human_hits=0 human_damage=0 human_tsv_reward=-0.5294 bee_reward=10.5231 human_reward=-10.5294
RL 1v1 episode=259 bee_team=0 human_team=1 ships_per_side=1 winner=1 timeout=False duration=17.53s bee_tsv=16->16 human_tsv=18->0 bee_shots=2 bee_hits=1 bee_damage=75 bee_tsv_reward=0.5294 human_shots=2 human_hits=0 human_damage=0 human_tsv_reward=-0.5294 bee_reward=10.5148 human_reward=-10.5294
RL 1v1 episode=260 bee_team=1 human_team=0 ships_per_side=1 winner=1 timeout=False duration=5.18s bee_tsv=16->16 human_tsv=18->0 bee_shots=1 bee_hits=1 bee_damage=75 bee_tsv_reward=0.5294 human_shots=0 human_hits=0 human_damage=0 human_tsv_reward=-0.5294 bee_reward=10.5251 human_reward=-10.5294
RL 1v1 summary episodes=260 bee_record=166-94 human_record=1-259 timeouts=93 avg_duration=62.04s bee_shots=455 bee_hits=166 bee_hit_rate=36.48 % bee_damage=12450 human_shots=230 human_hits=52 human_hit_rate=22.61 % human_damage=1540
RL 1v1 episode=261 bee_team=0 human_team=1 ships_per_side=1 winner=1 timeout=False duration=50.03s bee_tsv=16->11 human_tsv=18->0 bee_shots=8 bee_hits=1 bee_damage=75 bee_tsv_reward=0.3824 human_shots=2 human_hits=2 human_damage=60 human_tsv_reward=-0.3824 bee_reward=10.3407 human_reward=-10.3824
RL 1v1 episode=262 bee_team=1 human_team=0 ships_per_side=1 winner=1 timeout=False duration=60.03s bee_tsv=16->11 human_tsv=18->0 bee_shots=6 bee_hits=1 bee_damage=75 bee_tsv_reward=0.3824 human_shots=2 human_hits=2 human_damage=60 human_tsv_reward=-0.3824 bee_reward=10.3323 human_reward=-10.3824
RL 1v1 episode=263 bee_team=0 human_team=1 ships_per_side=1 winner=1 timeout=False duration=7.53s bee_tsv=16->16 human_tsv=18->0 bee_shots=1 bee_hits=1 bee_damage=75 bee_tsv_reward=0.5294 human_shots=0 human_hits=0 human_damage=0 human_tsv_reward=-0.5294 bee_reward=10.5231 human_reward=-10.5294
RL 1v1 episode=264 bee_team=1 human_team=0 ships_per_side=1 winner=1 timeout=False duration=5.03s bee_tsv=16->16 human_tsv=18->0 bee_shots=2 bee_hits=1 bee_damage=75 bee_tsv_reward=0.5294 human_shots=0 human_hits=0 human_damage=0 human_tsv_reward=-0.5294 bee_reward=10.5252 human_reward=-10.5294
RL 1v1 episode=265 bee_team=0 human_team=1 ships_per_side=1 winner=1 timeout=False duration=12.53s bee_tsv=16->16 human_tsv=18->0 bee_shots=1 bee_hits=1 bee_damage=75 bee_tsv_reward=0.5294 human_shots=0 human_hits=0 human_damage=0 human_tsv_reward=-0.5294 bee_reward=10.5190 human_reward=-10.5294
RL 1v1 episode=266 bee_team=1 human_team=0 ships_per_side=1 winner=1 timeout=False duration=12.53s bee_tsv=16->16 human_tsv=18->0 bee_shots=2 bee_hits=1 bee_damage=75 bee_tsv_reward=0.5294 human_shots=0 human_hits=0 human_damage=0 human_tsv_reward=-0.5294 bee_reward=10.5190 human_reward=-10.5294
RL 1v1 episode=267 bee_team=0 human_team=1 ships_per_side=1 winner=1 timeout=False duration=15.17s bee_tsv=16->16 human_tsv=18->0 bee_shots=1 bee_hits=1 bee_damage=75 bee_tsv_reward=0.5294 human_shots=0 human_hits=0 human_damage=0 human_tsv_reward=-0.5294 bee_reward=10.5168 human_reward=-10.5294
RL 1v1 episode=268 bee_team=1 human_team=0 ships_per_side=1 winner=1 timeout=False duration=12.68s bee_tsv=16->16 human_tsv=18->0 bee_shots=1 bee_hits=1 bee_damage=75 bee_tsv_reward=0.5294 human_shots=0 human_hits=0 human_damage=0 human_tsv_reward=-0.5294 bee_reward=10.5188 human_reward=-10.5294
RL 1v1 episode=269 bee_team=0 human_team=1 ships_per_side=1 winner=1 timeout=False duration=45.20s bee_tsv=16->16 human_tsv=18->0 bee_shots=3 bee_hits=1 bee_damage=75 bee_tsv_reward=0.5294 human_shots=2 human_hits=0 human_damage=0 human_tsv_reward=-0.5294 bee_reward=10.4917 human_reward=-10.5294
RL 1v1 episode=270 bee_team=1 human_team=0 ships_per_side=1 winner=1 timeout=False duration=2.53s bee_tsv=16->16 human_tsv=18->0 bee_shots=1 bee_hits=1 bee_damage=75 bee_tsv_reward=0.5294 human_shots=0 human_hits=0 human_damage=0 human_tsv_reward=-0.5294 bee_reward=10.5273 human_reward=-10.5294
RL 1v1 summary episodes=270 bee_record=176-94 human_record=1-269 timeouts=93 avg_duration=60.57s bee_shots=481 bee_hits=176 bee_hit_rate=36.59 % bee_damage=13200 human_shots=236 human_hits=56 human_hit_rate=23.73 % human_damage=1660
RL 1v1 episode=271 bee_team=0 human_team=1 ships_per_side=1 winner=1 timeout=False duration=20.18s bee_tsv=16->16 human_tsv=18->0 bee_shots=1 bee_hits=1 bee_damage=75 bee_tsv_reward=0.5294 human_shots=0 human_hits=0 human_damage=0 human_tsv_reward=-0.5294 bee_reward=10.5126 human_reward=-10.5294
Unable to save timers to file F:/RLDemo/Bees RL Training/Bees_Data\ML-Agents\Timers\RL 1v1 Training_timers.json
[Physics::Module] Cleanup current backend.
[Physics::Module] Id: 0xf2b8ea05
Input System module state changed to: ShutdownInProgress.
Input Polling Thread exited.
Input System module state changed to: Shutdown.
CodeReloadManager destroyed
GarbageCollector disposing of ComputeBuffer. Please use ComputeBuffer.Release() or .Dispose() to manually release the buffer.
