Mono path[0] = 'F:/RLDemo/Bees RL Training/Bees_Data/Managed'
Mono config path = 'F:/RLDemo/Bees RL Training/MonoBleedingEdge/etc'
CodeReloadManager initialized
Input System module state changed to: Initialized.
[Physics::Module] Initialized fallback backend.
[Physics::Module] Id: 0xdecafbad
Initialize engine version: 6000.4.3f1 (39d1a88d4dd1)
[Subsystems] Discovering subsystems at path F:/RLDemo/Bees RL Training/Bees_Data/UnitySubsystems
Forcing GfxDevice: Null
GfxDevice: creating device client; kGfxThreadingModeNonThreaded
NullGfxDevice:
    Version:  NULL 1.0 [1.0]
    Renderer: Null Device
    Vendor:   Unity Technologies
Begin MonoManager ReloadAssembly
- Finished resetting the current domain, in  0.005 seconds
[Physics::Module] Selected backend.
[Physics::Module] Name: PhysX
[Physics::Module] Id: 0xf2b8ea05
[Physics::Module] SDK Version: 4.1.2
[Physics::Module] Integration Version: 1.0.0
[Physics::Module] Threading Mode: Multi-Threaded
Microsoft Media Foundation video decoding to texture disabled: graphics device is Null, only Direct3D 11 and Direct3D 12 (only on desktop) are supported for hardware-accelerated video decoding.
Texture with ID 114 and with size 13376x6920 was too large for graphics device maximum supported texture size (8192x8192). Falling back to a dummy texture. Generate mip maps to provide lower size fallback.
Texture with ID 210 and with size 13376x6920 was too large for graphics device maximum supported texture size (8192x8192). Falling back to a dummy texture. Generate mip maps to provide lower size fallback.
Texture with ID 221 and with size 13376x6920 was too large for graphics device maximum supported texture size (8192x8192). Falling back to a dummy texture. Generate mip maps to provide lower size fallback.
Texture with ID 238 and with size 13376x6920 was too large for graphics device maximum supported texture size (8192x8192). Falling back to a dummy texture. Generate mip maps to provide lower size fallback.
UnloadTime: 1.230400 ms
RL training configuration health_ratio=0.25 map_size=30 episode_timeout=120s ships_per_side=1 bee_ship_types=Wasp human_ship_types=Gunship
DontDestroyOnLoad only works for root GameObjects or components on root GameObjects.
Trying to connect to ws://clashofempire.net:7146
Connection with WebSocketSharp open!
[Steamworks.NET] SteamAPI_Init() failed. Continuing without Steam features.
Steam API is unavailable; using local fallback identity.
User id is 2013868892
Can not play a disabled audio source
Registered Communicator in Agent.
RL 1v1 episode=1 bee_team=0 human_team=1 ships_per_side=1 winner=0 timeout=True duration=119.67s bee_tsv=16->11 human_tsv=18->18 bee_shots=1 bee_hits=0 bee_damage=0 bee_tsv_reward=-0.1471 human_shots=2 human_hits=2 human_damage=60 human_tsv_reward=0.1471 bee_reward=-10.1471 human_reward=-9.8529
RL 1v1 episode=2 bee_team=1 human_team=0 ships_per_side=1 winner=0 timeout=True duration=119.98s bee_tsv=16->16 human_tsv=18->18 bee_shots=0 bee_hits=0 bee_damage=0 bee_tsv_reward=0.0000 human_shots=0 human_hits=0 human_damage=0 human_tsv_reward=0.0000 bee_reward=-10.0000 human_reward=-10.0000
RL 1v1 episode=3 bee_team=0 human_team=1 ships_per_side=1 winner=0 timeout=True duration=119.98s bee_tsv=16->16 human_tsv=18->18 bee_shots=0 bee_hits=0 bee_damage=0 bee_tsv_reward=0.0000 human_shots=0 human_hits=0 human_damage=0 human_tsv_reward=0.0000 bee_reward=-10.0000 human_reward=-10.0000
RL 1v1 episode=4 bee_team=1 human_team=0 ships_per_side=1 winner=0 timeout=True duration=119.98s bee_tsv=16->16 human_tsv=18->18 bee_shots=1 bee_hits=0 bee_damage=0 bee_tsv_reward=0.0000 human_shots=0 human_hits=0 human_damage=0 human_tsv_reward=0.0000 bee_reward=-10.0000 human_reward=-10.0000
RL 1v1 episode=5 bee_team=0 human_team=1 ships_per_side=1 winner=0 timeout=True duration=119.98s bee_tsv=16->11 human_tsv=18->18 bee_shots=1 bee_hits=0 bee_damage=0 bee_tsv_reward=-0.1471 human_shots=2 human_hits=2 human_damage=60 human_tsv_reward=0.1471 bee_reward=-10.1471 human_reward=-9.8529
RL 1v1 episode=6 bee_team=1 human_team=0 ships_per_side=1 winner=0 timeout=True duration=119.98s bee_tsv=16->16 human_tsv=18->18 bee_shots=0 bee_hits=0 bee_damage=0 bee_tsv_reward=0.0000 human_shots=2 human_hits=0 human_damage=0 human_tsv_reward=0.0000 bee_reward=-10.0000 human_reward=-10.0000
RL 1v1 episode=7 bee_team=0 human_team=1 ships_per_side=1 winner=0 timeout=True duration=119.98s bee_tsv=16->16 human_tsv=18->18 bee_shots=0 bee_hits=0 bee_damage=0 bee_tsv_reward=0.0000 human_shots=0 human_hits=0 human_damage=0 human_tsv_reward=0.0000 bee_reward=-10.0000 human_reward=-10.0000
RL 1v1 episode=8 bee_team=1 human_team=0 ships_per_side=1 winner=0 timeout=True duration=119.98s bee_tsv=16->16 human_tsv=18->18 bee_shots=0 bee_hits=0 bee_damage=0 bee_tsv_reward=0.0000 human_shots=0 human_hits=0 human_damage=0 human_tsv_reward=0.0000 bee_reward=-10.0000 human_reward=-10.0000
RL 1v1 episode=9 bee_team=0 human_team=1 ships_per_side=1 winner=0 timeout=True duration=119.98s bee_tsv=16->16 human_tsv=18->18 bee_shots=0 bee_hits=0 bee_damage=0 bee_tsv_reward=0.0000 human_shots=0 human_hits=0 human_damage=0 human_tsv_reward=0.0000 bee_reward=-10.0000 human_reward=-10.0000
RL 1v1 episode=10 bee_team=1 human_team=0 ships_per_side=1 winner=0 timeout=True duration=119.98s bee_tsv=16->11 human_tsv=18->18 bee_shots=0 bee_hits=0 bee_damage=0 bee_tsv_reward=-0.1471 human_shots=2 human_hits=2 human_damage=60 human_tsv_reward=0.1471 bee_reward=-10.1471 human_reward=-9.8529
RL 1v1 summary episodes=10 bee_record=0-10 human_record=0-10 timeouts=10 avg_duration=119.95s bee_shots=3 bee_hits=0 bee_hit_rate=0.00 % bee_damage=0 human_shots=8 human_hits=6 human_hit_rate=75.00 % human_damage=180
RL 1v1 episode=11 bee_team=0 human_team=1 ships_per_side=1 winner=0 timeout=True duration=119.98s bee_tsv=16->16 human_tsv=18->18 bee_shots=1 bee_hits=0 bee_damage=0 bee_tsv_reward=0.0000 human_shots=4 human_hits=0 human_damage=0 human_tsv_reward=0.0000 bee_reward=-10.0000 human_reward=-10.0000
RL 1v1 episode=12 bee_team=1 human_team=0 ships_per_side=1 winner=0 timeout=True duration=119.98s bee_tsv=16->16 human_tsv=18->18 bee_shots=0 bee_hits=0 bee_damage=0 bee_tsv_reward=0.0000 human_shots=2 human_hits=0 human_damage=0 human_tsv_reward=0.0000 bee_reward=-10.0000 human_reward=-10.0000
RL 1v1 episode=13 bee_team=0 human_team=1 ships_per_side=1 winner=0 timeout=True duration=119.98s bee_tsv=16->16 human_tsv=18->18 bee_shots=1 bee_hits=0 bee_damage=0 bee_tsv_reward=0.0000 human_shots=4 human_hits=0 human_damage=0 human_tsv_reward=0.0000 bee_reward=-10.0000 human_reward=-10.0000
RL 1v1 episode=14 bee_team=1 human_team=0 ships_per_side=1 winner=0 timeout=True duration=119.98s bee_tsv=16->16 human_tsv=18->18 bee_shots=1 bee_hits=0 bee_damage=0 bee_tsv_reward=0.0000 human_shots=4 human_hits=0 human_damage=0 human_tsv_reward=0.0000 bee_reward=-10.0000 human_reward=-10.0000
RL 1v1 episode=15 bee_team=0 human_team=1 ships_per_side=1 winner=0 timeout=True duration=119.98s bee_tsv=16->11 human_tsv=18->18 bee_shots=0 bee_hits=0 bee_damage=0 bee_tsv_reward=-0.1471 human_shots=2 human_hits=2 human_damage=60 human_tsv_reward=0.1471 bee_reward=-10.1471 human_reward=-9.8529
RL 1v1 episode=16 bee_team=1 human_team=0 ships_per_side=1 winner=1 timeout=False duration=60.03s bee_tsv=16->16 human_tsv=18->0 bee_shots=1 bee_hits=1 bee_damage=75 bee_tsv_reward=0.5294 human_shots=0 human_hits=0 human_damage=0 human_tsv_reward=-0.5294 bee_reward=10.4794 human_reward=-10.5294
RL 1v1 episode=17 bee_team=0 human_team=1 ships_per_side=1 winner=0 timeout=True duration=119.98s bee_tsv=16->16 human_tsv=18->18 bee_shots=0 bee_hits=0 bee_damage=0 bee_tsv_reward=0.0000 human_shots=0 human_hits=0 human_damage=0 human_tsv_reward=0.0000 bee_reward=-10.0000 human_reward=-10.0000
RL 1v1 episode=18 bee_team=1 human_team=0 ships_per_side=1 winner=0 timeout=True duration=119.98s bee_tsv=16->16 human_tsv=18->18 bee_shots=1 bee_hits=0 bee_damage=0 bee_tsv_reward=0.0000 human_shots=0 human_hits=0 human_damage=0 human_tsv_reward=0.0000 bee_reward=-10.0000 human_reward=-10.0000
RL 1v1 episode=19 bee_team=0 human_team=1 ships_per_side=1 winner=0 timeout=True duration=119.98s bee_tsv=16->16 human_tsv=18->18 bee_shots=0 bee_hits=0 bee_damage=0 bee_tsv_reward=0.0000 human_shots=0 human_hits=0 human_damage=0 human_tsv_reward=0.0000 bee_reward=-10.0000 human_reward=-10.0000
RL 1v1 episode=20 bee_team=1 human_team=0 ships_per_side=1 winner=0 timeout=True duration=119.98s bee_tsv=16->16 human_tsv=18->18 bee_shots=0 bee_hits=0 bee_damage=0 bee_tsv_reward=0.0000 human_shots=0 human_hits=0 human_damage=0 human_tsv_reward=0.0000 bee_reward=-10.0000 human_reward=-10.0000
RL 1v1 summary episodes=20 bee_record=1-19 human_record=0-20 timeouts=19 avg_duration=116.97s bee_shots=8 bee_hits=1 bee_hit_rate=12.50 % bee_damage=75 human_shots=24 human_hits=8 human_hit_rate=33.33 % human_damage=240
RL 1v1 episode=21 bee_team=0 human_team=1 ships_per_side=1 winner=0 timeout=True duration=119.98s bee_tsv=16->16 human_tsv=18->18 bee_shots=1 bee_hits=0 bee_damage=0 bee_tsv_reward=0.0000 human_shots=0 human_hits=0 human_damage=0 human_tsv_reward=0.0000 bee_reward=-10.0000 human_reward=-10.0000
RL 1v1 episode=22 bee_team=1 human_team=0 ships_per_side=1 winner=0 timeout=True duration=119.98s bee_tsv=16->11 human_tsv=18->18 bee_shots=0 bee_hits=0 bee_damage=0 bee_tsv_reward=-0.1471 human_shots=2 human_hits=2 human_damage=60 human_tsv_reward=0.1471 bee_reward=-10.1471 human_reward=-9.8529
RL 1v1 episode=23 bee_team=0 human_team=1 ships_per_side=1 winner=1 timeout=False duration=7.55s bee_tsv=16->16 human_tsv=18->0 bee_shots=1 bee_hits=1 bee_damage=75 bee_tsv_reward=0.5294 human_shots=0 human_hits=0 human_damage=0 human_tsv_reward=-0.5294 bee_reward=10.5231 human_reward=-10.5294
RL 1v1 episode=24 bee_team=1 human_team=0 ships_per_side=1 winner=0 timeout=True duration=119.98s bee_tsv=16->16 human_tsv=18->18 bee_shots=0 bee_hits=0 bee_damage=0 bee_tsv_reward=0.0000 human_shots=0 human_hits=0 human_damage=0 human_tsv_reward=0.0000 bee_reward=-10.0000 human_reward=-10.0000
RL 1v1 episode=25 bee_team=0 human_team=1 ships_per_side=1 winner=0 timeout=True duration=119.98s bee_tsv=16->16 human_tsv=18->18 bee_shots=1 bee_hits=0 bee_damage=0 bee_tsv_reward=0.0000 human_shots=2 human_hits=0 human_damage=0 human_tsv_reward=0.0000 bee_reward=-10.0000 human_reward=-10.0000
RL 1v1 episode=26 bee_team=1 human_team=0 ships_per_side=1 winner=0 timeout=True duration=119.98s bee_tsv=16->16 human_tsv=18->18 bee_shots=0 bee_hits=0 bee_damage=0 bee_tsv_reward=0.0000 human_shots=0 human_hits=0 human_damage=0 human_tsv_reward=0.0000 bee_reward=-10.0000 human_reward=-10.0000
RL 1v1 episode=27 bee_team=0 human_team=1 ships_per_side=1 winner=0 timeout=True duration=119.98s bee_tsv=16->16 human_tsv=18->18 bee_shots=1 bee_hits=0 bee_damage=0 bee_tsv_reward=0.0000 human_shots=0 human_hits=0 human_damage=0 human_tsv_reward=0.0000 bee_reward=-10.0000 human_reward=-10.0000
RL 1v1 episode=28 bee_team=1 human_team=0 ships_per_side=1 winner=0 timeout=True duration=119.98s bee_tsv=16->16 human_tsv=18->18 bee_shots=0 bee_hits=0 bee_damage=0 bee_tsv_reward=0.0000 human_shots=0 human_hits=0 human_damage=0 human_tsv_reward=0.0000 bee_reward=-10.0000 human_reward=-10.0000
RL 1v1 episode=29 bee_team=0 human_team=1 ships_per_side=1 winner=0 timeout=True duration=119.98s bee_tsv=16->16 human_tsv=18->18 bee_shots=0 bee_hits=0 bee_damage=0 bee_tsv_reward=0.0000 human_shots=4 human_hits=0 human_damage=0 human_tsv_reward=0.0000 bee_reward=-10.0000 human_reward=-10.0000
RL 1v1 episode=30 bee_team=1 human_team=0 ships_per_side=1 winner=0 timeout=True duration=119.98s bee_tsv=16->16 human_tsv=18->18 bee_shots=0 bee_hits=0 bee_damage=0 bee_tsv_reward=0.0000 human_shots=0 human_hits=0 human_damage=0 human_tsv_reward=0.0000 bee_reward=-10.0000 human_reward=-10.0000
RL 1v1 summary episodes=30 bee_record=2-28 human_record=0-30 timeouts=28 avg_duration=114.23s bee_shots=12 bee_hits=2 bee_hit_rate=16.67 % bee_damage=150 human_shots=32 human_hits=10 human_hit_rate=31.25 % human_damage=300
RL 1v1 episode=31 bee_team=0 human_team=1 ships_per_side=1 winner=0 timeout=True duration=119.98s bee_tsv=16->16 human_tsv=18->18 bee_shots=0 bee_hits=0 bee_damage=0 bee_tsv_reward=0.0000 human_shots=0 human_hits=0 human_damage=0 human_tsv_reward=0.0000 bee_reward=-10.0000 human_reward=-10.0000
RL 1v1 episode=32 bee_team=1 human_team=0 ships_per_side=1 winner=0 timeout=True duration=119.98s bee_tsv=16->16 human_tsv=18->18 bee_shots=2 bee_hits=0 bee_damage=0 bee_tsv_reward=0.0000 human_shots=2 human_hits=0 human_damage=0 human_tsv_reward=0.0000 bee_reward=-10.0000 human_reward=-10.0000
RL 1v1 episode=33 bee_team=0 human_team=1 ships_per_side=1 winner=0 timeout=True duration=119.98s bee_tsv=16->16 human_tsv=18->18 bee_shots=1 bee_hits=0 bee_damage=0 bee_tsv_reward=0.0000 human_shots=0 human_hits=0 human_damage=0 human_tsv_reward=0.0000 bee_reward=-10.0000 human_reward=-10.0000
RL 1v1 episode=34 bee_team=1 human_team=0 ships_per_side=1 winner=0 timeout=True duration=119.98s bee_tsv=16->16 human_tsv=18->18 bee_shots=0 bee_hits=0 bee_damage=0 bee_tsv_reward=0.0000 human_shots=0 human_hits=0 human_damage=0 human_tsv_reward=0.0000 bee_reward=-10.0000 human_reward=-10.0000
RL 1v1 episode=35 bee_team=0 human_team=1 ships_per_side=1 winner=0 timeout=True duration=119.98s bee_tsv=16->16 human_tsv=18->18 bee_shots=0 bee_hits=0 bee_damage=0 bee_tsv_reward=0.0000 human_shots=0 human_hits=0 human_damage=0 human_tsv_reward=0.0000 bee_reward=-10.0000 human_reward=-10.0000
RL 1v1 episode=36 bee_team=1 human_team=0 ships_per_side=1 winner=0 timeout=True duration=119.98s bee_tsv=16->16 human_tsv=18->18 bee_shots=0 bee_hits=0 bee_damage=0 bee_tsv_reward=0.0000 human_shots=0 human_hits=0 human_damage=0 human_tsv_reward=0.0000 bee_reward=-10.0000 human_reward=-10.0000
RL 1v1 episode=37 bee_team=0 human_team=1 ships_per_side=1 winner=0 timeout=True duration=119.98s bee_tsv=16->16 human_tsv=18->18 bee_shots=0 bee_hits=0 bee_damage=0 bee_tsv_reward=0.0000 human_shots=0 human_hits=0 human_damage=0 human_tsv_reward=0.0000 bee_reward=-10.0000 human_reward=-10.0000
RL 1v1 episode=38 bee_team=1 human_team=0 ships_per_side=1 winner=0 timeout=True duration=119.98s bee_tsv=16->16 human_tsv=18->18 bee_shots=0 bee_hits=0 bee_damage=0 bee_tsv_reward=0.0000 human_shots=0 human_hits=0 human_damage=0 human_tsv_reward=0.0000 bee_reward=-10.0000 human_reward=-10.0000
RL 1v1 episode=39 bee_team=0 human_team=1 ships_per_side=1 winner=0 timeout=True duration=119.98s bee_tsv=16->16 human_tsv=18->18 bee_shots=0 bee_hits=0 bee_damage=0 bee_tsv_reward=0.0000 human_shots=2 human_hits=0 human_damage=0 human_tsv_reward=0.0000 bee_reward=-10.0000 human_reward=-10.0000
RL 1v1 episode=40 bee_team=1 human_team=0 ships_per_side=1 winner=0 timeout=True duration=119.98s bee_tsv=16->16 human_tsv=18->18 bee_shots=0 bee_hits=0 bee_damage=0 bee_tsv_reward=0.0000 human_shots=0 human_hits=0 human_damage=0 human_tsv_reward=0.0000 bee_reward=-10.0000 human_reward=-10.0000
RL 1v1 summary episodes=40 bee_record=2-38 human_record=0-40 timeouts=38 avg_duration=115.67s bee_shots=15 bee_hits=2 bee_hit_rate=13.33 % bee_damage=150 human_shots=36 human_hits=10 human_hit_rate=27.78 % human_damage=300
RL 1v1 episode=41 bee_team=0 human_team=1 ships_per_side=1 winner=0 timeout=True duration=119.98s bee_tsv=16->16 human_tsv=18->18 bee_shots=0 bee_hits=0 bee_damage=0 bee_tsv_reward=0.0000 human_shots=2 human_hits=0 human_damage=0 human_tsv_reward=0.0000 bee_reward=-10.0000 human_reward=-10.0000
RL 1v1 episode=42 bee_team=1 human_team=0 ships_per_side=1 winner=0 timeout=True duration=119.98s bee_tsv=16->16 human_tsv=18->18 bee_shots=0 bee_hits=0 bee_damage=0 bee_tsv_reward=0.0000 human_shots=0 human_hits=0 human_damage=0 human_tsv_reward=0.0000 bee_reward=-10.0000 human_reward=-10.0000
RL 1v1 episode=43 bee_team=0 human_team=1 ships_per_side=1 winner=0 timeout=True duration=119.98s bee_tsv=16->16 human_tsv=18->18 bee_shots=0 bee_hits=0 bee_damage=0 bee_tsv_reward=0.0000 human_shots=4 human_hits=0 human_damage=0 human_tsv_reward=0.0000 bee_reward=-10.0000 human_reward=-10.0000
RL 1v1 episode=44 bee_team=1 human_team=0 ships_per_side=1 winner=0 timeout=True duration=119.98s bee_tsv=16->16 human_tsv=18->18 bee_shots=0 bee_hits=0 bee_damage=0 bee_tsv_reward=0.0000 human_shots=0 human_hits=0 human_damage=0 human_tsv_reward=0.0000 bee_reward=-10.0000 human_reward=-10.0000
RL 1v1 episode=45 bee_team=0 human_team=1 ships_per_side=1 winner=0 timeout=True duration=119.98s bee_tsv=16->16 human_tsv=18->18 bee_shots=0 bee_hits=0 bee_damage=0 bee_tsv_reward=0.0000 human_shots=2 human_hits=0 human_damage=0 human_tsv_reward=0.0000 bee_reward=-10.0000 human_reward=-10.0000
RL 1v1 episode=46 bee_team=1 human_team=0 ships_per_side=1 winner=0 timeout=True duration=119.98s bee_tsv=16->16 human_tsv=18->18 bee_shots=0 bee_hits=0 bee_damage=0 bee_tsv_reward=0.0000 human_shots=0 human_hits=0 human_damage=0 human_tsv_reward=0.0000 bee_reward=-10.0000 human_reward=-10.0000
RL 1v1 episode=47 bee_team=0 human_team=1 ships_per_side=1 winner=1 timeout=False duration=60.10s bee_tsv=16->16 human_tsv=18->0 bee_shots=1 bee_hits=1 bee_damage=75 bee_tsv_reward=0.5294 human_shots=0 human_hits=0 human_damage=0 human_tsv_reward=-0.5294 bee_reward=10.4793 human_reward=-10.5294
RL 1v1 episode=48 bee_team=1 human_team=0 ships_per_side=1 winner=1 timeout=False duration=52.53s bee_tsv=16->16 human_tsv=18->0 bee_shots=1 bee_hits=1 bee_damage=75 bee_tsv_reward=0.5294 human_shots=0 human_hits=0 human_damage=0 human_tsv_reward=-0.5294 bee_reward=10.4856 human_reward=-10.5294
RL 1v1 episode=49 bee_team=0 human_team=1 ships_per_side=1 winner=0 timeout=True duration=119.98s bee_tsv=16->16 human_tsv=18->18 bee_shots=0 bee_hits=0 bee_damage=0 bee_tsv_reward=0.0000 human_shots=0 human_hits=0 human_damage=0 human_tsv_reward=0.0000 bee_reward=-10.0000 human_reward=-10.0000
RL 1v1 episode=50 bee_team=1 human_team=0 ships_per_side=1 winner=0 timeout=True duration=119.98s bee_tsv=16->16 human_tsv=18->18 bee_shots=0 bee_hits=0 bee_damage=0 bee_tsv_reward=0.0000 human_shots=0 human_hits=0 human_damage=0 human_tsv_reward=0.0000 bee_reward=-10.0000 human_reward=-10.0000
RL 1v1 summary episodes=50 bee_record=4-46 human_record=0-50 timeouts=46 avg_duration=113.98s bee_shots=17 bee_hits=4 bee_hit_rate=23.53 % bee_damage=300 human_shots=44 human_hits=10 human_hit_rate=22.73 % human_damage=300
RL 1v1 episode=51 bee_team=0 human_team=1 ships_per_side=1 winner=0 timeout=True duration=119.98s bee_tsv=16->16 human_tsv=18->18 bee_shots=0 bee_hits=0 bee_damage=0 bee_tsv_reward=0.0000 human_shots=0 human_hits=0 human_damage=0 human_tsv_reward=0.0000 bee_reward=-10.0000 human_reward=-10.0000
RL 1v1 episode=52 bee_team=1 human_team=0 ships_per_side=1 winner=1 timeout=False duration=60.03s bee_tsv=16->11 human_tsv=18->0 bee_shots=1 bee_hits=1 bee_damage=75 bee_tsv_reward=0.3824 human_shots=2 human_hits=2 human_damage=60 human_tsv_reward=-0.3824 bee_reward=10.3323 human_reward=-10.3824
RL 1v1 episode=53 bee_team=0 human_team=1 ships_per_side=1 winner=0 timeout=True duration=119.98s bee_tsv=16->16 human_tsv=18->18 bee_shots=0 bee_hits=0 bee_damage=0 bee_tsv_reward=0.0000 human_shots=0 human_hits=0 human_damage=0 human_tsv_reward=0.0000 bee_reward=-10.0000 human_reward=-10.0000
RL 1v1 episode=54 bee_team=1 human_team=0 ships_per_side=1 winner=0 timeout=True duration=119.98s bee_tsv=16->16 human_tsv=18->18 bee_shots=0 bee_hits=0 bee_damage=0 bee_tsv_reward=0.0000 human_shots=0 human_hits=0 human_damage=0 human_tsv_reward=0.0000 bee_reward=-10.0000 human_reward=-10.0000
RL 1v1 episode=55 bee_team=0 human_team=1 ships_per_side=1 winner=1 timeout=False duration=60.03s bee_tsv=16->16 human_tsv=18->0 bee_shots=1 bee_hits=1 bee_damage=75 bee_tsv_reward=0.5294 human_shots=0 human_hits=0 human_damage=0 human_tsv_reward=-0.5294 bee_reward=10.4794 human_reward=-10.5294
RL 1v1 episode=56 bee_team=1 human_team=0 ships_per_side=1 winner=1 timeout=False duration=77.53s bee_tsv=16->8 human_tsv=18->0 bee_shots=1 bee_hits=1 bee_damage=75 bee_tsv_reward=0.2941 human_shots=4 human_hits=3 human_damage=90 human_tsv_reward=-0.2941 bee_reward=10.2295 human_reward=-10.2941
RL 1v1 episode=57 bee_team=0 human_team=1 ships_per_side=1 winner=0 timeout=True duration=119.98s bee_tsv=16->13 human_tsv=18->18 bee_shots=1 bee_hits=0 bee_damage=0 bee_tsv_reward=-0.0882 human_shots=4 human_hits=1 human_damage=30 human_tsv_reward=0.0882 bee_reward=-10.0882 human_reward=-9.9118
RL 1v1 episode=58 bee_team=1 human_team=0 ships_per_side=1 winner=0 timeout=True duration=119.98s bee_tsv=16->16 human_tsv=18->18 bee_shots=1 bee_hits=0 bee_damage=0 bee_tsv_reward=0.0000 human_shots=0 human_hits=0 human_damage=0 human_tsv_reward=0.0000 bee_reward=-10.0000 human_reward=-10.0000
RL 1v1 episode=59 bee_team=0 human_team=1 ships_per_side=1 winner=1 timeout=False duration=12.53s bee_tsv=16->16 human_tsv=18->0 bee_shots=1 bee_hits=1 bee_damage=75 bee_tsv_reward=0.5294 human_shots=0 human_hits=0 human_damage=0 human_tsv_reward=-0.5294 bee_reward=10.5190 human_reward=-10.5294
RL 1v1 episode=60 bee_team=1 human_team=0 ships_per_side=1 winner=0 timeout=True duration=119.98s bee_tsv=16->16 human_tsv=18->18 bee_shots=1 bee_hits=0 bee_damage=0 bee_tsv_reward=0.0000 human_shots=0 human_hits=0 human_damage=0 human_tsv_reward=0.0000 bee_reward=-10.0000 human_reward=-10.0000
RL 1v1 summary episodes=60 bee_record=8-52 human_record=0-60 timeouts=52 avg_duration=110.49s bee_shots=24 bee_hits=8 bee_hit_rate=33.33 % bee_damage=600 human_shots=54 human_hits=16 human_hit_rate=29.63 % human_damage=480
RL 1v1 episode=61 bee_team=0 human_team=1 ships_per_side=1 winner=0 timeout=True duration=119.98s bee_tsv=16->16 human_tsv=18->18 bee_shots=0 bee_hits=0 bee_damage=0 bee_tsv_reward=0.0000 human_shots=0 human_hits=0 human_damage=0 human_tsv_reward=0.0000 bee_reward=-10.0000 human_reward=-10.0000
RL 1v1 episode=62 bee_team=1 human_team=0 ships_per_side=1 winner=1 timeout=False duration=102.53s bee_tsv=16->13 human_tsv=18->0 bee_shots=1 bee_hits=1 bee_damage=75 bee_tsv_reward=0.4412 human_shots=2 human_hits=1 human_damage=30 human_tsv_reward=-0.4412 bee_reward=10.3557 human_reward=-10.4412
RL 1v1 episode=63 bee_team=0 human_team=1 ships_per_side=1 winner=0 timeout=True duration=119.98s bee_tsv=16->16 human_tsv=18->18 bee_shots=0 bee_hits=0 bee_damage=0 bee_tsv_reward=0.0000 human_shots=0 human_hits=0 human_damage=0 human_tsv_reward=0.0000 bee_reward=-10.0000 human_reward=-10.0000
RL 1v1 episode=64 bee_team=1 human_team=0 ships_per_side=1 winner=0 timeout=True duration=119.98s bee_tsv=16->16 human_tsv=18->18 bee_shots=1 bee_hits=0 bee_damage=0 bee_tsv_reward=0.0000 human_shots=0 human_hits=0 human_damage=0 human_tsv_reward=0.0000 bee_reward=-10.0000 human_reward=-10.0000
RL 1v1 episode=65 bee_team=0 human_team=1 ships_per_side=1 winner=0 timeout=True duration=119.98s bee_tsv=16->11 human_tsv=18->18 bee_shots=0 bee_hits=0 bee_damage=0 bee_tsv_reward=-0.1471 human_shots=2 human_hits=2 human_damage=60 human_tsv_reward=0.1471 bee_reward=-10.1471 human_reward=-9.8529
RL 1v1 episode=66 bee_team=1 human_team=0 ships_per_side=1 winner=0 timeout=True duration=119.98s bee_tsv=16->16 human_tsv=18->18 bee_shots=2 bee_hits=0 bee_damage=0 bee_tsv_reward=0.0000 human_shots=0 human_hits=0 human_damage=0 human_tsv_reward=0.0000 bee_reward=-10.0000 human_reward=-10.0000
RL 1v1 episode=67 bee_team=0 human_team=1 ships_per_side=1 winner=0 timeout=True duration=119.98s bee_tsv=16->16 human_tsv=18->18 bee_shots=0 bee_hits=0 bee_damage=0 bee_tsv_reward=0.0000 human_shots=0 human_hits=0 human_damage=0 human_tsv_reward=0.0000 bee_reward=-10.0000 human_reward=-10.0000
RL 1v1 episode=68 bee_team=1 human_team=0 ships_per_side=1 winner=0 timeout=True duration=119.98s bee_tsv=16->16 human_tsv=18->18 bee_shots=2 bee_hits=0 bee_damage=0 bee_tsv_reward=0.0000 human_shots=0 human_hits=0 human_damage=0 human_tsv_reward=0.0000 bee_reward=-10.0000 human_reward=-10.0000
RL 1v1 episode=69 bee_team=0 human_team=1 ships_per_side=1 winner=0 timeout=True duration=119.98s bee_tsv=16->16 human_tsv=18->18 bee_shots=2 bee_hits=0 bee_damage=0 bee_tsv_reward=0.0000 human_shots=0 human_hits=0 human_damage=0 human_tsv_reward=0.0000 bee_reward=-10.0000 human_reward=-10.0000
RL 1v1 episode=70 bee_team=1 human_team=0 ships_per_side=1 winner=0 timeout=True duration=119.98s bee_tsv=16->16 human_tsv=18->18 bee_shots=0 bee_hits=0 bee_damage=0 bee_tsv_reward=0.0000 human_shots=0 human_hits=0 human_damage=0 human_tsv_reward=0.0000 bee_reward=-10.0000 human_reward=-10.0000
RL 1v1 summary episodes=70 bee_record=9-61 human_record=0-70 timeouts=61 avg_duration=111.59s bee_shots=32 bee_hits=9 bee_hit_rate=28.13 % bee_damage=675 human_shots=58 human_hits=19 human_hit_rate=32.76 % human_damage=570
RL 1v1 episode=71 bee_team=0 human_team=1 ships_per_side=1 winner=1 timeout=False duration=105.03s bee_tsv=16->11 human_tsv=18->0 bee_shots=2 bee_hits=1 bee_damage=75 bee_tsv_reward=0.3824 human_shots=4 human_hits=2 human_damage=60 human_tsv_reward=-0.3824 bee_reward=10.2948 human_reward=-10.3824
RL 1v1 episode=72 bee_team=1 human_team=0 ships_per_side=1 winner=0 timeout=True duration=119.98s bee_tsv=16->16 human_tsv=18->18 bee_shots=1 bee_hits=0 bee_damage=0 bee_tsv_reward=0.0000 human_shots=0 human_hits=0 human_damage=0 human_tsv_reward=0.0000 bee_reward=-10.0000 human_reward=-10.0000
RL 1v1 episode=73 bee_team=0 human_team=1 ships_per_side=1 winner=0 timeout=True duration=119.98s bee_tsv=16->16 human_tsv=18->18 bee_shots=0 bee_hits=0 bee_damage=0 bee_tsv_reward=0.0000 human_shots=2 human_hits=0 human_damage=0 human_tsv_reward=0.0000 bee_reward=-10.0000 human_reward=-10.0000
RL 1v1 episode=74 bee_team=1 human_team=0 ships_per_side=1 winner=0 timeout=True duration=119.98s bee_tsv=16->16 human_tsv=18->18 bee_shots=1 bee_hits=0 bee_damage=0 bee_tsv_reward=0.0000 human_shots=0 human_hits=0 human_damage=0 human_tsv_reward=0.0000 bee_reward=-10.0000 human_reward=-10.0000
RL 1v1 episode=75 bee_team=0 human_team=1 ships_per_side=1 winner=0 timeout=True duration=119.98s bee_tsv=16->16 human_tsv=18->18 bee_shots=1 bee_hits=0 bee_damage=0 bee_tsv_reward=0.0000 human_shots=0 human_hits=0 human_damage=0 human_tsv_reward=0.0000 bee_reward=-10.0000 human_reward=-10.0000
RL 1v1 episode=76 bee_team=1 human_team=0 ships_per_side=1 winner=0 timeout=True duration=119.98s bee_tsv=16->16 human_tsv=18->18 bee_shots=1 bee_hits=0 bee_damage=0 bee_tsv_reward=0.0000 human_shots=0 human_hits=0 human_damage=0 human_tsv_reward=0.0000 bee_reward=-10.0000 human_reward=-10.0000
RL 1v1 episode=77 bee_team=0 human_team=1 ships_per_side=1 winner=0 timeout=True duration=119.98s bee_tsv=16->16 human_tsv=18->18 bee_shots=3 bee_hits=0 bee_damage=0 bee_tsv_reward=0.0000 human_shots=2 human_hits=0 human_damage=0 human_tsv_reward=0.0000 bee_reward=-10.0000 human_reward=-10.0000
RL 1v1 episode=78 bee_team=1 human_team=0 ships_per_side=1 winner=0 timeout=True duration=119.98s bee_tsv=16->16 human_tsv=18->18 bee_shots=3 bee_hits=0 bee_damage=0 bee_tsv_reward=0.0000 human_shots=0 human_hits=0 human_damage=0 human_tsv_reward=0.0000 bee_reward=-10.0000 human_reward=-10.0000
RL 1v1 episode=79 bee_team=0 human_team=1 ships_per_side=1 winner=0 timeout=True duration=119.98s bee_tsv=16->16 human_tsv=18->18 bee_shots=2 bee_hits=0 bee_damage=0 bee_tsv_reward=0.0000 human_shots=0 human_hits=0 human_damage=0 human_tsv_reward=0.0000 bee_reward=-10.0000 human_reward=-10.0000
RL 1v1 episode=80 bee_team=1 human_team=0 ships_per_side=1 winner=0 timeout=True duration=119.98s bee_tsv=16->16 human_tsv=18->18 bee_shots=0 bee_hits=0 bee_damage=0 bee_tsv_reward=0.0000 human_shots=0 human_hits=0 human_damage=0 human_tsv_reward=0.0000 bee_reward=-10.0000 human_reward=-10.0000
RL 1v1 summary episodes=80 bee_record=10-70 human_record=0-80 timeouts=70 avg_duration=112.46s bee_shots=46 bee_hits=10 bee_hit_rate=21.74 % bee_damage=750 human_shots=66 human_hits=21 human_hit_rate=31.82 % human_damage=630
RL 1v1 episode=81 bee_team=0 human_team=1 ships_per_side=1 winner=0 timeout=True duration=119.98s bee_tsv=16->16 human_tsv=18->18 bee_shots=1 bee_hits=0 bee_damage=0 bee_tsv_reward=0.0000 human_shots=2 human_hits=0 human_damage=0 human_tsv_reward=0.0000 bee_reward=-10.0000 human_reward=-10.0000
RL 1v1 episode=82 bee_team=1 human_team=0 ships_per_side=1 winner=0 timeout=True duration=119.98s bee_tsv=16->16 human_tsv=18->18 bee_shots=3 bee_hits=0 bee_damage=0 bee_tsv_reward=0.0000 human_shots=2 human_hits=0 human_damage=0 human_tsv_reward=0.0000 bee_reward=-10.0000 human_reward=-10.0000
RL 1v1 episode=83 bee_team=0 human_team=1 ships_per_side=1 winner=0 timeout=True duration=119.98s bee_tsv=16->16 human_tsv=18->18 bee_shots=1 bee_hits=0 bee_damage=0 bee_tsv_reward=0.0000 human_shots=0 human_hits=0 human_damage=0 human_tsv_reward=0.0000 bee_reward=-10.0000 human_reward=-10.0000
RL 1v1 episode=84 bee_team=1 human_team=0 ships_per_side=1 winner=0 timeout=True duration=119.98s bee_tsv=16->16 human_tsv=18->18 bee_shots=1 bee_hits=0 bee_damage=0 bee_tsv_reward=0.0000 human_shots=4 human_hits=0 human_damage=0 human_tsv_reward=0.0000 bee_reward=-10.0000 human_reward=-10.0000
RL 1v1 episode=85 bee_team=0 human_team=1 ships_per_side=1 winner=0 timeout=True duration=119.98s bee_tsv=16->16 human_tsv=18->18 bee_shots=2 bee_hits=0 bee_damage=0 bee_tsv_reward=0.0000 human_shots=2 human_hits=0 human_damage=0 human_tsv_reward=0.0000 bee_reward=-10.0000 human_reward=-10.0000
RL 1v1 episode=86 bee_team=1 human_team=0 ships_per_side=1 winner=1 timeout=False duration=40.03s bee_tsv=16->16 human_tsv=18->0 bee_shots=1 bee_hits=1 bee_damage=75 bee_tsv_reward=0.5294 human_shots=0 human_hits=0 human_damage=0 human_tsv_reward=-0.5294 bee_reward=10.4961 human_reward=-10.5294
RL 1v1 episode=87 bee_team=0 human_team=1 ships_per_side=1 winner=0 timeout=True duration=119.98s bee_tsv=16->16 human_tsv=18->18 bee_shots=2 bee_hits=0 bee_damage=0 bee_tsv_reward=0.0000 human_shots=0 human_hits=0 human_damage=0 human_tsv_reward=0.0000 bee_reward=-10.0000 human_reward=-10.0000
RL 1v1 episode=88 bee_team=1 human_team=0 ships_per_side=1 winner=0 timeout=True duration=119.98s bee_tsv=16->16 human_tsv=18->18 bee_shots=5 bee_hits=0 bee_damage=0 bee_tsv_reward=0.0000 human_shots=8 human_hits=0 human_damage=0 human_tsv_reward=0.0000 bee_reward=-10.0000 human_reward=-10.0000
RL 1v1 episode=89 bee_team=0 human_team=1 ships_per_side=1 winner=0 timeout=True duration=119.98s bee_tsv=16->16 human_tsv=18->18 bee_shots=1 bee_hits=0 bee_damage=0 bee_tsv_reward=0.0000 human_shots=0 human_hits=0 human_damage=0 human_tsv_reward=0.0000 bee_reward=-10.0000 human_reward=-10.0000
RL 1v1 episode=90 bee_team=1 human_team=0 ships_per_side=1 winner=0 timeout=True duration=119.98s bee_tsv=16->11 human_tsv=18->18 bee_shots=2 bee_hits=0 bee_damage=0 bee_tsv_reward=-0.1471 human_shots=4 human_hits=2 human_damage=60 human_tsv_reward=0.1471 bee_reward=-10.1471 human_reward=-9.8529
RL 1v1 summary episodes=90 bee_record=11-79 human_record=0-90 timeouts=79 avg_duration=112.40s bee_shots=65 bee_hits=11 bee_hit_rate=16.92 % bee_damage=825 human_shots=88 human_hits=23 human_hit_rate=26.14 % human_damage=690
RL 1v1 episode=91 bee_team=0 human_team=1 ships_per_side=1 winner=0 timeout=True duration=119.98s bee_tsv=16->16 human_tsv=18->18 bee_shots=2 bee_hits=0 bee_damage=0 bee_tsv_reward=0.0000 human_shots=0 human_hits=0 human_damage=0 human_tsv_reward=0.0000 bee_reward=-10.0000 human_reward=-10.0000
RL 1v1 episode=92 bee_team=1 human_team=0 ships_per_side=1 winner=0 timeout=True duration=119.98s bee_tsv=16->16 human_tsv=18->18 bee_shots=5 bee_hits=0 bee_damage=0 bee_tsv_reward=0.0000 human_shots=4 human_hits=0 human_damage=0 human_tsv_reward=0.0000 bee_reward=-10.0000 human_reward=-10.0000
RL 1v1 episode=93 bee_team=0 human_team=1 ships_per_side=1 winner=1 timeout=False duration=97.53s bee_tsv=16->11 human_tsv=18->0 bee_shots=1 bee_hits=1 bee_damage=75 bee_tsv_reward=0.3824 human_shots=2 human_hits=2 human_damage=60 human_tsv_reward=-0.3824 bee_reward=10.3011 human_reward=-10.3824
RL 1v1 episode=94 bee_team=1 human_team=0 ships_per_side=1 winner=0 timeout=True duration=119.98s bee_tsv=16->16 human_tsv=18->18 bee_shots=0 bee_hits=0 bee_damage=0 bee_tsv_reward=0.0000 human_shots=2 human_hits=0 human_damage=0 human_tsv_reward=0.0000 bee_reward=-10.0000 human_reward=-10.0000
RL 1v1 episode=95 bee_team=0 human_team=1 ships_per_side=1 winner=0 timeout=True duration=119.98s bee_tsv=16->16 human_tsv=18->18 bee_shots=0 bee_hits=0 bee_damage=0 bee_tsv_reward=0.0000 human_shots=0 human_hits=0 human_damage=0 human_tsv_reward=0.0000 bee_reward=-10.0000 human_reward=-10.0000
RL 1v1 episode=96 bee_team=1 human_team=0 ships_per_side=1 winner=0 timeout=True duration=119.98s bee_tsv=16->16 human_tsv=18->18 bee_shots=3 bee_hits=0 bee_damage=0 bee_tsv_reward=0.0000 human_shots=0 human_hits=0 human_damage=0 human_tsv_reward=0.0000 bee_reward=-10.0000 human_reward=-10.0000
RL 1v1 episode=97 bee_team=0 human_team=1 ships_per_side=1 winner=1 timeout=False duration=87.53s bee_tsv=16->16 human_tsv=18->0 bee_shots=1 bee_hits=1 bee_damage=75 bee_tsv_reward=0.5294 human_shots=2 human_hits=0 human_damage=0 human_tsv_reward=-0.5294 bee_reward=10.4565 human_reward=-10.5294
RL 1v1 episode=98 bee_team=1 human_team=0 ships_per_side=1 winner=0 timeout=True duration=119.98s bee_tsv=16->16 human_tsv=18->18 bee_shots=2 bee_hits=0 bee_damage=0 bee_tsv_reward=0.0000 human_shots=2 human_hits=0 human_damage=0 human_tsv_reward=0.0000 bee_reward=-10.0000 human_reward=-10.0000
RL 1v1 episode=99 bee_team=0 human_team=1 ships_per_side=1 winner=1 timeout=False duration=37.58s bee_tsv=16->16 human_tsv=18->0 bee_shots=2 bee_hits=1 bee_damage=75 bee_tsv_reward=0.5294 human_shots=2 human_hits=0 human_damage=0 human_tsv_reward=-0.5294 bee_reward=10.4981 human_reward=-10.5294
RL 1v1 episode=100 bee_team=1 human_team=0 ships_per_side=1 winner=0 timeout=True duration=119.98s bee_tsv=16->16 human_tsv=18->18 bee_shots=0 bee_hits=0 bee_damage=0 bee_tsv_reward=0.0000 human_shots=0 human_hits=0 human_damage=0 human_tsv_reward=0.0000 bee_reward=-10.0000 human_reward=-10.0000
RL 1v1 summary episodes=100 bee_record=14-86 human_record=0-100 timeouts=86 avg_duration=111.79s bee_shots=81 bee_hits=14 bee_hit_rate=17.28 % bee_damage=1050 human_shots=102 human_hits=25 human_hit_rate=24.51 % human_damage=750
RL 1v1 episode=101 bee_team=0 human_team=1 ships_per_side=1 winner=1 timeout=False duration=50.03s bee_tsv=16->11 human_tsv=18->0 bee_shots=1 bee_hits=1 bee_damage=75 bee_tsv_reward=0.3824 human_shots=2 human_hits=2 human_damage=60 human_tsv_reward=-0.3824 bee_reward=10.3407 human_reward=-10.3824
RL 1v1 episode=102 bee_team=1 human_team=0 ships_per_side=1 winner=0 timeout=True duration=119.98s bee_tsv=16->16 human_tsv=18->18 bee_shots=1 bee_hits=0 bee_damage=0 bee_tsv_reward=0.0000 human_shots=4 human_hits=0 human_damage=0 human_tsv_reward=0.0000 bee_reward=-10.0000 human_reward=-10.0000
RL 1v1 episode=103 bee_team=0 human_team=1 ships_per_side=1 winner=0 timeout=True duration=119.98s bee_tsv=16->16 human_tsv=18->18 bee_shots=0 bee_hits=0 bee_damage=0 bee_tsv_reward=0.0000 human_shots=2 human_hits=0 human_damage=0 human_tsv_reward=0.0000 bee_reward=-10.0000 human_reward=-10.0000
RL 1v1 episode=104 bee_team=1 human_team=0 ships_per_side=1 winner=0 timeout=True duration=119.98s bee_tsv=16->16 human_tsv=18->18 bee_shots=1 bee_hits=0 bee_damage=0 bee_tsv_reward=0.0000 human_shots=2 human_hits=0 human_damage=0 human_tsv_reward=0.0000 bee_reward=-10.0000 human_reward=-10.0000
RL 1v1 episode=105 bee_team=0 human_team=1 ships_per_side=1 winner=0 timeout=True duration=119.98s bee_tsv=16->16 human_tsv=18->18 bee_shots=1 bee_hits=0 bee_damage=0 bee_tsv_reward=0.0000 human_shots=6 human_hits=0 human_damage=0 human_tsv_reward=0.0000 bee_reward=-10.0000 human_reward=-10.0000
RL 1v1 episode=106 bee_team=1 human_team=0 ships_per_side=1 winner=0 timeout=True duration=119.98s bee_tsv=16->13 human_tsv=18->18 bee_shots=1 bee_hits=0 bee_damage=0 bee_tsv_reward=-0.0882 human_shots=2 human_hits=1 human_damage=30 human_tsv_reward=0.0882 bee_reward=-10.0882 human_reward=-9.9118
RL 1v1 episode=107 bee_team=0 human_team=1 ships_per_side=1 winner=1 timeout=False duration=20.17s bee_tsv=16->16 human_tsv=18->0 bee_shots=1 bee_hits=1 bee_damage=75 bee_tsv_reward=0.5294 human_shots=0 human_hits=0 human_damage=0 human_tsv_reward=-0.5294 bee_reward=10.5126 human_reward=-10.5294
RL 1v1 episode=108 bee_team=1 human_team=0 ships_per_side=1 winner=1 timeout=False duration=90.05s bee_tsv=16->16 human_tsv=18->0 bee_shots=1 bee_hits=1 bee_damage=75 bee_tsv_reward=0.5294 human_shots=0 human_hits=0 human_damage=0 human_tsv_reward=-0.5294 bee_reward=10.4544 human_reward=-10.5294
RL 1v1 episode=109 bee_team=0 human_team=1 ships_per_side=1 winner=1 timeout=False duration=2.63s bee_tsv=16->16 human_tsv=18->0 bee_shots=1 bee_hits=1 bee_damage=75 bee_tsv_reward=0.5294 human_shots=0 human_hits=0 human_damage=0 human_tsv_reward=-0.5294 bee_reward=10.5272 human_reward=-10.5294
RL 1v1 episode=110 bee_team=1 human_team=0 ships_per_side=1 winner=0 timeout=True duration=119.98s bee_tsv=16->11 human_tsv=18->18 bee_shots=2 bee_hits=0 bee_damage=0 bee_tsv_reward=-0.1471 human_shots=2 human_hits=2 human_damage=60 human_tsv_reward=0.1471 bee_reward=-10.1471 human_reward=-9.8529
RL 1v1 summary episodes=110 bee_record=18-92 human_record=0-110 timeouts=92 avg_duration=109.65s bee_shots=91 bee_hits=18 bee_hit_rate=19.78 % bee_damage=1350 human_shots=122 human_hits=30 human_hit_rate=24.59 % human_damage=900
RL 1v1 episode=111 bee_team=0 human_team=1 ships_per_side=1 winner=1 timeout=False duration=27.68s bee_tsv=16->16 human_tsv=18->0 bee_shots=1 bee_hits=1 bee_damage=75 bee_tsv_reward=0.5294 human_shots=2 human_hits=0 human_damage=0 human_tsv_reward=-0.5294 bee_reward=10.5063 human_reward=-10.5294
RL 1v1 episode=112 bee_team=1 human_team=0 ships_per_side=1 winner=0 timeout=True duration=119.98s bee_tsv=16->16 human_tsv=18->18 bee_shots=1 bee_hits=0 bee_damage=0 bee_tsv_reward=0.0000 human_shots=4 human_hits=0 human_damage=0 human_tsv_reward=0.0000 bee_reward=-10.0000 human_reward=-10.0000
RL 1v1 episode=113 bee_team=0 human_team=1 ships_per_side=1 winner=1 timeout=False duration=75.18s bee_tsv=16->16 human_tsv=18->0 bee_shots=2 bee_hits=1 bee_damage=75 bee_tsv_reward=0.5294 human_shots=0 human_hits=0 human_damage=0 human_tsv_reward=-0.5294 bee_reward=10.4668 human_reward=-10.5294
RL 1v1 episode=114 bee_team=1 human_team=0 ships_per_side=1 winner=1 timeout=False duration=100.03s bee_tsv=16->16 human_tsv=18->0 bee_shots=2 bee_hits=1 bee_damage=75 bee_tsv_reward=0.5294 human_shots=2 human_hits=0 human_damage=0 human_tsv_reward=-0.5294 bee_reward=10.4461 human_reward=-10.5294
RL 1v1 episode=115 bee_team=0 human_team=1 ships_per_side=1 winner=1 timeout=False duration=12.72s bee_tsv=16->16 human_tsv=18->0 bee_shots=1 bee_hits=1 bee_damage=75 bee_tsv_reward=0.5294 human_shots=0 human_hits=0 human_damage=0 human_tsv_reward=-0.5294 bee_reward=10.5188 human_reward=-10.5294
RL 1v1 episode=116 bee_team=1 human_team=0 ships_per_side=1 winner=0 timeout=True duration=119.98s bee_tsv=16->16 human_tsv=18->18 bee_shots=2 bee_hits=0 bee_damage=0 bee_tsv_reward=0.0000 human_shots=2 human_hits=0 human_damage=0 human_tsv_reward=0.0000 bee_reward=-10.0000 human_reward=-10.0000
RL 1v1 episode=117 bee_team=0 human_team=1 ships_per_side=1 winner=1 timeout=False duration=25.20s bee_tsv=16->16 human_tsv=18->0 bee_shots=1 bee_hits=1 bee_damage=75 bee_tsv_reward=0.5294 human_shots=4 human_hits=0 human_damage=0 human_tsv_reward=-0.5294 bee_reward=10.5084 human_reward=-10.5294
RL 1v1 episode=118 bee_team=1 human_team=0 ships_per_side=1 winner=1 timeout=False duration=20.18s bee_tsv=16->16 human_tsv=18->0 bee_shots=1 bee_hits=1 bee_damage=75 bee_tsv_reward=0.5294 human_shots=0 human_hits=0 human_damage=0 human_tsv_reward=-0.5294 bee_reward=10.5126 human_reward=-10.5294
RL 1v1 episode=119 bee_team=0 human_team=1 ships_per_side=1 winner=1 timeout=False duration=2.62s bee_tsv=16->16 human_tsv=18->0 bee_shots=1 bee_hits=1 bee_damage=75 bee_tsv_reward=0.5294 human_shots=0 human_hits=0 human_damage=0 human_tsv_reward=-0.5294 bee_reward=10.5272 human_reward=-10.5294
RL 1v1 episode=120 bee_team=1 human_team=0 ships_per_side=1 winner=1 timeout=False duration=72.70s bee_tsv=16->16 human_tsv=18->0 bee_shots=2 bee_hits=1 bee_damage=75 bee_tsv_reward=0.5294 human_shots=2 human_hits=0 human_damage=0 human_tsv_reward=-0.5294 bee_reward=10.4688 human_reward=-10.5294
RL 1v1 summary episodes=120 bee_record=26-94 human_record=0-120 timeouts=94 avg_duration=105.32s bee_shots=105 bee_hits=26 bee_hit_rate=24.76 % bee_damage=1950 human_shots=138 human_hits=30 human_hit_rate=21.74 % human_damage=900
RL 1v1 episode=121 bee_team=0 human_team=1 ships_per_side=1 winner=1 timeout=False duration=20.20s bee_tsv=16->16 human_tsv=18->0 bee_shots=1 bee_hits=1 bee_damage=75 bee_tsv_reward=0.5294 human_shots=0 human_hits=0 human_damage=0 human_tsv_reward=-0.5294 bee_reward=10.5126 human_reward=-10.5294
RL 1v1 episode=122 bee_team=1 human_team=0 ships_per_side=1 winner=1 timeout=False duration=45.20s bee_tsv=16->16 human_tsv=18->0 bee_shots=1 bee_hits=1 bee_damage=75 bee_tsv_reward=0.5294 human_shots=0 human_hits=0 human_damage=0 human_tsv_reward=-0.5294 bee_reward=10.4917 human_reward=-10.5294
RL 1v1 episode=123 bee_team=0 human_team=1 ships_per_side=1 winner=1 timeout=False duration=57.70s bee_tsv=16->16 human_tsv=18->0 bee_shots=1 bee_hits=1 bee_damage=75 bee_tsv_reward=0.5294 human_shots=0 human_hits=0 human_damage=0 human_tsv_reward=-0.5294 bee_reward=10.4813 human_reward=-10.5294
RL 1v1 episode=124 bee_team=1 human_team=0 ships_per_side=1 winner=1 timeout=False duration=47.68s bee_tsv=16->16 human_tsv=18->0 bee_shots=2 bee_hits=1 bee_damage=75 bee_tsv_reward=0.5294 human_shots=0 human_hits=0 human_damage=0 human_tsv_reward=-0.5294 bee_reward=10.4897 human_reward=-10.5294
RL 1v1 episode=125 bee_team=0 human_team=1 ships_per_side=1 winner=1 timeout=False duration=10.18s bee_tsv=16->16 human_tsv=18->0 bee_shots=1 bee_hits=1 bee_damage=75 bee_tsv_reward=0.5294 human_shots=2 human_hits=0 human_damage=0 human_tsv_reward=-0.5294 bee_reward=10.5209 human_reward=-10.5294
RL 1v1 episode=126 bee_team=1 human_team=0 ships_per_side=1 winner=1 timeout=False duration=20.18s bee_tsv=16->16 human_tsv=18->0 bee_shots=1 bee_hits=1 bee_damage=75 bee_tsv_reward=0.5294 human_shots=0 human_hits=0 human_damage=0 human_tsv_reward=-0.5294 bee_reward=10.5126 human_reward=-10.5294
RL 1v1 episode=127 bee_team=0 human_team=1 ships_per_side=1 winner=1 timeout=False duration=10.18s bee_tsv=16->16 human_tsv=18->0 bee_shots=1 bee_hits=1 bee_damage=75 bee_tsv_reward=0.5294 human_shots=0 human_hits=0 human_damage=0 human_tsv_reward=-0.5294 bee_reward=10.5209 human_reward=-10.5294
RL 1v1 episode=128 bee_team=1 human_team=0 ships_per_side=1 winner=1 timeout=False duration=17.68s bee_tsv=16->16 human_tsv=18->0 bee_shots=2 bee_hits=1 bee_damage=75 bee_tsv_reward=0.5294 human_shots=0 human_hits=0 human_damage=0 human_tsv_reward=-0.5294 bee_reward=10.5147 human_reward=-10.5294
RL 1v1 episode=129 bee_team=0 human_team=1 ships_per_side=1 winner=1 timeout=False duration=17.68s bee_tsv=16->16 human_tsv=18->0 bee_shots=3 bee_hits=1 bee_damage=75 bee_tsv_reward=0.5294 human_shots=0 human_hits=0 human_damage=0 human_tsv_reward=-0.5294 bee_reward=10.5147 human_reward=-10.5294
RL 1v1 episode=130 bee_team=1 human_team=0 ships_per_side=1 winner=1 timeout=False duration=10.18s bee_tsv=16->16 human_tsv=18->0 bee_shots=2 bee_hits=1 bee_damage=75 bee_tsv_reward=0.5294 human_shots=0 human_hits=0 human_damage=0 human_tsv_reward=-0.5294 bee_reward=10.5209 human_reward=-10.5294
RL 1v1 summary episodes=130 bee_record=36-94 human_record=0-130 timeouts=94 avg_duration=99.19s bee_shots=120 bee_hits=36 bee_hit_rate=30.00 % bee_damage=2700 human_shots=140 human_hits=30 human_hit_rate=21.43 % human_damage=900
RL 1v1 episode=131 bee_team=0 human_team=1 ships_per_side=1 winner=1 timeout=False duration=25.03s bee_tsv=16->16 human_tsv=18->0 bee_shots=1 bee_hits=1 bee_damage=75 bee_tsv_reward=0.5294 human_shots=2 human_hits=0 human_damage=0 human_tsv_reward=-0.5294 bee_reward=10.5086 human_reward=-10.5294
RL 1v1 episode=132 bee_team=1 human_team=0 ships_per_side=1 winner=1 timeout=False duration=45.22s bee_tsv=16->16 human_tsv=18->0 bee_shots=2 bee_hits=1 bee_damage=75 bee_tsv_reward=0.5294 human_shots=0 human_hits=0 human_damage=0 human_tsv_reward=-0.5294 bee_reward=10.4917 human_reward=-10.5294
RL 1v1 episode=133 bee_team=0 human_team=1 ships_per_side=1 winner=1 timeout=False duration=17.68s bee_tsv=16->16 human_tsv=18->0 bee_shots=2 bee_hits=1 bee_damage=75 bee_tsv_reward=0.5294 human_shots=0 human_hits=0 human_damage=0 human_tsv_reward=-0.5294 bee_reward=10.5147 human_reward=-10.5294
RL 1v1 episode=134 bee_team=1 human_team=0 ships_per_side=1 winner=1 timeout=False duration=12.73s bee_tsv=16->16 human_tsv=18->0 bee_shots=1 bee_hits=1 bee_damage=75 bee_tsv_reward=0.5294 human_shots=0 human_hits=0 human_damage=0 human_tsv_reward=-0.5294 bee_reward=10.5188 human_reward=-10.5294
RL 1v1 episode=135 bee_team=0 human_team=1 ships_per_side=1 winner=1 timeout=False duration=52.70s bee_tsv=16->16 human_tsv=18->0 bee_shots=2 bee_hits=1 bee_damage=75 bee_tsv_reward=0.5294 human_shots=0 human_hits=0 human_damage=0 human_tsv_reward=-0.5294 bee_reward=10.4855 human_reward=-10.5294
RL 1v1 episode=136 bee_team=1 human_team=0 ships_per_side=1 winner=1 timeout=False duration=5.20s bee_tsv=16->16 human_tsv=18->0 bee_shots=1 bee_hits=1 bee_damage=75 bee_tsv_reward=0.5294 human_shots=0 human_hits=0 human_damage=0 human_tsv_reward=-0.5294 bee_reward=10.5251 human_reward=-10.5294
RL 1v1 episode=137 bee_team=0 human_team=1 ships_per_side=1 winner=1 timeout=False duration=20.05s bee_tsv=16->16 human_tsv=18->0 bee_shots=1 bee_hits=1 bee_damage=75 bee_tsv_reward=0.5294 human_shots=0 human_hits=0 human_damage=0 human_tsv_reward=-0.5294 bee_reward=10.5127 human_reward=-10.5294
RL 1v1 episode=138 bee_team=1 human_team=0 ships_per_side=1 winner=1 timeout=False duration=15.20s bee_tsv=16->16 human_tsv=18->0 bee_shots=1 bee_hits=1 bee_damage=75 bee_tsv_reward=0.5294 human_shots=0 human_hits=0 human_damage=0 human_tsv_reward=-0.5294 bee_reward=10.5167 human_reward=-10.5294
RL 1v1 episode=139 bee_team=0 human_team=1 ships_per_side=1 winner=1 timeout=False duration=20.20s bee_tsv=16->16 human_tsv=18->0 bee_shots=1 bee_hits=1 bee_damage=75 bee_tsv_reward=0.5294 human_shots=0 human_hits=0 human_damage=0 human_tsv_reward=-0.5294 bee_reward=10.5126 human_reward=-10.5294
RL 1v1 episode=140 bee_team=1 human_team=0 ships_per_side=1 winner=1 timeout=False duration=10.20s bee_tsv=16->16 human_tsv=18->0 bee_shots=1 bee_hits=1 bee_damage=75 bee_tsv_reward=0.5294 human_shots=0 human_hits=0 human_damage=0 human_tsv_reward=-0.5294 bee_reward=10.5209 human_reward=-10.5294
RL 1v1 summary episodes=140 bee_record=46-94 human_record=0-140 timeouts=94 avg_duration=93.71s bee_shots=133 bee_hits=46 bee_hit_rate=34.59 % bee_damage=3450 human_shots=142 human_hits=30 human_hit_rate=21.13 % human_damage=900
RL 1v1 episode=141 bee_team=0 human_team=1 ships_per_side=1 winner=1 timeout=False duration=5.20s bee_tsv=16->16 human_tsv=18->0 bee_shots=1 bee_hits=1 bee_damage=75 bee_tsv_reward=0.5294 human_shots=0 human_hits=0 human_damage=0 human_tsv_reward=-0.5294 bee_reward=10.5251 human_reward=-10.5294
RL 1v1 episode=142 bee_team=1 human_team=0 ships_per_side=1 winner=1 timeout=False duration=7.68s bee_tsv=16->16 human_tsv=18->0 bee_shots=1 bee_hits=1 bee_damage=75 bee_tsv_reward=0.5294 human_shots=0 human_hits=0 human_damage=0 human_tsv_reward=-0.5294 bee_reward=10.5230 human_reward=-10.5294
RL 1v1 episode=143 bee_team=0 human_team=1 ships_per_side=1 winner=1 timeout=False duration=10.22s bee_tsv=16->16 human_tsv=18->0 bee_shots=1 bee_hits=1 bee_damage=75 bee_tsv_reward=0.5294 human_shots=0 human_hits=0 human_damage=0 human_tsv_reward=-0.5294 bee_reward=10.5209 human_reward=-10.5294
RL 1v1 episode=144 bee_team=1 human_team=0 ships_per_side=1 winner=1 timeout=False duration=7.68s bee_tsv=16->16 human_tsv=18->0 bee_shots=2 bee_hits=1 bee_damage=75 bee_tsv_reward=0.5294 human_shots=0 human_hits=0 human_damage=0 human_tsv_reward=-0.5294 bee_reward=10.5230 human_reward=-10.5294
RL 1v1 episode=145 bee_team=0 human_team=1 ships_per_side=1 winner=1 timeout=False duration=2.53s bee_tsv=16->16 human_tsv=18->0 bee_shots=1 bee_hits=1 bee_damage=75 bee_tsv_reward=0.5294 human_shots=0 human_hits=0 human_damage=0 human_tsv_reward=-0.5294 bee_reward=10.5273 human_reward=-10.5294
RL 1v1 episode=146 bee_team=1 human_team=0 ships_per_side=1 winner=1 timeout=False duration=10.20s bee_tsv=16->16 human_tsv=18->0 bee_shots=1 bee_hits=1 bee_damage=75 bee_tsv_reward=0.5294 human_shots=0 human_hits=0 human_damage=0 human_tsv_reward=-0.5294 bee_reward=10.5209 human_reward=-10.5294
RL 1v1 episode=147 bee_team=0 human_team=1 ships_per_side=1 winner=1 timeout=False duration=20.17s bee_tsv=16->16 human_tsv=18->0 bee_shots=2 bee_hits=1 bee_damage=75 bee_tsv_reward=0.5294 human_shots=0 human_hits=0 human_damage=0 human_tsv_reward=-0.5294 bee_reward=10.5126 human_reward=-10.5294
RL 1v1 episode=148 bee_team=1 human_team=0 ships_per_side=1 winner=1 timeout=False duration=15.23s bee_tsv=16->16 human_tsv=18->0 bee_shots=1 bee_hits=1 bee_damage=75 bee_tsv_reward=0.5294 human_shots=0 human_hits=0 human_damage=0 human_tsv_reward=-0.5294 bee_reward=10.5167 human_reward=-10.5294
RL 1v1 episode=149 bee_team=0 human_team=1 ships_per_side=1 winner=1 timeout=False duration=2.53s bee_tsv=16->16 human_tsv=18->0 bee_shots=1 bee_hits=1 bee_damage=75 bee_tsv_reward=0.5294 human_shots=0 human_hits=0 human_damage=0 human_tsv_reward=-0.5294 bee_reward=10.5273 human_reward=-10.5294
RL 1v1 episode=150 bee_team=1 human_team=0 ships_per_side=1 winner=0 timeout=True duration=119.98s bee_tsv=16->11 human_tsv=18->18 bee_shots=16 bee_hits=0 bee_damage=0 bee_tsv_reward=-0.1471 human_shots=2 human_hits=2 human_damage=60 human_tsv_reward=0.1471 bee_reward=-10.1471 human_reward=-9.8529
RL 1v1 summary episodes=150 bee_record=55-95 human_record=0-150 timeouts=95 avg_duration=88.80s bee_shots=160 bee_hits=55 bee_hit_rate=34.38 % bee_damage=4125 human_shots=144 human_hits=32 human_hit_rate=22.22 % human_damage=960
RL 1v1 episode=151 bee_team=0 human_team=1 ships_per_side=1 winner=1 timeout=False duration=22.70s bee_tsv=16->16 human_tsv=18->0 bee_shots=1 bee_hits=1 bee_damage=75 bee_tsv_reward=0.5294 human_shots=0 human_hits=0 human_damage=0 human_tsv_reward=-0.5294 bee_reward=10.5105 human_reward=-10.5294
RL 1v1 episode=152 bee_team=1 human_team=0 ships_per_side=1 winner=1 timeout=False duration=75.10s bee_tsv=16->11 human_tsv=18->0 bee_shots=8 bee_hits=1 bee_damage=75 bee_tsv_reward=0.3824 human_shots=2 human_hits=2 human_damage=60 human_tsv_reward=-0.3824 bee_reward=10.3198 human_reward=-10.3824
RL 1v1 episode=153 bee_team=0 human_team=1 ships_per_side=1 winner=1 timeout=False duration=2.68s bee_tsv=16->16 human_tsv=18->0 bee_shots=1 bee_hits=1 bee_damage=75 bee_tsv_reward=0.5294 human_shots=0 human_hits=0 human_damage=0 human_tsv_reward=-0.5294 bee_reward=10.5272 human_reward=-10.5294
RL 1v1 episode=154 bee_team=1 human_team=0 ships_per_side=1 winner=1 timeout=False duration=10.18s bee_tsv=16->16 human_tsv=18->0 bee_shots=1 bee_hits=1 bee_damage=75 bee_tsv_reward=0.5294 human_shots=0 human_hits=0 human_damage=0 human_tsv_reward=-0.5294 bee_reward=10.5209 human_reward=-10.5294
RL 1v1 episode=155 bee_team=0 human_team=1 ships_per_side=1 winner=1 timeout=False duration=72.68s bee_tsv=16->16 human_tsv=18->0 bee_shots=3 bee_hits=1 bee_damage=75 bee_tsv_reward=0.5294 human_shots=4 human_hits=0 human_damage=0 human_tsv_reward=-0.5294 bee_reward=10.4688 human_reward=-10.5294
RL 1v1 episode=156 bee_team=1 human_team=0 ships_per_side=1 winner=1 timeout=False duration=50.18s bee_tsv=16->16 human_tsv=18->0 bee_shots=1 bee_hits=1 bee_damage=75 bee_tsv_reward=0.5294 human_shots=2 human_hits=0 human_damage=0 human_tsv_reward=-0.5294 bee_reward=10.4876 human_reward=-10.5294
RL 1v1 episode=157 bee_team=0 human_team=1 ships_per_side=1 winner=0 timeout=True duration=119.98s bee_tsv=16->16 human_tsv=18->18 bee_shots=3 bee_hits=0 bee_damage=0 bee_tsv_reward=0.0000 human_shots=4 human_hits=0 human_damage=0 human_tsv_reward=0.0000 bee_reward=-10.0000 human_reward=-10.0000
RL 1v1 episode=158 bee_team=1 human_team=0 ships_per_side=1 winner=1 timeout=False duration=15.18s bee_tsv=16->16 human_tsv=18->0 bee_shots=1 bee_hits=1 bee_damage=75 bee_tsv_reward=0.5294 human_shots=0 human_hits=0 human_damage=0 human_tsv_reward=-0.5294 bee_reward=10.5168 human_reward=-10.5294
RL 1v1 episode=159 bee_team=0 human_team=1 ships_per_side=1 winner=0 timeout=True duration=119.98s bee_tsv=16->16 human_tsv=18->18 bee_shots=0 bee_hits=0 bee_damage=0 bee_tsv_reward=0.0000 human_shots=0 human_hits=0 human_damage=0 human_tsv_reward=0.0000 bee_reward=-10.0000 human_reward=-10.0000
RL 1v1 episode=160 bee_team=1 human_team=0 ships_per_side=1 winner=1 timeout=False duration=90.07s bee_tsv=16->16 human_tsv=18->0 bee_shots=7 bee_hits=1 bee_damage=75 bee_tsv_reward=0.5294 human_shots=4 human_hits=0 human_damage=0 human_tsv_reward=-0.5294 bee_reward=10.4544 human_reward=-10.5294
RL 1v1 summary episodes=160 bee_record=63-97 human_record=0-160 timeouts=97 avg_duration=86.87s bee_shots=186 bee_hits=63 bee_hit_rate=33.87 % bee_damage=4725 human_shots=160 human_hits=34 human_hit_rate=21.25 % human_damage=1020
RL 1v1 episode=161 bee_team=0 human_team=1 ships_per_side=1 winner=1 timeout=False duration=5.05s bee_tsv=16->16 human_tsv=18->0 bee_shots=1 bee_hits=1 bee_damage=75 bee_tsv_reward=0.5294 human_shots=0 human_hits=0 human_damage=0 human_tsv_reward=-0.5294 bee_reward=10.5252 human_reward=-10.5294
RL 1v1 episode=162 bee_team=1 human_team=0 ships_per_side=1 winner=1 timeout=False duration=2.53s bee_tsv=16->16 human_tsv=18->0 bee_shots=1 bee_hits=1 bee_damage=75 bee_tsv_reward=0.5294 human_shots=0 human_hits=0 human_damage=0 human_tsv_reward=-0.5294 bee_reward=10.5273 human_reward=-10.5294
RL 1v1 episode=163 bee_team=0 human_team=1 ships_per_side=1 winner=1 timeout=False duration=32.53s bee_tsv=16->16 human_tsv=18->0 bee_shots=3 bee_hits=1 bee_damage=75 bee_tsv_reward=0.5294 human_shots=0 human_hits=0 human_damage=0 human_tsv_reward=-0.5294 bee_reward=10.5023 human_reward=-10.5294
RL 1v1 episode=164 bee_team=1 human_team=0 ships_per_side=1 winner=1 timeout=False duration=5.20s bee_tsv=16->16 human_tsv=18->0 bee_shots=1 bee_hits=1 bee_damage=75 bee_tsv_reward=0.5294 human_shots=0 human_hits=0 human_damage=0 human_tsv_reward=-0.5294 bee_reward=10.5251 human_reward=-10.5294
RL 1v1 episode=165 bee_team=0 human_team=1 ships_per_side=1 winner=1 timeout=False duration=50.05s bee_tsv=16->16 human_tsv=18->0 bee_shots=1 bee_hits=1 bee_damage=75 bee_tsv_reward=0.5294 human_shots=0 human_hits=0 human_damage=0 human_tsv_reward=-0.5294 bee_reward=10.4877 human_reward=-10.5294
RL 1v1 episode=166 bee_team=1 human_team=0 ships_per_side=1 winner=1 timeout=False duration=60.03s bee_tsv=16->16 human_tsv=18->0 bee_shots=5 bee_hits=1 bee_damage=75 bee_tsv_reward=0.5294 human_shots=0 human_hits=0 human_damage=0 human_tsv_reward=-0.5294 bee_reward=10.4794 human_reward=-10.5294
RL 1v1 episode=167 bee_team=0 human_team=1 ships_per_side=1 winner=1 timeout=False duration=67.55s bee_tsv=16->16 human_tsv=18->0 bee_shots=2 bee_hits=1 bee_damage=75 bee_tsv_reward=0.5294 human_shots=0 human_hits=0 human_damage=0 human_tsv_reward=-0.5294 bee_reward=10.4731 human_reward=-10.5294
RL 1v1 episode=168 bee_team=1 human_team=0 ships_per_side=1 winner=1 timeout=False duration=17.70s bee_tsv=16->16 human_tsv=18->0 bee_shots=3 bee_hits=1 bee_damage=75 bee_tsv_reward=0.5294 human_shots=2 human_hits=0 human_damage=0 human_tsv_reward=-0.5294 bee_reward=10.5147 human_reward=-10.5294
RL 1v1 episode=169 bee_team=0 human_team=1 ships_per_side=1 winner=1 timeout=False duration=45.08s bee_tsv=16->16 human_tsv=18->0 bee_shots=4 bee_hits=1 bee_damage=75 bee_tsv_reward=0.5294 human_shots=0 human_hits=0 human_damage=0 human_tsv_reward=-0.5294 bee_reward=10.4918 human_reward=-10.5294
RL 1v1 episode=170 bee_team=1 human_team=0 ships_per_side=1 winner=1 timeout=False duration=55.08s bee_tsv=16->16 human_tsv=18->0 bee_shots=2 bee_hits=1 bee_damage=75 bee_tsv_reward=0.5294 human_shots=0 human_hits=0 human_damage=0 human_tsv_reward=-0.5294 bee_reward=10.4835 human_reward=-10.5294
RL 1v1 summary episodes=170 bee_record=73-97 human_record=0-170 timeouts=97 avg_duration=83.76s bee_shots=209 bee_hits=73 bee_hit_rate=34.93 % bee_damage=5475 human_shots=162 human_hits=34 human_hit_rate=20.99 % human_damage=1020
RL 1v1 episode=171 bee_team=0 human_team=1 ships_per_side=1 winner=1 timeout=False duration=5.05s bee_tsv=16->16 human_tsv=18->0 bee_shots=1 bee_hits=1 bee_damage=75 bee_tsv_reward=0.5294 human_shots=0 human_hits=0 human_damage=0 human_tsv_reward=-0.5294 bee_reward=10.5252 human_reward=-10.5294
RL 1v1 episode=172 bee_team=1 human_team=0 ships_per_side=1 winner=1 timeout=False duration=25.15s bee_tsv=16->16 human_tsv=18->0 bee_shots=4 bee_hits=1 bee_damage=75 bee_tsv_reward=0.5294 human_shots=0 human_hits=0 human_damage=0 human_tsv_reward=-0.5294 bee_reward=10.5085 human_reward=-10.5294
RL 1v1 episode=173 bee_team=0 human_team=1 ships_per_side=1 winner=1 timeout=False duration=35.03s bee_tsv=16->16 human_tsv=18->0 bee_shots=2 bee_hits=1 bee_damage=75 bee_tsv_reward=0.5294 human_shots=0 human_hits=0 human_damage=0 human_tsv_reward=-0.5294 bee_reward=10.5002 human_reward=-10.5294
RL 1v1 episode=174 bee_team=1 human_team=0 ships_per_side=1 winner=1 timeout=False duration=17.53s bee_tsv=16->16 human_tsv=18->0 bee_shots=2 bee_hits=1 bee_damage=75 bee_tsv_reward=0.5294 human_shots=0 human_hits=0 human_damage=0 human_tsv_reward=-0.5294 bee_reward=10.5148 human_reward=-10.5294
RL 1v1 episode=175 bee_team=0 human_team=1 ships_per_side=1 winner=1 timeout=False duration=7.55s bee_tsv=16->16 human_tsv=18->0 bee_shots=1 bee_hits=1 bee_damage=75 bee_tsv_reward=0.5294 human_shots=0 human_hits=0 human_damage=0 human_tsv_reward=-0.5294 bee_reward=10.5231 human_reward=-10.5294
RL 1v1 episode=176 bee_team=1 human_team=0 ships_per_side=1 winner=1 timeout=False duration=22.55s bee_tsv=16->11 human_tsv=18->0 bee_shots=3 bee_hits=1 bee_damage=75 bee_tsv_reward=0.3824 human_shots=2 human_hits=2 human_damage=60 human_tsv_reward=-0.3824 bee_reward=10.3636 human_reward=-10.3824
RL 1v1 episode=177 bee_team=0 human_team=1 ships_per_side=1 winner=1 timeout=False duration=30.03s bee_tsv=16->16 human_tsv=18->0 bee_shots=2 bee_hits=1 bee_damage=75 bee_tsv_reward=0.5294 human_shots=4 human_hits=0 human_damage=0 human_tsv_reward=-0.5294 bee_reward=10.5044 human_reward=-10.5294
RL 1v1 episode=178 bee_team=1 human_team=0 ships_per_side=1 winner=1 timeout=False duration=50.07s bee_tsv=16->16 human_tsv=18->0 bee_shots=2 bee_hits=1 bee_damage=75 bee_tsv_reward=0.5294 human_shots=0 human_hits=0 human_damage=0 human_tsv_reward=-0.5294 bee_reward=10.4877 human_reward=-10.5294
RL 1v1 episode=179 bee_team=0 human_team=1 ships_per_side=1 winner=1 timeout=False duration=25.05s bee_tsv=16->16 human_tsv=18->0 bee_shots=3 bee_hits=1 bee_damage=75 bee_tsv_reward=0.5294 human_shots=0 human_hits=0 human_damage=0 human_tsv_reward=-0.5294 bee_reward=10.5085 human_reward=-10.5294
RL 1v1 episode=180 bee_team=1 human_team=0 ships_per_side=1 winner=1 timeout=False duration=27.53s bee_tsv=16->16 human_tsv=18->0 bee_shots=1 bee_hits=1 bee_damage=75 bee_tsv_reward=0.5294 human_shots=0 human_hits=0 human_damage=0 human_tsv_reward=-0.5294 bee_reward=10.5065 human_reward=-10.5294
RL 1v1 summary episodes=180 bee_record=83-97 human_record=0-180 timeouts=97 avg_duration=80.48s bee_shots=230 bee_hits=83 bee_hit_rate=36.09 % bee_damage=6225 human_shots=168 human_hits=36 human_hit_rate=21.43 % human_damage=1080
RL 1v1 episode=181 bee_team=0 human_team=1 ships_per_side=1 winner=1 timeout=False duration=5.05s bee_tsv=16->16 human_tsv=18->0 bee_shots=1 bee_hits=1 bee_damage=75 bee_tsv_reward=0.5294 human_shots=0 human_hits=0 human_damage=0 human_tsv_reward=-0.5294 bee_reward=10.5252 human_reward=-10.5294
RL 1v1 episode=182 bee_team=1 human_team=0 ships_per_side=1 winner=1 timeout=False duration=17.53s bee_tsv=16->16 human_tsv=18->0 bee_shots=1 bee_hits=1 bee_damage=75 bee_tsv_reward=0.5294 human_shots=2 human_hits=0 human_damage=0 human_tsv_reward=-0.5294 bee_reward=10.5148 human_reward=-10.5294
RL 1v1 episode=183 bee_team=0 human_team=1 ships_per_side=1 winner=1 timeout=False duration=5.03s bee_tsv=16->16 human_tsv=18->0 bee_shots=1 bee_hits=1 bee_damage=75 bee_tsv_reward=0.5294 human_shots=0 human_hits=0 human_damage=0 human_tsv_reward=-0.5294 bee_reward=10.5252 human_reward=-10.5294
RL 1v1 episode=184 bee_team=1 human_team=0 ships_per_side=1 winner=1 timeout=False duration=5.03s bee_tsv=16->16 human_tsv=18->0 bee_shots=1 bee_hits=1 bee_damage=75 bee_tsv_reward=0.5294 human_shots=0 human_hits=0 human_damage=0 human_tsv_reward=-0.5294 bee_reward=10.5252 human_reward=-10.5294
RL 1v1 episode=185 bee_team=0 human_team=1 ships_per_side=1 winner=1 timeout=False duration=7.55s bee_tsv=16->16 human_tsv=18->0 bee_shots=1 bee_hits=1 bee_damage=75 bee_tsv_reward=0.5294 human_shots=0 human_hits=0 human_damage=0 human_tsv_reward=-0.5294 bee_reward=10.5231 human_reward=-10.5294
RL 1v1 episode=186 bee_team=1 human_team=0 ships_per_side=1 winner=1 timeout=False duration=7.55s bee_tsv=16->16 human_tsv=18->0 bee_shots=2 bee_hits=1 bee_damage=75 bee_tsv_reward=0.5294 human_shots=2 human_hits=0 human_damage=0 human_tsv_reward=-0.5294 bee_reward=10.5231 human_reward=-10.5294
RL 1v1 episode=187 bee_team=0 human_team=1 ships_per_side=1 winner=1 timeout=False duration=35.03s bee_tsv=16->16 human_tsv=18->0 bee_shots=1 bee_hits=1 bee_damage=75 bee_tsv_reward=0.5294 human_shots=0 human_hits=0 human_damage=0 human_tsv_reward=-0.5294 bee_reward=10.5002 human_reward=-10.5294
RL 1v1 episode=188 bee_team=1 human_team=0 ships_per_side=1 winner=0 timeout=True duration=119.98s bee_tsv=16->16 human_tsv=18->18 bee_shots=10 bee_hits=0 bee_damage=0 bee_tsv_reward=0.0000 human_shots=2 human_hits=0 human_damage=0 human_tsv_reward=0.0000 bee_reward=-10.0000 human_reward=-10.0000
RL 1v1 episode=189 bee_team=0 human_team=1 ships_per_side=1 winner=1 timeout=False duration=5.20s bee_tsv=16->16 human_tsv=18->0 bee_shots=1 bee_hits=1 bee_damage=75 bee_tsv_reward=0.5294 human_shots=0 human_hits=0 human_damage=0 human_tsv_reward=-0.5294 bee_reward=10.5251 human_reward=-10.5294
RL 1v1 episode=190 bee_team=1 human_team=0 ships_per_side=1 winner=1 timeout=False duration=27.53s bee_tsv=16->16 human_tsv=18->0 bee_shots=2 bee_hits=1 bee_damage=75 bee_tsv_reward=0.5294 human_shots=2 human_hits=0 human_damage=0 human_tsv_reward=-0.5294 bee_reward=10.5065 human_reward=-10.5294
RL 1v1 summary episodes=190 bee_record=92-98 human_record=0-190 timeouts=98 avg_duration=77.48s bee_shots=251 bee_hits=92 bee_hit_rate=36.65 % bee_damage=6900 human_shots=176 human_hits=36 human_hit_rate=20.45 % human_damage=1080
RL 1v1 episode=191 bee_team=0 human_team=1 ships_per_side=1 winner=1 timeout=False duration=25.03s bee_tsv=16->16 human_tsv=18->0 bee_shots=3 bee_hits=1 bee_damage=75 bee_tsv_reward=0.5294 human_shots=0 human_hits=0 human_damage=0 human_tsv_reward=-0.5294 bee_reward=10.5086 human_reward=-10.5294
RL 1v1 episode=192 bee_team=1 human_team=0 ships_per_side=1 winner=0 timeout=True duration=119.98s bee_tsv=16->16 human_tsv=18->18 bee_shots=6 bee_hits=0 bee_damage=0 bee_tsv_reward=0.0000 human_shots=4 human_hits=0 human_damage=0 human_tsv_reward=0.0000 bee_reward=-10.0000 human_reward=-10.0000
RL 1v1 episode=193 bee_team=0 human_team=1 ships_per_side=1 winner=1 timeout=False duration=22.53s bee_tsv=16->16 human_tsv=18->0 bee_shots=1 bee_hits=1 bee_damage=75 bee_tsv_reward=0.5294 human_shots=0 human_hits=0 human_damage=0 human_tsv_reward=-0.5294 bee_reward=10.5106 human_reward=-10.5294
RL 1v1 episode=194 bee_team=1 human_team=0 ships_per_side=1 winner=0 timeout=True duration=119.98s bee_tsv=16->16 human_tsv=18->18 bee_shots=9 bee_hits=0 bee_damage=0 bee_tsv_reward=0.0000 human_shots=4 human_hits=0 human_damage=0 human_tsv_reward=0.0000 bee_reward=-10.0000 human_reward=-10.0000
RL 1v1 episode=195 bee_team=0 human_team=1 ships_per_side=1 winner=1 timeout=False duration=70.03s bee_tsv=16->11 human_tsv=18->0 bee_shots=8 bee_hits=1 bee_damage=75 bee_tsv_reward=0.3824 human_shots=2 human_hits=2 human_damage=60 human_tsv_reward=-0.3824 bee_reward=10.3240 human_reward=-10.3824
RL 1v1 episode=196 bee_team=1 human_team=0 ships_per_side=1 winner=1 timeout=False duration=20.03s bee_tsv=16->16 human_tsv=18->0 bee_shots=2 bee_hits=1 bee_damage=75 bee_tsv_reward=0.5294 human_shots=0 human_hits=0 human_damage=0 human_tsv_reward=-0.5294 bee_reward=10.5127 human_reward=-10.5294
RL 1v1 episode=197 bee_team=0 human_team=1 ships_per_side=1 winner=1 timeout=False duration=10.03s bee_tsv=16->16 human_tsv=18->0 bee_shots=1 bee_hits=1 bee_damage=75 bee_tsv_reward=0.5294 human_shots=0 human_hits=0 human_damage=0 human_tsv_reward=-0.5294 bee_reward=10.5211 human_reward=-10.5294
RL 1v1 episode=198 bee_team=1 human_team=0 ships_per_side=1 winner=1 timeout=False duration=10.03s bee_tsv=16->13 human_tsv=18->0 bee_shots=2 bee_hits=1 bee_damage=75 bee_tsv_reward=0.4412 human_shots=2 human_hits=1 human_damage=30 human_tsv_reward=-0.4412 bee_reward=10.4328 human_reward=-10.4412
RL 1v1 episode=199 bee_team=0 human_team=1 ships_per_side=1 winner=1 timeout=False duration=17.53s bee_tsv=16->16 human_tsv=18->0 bee_shots=2 bee_hits=1 bee_damage=75 bee_tsv_reward=0.5294 human_shots=0 human_hits=0 human_damage=0 human_tsv_reward=-0.5294 bee_reward=10.5148 human_reward=-10.5294
RL 1v1 episode=200 bee_team=1 human_team=0 ships_per_side=1 winner=1 timeout=False duration=2.53s bee_tsv=16->16 human_tsv=18->0 bee_shots=1 bee_hits=1 bee_damage=75 bee_tsv_reward=0.5294 human_shots=0 human_hits=0 human_damage=0 human_tsv_reward=-0.5294 bee_reward=10.5273 human_reward=-10.5294
RL 1v1 summary episodes=200 bee_record=100-100 human_record=0-200 timeouts=100 avg_duration=75.69s bee_shots=286 bee_hits=100 bee_hit_rate=34.97 % bee_damage=7500 human_shots=188 human_hits=39 human_hit_rate=20.74 % human_damage=1170
RL 1v1 episode=201 bee_team=0 human_team=1 ships_per_side=1 winner=1 timeout=False duration=7.53s bee_tsv=16->16 human_tsv=18->0 bee_shots=1 bee_hits=1 bee_damage=75 bee_tsv_reward=0.5294 human_shots=0 human_hits=0 human_damage=0 human_tsv_reward=-0.5294 bee_reward=10.5231 human_reward=-10.5294
RL 1v1 episode=202 bee_team=1 human_team=0 ships_per_side=1 winner=1 timeout=False duration=20.03s bee_tsv=16->16 human_tsv=18->0 bee_shots=1 bee_hits=1 bee_damage=75 bee_tsv_reward=0.5294 human_shots=0 human_hits=0 human_damage=0 human_tsv_reward=-0.5294 bee_reward=10.5127 human_reward=-10.5294
RL 1v1 episode=203 bee_team=0 human_team=1 ships_per_side=1 winner=1 timeout=False duration=25.03s bee_tsv=16->13 human_tsv=18->0 bee_shots=6 bee_hits=1 bee_damage=75 bee_tsv_reward=0.4412 human_shots=2 human_hits=1 human_damage=30 human_tsv_reward=-0.4412 bee_reward=10.4203 human_reward=-10.4412
RL 1v1 episode=204 bee_team=1 human_team=0 ships_per_side=1 winner=1 timeout=False duration=40.03s bee_tsv=16->16 human_tsv=18->0 bee_shots=1 bee_hits=1 bee_damage=75 bee_tsv_reward=0.5294 human_shots=0 human_hits=0 human_damage=0 human_tsv_reward=-0.5294 bee_reward=10.4961 human_reward=-10.5294
RL 1v1 episode=205 bee_team=0 human_team=1 ships_per_side=1 winner=1 timeout=False duration=5.03s bee_tsv=16->16 human_tsv=18->0 bee_shots=2 bee_hits=1 bee_damage=75 bee_tsv_reward=0.5294 human_shots=0 human_hits=0 human_damage=0 human_tsv_reward=-0.5294 bee_reward=10.5252 human_reward=-10.5294
RL 1v1 episode=206 bee_team=1 human_team=0 ships_per_side=1 winner=1 timeout=False duration=5.03s bee_tsv=16->16 human_tsv=18->0 bee_shots=1 bee_hits=1 bee_damage=75 bee_tsv_reward=0.5294 human_shots=0 human_hits=0 human_damage=0 human_tsv_reward=-0.5294 bee_reward=10.5252 human_reward=-10.5294
RL 1v1 episode=207 bee_team=0 human_team=1 ships_per_side=1 winner=1 timeout=False duration=5.03s bee_tsv=16->16 human_tsv=18->0 bee_shots=1 bee_hits=1 bee_damage=75 bee_tsv_reward=0.5294 human_shots=0 human_hits=0 human_damage=0 human_tsv_reward=-0.5294 bee_reward=10.5252 human_reward=-10.5294
RL 1v1 episode=208 bee_team=1 human_team=0 ships_per_side=1 winner=1 timeout=False duration=5.03s bee_tsv=16->16 human_tsv=18->0 bee_shots=1 bee_hits=1 bee_damage=75 bee_tsv_reward=0.5294 human_shots=0 human_hits=0 human_damage=0 human_tsv_reward=-0.5294 bee_reward=10.5252 human_reward=-10.5294
RL 1v1 episode=209 bee_team=0 human_team=1 ships_per_side=1 winner=1 timeout=False duration=7.53s bee_tsv=16->16 human_tsv=18->0 bee_shots=1 bee_hits=1 bee_damage=75 bee_tsv_reward=0.5294 human_shots=0 human_hits=0 human_damage=0 human_tsv_reward=-0.5294 bee_reward=10.5231 human_reward=-10.5294
RL 1v1 episode=210 bee_team=1 human_team=0 ships_per_side=1 winner=1 timeout=False duration=7.53s bee_tsv=16->16 human_tsv=18->0 bee_shots=1 bee_hits=1 bee_damage=75 bee_tsv_reward=0.5294 human_shots=2 human_hits=0 human_damage=0 human_tsv_reward=-0.5294 bee_reward=10.5231 human_reward=-10.5294
RL 1v1 summary episodes=210 bee_record=110-100 human_record=0-210 timeouts=100 avg_duration=72.70s bee_shots=302 bee_hits=110 bee_hit_rate=36.42 % bee_damage=8250 human_shots=192 human_hits=40 human_hit_rate=20.83 % human_damage=1200
RL 1v1 episode=211 bee_team=0 human_team=1 ships_per_side=1 winner=1 timeout=False duration=5.03s bee_tsv=16->16 human_tsv=18->0 bee_shots=1 bee_hits=1 bee_damage=75 bee_tsv_reward=0.5294 human_shots=0 human_hits=0 human_damage=0 human_tsv_reward=-0.5294 bee_reward=10.5252 human_reward=-10.5294
RL 1v1 episode=212 bee_team=1 human_team=0 ships_per_side=1 winner=1 timeout=False duration=55.03s bee_tsv=16->11 human_tsv=18->0 bee_shots=2 bee_hits=1 bee_damage=75 bee_tsv_reward=0.3824 human_shots=2 human_hits=2 human_damage=60 human_tsv_reward=-0.3824 bee_reward=10.3365 human_reward=-10.3824
RL 1v1 episode=213 bee_team=0 human_team=1 ships_per_side=1 winner=1 timeout=False duration=27.53s bee_tsv=16->16 human_tsv=18->0 bee_shots=2 bee_hits=1 bee_damage=75 bee_tsv_reward=0.5294 human_shots=2 human_hits=0 human_damage=0 human_tsv_reward=-0.5294 bee_reward=10.5065 human_reward=-10.5294
RL 1v1 episode=214 bee_team=1 human_team=0 ships_per_side=1 winner=1 timeout=False duration=5.03s bee_tsv=16->16 human_tsv=18->0 bee_shots=1 bee_hits=1 bee_damage=75 bee_tsv_reward=0.5294 human_shots=0 human_hits=0 human_damage=0 human_tsv_reward=-0.5294 bee_reward=10.5252 human_reward=-10.5294
RL 1v1 episode=215 bee_team=0 human_team=1 ships_per_side=1 winner=1 timeout=False duration=5.03s bee_tsv=16->16 human_tsv=18->0 bee_shots=1 bee_hits=1 bee_damage=75 bee_tsv_reward=0.5294 human_shots=0 human_hits=0 human_damage=0 human_tsv_reward=-0.5294 bee_reward=10.5252 human_reward=-10.5294
RL 1v1 episode=216 bee_team=1 human_team=0 ships_per_side=1 winner=1 timeout=False duration=27.53s bee_tsv=16->11 human_tsv=18->0 bee_shots=2 bee_hits=1 bee_damage=75 bee_tsv_reward=0.3824 human_shots=4 human_hits=2 human_damage=60 human_tsv_reward=-0.3824 bee_reward=10.3594 human_reward=-10.3824
RL 1v1 episode=217 bee_team=0 human_team=1 ships_per_side=1 winner=1 timeout=False duration=2.57s bee_tsv=16->16 human_tsv=18->0 bee_shots=1 bee_hits=1 bee_damage=75 bee_tsv_reward=0.5294 human_shots=0 human_hits=0 human_damage=0 human_tsv_reward=-0.5294 bee_reward=10.5273 human_reward=-10.5294
RL 1v1 episode=218 bee_team=1 human_team=0 ships_per_side=1 winner=1 timeout=False duration=7.53s bee_tsv=16->16 human_tsv=18->0 bee_shots=1 bee_hits=1 bee_damage=75 bee_tsv_reward=0.5294 human_shots=0 human_hits=0 human_damage=0 human_tsv_reward=-0.5294 bee_reward=10.5231 human_reward=-10.5294
RL 1v1 episode=219 bee_team=0 human_team=1 ships_per_side=1 winner=1 timeout=False duration=5.05s bee_tsv=16->16 human_tsv=18->0 bee_shots=1 bee_hits=1 bee_damage=75 bee_tsv_reward=0.5294 human_shots=0 human_hits=0 human_damage=0 human_tsv_reward=-0.5294 bee_reward=10.5252 human_reward=-10.5294
RL 1v1 episode=220 bee_team=1 human_team=0 ships_per_side=1 winner=1 timeout=False duration=5.03s bee_tsv=16->16 human_tsv=18->0 bee_shots=1 bee_hits=1 bee_damage=75 bee_tsv_reward=0.5294 human_shots=0 human_hits=0 human_damage=0 human_tsv_reward=-0.5294 bee_reward=10.5252 human_reward=-10.5294
RL 1v1 summary episodes=220 bee_record=120-100 human_record=0-220 timeouts=100 avg_duration=70.05s bee_shots=315 bee_hits=120 bee_hit_rate=38.10 % bee_damage=9000 human_shots=200 human_hits=44 human_hit_rate=22.00 % human_damage=1320
RL 1v1 episode=221 bee_team=0 human_team=1 ships_per_side=1 winner=1 timeout=False duration=5.03s bee_tsv=16->16 human_tsv=18->0 bee_shots=1 bee_hits=1 bee_damage=75 bee_tsv_reward=0.5294 human_shots=0 human_hits=0 human_damage=0 human_tsv_reward=-0.5294 bee_reward=10.5252 human_reward=-10.5294
RL 1v1 episode=222 bee_team=1 human_team=0 ships_per_side=1 winner=1 timeout=False duration=30.03s bee_tsv=16->16 human_tsv=18->0 bee_shots=2 bee_hits=1 bee_damage=75 bee_tsv_reward=0.5294 human_shots=0 human_hits=0 human_damage=0 human_tsv_reward=-0.5294 bee_reward=10.5044 human_reward=-10.5294
RL 1v1 episode=223 bee_team=0 human_team=1 ships_per_side=1 winner=1 timeout=False duration=7.53s bee_tsv=16->16 human_tsv=18->0 bee_shots=1 bee_hits=1 bee_damage=75 bee_tsv_reward=0.5294 human_shots=0 human_hits=0 human_damage=0 human_tsv_reward=-0.5294 bee_reward=10.5231 human_reward=-10.5294
RL 1v1 episode=224 bee_team=1 human_team=0 ships_per_side=1 winner=1 timeout=False duration=12.53s bee_tsv=16->16 human_tsv=18->0 bee_shots=1 bee_hits=1 bee_damage=75 bee_tsv_reward=0.5294 human_shots=0 human_hits=0 human_damage=0 human_tsv_reward=-0.5294 bee_reward=10.5190 human_reward=-10.5294
RL 1v1 episode=225 bee_team=0 human_team=1 ships_per_side=1 winner=1 timeout=False duration=10.03s bee_tsv=16->16 human_tsv=18->0 bee_shots=1 bee_hits=1 bee_damage=75 bee_tsv_reward=0.5294 human_shots=0 human_hits=0 human_damage=0 human_tsv_reward=-0.5294 bee_reward=10.5211 human_reward=-10.5294
RL 1v1 episode=226 bee_team=1 human_team=0 ships_per_side=1 winner=1 timeout=False duration=2.53s bee_tsv=16->16 human_tsv=18->0 bee_shots=1 bee_hits=1 bee_damage=75 bee_tsv_reward=0.5294 human_shots=0 human_hits=0 human_damage=0 human_tsv_reward=-0.5294 bee_reward=10.5273 human_reward=-10.5294
RL 1v1 episode=227 bee_team=0 human_team=1 ships_per_side=1 winner=1 timeout=False duration=45.03s bee_tsv=16->13 human_tsv=18->0 bee_shots=4 bee_hits=1 bee_damage=75 bee_tsv_reward=0.4412 human_shots=2 human_hits=1 human_damage=30 human_tsv_reward=-0.4412 bee_reward=10.4037 human_reward=-10.4412
RL 1v1 episode=228 bee_team=1 human_team=0 ships_per_side=1 winner=1 timeout=False duration=15.03s bee_tsv=16->16 human_tsv=18->0 bee_shots=1 bee_hits=1 bee_damage=75 bee_tsv_reward=0.5294 human_shots=0 human_hits=0 human_damage=0 human_tsv_reward=-0.5294 bee_reward=10.5169 human_reward=-10.5294
RL 1v1 episode=229 bee_team=0 human_team=1 ships_per_side=1 winner=1 timeout=False duration=2.53s bee_tsv=16->16 human_tsv=18->0 bee_shots=1 bee_hits=1 bee_damage=75 bee_tsv_reward=0.5294 human_shots=0 human_hits=0 human_damage=0 human_tsv_reward=-0.5294 bee_reward=10.5273 human_reward=-10.5294
RL 1v1 episode=230 bee_team=1 human_team=0 ships_per_side=1 winner=1 timeout=False duration=22.53s bee_tsv=16->16 human_tsv=18->0 bee_shots=2 bee_hits=1 bee_damage=75 bee_tsv_reward=0.5294 human_shots=0 human_hits=0 human_damage=0 human_tsv_reward=-0.5294 bee_reward=10.5106 human_reward=-10.5294
RL 1v1 summary episodes=230 bee_record=130-100 human_record=0-230 timeouts=100 avg_duration=67.67s bee_shots=330 bee_hits=130 bee_hit_rate=39.39 % bee_damage=9750 human_shots=202 human_hits=45 human_hit_rate=22.28 % human_damage=1350
RL 1v1 episode=231 bee_team=0 human_team=1 ships_per_side=1 winner=1 timeout=False duration=7.53s bee_tsv=16->16 human_tsv=18->0 bee_shots=3 bee_hits=1 bee_damage=75 bee_tsv_reward=0.5294 human_shots=0 human_hits=0 human_damage=0 human_tsv_reward=-0.5294 bee_reward=10.5231 human_reward=-10.5294
RL 1v1 episode=232 bee_team=1 human_team=0 ships_per_side=1 winner=1 timeout=False duration=5.03s bee_tsv=16->16 human_tsv=18->0 bee_shots=1 bee_hits=1 bee_damage=75 bee_tsv_reward=0.5294 human_shots=0 human_hits=0 human_damage=0 human_tsv_reward=-0.5294 bee_reward=10.5252 human_reward=-10.5294
RL 1v1 episode=233 bee_team=0 human_team=1 ships_per_side=1 winner=1 timeout=False duration=5.03s bee_tsv=16->16 human_tsv=18->0 bee_shots=1 bee_hits=1 bee_damage=75 bee_tsv_reward=0.5294 human_shots=0 human_hits=0 human_damage=0 human_tsv_reward=-0.5294 bee_reward=10.5252 human_reward=-10.5294
RL 1v1 episode=234 bee_team=1 human_team=0 ships_per_side=1 winner=1 timeout=False duration=15.03s bee_tsv=16->16 human_tsv=18->0 bee_shots=1 bee_hits=1 bee_damage=75 bee_tsv_reward=0.5294 human_shots=0 human_hits=0 human_damage=0 human_tsv_reward=-0.5294 bee_reward=10.5169 human_reward=-10.5294
RL 1v1 episode=235 bee_team=0 human_team=1 ships_per_side=1 winner=1 timeout=False duration=7.53s bee_tsv=16->11 human_tsv=18->0 bee_shots=1 bee_hits=1 bee_damage=75 bee_tsv_reward=0.3824 human_shots=2 human_hits=2 human_damage=60 human_tsv_reward=-0.3824 bee_reward=10.3761 human_reward=-10.3824
RL 1v1 episode=236 bee_team=1 human_team=0 ships_per_side=1 winner=1 timeout=False duration=97.53s bee_tsv=16->13 human_tsv=18->0 bee_shots=11 bee_hits=1 bee_damage=75 bee_tsv_reward=0.4412 human_shots=2 human_hits=1 human_damage=30 human_tsv_reward=-0.4412 bee_reward=10.3599 human_reward=-10.4412
RL 1v1 episode=237 bee_team=0 human_team=1 ships_per_side=1 winner=1 timeout=False duration=12.53s bee_tsv=16->16 human_tsv=18->0 bee_shots=1 bee_hits=1 bee_damage=75 bee_tsv_reward=0.5294 human_shots=0 human_hits=0 human_damage=0 human_tsv_reward=-0.5294 bee_reward=10.5190 human_reward=-10.5294
RL 1v1 episode=238 bee_team=1 human_team=0 ships_per_side=1 winner=1 timeout=False duration=12.53s bee_tsv=16->16 human_tsv=18->0 bee_shots=1 bee_hits=1 bee_damage=75 bee_tsv_reward=0.5294 human_shots=0 human_hits=0 human_damage=0 human_tsv_reward=-0.5294 bee_reward=10.5190 human_reward=-10.5294
RL 1v1 episode=239 bee_team=0 human_team=1 ships_per_side=1 winner=1 timeout=False duration=5.08s bee_tsv=16->16 human_tsv=18->0 bee_shots=1 bee_hits=1 bee_damage=75 bee_tsv_reward=0.5294 human_shots=0 human_hits=0 human_damage=0 human_tsv_reward=-0.5294 bee_reward=10.5252 human_reward=-10.5294
RL 1v1 episode=240 bee_team=1 human_team=0 ships_per_side=1 winner=1 timeout=False duration=5.03s bee_tsv=16->16 human_tsv=18->0 bee_shots=1 bee_hits=1 bee_damage=75 bee_tsv_reward=0.5294 human_shots=0 human_hits=0 human_damage=0 human_tsv_reward=-0.5294 bee_reward=10.5252 human_reward=-10.5294
RL 1v1 summary episodes=240 bee_record=140-100 human_record=0-240 timeouts=100 avg_duration=65.57s bee_shots=352 bee_hits=140 bee_hit_rate=39.77 % bee_damage=10500 human_shots=206 human_hits=48 human_hit_rate=23.30 % human_damage=1440
RL 1v1 episode=241 bee_team=0 human_team=1 ships_per_side=1 winner=1 timeout=False duration=5.03s bee_tsv=16->16 human_tsv=18->0 bee_shots=1 bee_hits=1 bee_damage=75 bee_tsv_reward=0.5294 human_shots=0 human_hits=0 human_damage=0 human_tsv_reward=-0.5294 bee_reward=10.5252 human_reward=-10.5294
RL 1v1 episode=242 bee_team=1 human_team=0 ships_per_side=1 winner=1 timeout=False duration=2.53s bee_tsv=16->16 human_tsv=18->0 bee_shots=1 bee_hits=1 bee_damage=75 bee_tsv_reward=0.5294 human_shots=0 human_hits=0 human_damage=0 human_tsv_reward=-0.5294 bee_reward=10.5273 human_reward=-10.5294
RL 1v1 episode=243 bee_team=0 human_team=1 ships_per_side=1 winner=1 timeout=False duration=5.03s bee_tsv=16->16 human_tsv=18->0 bee_shots=1 bee_hits=1 bee_damage=75 bee_tsv_reward=0.5294 human_shots=0 human_hits=0 human_damage=0 human_tsv_reward=-0.5294 bee_reward=10.5252 human_reward=-10.5294
RL 1v1 episode=244 bee_team=1 human_team=0 ships_per_side=1 winner=1 timeout=False duration=2.53s bee_tsv=16->16 human_tsv=18->0 bee_shots=1 bee_hits=1 bee_damage=75 bee_tsv_reward=0.5294 human_shots=0 human_hits=0 human_damage=0 human_tsv_reward=-0.5294 bee_reward=10.5273 human_reward=-10.5294
RL 1v1 episode=245 bee_team=0 human_team=1 ships_per_side=1 winner=1 timeout=False duration=67.53s bee_tsv=16->16 human_tsv=18->0 bee_shots=12 bee_hits=1 bee_damage=75 bee_tsv_reward=0.5294 human_shots=0 human_hits=0 human_damage=0 human_tsv_reward=-0.5294 bee_reward=10.4731 human_reward=-10.5294
RL 1v1 episode=246 bee_team=1 human_team=0 ships_per_side=1 winner=1 timeout=False duration=7.53s bee_tsv=16->16 human_tsv=18->0 bee_shots=1 bee_hits=1 bee_damage=75 bee_tsv_reward=0.5294 human_shots=0 human_hits=0 human_damage=0 human_tsv_reward=-0.5294 bee_reward=10.5231 human_reward=-10.5294
RL 1v1 episode=247 bee_team=0 human_team=1 ships_per_side=1 winner=0 timeout=True duration=119.98s bee_tsv=16->16 human_tsv=18->18 bee_shots=19 bee_hits=0 bee_damage=0 bee_tsv_reward=0.0000 human_shots=2 human_hits=0 human_damage=0 human_tsv_reward=0.0000 bee_reward=-10.0000 human_reward=-10.0000
RL 1v1 episode=248 bee_team=1 human_team=0 ships_per_side=1 winner=1 timeout=False duration=7.53s bee_tsv=16->16 human_tsv=18->0 bee_shots=1 bee_hits=1 bee_damage=75 bee_tsv_reward=0.5294 human_shots=0 human_hits=0 human_damage=0 human_tsv_reward=-0.5294 bee_reward=10.5231 human_reward=-10.5294
RL 1v1 episode=249 bee_team=0 human_team=1 ships_per_side=1 winner=1 timeout=False duration=12.68s bee_tsv=16->13 human_tsv=18->0 bee_shots=2 bee_hits=1 bee_damage=75 bee_tsv_reward=0.4412 human_shots=2 human_hits=1 human_damage=30 human_tsv_reward=-0.4412 bee_reward=10.4306 human_reward=-10.4412
RL 1v1 episode=250 bee_team=1 human_team=0 ships_per_side=1 winner=1 timeout=False duration=15.03s bee_tsv=16->16 human_tsv=18->0 bee_shots=1 bee_hits=1 bee_damage=75 bee_tsv_reward=0.5294 human_shots=0 human_hits=0 human_damage=0 human_tsv_reward=-0.5294 bee_reward=10.5169 human_reward=-10.5294
RL 1v1 summary episodes=250 bee_record=149-101 human_record=0-250 timeouts=101 avg_duration=63.93s bee_shots=392 bee_hits=149 bee_hit_rate=38.01 % bee_damage=11175 human_shots=210 human_hits=49 human_hit_rate=23.33 % human_damage=1470
RL 1v1 episode=251 bee_team=0 human_team=1 ships_per_side=1 winner=0 timeout=True duration=119.98s bee_tsv=16->16 human_tsv=18->18 bee_shots=15 bee_hits=0 bee_damage=0 bee_tsv_reward=0.0000 human_shots=2 human_hits=0 human_damage=0 human_tsv_reward=0.0000 bee_reward=-10.0000 human_reward=-10.0000
RL 1v1 episode=252 bee_team=1 human_team=0 ships_per_side=1 winner=1 timeout=False duration=10.20s bee_tsv=16->16 human_tsv=18->0 bee_shots=2 bee_hits=1 bee_damage=75 bee_tsv_reward=0.5294 human_shots=0 human_hits=0 human_damage=0 human_tsv_reward=-0.5294 bee_reward=10.5209 human_reward=-10.5294
RL 1v1 episode=253 bee_team=0 human_team=1 ships_per_side=1 winner=1 timeout=False duration=52.72s bee_tsv=16->16 human_tsv=18->0 bee_shots=5 bee_hits=1 bee_damage=75 bee_tsv_reward=0.5294 human_shots=0 human_hits=0 human_damage=0 human_tsv_reward=-0.5294 bee_reward=10.4855 human_reward=-10.5294
RL 1v1 episode=254 bee_team=1 human_team=0 ships_per_side=1 winner=1 timeout=False duration=5.18s bee_tsv=16->16 human_tsv=18->0 bee_shots=1 bee_hits=1 bee_damage=75 bee_tsv_reward=0.5294 human_shots=0 human_hits=0 human_damage=0 human_tsv_reward=-0.5294 bee_reward=10.5251 human_reward=-10.5294
RL 1v1 episode=255 bee_team=0 human_team=1 ships_per_side=1 winner=1 timeout=False duration=10.18s bee_tsv=16->16 human_tsv=18->0 bee_shots=2 bee_hits=1 bee_damage=75 bee_tsv_reward=0.5294 human_shots=0 human_hits=0 human_damage=0 human_tsv_reward=-0.5294 bee_reward=10.5209 human_reward=-10.5294
RL 1v1 episode=256 bee_team=1 human_team=0 ships_per_side=1 winner=1 timeout=False duration=30.18s bee_tsv=16->16 human_tsv=18->0 bee_shots=4 bee_hits=1 bee_damage=75 bee_tsv_reward=0.5294 human_shots=2 human_hits=0 human_damage=0 human_tsv_reward=-0.5294 bee_reward=10.5043 human_reward=-10.5294
RL 1v1 episode=257 bee_team=0 human_team=1 ships_per_side=1 winner=1 timeout=False duration=60.18s bee_tsv=16->16 human_tsv=18->0 bee_shots=9 bee_hits=1 bee_damage=75 bee_tsv_reward=0.5294 human_shots=0 human_hits=0 human_damage=0 human_tsv_reward=-0.5294 bee_reward=10.4793 human_reward=-10.5294
RL 1v1 episode=258 bee_team=1 human_team=0 ships_per_side=1 winner=1 timeout=False duration=10.22s bee_tsv=16->16 human_tsv=18->0 bee_shots=2 bee_hits=1 bee_damage=75 bee_tsv_reward=0.5294 human_shots=0 human_hits=0 human_damage=0 human_tsv_reward=-0.5294 bee_reward=10.5209 human_reward=-10.5294
RL 1v1 episode=259 bee_team=0 human_team=1 ships_per_side=1 winner=1 timeout=False duration=20.03s bee_tsv=16->11 human_tsv=18->0 bee_shots=2 bee_hits=1 bee_damage=75 bee_tsv_reward=0.3824 human_shots=2 human_hits=2 human_damage=60 human_tsv_reward=-0.3824 bee_reward=10.3657 human_reward=-10.3824
RL 1v1 episode=260 bee_team=1 human_team=0 ships_per_side=1 winner=1 timeout=False duration=7.70s bee_tsv=16->16 human_tsv=18->0 bee_shots=1 bee_hits=1 bee_damage=75 bee_tsv_reward=0.5294 human_shots=0 human_hits=0 human_damage=0 human_tsv_reward=-0.5294 bee_reward=10.5230 human_reward=-10.5294
RL 1v1 summary episodes=260 bee_record=158-102 human_record=0-260 timeouts=102 avg_duration=62.73s bee_shots=435 bee_hits=158 bee_hit_rate=36.32 % bee_damage=11850 human_shots=216 human_hits=51 human_hit_rate=23.61 % human_damage=1530
RL 1v1 episode=261 bee_team=0 human_team=1 ships_per_side=1 winner=1 timeout=False duration=5.03s bee_tsv=16->16 human_tsv=18->0 bee_shots=2 bee_hits=1 bee_damage=75 bee_tsv_reward=0.5294 human_shots=0 human_hits=0 human_damage=0 human_tsv_reward=-0.5294 bee_reward=10.5252 human_reward=-10.5294
RL 1v1 episode=262 bee_team=1 human_team=0 ships_per_side=1 winner=1 timeout=False duration=7.68s bee_tsv=16->16 human_tsv=18->0 bee_shots=2 bee_hits=1 bee_damage=75 bee_tsv_reward=0.5294 human_shots=0 human_hits=0 human_damage=0 human_tsv_reward=-0.5294 bee_reward=10.5230 human_reward=-10.5294
RL 1v1 episode=263 bee_team=0 human_team=1 ships_per_side=1 winner=1 timeout=False duration=15.03s bee_tsv=16->16 human_tsv=18->0 bee_shots=3 bee_hits=1 bee_damage=75 bee_tsv_reward=0.5294 human_shots=2 human_hits=0 human_damage=0 human_tsv_reward=-0.5294 bee_reward=10.5169 human_reward=-10.5294
RL 1v1 episode=264 bee_team=1 human_team=0 ships_per_side=1 winner=1 timeout=False duration=30.03s bee_tsv=16->16 human_tsv=18->0 bee_shots=4 bee_hits=1 bee_damage=75 bee_tsv_reward=0.5294 human_shots=0 human_hits=0 human_damage=0 human_tsv_reward=-0.5294 bee_reward=10.5044 human_reward=-10.5294
RL 1v1 episode=265 bee_team=0 human_team=1 ships_per_side=1 winner=1 timeout=False duration=2.70s bee_tsv=16->16 human_tsv=18->0 bee_shots=1 bee_hits=1 bee_damage=75 bee_tsv_reward=0.5294 human_shots=0 human_hits=0 human_damage=0 human_tsv_reward=-0.5294 bee_reward=10.5272 human_reward=-10.5294
RL 1v1 episode=266 bee_team=1 human_team=0 ships_per_side=1 winner=1 timeout=False duration=5.05s bee_tsv=16->16 human_tsv=18->0 bee_shots=1 bee_hits=1 bee_damage=75 bee_tsv_reward=0.5294 human_shots=0 human_hits=0 human_damage=0 human_tsv_reward=-0.5294 bee_reward=10.5252 human_reward=-10.5294
RL 1v1 episode=267 bee_team=0 human_team=1 ships_per_side=1 winner=1 timeout=False duration=20.18s bee_tsv=16->16 human_tsv=18->0 bee_shots=3 bee_hits=1 bee_damage=75 bee_tsv_reward=0.5294 human_shots=0 human_hits=0 human_damage=0 human_tsv_reward=-0.5294 bee_reward=10.5126 human_reward=-10.5294
RL 1v1 episode=268 bee_team=1 human_team=0 ships_per_side=1 winner=1 timeout=False duration=15.08s bee_tsv=16->16 human_tsv=18->0 bee_shots=2 bee_hits=1 bee_damage=75 bee_tsv_reward=0.5294 human_shots=2 human_hits=0 human_damage=0 human_tsv_reward=-0.5294 bee_reward=10.5168 human_reward=-10.5294
RL 1v1 episode=269 bee_team=0 human_team=1 ships_per_side=1 winner=1 timeout=False duration=25.03s bee_tsv=16->16 human_tsv=18->0 bee_shots=2 bee_hits=1 bee_damage=75 bee_tsv_reward=0.5294 human_shots=0 human_hits=0 human_damage=0 human_tsv_reward=-0.5294 bee_reward=10.5086 human_reward=-10.5294
RL 1v1 episode=270 bee_team=1 human_team=0 ships_per_side=1 winner=1 timeout=False duration=2.55s bee_tsv=16->16 human_tsv=18->0 bee_shots=1 bee_hits=1 bee_damage=75 bee_tsv_reward=0.5294 human_shots=0 human_hits=0 human_damage=0 human_tsv_reward=-0.5294 bee_reward=10.5273 human_reward=-10.5294
RL 1v1 summary episodes=270 bee_record=168-102 human_record=0-270 timeouts=102 avg_duration=60.88s bee_shots=456 bee_hits=168 bee_hit_rate=36.84 % bee_damage=12600 human_shots=220 human_hits=51 human_hit_rate=23.18 % human_damage=1530
RL 1v1 episode=271 bee_team=0 human_team=1 ships_per_side=1 winner=1 timeout=False duration=12.72s bee_tsv=16->16 human_tsv=18->0 bee_shots=1 bee_hits=1 bee_damage=75 bee_tsv_reward=0.5294 human_shots=0 human_hits=0 human_damage=0 human_tsv_reward=-0.5294 bee_reward=10.5188 human_reward=-10.5294
RL 1v1 episode=272 bee_team=1 human_team=0 ships_per_side=1 winner=1 timeout=False duration=12.70s bee_tsv=16->16 human_tsv=18->0 bee_shots=1 bee_hits=1 bee_damage=75 bee_tsv_reward=0.5294 human_shots=0 human_hits=0 human_damage=0 human_tsv_reward=-0.5294 bee_reward=10.5188 human_reward=-10.5294
RL 1v1 episode=273 bee_team=0 human_team=1 ships_per_side=1 winner=1 timeout=False duration=10.22s bee_tsv=16->16 human_tsv=18->0 bee_shots=1 bee_hits=1 bee_damage=75 bee_tsv_reward=0.5294 human_shots=0 human_hits=0 human_damage=0 human_tsv_reward=-0.5294 bee_reward=10.5209 human_reward=-10.5294
RL 1v1 episode=274 bee_team=1 human_team=0 ships_per_side=1 winner=1 timeout=False duration=5.08s bee_tsv=16->16 human_tsv=18->0 bee_shots=1 bee_hits=1 bee_damage=75 bee_tsv_reward=0.5294 human_shots=0 human_hits=0 human_damage=0 human_tsv_reward=-0.5294 bee_reward=10.5252 human_reward=-10.5294
RL 1v1 episode=275 bee_team=0 human_team=1 ships_per_side=1 winner=1 timeout=False duration=10.20s bee_tsv=16->16 human_tsv=18->0 bee_shots=1 bee_hits=1 bee_damage=75 bee_tsv_reward=0.5294 human_shots=0 human_hits=0 human_damage=0 human_tsv_reward=-0.5294 bee_reward=10.5209 human_reward=-10.5294
RL 1v1 episode=276 bee_team=1 human_team=0 ships_per_side=1 winner=1 timeout=False duration=2.60s bee_tsv=16->16 human_tsv=18->0 bee_shots=1 bee_hits=1 bee_damage=75 bee_tsv_reward=0.5294 human_shots=0 human_hits=0 human_damage=0 human_tsv_reward=-0.5294 bee_reward=10.5273 human_reward=-10.5294
RL 1v1 episode=277 bee_team=0 human_team=1 ships_per_side=1 winner=1 timeout=False duration=25.20s bee_tsv=16->16 human_tsv=18->0 bee_shots=2 bee_hits=1 bee_damage=75 bee_tsv_reward=0.5294 human_shots=2 human_hits=0 human_damage=0 human_tsv_reward=-0.5294 bee_reward=10.5084 human_reward=-10.5294
RL 1v1 episode=278 bee_team=1 human_team=0 ships_per_side=1 winner=1 timeout=False duration=25.20s bee_tsv=16->16 human_tsv=18->0 bee_shots=3 bee_hits=1 bee_damage=75 bee_tsv_reward=0.5294 human_shots=0 human_hits=0 human_damage=0 human_tsv_reward=-0.5294 bee_reward=10.5084 human_reward=-10.5294
RL 1v1 episode=279 bee_team=0 human_team=1 ships_per_side=1 winner=1 timeout=False duration=2.67s bee_tsv=16->16 human_tsv=18->0 bee_shots=1 bee_hits=1 bee_damage=75 bee_tsv_reward=0.5294 human_shots=0 human_hits=0 human_damage=0 human_tsv_reward=-0.5294 bee_reward=10.5272 human_reward=-10.5294
RL 1v1 episode=280 bee_team=1 human_team=0 ships_per_side=1 winner=1 timeout=False duration=5.20s bee_tsv=16->16 human_tsv=18->0 bee_shots=1 bee_hits=1 bee_damage=75 bee_tsv_reward=0.5294 human_shots=0 human_hits=0 human_damage=0 human_tsv_reward=-0.5294 bee_reward=10.5251 human_reward=-10.5294
RL 1v1 summary episodes=280 bee_record=178-102 human_record=0-280 timeouts=102 avg_duration=59.11s bee_shots=469 bee_hits=178 bee_hit_rate=37.95 % bee_damage=13350 human_shots=222 human_hits=51 human_hit_rate=22.97 % human_damage=1530
RL 1v1 episode=281 bee_team=0 human_team=1 ships_per_side=1 winner=1 timeout=False duration=15.18s bee_tsv=16->16 human_tsv=18->0 bee_shots=1 bee_hits=1 bee_damage=75 bee_tsv_reward=0.5294 human_shots=0 human_hits=0 human_damage=0 human_tsv_reward=-0.5294 bee_reward=10.5168 human_reward=-10.5294
RL 1v1 episode=282 bee_team=1 human_team=0 ships_per_side=1 winner=1 timeout=False duration=5.18s bee_tsv=16->16 human_tsv=18->0 bee_shots=2 bee_hits=1 bee_damage=75 bee_tsv_reward=0.5294 human_shots=0 human_hits=0 human_damage=0 human_tsv_reward=-0.5294 bee_reward=10.5251 human_reward=-10.5294
RL 1v1 episode=283 bee_team=0 human_team=1 ships_per_side=1 winner=1 timeout=False duration=10.17s bee_tsv=16->16 human_tsv=18->0 bee_shots=2 bee_hits=1 bee_damage=75 bee_tsv_reward=0.5294 human_shots=0 human_hits=0 human_damage=0 human_tsv_reward=-0.5294 bee_reward=10.5209 human_reward=-10.5294
[Physics::Module] Cleanup current backend.
[Physics::Module] Id: 0xf2b8ea05
Input System module state changed to: ShutdownInProgress.
Input Polling Thread exited.
Input System module state changed to: Shutdown.
CodeReloadManager destroyed
GarbageCollector disposing of ComputeBuffer. Please use ComputeBuffer.Release() or .Dispose() to manually release the buffer.
