Mono path[0] = 'F:/RLDemo/Bees RL Training/Bees_Data/Managed'
Mono config path = 'F:/RLDemo/Bees RL Training/MonoBleedingEdge/etc'
CodeReloadManager initialized
Input System module state changed to: Initialized.
[Physics::Module] Initialized fallback backend.
[Physics::Module] Id: 0xdecafbad
Initialize engine version: 6000.4.3f1 (39d1a88d4dd1)
[Subsystems] Discovering subsystems at path F:/RLDemo/Bees RL Training/Bees_Data/UnitySubsystems
Forcing GfxDevice: Null
GfxDevice: creating device client; kGfxThreadingModeNonThreaded
NullGfxDevice:
    Version:  NULL 1.0 [1.0]
    Renderer: Null Device
    Vendor:   Unity Technologies
Begin MonoManager ReloadAssembly
- Finished resetting the current domain, in  0.008 seconds
[Physics::Module] Selected backend.
[Physics::Module] Name: PhysX
[Physics::Module] Id: 0xf2b8ea05
[Physics::Module] SDK Version: 4.1.2
[Physics::Module] Integration Version: 1.0.0
[Physics::Module] Threading Mode: Multi-Threaded
Microsoft Media Foundation video decoding to texture disabled: graphics device is Null, only Direct3D 11 and Direct3D 12 (only on desktop) are supported for hardware-accelerated video decoding.
Texture with ID 114 and with size 13376x6920 was too large for graphics device maximum supported texture size (8192x8192). Falling back to a dummy texture. Generate mip maps to provide lower size fallback.
Texture with ID 210 and with size 13376x6920 was too large for graphics device maximum supported texture size (8192x8192). Falling back to a dummy texture. Generate mip maps to provide lower size fallback.
Texture with ID 221 and with size 13376x6920 was too large for graphics device maximum supported texture size (8192x8192). Falling back to a dummy texture. Generate mip maps to provide lower size fallback.
Texture with ID 238 and with size 13376x6920 was too large for graphics device maximum supported texture size (8192x8192). Falling back to a dummy texture. Generate mip maps to provide lower size fallback.
UnloadTime: 140.444300 ms
DontDestroyOnLoad only works for root GameObjects or components on root GameObjects.
Trying to connect to ws://clashofempire.net:7146
Trying to automatically reconnect to the server with Level (attempt 1)
Trying to automatically reconnect to the server with Level (attempt 2)
Connection with WebSocketSharp open!
[Steamworks.NET] SteamAPI_Init() failed. Continuing without Steam features.
Steam API is unavailable; using local fallback identity.
User id is 2013868892
Can not play a disabled audio source
Registered Communicator in Agent.
RL 1v1 episode=1 bee_team=0 human_team=1 winner=0 timeout=True duration=119.67s bee_tsv=16->16 human_tsv=18->18 bee_shots=4 bee_hits=0 bee_damage=0 bee_tsv_reward=0.0000 human_shots=2 human_hits=0 human_damage=0 human_tsv_reward=0.0000 bee_reward=-10.0000 human_reward=-10.0000
RL 1v1 episode=2 bee_team=1 human_team=0 winner=0 timeout=True duration=119.98s bee_tsv=16->16 human_tsv=18->18 bee_shots=1 bee_hits=0 bee_damage=0 bee_tsv_reward=0.0000 human_shots=0 human_hits=0 human_damage=0 human_tsv_reward=0.0000 bee_reward=-10.0000 human_reward=-10.0000
RL 1v1 episode=3 bee_team=0 human_team=1 winner=0 timeout=True duration=119.98s bee_tsv=16->16 human_tsv=18->18 bee_shots=0 bee_hits=0 bee_damage=0 bee_tsv_reward=0.0000 human_shots=2 human_hits=0 human_damage=0 human_tsv_reward=0.0000 bee_reward=-10.0000 human_reward=-10.0000
RL 1v1 episode=4 bee_team=1 human_team=0 winner=0 timeout=True duration=119.98s bee_tsv=16->16 human_tsv=18->18 bee_shots=1 bee_hits=0 bee_damage=0 bee_tsv_reward=0.0000 human_shots=4 human_hits=0 human_damage=0 human_tsv_reward=0.0000 bee_reward=-10.0000 human_reward=-10.0000
RL 1v1 episode=5 bee_team=0 human_team=1 winner=0 timeout=True duration=119.98s bee_tsv=16->16 human_tsv=18->18 bee_shots=1 bee_hits=0 bee_damage=0 bee_tsv_reward=0.0000 human_shots=0 human_hits=0 human_damage=0 human_tsv_reward=0.0000 bee_reward=-10.0000 human_reward=-10.0000
RL 1v1 episode=6 bee_team=1 human_team=0 winner=0 timeout=True duration=119.98s bee_tsv=16->16 human_tsv=18->18 bee_shots=1 bee_hits=0 bee_damage=0 bee_tsv_reward=0.0000 human_shots=0 human_hits=0 human_damage=0 human_tsv_reward=0.0000 bee_reward=-10.0000 human_reward=-10.0000
RL 1v1 episode=7 bee_team=0 human_team=1 winner=0 timeout=True duration=119.98s bee_tsv=16->16 human_tsv=18->18 bee_shots=0 bee_hits=0 bee_damage=0 bee_tsv_reward=0.0000 human_shots=2 human_hits=0 human_damage=0 human_tsv_reward=0.0000 bee_reward=-10.0000 human_reward=-10.0000
RL 1v1 episode=8 bee_team=1 human_team=0 winner=0 timeout=True duration=119.98s bee_tsv=16->16 human_tsv=18->18 bee_shots=0 bee_hits=0 bee_damage=0 bee_tsv_reward=0.0000 human_shots=2 human_hits=0 human_damage=0 human_tsv_reward=0.0000 bee_reward=-10.0000 human_reward=-10.0000
RL 1v1 episode=9 bee_team=0 human_team=1 winner=0 timeout=True duration=119.98s bee_tsv=16->16 human_tsv=18->18 bee_shots=0 bee_hits=0 bee_damage=0 bee_tsv_reward=0.0000 human_shots=2 human_hits=0 human_damage=0 human_tsv_reward=0.0000 bee_reward=-10.0000 human_reward=-10.0000
RL 1v1 episode=10 bee_team=1 human_team=0 winner=1 timeout=False duration=85.03s bee_tsv=16->16 human_tsv=18->0 bee_shots=1 bee_hits=1 bee_damage=75 bee_tsv_reward=0.5294 human_shots=0 human_hits=0 human_damage=0 human_tsv_reward=-0.5294 bee_reward=10.4586 human_reward=-10.5294
RL 1v1 summary episodes=10 bee_record=1-9 human_record=0-10 timeouts=9 avg_duration=116.46s bee_shots=9 bee_hits=1 bee_hit_rate=11.11 % bee_damage=75 human_shots=14 human_hits=0 human_hit_rate=0.00 % human_damage=0
RL 1v1 episode=11 bee_team=0 human_team=1 winner=0 timeout=True duration=119.98s bee_tsv=16->16 human_tsv=18->18 bee_shots=2 bee_hits=0 bee_damage=0 bee_tsv_reward=0.0000 human_shots=0 human_hits=0 human_damage=0 human_tsv_reward=0.0000 bee_reward=-10.0000 human_reward=-10.0000
RL 1v1 episode=12 bee_team=1 human_team=0 winner=1 timeout=False duration=52.55s bee_tsv=16->16 human_tsv=18->0 bee_shots=3 bee_hits=1 bee_damage=75 bee_tsv_reward=0.5294 human_shots=2 human_hits=0 human_damage=0 human_tsv_reward=-0.5294 bee_reward=10.4856 human_reward=-10.5294
RL 1v1 episode=13 bee_team=0 human_team=1 winner=1 timeout=False duration=70.03s bee_tsv=16->16 human_tsv=18->0 bee_shots=2 bee_hits=1 bee_damage=75 bee_tsv_reward=0.5294 human_shots=2 human_hits=0 human_damage=0 human_tsv_reward=-0.5294 bee_reward=10.4711 human_reward=-10.5294
RL 1v1 episode=14 bee_team=1 human_team=0 winner=0 timeout=True duration=119.98s bee_tsv=16->16 human_tsv=18->18 bee_shots=4 bee_hits=0 bee_damage=0 bee_tsv_reward=0.0000 human_shots=2 human_hits=0 human_damage=0 human_tsv_reward=0.0000 bee_reward=-10.0000 human_reward=-10.0000
RL 1v1 episode=15 bee_team=0 human_team=1 winner=0 timeout=True duration=119.98s bee_tsv=16->16 human_tsv=18->18 bee_shots=4 bee_hits=0 bee_damage=0 bee_tsv_reward=0.0000 human_shots=2 human_hits=0 human_damage=0 human_tsv_reward=0.0000 bee_reward=-10.0000 human_reward=-10.0000
RL 1v1 episode=16 bee_team=1 human_team=0 winner=0 timeout=True duration=119.98s bee_tsv=16->16 human_tsv=18->18 bee_shots=2 bee_hits=0 bee_damage=0 bee_tsv_reward=0.0000 human_shots=4 human_hits=0 human_damage=0 human_tsv_reward=0.0000 bee_reward=-10.0000 human_reward=-10.0000
RL 1v1 episode=17 bee_team=0 human_team=1 winner=1 timeout=False duration=17.55s bee_tsv=16->16 human_tsv=18->0 bee_shots=1 bee_hits=1 bee_damage=75 bee_tsv_reward=0.5294 human_shots=0 human_hits=0 human_damage=0 human_tsv_reward=-0.5294 bee_reward=10.5148 human_reward=-10.5294
RL 1v1 episode=18 bee_team=1 human_team=0 winner=1 timeout=False duration=37.53s bee_tsv=16->16 human_tsv=18->0 bee_shots=1 bee_hits=1 bee_damage=75 bee_tsv_reward=0.5294 human_shots=0 human_hits=0 human_damage=0 human_tsv_reward=-0.5294 bee_reward=10.4981 human_reward=-10.5294
RL 1v1 episode=19 bee_team=0 human_team=1 winner=0 timeout=True duration=119.98s bee_tsv=16->16 human_tsv=18->18 bee_shots=1 bee_hits=0 bee_damage=0 bee_tsv_reward=0.0000 human_shots=6 human_hits=0 human_damage=0 human_tsv_reward=0.0000 bee_reward=-10.0000 human_reward=-10.0000
RL 1v1 episode=20 bee_team=1 human_team=0 winner=0 timeout=True duration=119.98s bee_tsv=16->13 human_tsv=18->18 bee_shots=3 bee_hits=0 bee_damage=0 bee_tsv_reward=-0.0882 human_shots=4 human_hits=1 human_damage=30 human_tsv_reward=0.0882 bee_reward=-10.0882 human_reward=-9.9118
RL 1v1 summary episodes=20 bee_record=5-15 human_record=0-20 timeouts=15 avg_duration=103.11s bee_shots=32 bee_hits=5 bee_hit_rate=15.63 % bee_damage=375 human_shots=36 human_hits=1 human_hit_rate=2.78 % human_damage=30
RL 1v1 episode=21 bee_team=0 human_team=1 winner=0 timeout=True duration=119.98s bee_tsv=16->16 human_tsv=18->18 bee_shots=3 bee_hits=0 bee_damage=0 bee_tsv_reward=0.0000 human_shots=2 human_hits=0 human_damage=0 human_tsv_reward=0.0000 bee_reward=-10.0000 human_reward=-10.0000
RL 1v1 episode=22 bee_team=1 human_team=0 winner=0 timeout=True duration=119.98s bee_tsv=16->16 human_tsv=18->18 bee_shots=3 bee_hits=0 bee_damage=0 bee_tsv_reward=0.0000 human_shots=10 human_hits=0 human_damage=0 human_tsv_reward=0.0000 bee_reward=-10.0000 human_reward=-10.0000
RL 1v1 episode=23 bee_team=0 human_team=1 winner=0 timeout=True duration=119.98s bee_tsv=16->11 human_tsv=18->18 bee_shots=5 bee_hits=0 bee_damage=0 bee_tsv_reward=-0.1471 human_shots=2 human_hits=2 human_damage=60 human_tsv_reward=0.1471 bee_reward=-10.1471 human_reward=-9.8529
RL 1v1 episode=24 bee_team=1 human_team=0 winner=1 timeout=False duration=32.53s bee_tsv=16->11 human_tsv=18->0 bee_shots=1 bee_hits=1 bee_damage=75 bee_tsv_reward=0.3824 human_shots=2 human_hits=2 human_damage=60 human_tsv_reward=-0.3824 bee_reward=10.3552 human_reward=-10.3824
RL 1v1 episode=25 bee_team=0 human_team=1 winner=1 timeout=False duration=117.53s bee_tsv=16->16 human_tsv=18->0 bee_shots=2 bee_hits=1 bee_damage=75 bee_tsv_reward=0.5294 human_shots=0 human_hits=0 human_damage=0 human_tsv_reward=-0.5294 bee_reward=10.4315 human_reward=-10.5294
RL 1v1 episode=26 bee_team=1 human_team=0 winner=0 timeout=True duration=119.98s bee_tsv=16->11 human_tsv=18->18 bee_shots=3 bee_hits=0 bee_damage=0 bee_tsv_reward=-0.1471 human_shots=2 human_hits=2 human_damage=60 human_tsv_reward=0.1471 bee_reward=-10.1471 human_reward=-9.8529
RL 1v1 episode=27 bee_team=0 human_team=1 winner=0 timeout=True duration=119.98s bee_tsv=16->16 human_tsv=18->18 bee_shots=6 bee_hits=0 bee_damage=0 bee_tsv_reward=0.0000 human_shots=0 human_hits=0 human_damage=0 human_tsv_reward=0.0000 bee_reward=-10.0000 human_reward=-10.0000
RL 1v1 episode=28 bee_team=1 human_team=0 winner=1 timeout=False duration=5.05s bee_tsv=16->16 human_tsv=18->0 bee_shots=1 bee_hits=1 bee_damage=75 bee_tsv_reward=0.5294 human_shots=0 human_hits=0 human_damage=0 human_tsv_reward=-0.5294 bee_reward=10.5252 human_reward=-10.5294
RL 1v1 episode=29 bee_team=0 human_team=1 winner=1 timeout=False duration=67.53s bee_tsv=16->13 human_tsv=18->0 bee_shots=1 bee_hits=1 bee_damage=75 bee_tsv_reward=0.4412 human_shots=4 human_hits=1 human_damage=30 human_tsv_reward=-0.4412 bee_reward=10.3849 human_reward=-10.4412
RL 1v1 episode=30 bee_team=1 human_team=0 winner=1 timeout=False duration=30.03s bee_tsv=16->16 human_tsv=18->0 bee_shots=1 bee_hits=1 bee_damage=75 bee_tsv_reward=0.5294 human_shots=0 human_hits=0 human_damage=0 human_tsv_reward=-0.5294 bee_reward=10.5044 human_reward=-10.5294
RL 1v1 summary episodes=30 bee_record=10-20 human_record=0-30 timeouts=20 avg_duration=97.16s bee_shots=58 bee_hits=10 bee_hit_rate=17.24 % bee_damage=750 human_shots=58 human_hits=8 human_hit_rate=13.79 % human_damage=240
RL 1v1 episode=31 bee_team=0 human_team=1 winner=1 timeout=False duration=72.53s bee_tsv=16->11 human_tsv=18->0 bee_shots=2 bee_hits=1 bee_damage=75 bee_tsv_reward=0.3824 human_shots=2 human_hits=2 human_damage=60 human_tsv_reward=-0.3824 bee_reward=10.3219 human_reward=-10.3824
RL 1v1 episode=32 bee_team=1 human_team=0 winner=1 timeout=False duration=30.03s bee_tsv=16->11 human_tsv=18->0 bee_shots=1 bee_hits=1 bee_damage=75 bee_tsv_reward=0.3824 human_shots=2 human_hits=2 human_damage=60 human_tsv_reward=-0.3824 bee_reward=10.3573 human_reward=-10.3824
RL 1v1 episode=33 bee_team=0 human_team=1 winner=1 timeout=False duration=30.03s bee_tsv=16->16 human_tsv=18->0 bee_shots=2 bee_hits=1 bee_damage=75 bee_tsv_reward=0.5294 human_shots=0 human_hits=0 human_damage=0 human_tsv_reward=-0.5294 bee_reward=10.5044 human_reward=-10.5294
RL 1v1 episode=34 bee_team=1 human_team=0 winner=0 timeout=True duration=119.98s bee_tsv=16->11 human_tsv=18->18 bee_shots=3 bee_hits=0 bee_damage=0 bee_tsv_reward=-0.1471 human_shots=2 human_hits=2 human_damage=60 human_tsv_reward=0.1471 bee_reward=-10.1471 human_reward=-9.8529
RL 1v1 episode=35 bee_team=0 human_team=1 winner=1 timeout=False duration=37.53s bee_tsv=16->16 human_tsv=18->0 bee_shots=1 bee_hits=1 bee_damage=75 bee_tsv_reward=0.5294 human_shots=0 human_hits=0 human_damage=0 human_tsv_reward=-0.5294 bee_reward=10.4981 human_reward=-10.5294
RL 1v1 episode=36 bee_team=1 human_team=0 winner=0 timeout=True duration=119.98s bee_tsv=16->11 human_tsv=18->18 bee_shots=4 bee_hits=0 bee_damage=0 bee_tsv_reward=-0.1471 human_shots=2 human_hits=2 human_damage=60 human_tsv_reward=0.1471 bee_reward=-10.1471 human_reward=-9.8529
RL 1v1 episode=37 bee_team=0 human_team=1 winner=0 timeout=True duration=119.98s bee_tsv=16->11 human_tsv=18->18 bee_shots=20 bee_hits=0 bee_damage=0 bee_tsv_reward=-0.1471 human_shots=8 human_hits=2 human_damage=60 human_tsv_reward=0.1471 bee_reward=-10.1471 human_reward=-9.8529
RL 1v1 episode=38 bee_team=1 human_team=0 winner=1 timeout=False duration=17.53s bee_tsv=16->16 human_tsv=18->0 bee_shots=1 bee_hits=1 bee_damage=75 bee_tsv_reward=0.5294 human_shots=0 human_hits=0 human_damage=0 human_tsv_reward=-0.5294 bee_reward=10.5148 human_reward=-10.5294
RL 1v1 episode=39 bee_team=0 human_team=1 winner=1 timeout=False duration=5.03s bee_tsv=16->16 human_tsv=18->0 bee_shots=1 bee_hits=1 bee_damage=75 bee_tsv_reward=0.5294 human_shots=0 human_hits=0 human_damage=0 human_tsv_reward=-0.5294 bee_reward=10.5252 human_reward=-10.5294
RL 1v1 episode=40 bee_team=1 human_team=0 winner=1 timeout=False duration=17.53s bee_tsv=16->16 human_tsv=18->0 bee_shots=1 bee_hits=1 bee_damage=75 bee_tsv_reward=0.5294 human_shots=0 human_hits=0 human_damage=0 human_tsv_reward=-0.5294 bee_reward=10.5148 human_reward=-10.5294
RL 1v1 summary episodes=40 bee_record=17-23 human_record=0-40 timeouts=23 avg_duration=87.12s bee_shots=94 bee_hits=17 bee_hit_rate=18.09 % bee_damage=1275 human_shots=74 human_hits=18 human_hit_rate=24.32 % human_damage=540
RL 1v1 episode=41 bee_team=0 human_team=1 winner=0 timeout=True duration=119.98s bee_tsv=16->11 human_tsv=18->18 bee_shots=16 bee_hits=0 bee_damage=0 bee_tsv_reward=-0.1471 human_shots=8 human_hits=2 human_damage=60 human_tsv_reward=0.1471 bee_reward=-10.1471 human_reward=-9.8529
RL 1v1 episode=42 bee_team=1 human_team=0 winner=1 timeout=False duration=25.03s bee_tsv=16->16 human_tsv=18->0 bee_shots=1 bee_hits=1 bee_damage=75 bee_tsv_reward=0.5294 human_shots=0 human_hits=0 human_damage=0 human_tsv_reward=-0.5294 bee_reward=10.5086 human_reward=-10.5294
RL 1v1 episode=43 bee_team=0 human_team=1 winner=1 timeout=False duration=7.53s bee_tsv=16->16 human_tsv=18->0 bee_shots=1 bee_hits=1 bee_damage=75 bee_tsv_reward=0.5294 human_shots=0 human_hits=0 human_damage=0 human_tsv_reward=-0.5294 bee_reward=10.5231 human_reward=-10.5294
RL 1v1 episode=44 bee_team=1 human_team=0 winner=1 timeout=False duration=17.53s bee_tsv=16->16 human_tsv=18->0 bee_shots=4 bee_hits=1 bee_damage=75 bee_tsv_reward=0.5294 human_shots=0 human_hits=0 human_damage=0 human_tsv_reward=-0.5294 bee_reward=10.5148 human_reward=-10.5294
RL 1v1 episode=45 bee_team=0 human_team=1 winner=1 timeout=False duration=7.53s bee_tsv=16->16 human_tsv=18->0 bee_shots=1 bee_hits=1 bee_damage=75 bee_tsv_reward=0.5294 human_shots=0 human_hits=0 human_damage=0 human_tsv_reward=-0.5294 bee_reward=10.5231 human_reward=-10.5294
RL 1v1 episode=46 bee_team=1 human_team=0 winner=1 timeout=False duration=5.03s bee_tsv=16->16 human_tsv=18->0 bee_shots=2 bee_hits=1 bee_damage=75 bee_tsv_reward=0.5294 human_shots=0 human_hits=0 human_damage=0 human_tsv_reward=-0.5294 bee_reward=10.5252 human_reward=-10.5294
RL 1v1 episode=47 bee_team=0 human_team=1 winner=1 timeout=False duration=7.53s bee_tsv=16->16 human_tsv=18->0 bee_shots=2 bee_hits=1 bee_damage=75 bee_tsv_reward=0.5294 human_shots=0 human_hits=0 human_damage=0 human_tsv_reward=-0.5294 bee_reward=10.5231 human_reward=-10.5294
RL 1v1 episode=48 bee_team=1 human_team=0 winner=1 timeout=False duration=12.53s bee_tsv=16->16 human_tsv=18->0 bee_shots=2 bee_hits=1 bee_damage=75 bee_tsv_reward=0.5294 human_shots=0 human_hits=0 human_damage=0 human_tsv_reward=-0.5294 bee_reward=10.5190 human_reward=-10.5294
RL 1v1 episode=49 bee_team=0 human_team=1 winner=1 timeout=False duration=5.03s bee_tsv=16->16 human_tsv=18->0 bee_shots=1 bee_hits=1 bee_damage=75 bee_tsv_reward=0.5294 human_shots=0 human_hits=0 human_damage=0 human_tsv_reward=-0.5294 bee_reward=10.5252 human_reward=-10.5294
RL 1v1 episode=50 bee_team=1 human_team=0 winner=1 timeout=False duration=7.53s bee_tsv=16->16 human_tsv=18->0 bee_shots=1 bee_hits=1 bee_damage=75 bee_tsv_reward=0.5294 human_shots=0 human_hits=0 human_damage=0 human_tsv_reward=-0.5294 bee_reward=10.5231 human_reward=-10.5294
RL 1v1 summary episodes=50 bee_record=26-24 human_record=0-50 timeouts=24 avg_duration=74.00s bee_shots=125 bee_hits=26 bee_hit_rate=20.80 % bee_damage=1950 human_shots=82 human_hits=20 human_hit_rate=24.39 % human_damage=600
RL 1v1 episode=51 bee_team=0 human_team=1 winner=1 timeout=False duration=50.03s bee_tsv=16->16 human_tsv=18->0 bee_shots=1 bee_hits=1 bee_damage=75 bee_tsv_reward=0.5294 human_shots=0 human_hits=0 human_damage=0 human_tsv_reward=-0.5294 bee_reward=10.4877 human_reward=-10.5294
RL 1v1 episode=52 bee_team=1 human_team=0 winner=1 timeout=False duration=5.03s bee_tsv=16->16 human_tsv=18->0 bee_shots=1 bee_hits=1 bee_damage=75 bee_tsv_reward=0.5294 human_shots=0 human_hits=0 human_damage=0 human_tsv_reward=-0.5294 bee_reward=10.5252 human_reward=-10.5294
RL 1v1 episode=53 bee_team=0 human_team=1 winner=1 timeout=False duration=7.53s bee_tsv=16->16 human_tsv=18->0 bee_shots=1 bee_hits=1 bee_damage=75 bee_tsv_reward=0.5294 human_shots=0 human_hits=0 human_damage=0 human_tsv_reward=-0.5294 bee_reward=10.5231 human_reward=-10.5294
RL 1v1 episode=54 bee_team=1 human_team=0 winner=1 timeout=False duration=7.53s bee_tsv=16->16 human_tsv=18->0 bee_shots=1 bee_hits=1 bee_damage=75 bee_tsv_reward=0.5294 human_shots=0 human_hits=0 human_damage=0 human_tsv_reward=-0.5294 bee_reward=10.5231 human_reward=-10.5294
RL 1v1 episode=55 bee_team=0 human_team=1 winner=1 timeout=False duration=10.03s bee_tsv=16->16 human_tsv=18->0 bee_shots=1 bee_hits=1 bee_damage=75 bee_tsv_reward=0.5294 human_shots=0 human_hits=0 human_damage=0 human_tsv_reward=-0.5294 bee_reward=10.5211 human_reward=-10.5294
RL 1v1 episode=56 bee_team=1 human_team=0 winner=0 timeout=True duration=119.98s bee_tsv=16->11 human_tsv=18->18 bee_shots=24 bee_hits=0 bee_damage=0 bee_tsv_reward=-0.1471 human_shots=4 human_hits=2 human_damage=60 human_tsv_reward=0.1471 bee_reward=-10.1471 human_reward=-9.8529
RL 1v1 episode=57 bee_team=0 human_team=1 winner=1 timeout=False duration=5.03s bee_tsv=16->16 human_tsv=18->0 bee_shots=1 bee_hits=1 bee_damage=75 bee_tsv_reward=0.5294 human_shots=0 human_hits=0 human_damage=0 human_tsv_reward=-0.5294 bee_reward=10.5252 human_reward=-10.5294
RL 1v1 episode=58 bee_team=1 human_team=0 winner=1 timeout=False duration=5.03s bee_tsv=16->16 human_tsv=18->0 bee_shots=1 bee_hits=1 bee_damage=75 bee_tsv_reward=0.5294 human_shots=0 human_hits=0 human_damage=0 human_tsv_reward=-0.5294 bee_reward=10.5252 human_reward=-10.5294
RL 1v1 episode=59 bee_team=0 human_team=1 winner=1 timeout=False duration=12.53s bee_tsv=16->16 human_tsv=18->0 bee_shots=1 bee_hits=1 bee_damage=75 bee_tsv_reward=0.5294 human_shots=0 human_hits=0 human_damage=0 human_tsv_reward=-0.5294 bee_reward=10.5190 human_reward=-10.5294
RL 1v1 episode=60 bee_team=1 human_team=0 winner=1 timeout=False duration=80.03s bee_tsv=16->16 human_tsv=18->0 bee_shots=19 bee_hits=1 bee_damage=75 bee_tsv_reward=0.5294 human_shots=0 human_hits=0 human_damage=0 human_tsv_reward=-0.5294 bee_reward=10.4627 human_reward=-10.5294
RL 1v1 summary episodes=60 bee_record=35-25 human_record=0-60 timeouts=25 avg_duration=66.72s bee_shots=176 bee_hits=35 bee_hit_rate=19.89 % bee_damage=2625 human_shots=86 human_hits=22 human_hit_rate=25.58 % human_damage=660
RL 1v1 episode=61 bee_team=0 human_team=1 winner=0 timeout=True duration=119.98s bee_tsv=16->8 human_tsv=18->18 bee_shots=16 bee_hits=0 bee_damage=0 bee_tsv_reward=-0.2353 human_shots=6 human_hits=3 human_damage=90 human_tsv_reward=0.2353 bee_reward=-10.2353 human_reward=-9.7647
RL 1v1 episode=62 bee_team=1 human_team=0 winner=1 timeout=False duration=5.03s bee_tsv=16->16 human_tsv=18->0 bee_shots=1 bee_hits=1 bee_damage=75 bee_tsv_reward=0.5294 human_shots=0 human_hits=0 human_damage=0 human_tsv_reward=-0.5294 bee_reward=10.5252 human_reward=-10.5294
RL 1v1 episode=63 bee_team=0 human_team=1 winner=1 timeout=False duration=17.53s bee_tsv=16->16 human_tsv=18->0 bee_shots=2 bee_hits=1 bee_damage=75 bee_tsv_reward=0.5294 human_shots=0 human_hits=0 human_damage=0 human_tsv_reward=-0.5294 bee_reward=10.5148 human_reward=-10.5294
RL 1v1 episode=64 bee_team=1 human_team=0 winner=1 timeout=False duration=102.53s bee_tsv=16->16 human_tsv=18->0 bee_shots=10 bee_hits=1 bee_damage=75 bee_tsv_reward=0.5294 human_shots=0 human_hits=0 human_damage=0 human_tsv_reward=-0.5294 bee_reward=10.4440 human_reward=-10.5294
RL 1v1 episode=65 bee_team=0 human_team=1 winner=1 timeout=False duration=27.53s bee_tsv=16->16 human_tsv=18->0 bee_shots=4 bee_hits=1 bee_damage=75 bee_tsv_reward=0.5294 human_shots=0 human_hits=0 human_damage=0 human_tsv_reward=-0.5294 bee_reward=10.5065 human_reward=-10.5294
RL 1v1 episode=66 bee_team=1 human_team=0 winner=0 timeout=True duration=119.98s bee_tsv=16->8 human_tsv=18->18 bee_shots=22 bee_hits=0 bee_damage=0 bee_tsv_reward=-0.2353 human_shots=8 human_hits=3 human_damage=90 human_tsv_reward=0.2353 bee_reward=-10.2353 human_reward=-9.7647
RL 1v1 episode=67 bee_team=0 human_team=1 winner=1 timeout=False duration=7.53s bee_tsv=16->16 human_tsv=18->0 bee_shots=2 bee_hits=1 bee_damage=75 bee_tsv_reward=0.5294 human_shots=0 human_hits=0 human_damage=0 human_tsv_reward=-0.5294 bee_reward=10.5231 human_reward=-10.5294
RL 1v1 episode=68 bee_team=1 human_team=0 winner=1 timeout=False duration=27.53s bee_tsv=16->16 human_tsv=18->0 bee_shots=2 bee_hits=1 bee_damage=75 bee_tsv_reward=0.5294 human_shots=0 human_hits=0 human_damage=0 human_tsv_reward=-0.5294 bee_reward=10.5065 human_reward=-10.5294
RL 1v1 episode=69 bee_team=0 human_team=1 winner=1 timeout=False duration=7.53s bee_tsv=16->16 human_tsv=18->0 bee_shots=1 bee_hits=1 bee_damage=75 bee_tsv_reward=0.5294 human_shots=0 human_hits=0 human_damage=0 human_tsv_reward=-0.5294 bee_reward=10.5231 human_reward=-10.5294
RL 1v1 episode=70 bee_team=1 human_team=0 winner=1 timeout=False duration=15.03s bee_tsv=16->16 human_tsv=18->0 bee_shots=1 bee_hits=1 bee_damage=75 bee_tsv_reward=0.5294 human_shots=0 human_hits=0 human_damage=0 human_tsv_reward=-0.5294 bee_reward=10.5169 human_reward=-10.5294
RL 1v1 summary episodes=70 bee_record=43-27 human_record=0-70 timeouts=27 avg_duration=63.62s bee_shots=237 bee_hits=43 bee_hit_rate=18.14 % bee_damage=3225 human_shots=100 human_hits=28 human_hit_rate=28.00 % human_damage=840
RL 1v1 episode=71 bee_team=0 human_team=1 winner=1 timeout=False duration=10.03s bee_tsv=16->16 human_tsv=18->0 bee_shots=1 bee_hits=1 bee_damage=75 bee_tsv_reward=0.5294 human_shots=0 human_hits=0 human_damage=0 human_tsv_reward=-0.5294 bee_reward=10.5211 human_reward=-10.5294
RL 1v1 episode=72 bee_team=1 human_team=0 winner=0 timeout=True duration=119.98s bee_tsv=16->13 human_tsv=18->18 bee_shots=19 bee_hits=0 bee_damage=0 bee_tsv_reward=-0.0882 human_shots=2 human_hits=1 human_damage=30 human_tsv_reward=0.0882 bee_reward=-10.0882 human_reward=-9.9118
RL 1v1 episode=73 bee_team=0 human_team=1 winner=1 timeout=False duration=15.03s bee_tsv=16->16 human_tsv=18->0 bee_shots=2 bee_hits=1 bee_damage=75 bee_tsv_reward=0.5294 human_shots=0 human_hits=0 human_damage=0 human_tsv_reward=-0.5294 bee_reward=10.5169 human_reward=-10.5294
RL 1v1 episode=74 bee_team=1 human_team=0 winner=1 timeout=False duration=25.03s bee_tsv=16->16 human_tsv=18->0 bee_shots=1 bee_hits=1 bee_damage=75 bee_tsv_reward=0.5294 human_shots=0 human_hits=0 human_damage=0 human_tsv_reward=-0.5294 bee_reward=10.5086 human_reward=-10.5294
RL 1v1 episode=75 bee_team=0 human_team=1 winner=1 timeout=False duration=20.03s bee_tsv=16->16 human_tsv=18->0 bee_shots=1 bee_hits=1 bee_damage=75 bee_tsv_reward=0.5294 human_shots=0 human_hits=0 human_damage=0 human_tsv_reward=-0.5294 bee_reward=10.5127 human_reward=-10.5294
RL 1v1 episode=76 bee_team=1 human_team=0 winner=1 timeout=False duration=22.53s bee_tsv=16->16 human_tsv=18->0 bee_shots=3 bee_hits=1 bee_damage=75 bee_tsv_reward=0.5294 human_shots=0 human_hits=0 human_damage=0 human_tsv_reward=-0.5294 bee_reward=10.5106 human_reward=-10.5294
RL 1v1 episode=77 bee_team=0 human_team=1 winner=1 timeout=False duration=10.03s bee_tsv=16->16 human_tsv=18->0 bee_shots=1 bee_hits=1 bee_damage=75 bee_tsv_reward=0.5294 human_shots=0 human_hits=0 human_damage=0 human_tsv_reward=-0.5294 bee_reward=10.5211 human_reward=-10.5294
RL 1v1 episode=78 bee_team=1 human_team=0 winner=1 timeout=False duration=5.03s bee_tsv=16->16 human_tsv=18->0 bee_shots=2 bee_hits=1 bee_damage=75 bee_tsv_reward=0.5294 human_shots=0 human_hits=0 human_damage=0 human_tsv_reward=-0.5294 bee_reward=10.5252 human_reward=-10.5294
RL 1v1 episode=79 bee_team=0 human_team=1 winner=1 timeout=False duration=37.53s bee_tsv=16->16 human_tsv=18->0 bee_shots=2 bee_hits=1 bee_damage=75 bee_tsv_reward=0.5294 human_shots=0 human_hits=0 human_damage=0 human_tsv_reward=-0.5294 bee_reward=10.4981 human_reward=-10.5294
RL 1v1 episode=80 bee_team=1 human_team=0 winner=1 timeout=False duration=12.53s bee_tsv=16->16 human_tsv=18->0 bee_shots=1 bee_hits=1 bee_damage=75 bee_tsv_reward=0.5294 human_shots=0 human_hits=0 human_damage=0 human_tsv_reward=-0.5294 bee_reward=10.5190 human_reward=-10.5294
RL 1v1 summary episodes=80 bee_record=52-28 human_record=0-80 timeouts=28 avg_duration=59.14s bee_shots=270 bee_hits=52 bee_hit_rate=19.26 % bee_damage=3900 human_shots=102 human_hits=29 human_hit_rate=28.43 % human_damage=870
RL 1v1 episode=81 bee_team=0 human_team=1 winner=1 timeout=False duration=55.03s bee_tsv=16->16 human_tsv=18->0 bee_shots=1 bee_hits=1 bee_damage=75 bee_tsv_reward=0.5294 human_shots=0 human_hits=0 human_damage=0 human_tsv_reward=-0.5294 bee_reward=10.4836 human_reward=-10.5294
RL 1v1 episode=82 bee_team=1 human_team=0 winner=0 timeout=True duration=119.98s bee_tsv=16->16 human_tsv=18->18 bee_shots=6 bee_hits=0 bee_damage=0 bee_tsv_reward=0.0000 human_shots=2 human_hits=0 human_damage=0 human_tsv_reward=0.0000 bee_reward=-10.0000 human_reward=-10.0000
RL 1v1 episode=83 bee_team=0 human_team=1 winner=0 timeout=True duration=119.98s bee_tsv=16->16 human_tsv=18->18 bee_shots=4 bee_hits=0 bee_damage=0 bee_tsv_reward=0.0000 human_shots=0 human_hits=0 human_damage=0 human_tsv_reward=0.0000 bee_reward=-10.0000 human_reward=-10.0000
RL 1v1 episode=84 bee_team=1 human_team=0 winner=0 timeout=True duration=119.98s bee_tsv=16->16 human_tsv=18->18 bee_shots=6 bee_hits=0 bee_damage=0 bee_tsv_reward=0.0000 human_shots=2 human_hits=0 human_damage=0 human_tsv_reward=0.0000 bee_reward=-10.0000 human_reward=-10.0000
RL 1v1 episode=85 bee_team=0 human_team=1 winner=0 timeout=True duration=119.98s bee_tsv=16->16 human_tsv=18->18 bee_shots=1 bee_hits=0 bee_damage=0 bee_tsv_reward=0.0000 human_shots=0 human_hits=0 human_damage=0 human_tsv_reward=0.0000 bee_reward=-10.0000 human_reward=-10.0000
Unable to save timers to file F:/RLDemo/Bees RL Training/Bees_Data\ML-Agents\Timers\RL 1v1 Training_timers.json
[Physics::Module] Cleanup current backend.
[Physics::Module] Id: 0xf2b8ea05
Input System module state changed to: ShutdownInProgress.
Input Polling Thread exited.
Input System module state changed to: Shutdown.
CodeReloadManager destroyed
GarbageCollector disposing of ComputeBuffer. Please use ComputeBuffer.Release() or .Dispose() to manually release the buffer.
