Mono path[0] = 'F:/RLDemo/Bees RL Training/Bees_Data/Managed'
Mono config path = 'F:/RLDemo/Bees RL Training/MonoBleedingEdge/etc'
CodeReloadManager initialized
Input System module state changed to: Initialized.
[Physics::Module] Initialized fallback backend.
[Physics::Module] Id: 0xdecafbad
Initialize engine version: 6000.5.4f1 (d550df8bd089)
[Subsystems] Discovering subsystems at path F:/RLDemo/Bees RL Training/Bees_Data/UnitySubsystems
Forcing GfxDevice: Null
GfxDevice: creating device client; kGfxThreadingModeNonThreaded
NullGfxDevice:
    Version:  NULL 1.0 [1.0]
    Renderer: Null Device
    Vendor:   Unity Technologies
Begin MonoManager ReloadAssembly
- Finished resetting the current domain, in  0.087 seconds
[Physics::Module] Selected backend.
[Physics::Module] Name: PhysX
[Physics::Module] Id: 0xf2b8ea05
[Physics::Module] SDK Version: 4.1.2
[Physics::Module] Integration Version: 1.0.0
[Physics::Module] Threading Mode: Multi-Threaded
Microsoft Media Foundation video decoding to texture disabled: graphics device is Null, only Direct3D 11 and Direct3D 12 (only on desktop) are supported for hardware-accelerated video decoding.
Texture with ID 114 and with size 13376x6920 was too large for graphics device maximum supported texture size (8192x8192). Falling back to a dummy texture. Generate mip maps to provide lower size fallback.
Texture with ID 210 and with size 13376x6920 was too large for graphics device maximum supported texture size (8192x8192). Falling back to a dummy texture. Generate mip maps to provide lower size fallback.
Texture with ID 221 and with size 13376x6920 was too large for graphics device maximum supported texture size (8192x8192). Falling back to a dummy texture. Generate mip maps to provide lower size fallback.
Texture with ID 238 and with size 13376x6920 was too large for graphics device maximum supported texture size (8192x8192). Falling back to a dummy texture. Generate mip maps to provide lower size fallback.
UnloadTime: 1.699400 ms
UI Audio: DontDestroyOnLoad only works for root GameObjects or components on root GameObjects.
Trying to connect to ws://clashofempire.net:7146
Connection with WebSocketSharp open!
[Steamworks.NET] SteamAPI_Init() failed. Continuing without Steam features.
Steam API is unavailable; using local fallback identity.
User id is 2013868892
RL training configuration health_ratio=0.25 map_size=35 episode_timeout=120s ships_per_side=1 matchup_mode=fixed bee_ship_types=Wasp human_ship_types=Gunship
Can not play a disabled audio source
Registered Communicator in Agent.
RL policy ABI v5 bees-rl-v5|behavior=BeesRL1v1|network=ff-512x3|normalize=true|obs=4685|cont=34|disc=2x16,5,65,65,65|weapon-aim=slotwise-xy|weapon-fire=slotwise-cease-or-fire|weapon-ready=rl-latched-until-fire|shipbits=6|weaponbits=6|mapbits=4|shipmap=v1-0..23|weaponmap=v1-0..9|allies=64|enemies=64|weapons=16|enemy-mounts=16|mining=8|map-objects=64|moving-asteroids=48|self=29|capability=12|parent-carrier=19|entity=19|weapon=19|enemy-mount=22|mining-slot=7|map-slot=12|moving-asteroid-slot=11|objective=16|grid=13x13|entity-order=distance,type,fleet-id,runtime-id observations=4685 continuous_actions=34 weapon_fire_branches=16x2 special_branch=5 ally_target_branch=65 enemy_target_branch=65 map_object_target_branch=65 allies=64 enemies=64 moving_asteroids=48 mining_asteroids=8 map_objects=64 navigation_grid=13x13 weapon_slots=16 enemy_weapon_mounts=16 objective_channels=16 spawned_ship_control=dynamic
RL 1v1 episode=1 outcome=side_1_win bee_team=0 human_team=1 ships_per_side=1 winner=1 timeout=False duration=28.65s bee_tsv=16->16 human_tsv=18->0 bee_fire_requests=136 bee_shots=2 bee_hits=1 bee_damage=75 bee_first_contact=0.32s bee_first_fire=13.32s bee_first_hit=28.34s bee_spawned=0 bee_agent_coverage=1/1 bee_weapons=Eye:136/2 bee_rewards=terminal:10.0000,tsv:0.4641,time:-0.0239,total:10.4403 human_fire_requests=139 human_shots=0 human_hits=0 human_damage=0 human_first_contact=0.32s human_first_fire=none human_first_hit=none human_spawned=0 human_agent_coverage=1/1 human_weapons=DualCannon:139/0 human_rewards=terminal:-10.0000,tsv:-0.4571,time:0.0000,total:-10.4571
RL 1v1 episode=2 outcome=side_1_win bee_team=1 human_team=0 ships_per_side=1 winner=1 timeout=False duration=64.21s bee_tsv=16->16 human_tsv=18->0 bee_fire_requests=291 bee_shots=3 bee_hits=1 bee_damage=75 bee_first_contact=0.02s bee_first_fire=17.51s bee_first_hit=64.20s bee_spawned=0 bee_agent_coverage=1/1 bee_weapons=Eye:291/3 bee_rewards=terminal:10.0000,tsv:0.4641,time:-0.0535,total:10.4106 human_fire_requests=321 human_shots=0 human_hits=0 human_damage=0 human_first_contact=0.02s human_first_fire=none human_first_hit=none human_spawned=0 human_agent_coverage=1/1 human_weapons=DualCannon:321/0 human_rewards=terminal:-10.0000,tsv:-0.4571,time:0.0000,total:-10.4571
RL 1v1 episode=3 outcome=side_1_win bee_team=0 human_team=1 ships_per_side=1 winner=1 timeout=False duration=4.20s bee_tsv=16->16 human_tsv=18->0 bee_fire_requests=22 bee_shots=1 bee_hits=1 bee_damage=75 bee_first_contact=0.02s bee_first_fire=4.17s bee_first_hit=4.20s bee_spawned=0 bee_agent_coverage=1/1 bee_weapons=Eye:22/1 bee_rewards=terminal:10.0000,tsv:0.4641,time:-0.0035,total:10.4606 human_fire_requests=23 human_shots=0 human_hits=0 human_damage=0 human_first_contact=0.02s human_first_fire=none human_first_hit=none human_spawned=0 human_agent_coverage=1/1 human_weapons=DualCannon:23/0 human_rewards=terminal:-10.0000,tsv:-0.4571,time:0.0000,total:-10.4571
RL 1v1 episode=4 outcome=side_1_win bee_team=1 human_team=0 ships_per_side=1 winner=1 timeout=False duration=52.55s bee_tsv=16->11 human_tsv=18->0 bee_fire_requests=263 bee_shots=1 bee_hits=1 bee_damage=75 bee_first_contact=0.03s bee_first_fire=52.50s bee_first_hit=52.54s bee_spawned=0 bee_agent_coverage=1/1 bee_weapons=Eye:263/1 bee_rewards=terminal:10.0000,tsv:0.3171,time:-0.0438,total:10.2733 human_fire_requests=289 human_shots=0 human_hits=2 human_damage=60 human_first_contact=0.03s human_first_fire=none human_first_hit=20.86s human_spawned=0 human_agent_coverage=1/1 human_weapons=DualCannon:289/0 human_rewards=terminal:-10.0000,tsv:-0.3295,time:0.0000,total:-10.3295
RL 1v1 episode=5 outcome=side_2_win bee_team=0 human_team=1 ships_per_side=1 winner=2 timeout=False duration=46.71s bee_tsv=16->0 human_tsv=18->18 bee_fire_requests=218 bee_shots=0 bee_hits=0 bee_damage=0 bee_first_contact=0.02s bee_first_fire=none bee_first_hit=none bee_spawned=0 bee_agent_coverage=1/1 bee_weapons=Eye:218/0 bee_rewards=terminal:-10.0000,tsv:-0.3983,time:0.0000,total:-10.3983 human_fire_requests=249 human_shots=0 human_hits=4 human_damage=100 human_first_contact=0.02s human_first_fire=none human_first_hit=22.54s human_spawned=0 human_agent_coverage=1/1 human_weapons=DualCannon:249/0 human_rewards=terminal:10.0000,tsv:0.4287,time:-0.0389,total:10.3897
RL 1v1 episode=6 outcome=side_1_win bee_team=1 human_team=0 ships_per_side=1 winner=1 timeout=False duration=76.70s bee_tsv=16->11 human_tsv=18->0 bee_fire_requests=402 bee_shots=2 bee_hits=1 bee_damage=75 bee_first_contact=0.02s bee_first_fire=2.50s bee_first_hit=76.70s bee_spawned=0 bee_agent_coverage=1/1 bee_weapons=Eye:402/2 bee_rewards=terminal:10.0000,tsv:0.3171,time:-0.0639,total:10.2532 human_fire_requests=436 human_shots=0 human_hits=2 human_damage=60 human_first_contact=0.02s human_first_fire=none human_first_hit=9.20s human_spawned=0 human_agent_coverage=1/1 human_weapons=DualCannon:436/0 human_rewards=terminal:-10.0000,tsv:-0.3295,time:0.0000,total:-10.3295
RL 1v1 episode=7 outcome=side_1_win bee_team=0 human_team=1 ships_per_side=1 winner=1 timeout=False duration=45.87s bee_tsv=16->16 human_tsv=18->0 bee_fire_requests=216 bee_shots=3 bee_hits=1 bee_damage=75 bee_first_contact=0.03s bee_first_fire=9.17s bee_first_hit=45.86s bee_spawned=0 bee_agent_coverage=1/1 bee_weapons=Eye:216/3 bee_rewards=terminal:10.0000,tsv:0.4641,time:-0.0382,total:10.4259 human_fire_requests=238 human_shots=0 human_hits=0 human_damage=0 human_first_contact=0.03s human_first_fire=none human_first_hit=none human_spawned=0 human_agent_coverage=1/1 human_weapons=DualCannon:238/0 human_rewards=terminal:-10.0000,tsv:-0.4571,time:0.0000,total:-10.4571
RL 1v1 episode=8 outcome=side_1_win bee_team=1 human_team=0 ships_per_side=1 winner=1 timeout=False duration=42.55s bee_tsv=16->16 human_tsv=18->0 bee_fire_requests=199 bee_shots=1 bee_hits=1 bee_damage=75 bee_first_contact=0.02s bee_first_fire=42.50s bee_first_hit=42.54s bee_spawned=0 bee_agent_coverage=1/1 bee_weapons=Eye:199/1 bee_rewards=terminal:10.0000,tsv:0.4641,time:-0.0355,total:10.4287 human_fire_requests=219 human_shots=0 human_hits=0 human_damage=0 human_first_contact=0.02s human_first_fire=none human_first_hit=none human_spawned=0 human_agent_coverage=1/1 human_weapons=DualCannon:219/0 human_rewards=terminal:-10.0000,tsv:-0.4571,time:0.0000,total:-10.4571
RL 1v1 episode=9 outcome=side_1_win bee_team=0 human_team=1 ships_per_side=1 winner=1 timeout=False duration=15.89s bee_tsv=16->16 human_tsv=18->0 bee_fire_requests=92 bee_shots=1 bee_hits=1 bee_damage=75 bee_first_contact=0.03s bee_first_fire=15.84s bee_first_hit=15.88s bee_spawned=0 bee_agent_coverage=1/1 bee_weapons=Eye:92/1 bee_rewards=terminal:10.0000,tsv:0.4641,time:-0.0132,total:10.4509 human_fire_requests=83 human_shots=0 human_hits=0 human_damage=0 human_first_contact=0.03s human_first_fire=none human_first_hit=none human_spawned=0 human_agent_coverage=1/1 human_weapons=DualCannon:83/0 human_rewards=terminal:-10.0000,tsv:-0.4571,time:0.0000,total:-10.4571
RL 1v1 episode=10 outcome=timeout bee_team=1 human_team=0 ships_per_side=1 winner=0 timeout=True duration=119.99s bee_tsv=16->16 human_tsv=18->18 bee_fire_requests=549 bee_shots=2 bee_hits=0 bee_damage=0 bee_first_contact=0.03s bee_first_fire=61.68s bee_first_hit=none bee_spawned=0 bee_agent_coverage=1/1 bee_weapons=Eye:549/2 bee_rewards=terminal:-10.0000,tsv:0.0723,time:0.0000,total:-9.9277 human_fire_requests=605 human_shots=0 human_hits=0 human_damage=0 human_first_contact=0.03s human_first_fire=none human_first_hit=none human_spawned=0 human_agent_coverage=1/1 human_weapons=DualCannon:605/0 human_rewards=terminal:-10.0000,tsv:0.0723,time:0.0000,total:-9.9277
RL 1v1 summary episodes=10 bee_record=8-2 human_record=1-9 draws=0 timeouts=1 avg_duration=49.73s bee_shots=16 bee_hits=8 bee_hit_rate=50.00 % bee_damage=600 human_shots=0 human_hits=8 human_hit_rate=0.00 % human_damage=220
RL 1v1 episode=11 outcome=side_1_win bee_team=0 human_team=1 ships_per_side=1 winner=1 timeout=False duration=22.54s bee_tsv=16->16 human_tsv=18->0 bee_fire_requests=103 bee_shots=1 bee_hits=1 bee_damage=75 bee_first_contact=0.03s bee_first_fire=22.51s bee_first_hit=22.54s bee_spawned=0 bee_agent_coverage=1/1 bee_weapons=Eye:103/1 bee_rewards=terminal:10.0000,tsv:0.4641,time:-0.0188,total:10.4454 human_fire_requests=116 human_shots=0 human_hits=0 human_damage=0 human_first_contact=0.03s human_first_fire=none human_first_hit=none human_spawned=0 human_agent_coverage=1/1 human_weapons=DualCannon:116/0 human_rewards=terminal:-10.0000,tsv:-0.4571,time:0.0000,total:-10.4571
RL 1v1 episode=12 outcome=side_1_win bee_team=1 human_team=0 ships_per_side=1 winner=1 timeout=False duration=21.70s bee_tsv=16->16 human_tsv=18->0 bee_fire_requests=109 bee_shots=2 bee_hits=1 bee_damage=75 bee_first_contact=0.03s bee_first_fire=2.50s bee_first_hit=21.70s bee_spawned=0 bee_agent_coverage=1/1 bee_weapons=Eye:109/2 bee_rewards=terminal:10.0000,tsv:0.4641,time:-0.0181,total:10.4461 human_fire_requests=104 human_shots=0 human_hits=0 human_damage=0 human_first_contact=0.03s human_first_fire=none human_first_hit=none human_spawned=0 human_agent_coverage=1/1 human_weapons=DualCannon:104/0 human_rewards=terminal:-10.0000,tsv:-0.4571,time:0.0000,total:-10.4571
RL 1v1 episode=13 outcome=side_2_win bee_team=0 human_team=1 ships_per_side=1 winner=2 timeout=False duration=9.22s bee_tsv=16->0 human_tsv=18->18 bee_fire_requests=47 bee_shots=0 bee_hits=0 bee_damage=0 bee_first_contact=0.02s bee_first_fire=none bee_first_hit=none bee_spawned=0 bee_agent_coverage=1/1 bee_weapons=Eye:47/0 bee_rewards=terminal:-10.0000,tsv:-0.3983,time:0.0000,total:-10.3983 human_fire_requests=52 human_shots=0 human_hits=4 human_damage=100 human_first_contact=0.02s human_first_fire=none human_first_hit=5.02s human_spawned=0 human_agent_coverage=1/1 human_weapons=DualCannon:52/0 human_rewards=terminal:10.0000,tsv:0.4287,time:-0.0077,total:10.4210
RL 1v1 episode=14 outcome=side_1_win bee_team=1 human_team=0 ships_per_side=1 winner=1 timeout=False duration=25.89s bee_tsv=16->16 human_tsv=18->0 bee_fire_requests=147 bee_shots=1 bee_hits=1 bee_damage=75 bee_first_contact=0.03s bee_first_fire=25.84s bee_first_hit=25.88s bee_spawned=0 bee_agent_coverage=1/1 bee_weapons=Eye:147/1 bee_rewards=terminal:10.0000,tsv:0.4641,time:-0.0216,total:10.4426 human_fire_requests=149 human_shots=0 human_hits=0 human_damage=0 human_first_contact=0.03s human_first_fire=none human_first_hit=none human_spawned=0 human_agent_coverage=1/1 human_weapons=DualCannon:149/0 human_rewards=terminal:-10.0000,tsv:-0.4571,time:0.0000,total:-10.4571
RL 1v1 episode=15 outcome=side_1_win bee_team=0 human_team=1 ships_per_side=1 winner=1 timeout=False duration=16.71s bee_tsv=16->16 human_tsv=18->0 bee_fire_requests=79 bee_shots=2 bee_hits=1 bee_damage=75 bee_first_contact=0.03s bee_first_fire=10.84s bee_first_hit=16.70s bee_spawned=0 bee_agent_coverage=1/1 bee_weapons=Eye:79/2 bee_rewards=terminal:10.0000,tsv:0.4641,time:-0.0139,total:10.4502 human_fire_requests=93 human_shots=0 human_hits=0 human_damage=0 human_first_contact=0.03s human_first_fire=none human_first_hit=none human_spawned=0 human_agent_coverage=1/1 human_weapons=DualCannon:93/0 human_rewards=terminal:-10.0000,tsv:-0.4571,time:0.0000,total:-10.4571
RL 1v1 episode=16 outcome=side_1_win bee_team=1 human_team=0 ships_per_side=1 winner=1 timeout=False duration=109.21s bee_tsv=16->16 human_tsv=18->0 bee_fire_requests=526 bee_shots=4 bee_hits=1 bee_damage=75 bee_first_contact=0.02s bee_first_fire=28.34s bee_first_hit=109.20s bee_spawned=0 bee_agent_coverage=1/1 bee_weapons=Eye:526/4 bee_rewards=terminal:10.0000,tsv:0.4641,time:-0.0910,total:10.3731 human_fire_requests=568 human_shots=0 human_hits=0 human_damage=0 human_first_contact=0.02s human_first_fire=none human_first_hit=none human_spawned=0 human_agent_coverage=1/1 human_weapons=DualCannon:568/0 human_rewards=terminal:-10.0000,tsv:-0.4571,time:0.0000,total:-10.4571
RL 1v1 episode=17 outcome=side_2_win bee_team=0 human_team=1 ships_per_side=1 winner=2 timeout=False duration=23.37s bee_tsv=16->0 human_tsv=18->18 bee_fire_requests=114 bee_shots=1 bee_hits=0 bee_damage=0 bee_first_contact=0.02s bee_first_fire=6.67s bee_first_hit=none bee_spawned=0 bee_agent_coverage=1/1 bee_weapons=Eye:114/1 bee_rewards=terminal:-10.0000,tsv:-0.3983,time:0.0000,total:-10.3983 human_fire_requests=135 human_shots=0 human_hits=4 human_damage=100 human_first_contact=0.02s human_first_fire=none human_first_hit=9.20s human_spawned=0 human_agent_coverage=1/1 human_weapons=DualCannon:135/0 human_rewards=terminal:10.0000,tsv:0.4287,time:-0.0195,total:10.4092
RL 1v1 episode=18 outcome=side_1_win bee_team=1 human_team=0 ships_per_side=1 winner=1 timeout=False duration=25.89s bee_tsv=16->11 human_tsv=18->0 bee_fire_requests=130 bee_shots=1 bee_hits=1 bee_damage=75 bee_first_contact=0.02s bee_first_fire=25.84s bee_first_hit=25.88s bee_spawned=0 bee_agent_coverage=1/1 bee_weapons=Eye:130/1 bee_rewards=terminal:10.0000,tsv:0.3171,time:-0.0216,total:10.2955 human_fire_requests=136 human_shots=0 human_hits=2 human_damage=60 human_first_contact=0.02s human_first_fire=none human_first_hit=10.88s human_spawned=0 human_agent_coverage=1/1 human_weapons=DualCannon:136/0 human_rewards=terminal:-10.0000,tsv:-0.3295,time:0.0000,total:-10.3295
RL 1v1 episode=19 outcome=side_1_win bee_team=0 human_team=1 ships_per_side=1 winner=1 timeout=False duration=56.71s bee_tsv=16->11 human_tsv=18->0 bee_fire_requests=288 bee_shots=2 bee_hits=1 bee_damage=75 bee_first_contact=0.02s bee_first_fire=29.17s bee_first_hit=56.70s bee_spawned=0 bee_agent_coverage=1/1 bee_weapons=Eye:288/2 bee_rewards=terminal:10.0000,tsv:0.3171,time:-0.0473,total:10.2698 human_fire_requests=278 human_shots=0 human_hits=2 human_damage=60 human_first_contact=0.02s human_first_fire=none human_first_hit=40.88s human_spawned=0 human_agent_coverage=1/1 human_weapons=DualCannon:278/0 human_rewards=terminal:-10.0000,tsv:-0.3295,time:0.0000,total:-10.3295
RL 1v1 episode=20 outcome=side_1_win bee_team=1 human_team=0 ships_per_side=1 winner=1 timeout=False duration=7.55s bee_tsv=16->16 human_tsv=18->0 bee_fire_requests=36 bee_shots=1 bee_hits=1 bee_damage=75 bee_first_contact=0.02s bee_first_fire=7.50s bee_first_hit=7.54s bee_spawned=0 bee_agent_coverage=1/1 bee_weapons=Eye:36/1 bee_rewards=terminal:10.0000,tsv:0.4641,time:-0.0063,total:10.4579 human_fire_requests=34 human_shots=0 human_hits=0 human_damage=0 human_first_contact=0.02s human_first_fire=none human_first_hit=none human_spawned=0 human_agent_coverage=1/1 human_weapons=DualCannon:34/0 human_rewards=terminal:-10.0000,tsv:-0.4571,time:0.0000,total:-10.4571
RL 1v1 summary episodes=20 bee_record=16-4 human_record=3-17 draws=0 timeouts=1 avg_duration=40.81s bee_shots=31 bee_hits=16 bee_hit_rate=51.61 % bee_damage=1200 human_shots=0 human_hits=20 human_hit_rate=0.00 % human_damage=540
RL 1v1 episode=21 outcome=side_1_win bee_team=0 human_team=1 ships_per_side=1 winner=1 timeout=False duration=59.21s bee_tsv=16->16 human_tsv=18->0 bee_fire_requests=293 bee_shots=2 bee_hits=1 bee_damage=75 bee_first_contact=0.03s bee_first_fire=50.01s bee_first_hit=59.20s bee_spawned=0 bee_agent_coverage=1/1 bee_weapons=Eye:293/2 bee_rewards=terminal:10.0000,tsv:0.4641,time:-0.0493,total:10.4148 human_fire_requests=288 human_shots=0 human_hits=0 human_damage=0 human_first_contact=0.03s human_first_fire=none human_first_hit=none human_spawned=0 human_agent_coverage=1/1 human_weapons=DualCannon:288/0 human_rewards=terminal:-10.0000,tsv:-0.4571,time:0.0000,total:-10.4571
RL 1v1 episode=22 outcome=side_1_win bee_team=1 human_team=0 ships_per_side=1 winner=1 timeout=False duration=6.74s bee_tsv=16->16 human_tsv=18->0 bee_fire_requests=35 bee_shots=1 bee_hits=1 bee_damage=75 bee_first_contact=0.02s bee_first_fire=6.67s bee_first_hit=6.74s bee_spawned=0 bee_agent_coverage=1/1 bee_weapons=Eye:35/1 bee_rewards=terminal:10.0000,tsv:0.4641,time:-0.0056,total:10.4585 human_fire_requests=29 human_shots=0 human_hits=0 human_damage=0 human_first_contact=0.02s human_first_fire=none human_first_hit=none human_spawned=0 human_agent_coverage=1/1 human_weapons=DualCannon:29/0 human_rewards=terminal:-10.0000,tsv:-0.4571,time:0.0000,total:-10.4571
RL 1v1 episode=23 outcome=side_1_win bee_team=0 human_team=1 ships_per_side=1 winner=1 timeout=False duration=11.72s bee_tsv=16->16 human_tsv=18->0 bee_fire_requests=54 bee_shots=1 bee_hits=1 bee_damage=75 bee_first_contact=0.02s bee_first_fire=11.67s bee_first_hit=11.70s bee_spawned=0 bee_agent_coverage=1/1 bee_weapons=Eye:54/1 bee_rewards=terminal:10.0000,tsv:0.4641,time:-0.0098,total:10.4544 human_fire_requests=56 human_shots=0 human_hits=0 human_damage=0 human_first_contact=0.02s human_first_fire=none human_first_hit=none human_spawned=0 human_agent_coverage=1/1 human_weapons=DualCannon:56/0 human_rewards=terminal:-10.0000,tsv:-0.4571,time:0.0000,total:-10.4571
RL 1v1 episode=24 outcome=side_1_win bee_team=1 human_team=0 ships_per_side=1 winner=1 timeout=False duration=30.04s bee_tsv=16->11 human_tsv=18->0 bee_fire_requests=159 bee_shots=2 bee_hits=1 bee_damage=75 bee_first_contact=0.03s bee_first_fire=14.18s bee_first_hit=30.04s bee_spawned=0 bee_agent_coverage=1/1 bee_weapons=Eye:159/2 bee_rewards=terminal:10.0000,tsv:0.3171,time:-0.0250,total:10.2921 human_fire_requests=143 human_shots=0 human_hits=2 human_damage=60 human_first_contact=0.03s human_first_fire=none human_first_hit=26.70s human_spawned=0 human_agent_coverage=1/1 human_weapons=DualCannon:143/0 human_rewards=terminal:-10.0000,tsv:-0.3295,time:0.0000,total:-10.3295
RL 1v1 episode=25 outcome=side_1_win bee_team=0 human_team=1 ships_per_side=1 winner=1 timeout=False duration=20.05s bee_tsv=16->11 human_tsv=18->0 bee_fire_requests=107 bee_shots=1 bee_hits=1 bee_damage=75 bee_first_contact=0.03s bee_first_fire=20.00s bee_first_hit=20.04s bee_spawned=0 bee_agent_coverage=1/1 bee_weapons=Eye:107/1 bee_rewards=terminal:10.0000,tsv:0.3171,time:-0.0167,total:10.3004 human_fire_requests=105 human_shots=0 human_hits=2 human_damage=60 human_first_contact=0.03s human_first_fire=none human_first_hit=9.20s human_spawned=0 human_agent_coverage=1/1 human_weapons=DualCannon:105/0 human_rewards=terminal:-10.0000,tsv:-0.3295,time:0.0000,total:-10.3295
RL 1v1 episode=26 outcome=side_1_win bee_team=1 human_team=0 ships_per_side=1 winner=1 timeout=False duration=7.54s bee_tsv=16->16 human_tsv=18->0 bee_fire_requests=44 bee_shots=1 bee_hits=1 bee_damage=75 bee_first_contact=0.02s bee_first_fire=7.51s bee_first_hit=7.54s bee_spawned=0 bee_agent_coverage=1/1 bee_weapons=Eye:44/1 bee_rewards=terminal:10.0000,tsv:0.4641,time:-0.0063,total:10.4579 human_fire_requests=43 human_shots=0 human_hits=0 human_damage=0 human_first_contact=0.02s human_first_fire=none human_first_hit=none human_spawned=0 human_agent_coverage=1/1 human_weapons=DualCannon:43/0 human_rewards=terminal:-10.0000,tsv:-0.4571,time:0.0000,total:-10.4571
Unable to save timers to file F:/RLDemo/Bees RL Training/Bees_Data\ML-Agents\Timers\RL 1v1 Training_timers.json
[Physics::Module] Cleanup current backend.
[Physics::Module] Id: 0xf2b8ea05
Input System module state changed to: ShutdownInProgress.
Input Polling Thread exited.
Input System module state changed to: Shutdown.
CodeReloadManager destroyed
GarbageCollector disposing of ComputeBuffer. Please use ComputeBuffer.Release() or .Dispose() to manually release the buffer.
