Mono path[0] = 'F:/RLDemo/Bees RL Training/Bees_Data/Managed'
Mono config path = 'F:/RLDemo/Bees RL Training/MonoBleedingEdge/etc'
CodeReloadManager initialized
Input System module state changed to: Initialized.
[Physics::Module] Initialized fallback backend.
[Physics::Module] Id: 0xdecafbad
Initialize engine version: 6000.5.4f1 (d550df8bd089)
[Subsystems] Discovering subsystems at path F:/RLDemo/Bees RL Training/Bees_Data/UnitySubsystems
Forcing GfxDevice: Null
GfxDevice: creating device client; kGfxThreadingModeNonThreaded
NullGfxDevice:
    Version:  NULL 1.0 [1.0]
    Renderer: Null Device
    Vendor:   Unity Technologies
Begin MonoManager ReloadAssembly
- Finished resetting the current domain, in  0.105 seconds
[Physics::Module] Selected backend.
[Physics::Module] Name: PhysX
[Physics::Module] Id: 0xf2b8ea05
[Physics::Module] SDK Version: 4.1.2
[Physics::Module] Integration Version: 1.0.0
[Physics::Module] Threading Mode: Multi-Threaded
Microsoft Media Foundation video decoding to texture disabled: graphics device is Null, only Direct3D 11 and Direct3D 12 (only on desktop) are supported for hardware-accelerated video decoding.
Texture with ID 114 and with size 13376x6920 was too large for graphics device maximum supported texture size (8192x8192). Falling back to a dummy texture. Generate mip maps to provide lower size fallback.
Texture with ID 210 and with size 13376x6920 was too large for graphics device maximum supported texture size (8192x8192). Falling back to a dummy texture. Generate mip maps to provide lower size fallback.
Texture with ID 221 and with size 13376x6920 was too large for graphics device maximum supported texture size (8192x8192). Falling back to a dummy texture. Generate mip maps to provide lower size fallback.
Texture with ID 238 and with size 13376x6920 was too large for graphics device maximum supported texture size (8192x8192). Falling back to a dummy texture. Generate mip maps to provide lower size fallback.
UnloadTime: 1.638800 ms
UI Audio: DontDestroyOnLoad only works for root GameObjects or components on root GameObjects.
Trying to connect to ws://clashofempire.net:7146
Connection with WebSocketSharp open!
[Steamworks.NET] SteamAPI_Init() failed. Continuing without Steam features.
Steam API is unavailable; using local fallback identity.
User id is 2013868892
RL training configuration health_ratio=0.25 map_size=35 episode_timeout=120s ships_per_side=1 matchup_mode=fixed bee_ship_types=Wasp human_ship_types=Gunship
Can not play a disabled audio source
Registered Communicator in Agent.
RL policy ABI v5 bees-rl-v5|behavior=BeesRL1v1|network=ff-512x3|normalize=true|obs=4685|cont=34|disc=2x16,5,65,65,65|weapon-aim=slotwise-xy|weapon-fire=slotwise-cease-or-fire|weapon-ready=rl-latched-until-fire|shipbits=6|weaponbits=6|mapbits=4|shipmap=v1-0..23|weaponmap=v1-0..9|allies=64|enemies=64|weapons=16|enemy-mounts=16|mining=8|map-objects=64|moving-asteroids=48|self=29|capability=12|parent-carrier=19|entity=19|weapon=19|enemy-mount=22|mining-slot=7|map-slot=12|moving-asteroid-slot=11|objective=16|grid=13x13|entity-order=distance,type,fleet-id,runtime-id observations=4685 continuous_actions=34 weapon_fire_branches=16x2 special_branch=5 ally_target_branch=65 enemy_target_branch=65 map_object_target_branch=65 allies=64 enemies=64 moving_asteroids=48 mining_asteroids=8 map_objects=64 navigation_grid=13x13 weapon_slots=16 enemy_weapon_mounts=16 objective_channels=16 spawned_ship_control=dynamic
RL 1v1 episode=1 outcome=side_2_win bee_team=0 human_team=1 ships_per_side=1 winner=2 timeout=False duration=23.65s bee_tsv=16->0 human_tsv=18->18 bee_fire_requests=125 bee_shots=0 bee_hits=0 bee_damage=0 bee_first_contact=0.31s bee_first_fire=none bee_first_hit=none bee_spawned=0 bee_agent_coverage=1/1 bee_weapons=Eye:125/0 bee_rewards=terminal:-10.0000,tsv:-0.3983,time:0.0000,total:-10.3983 human_fire_requests=131 human_shots=0 human_hits=4 human_damage=100 human_first_contact=0.31s human_first_fire=none human_first_hit=9.34s human_spawned=0 human_agent_coverage=1/1 human_weapons=DualCannon:131/0 human_rewards=terminal:10.0000,tsv:0.4287,time:-0.0197,total:10.4090
RL 1v1 episode=2 outcome=side_1_win bee_team=1 human_team=0 ships_per_side=1 winner=1 timeout=False duration=67.55s bee_tsv=16->11 human_tsv=18->0 bee_fire_requests=343 bee_shots=1 bee_hits=1 bee_damage=75 bee_first_contact=0.02s bee_first_fire=67.50s bee_first_hit=67.54s bee_spawned=0 bee_agent_coverage=1/1 bee_weapons=Eye:343/1 bee_rewards=terminal:10.0000,tsv:0.3171,time:-0.0563,total:10.2608 human_fire_requests=348 human_shots=0 human_hits=2 human_damage=60 human_first_contact=0.02s human_first_fire=none human_first_hit=30.86s human_spawned=0 human_agent_coverage=1/1 human_weapons=DualCannon:348/0 human_rewards=terminal:-10.0000,tsv:-0.3295,time:0.0000,total:-10.3295
RL 1v1 episode=3 outcome=side_1_win bee_team=0 human_team=1 ships_per_side=1 winner=1 timeout=False duration=20.89s bee_tsv=16->16 human_tsv=18->0 bee_fire_requests=101 bee_shots=1 bee_hits=1 bee_damage=75 bee_first_contact=0.03s bee_first_fire=20.84s bee_first_hit=20.88s bee_spawned=0 bee_agent_coverage=1/1 bee_weapons=Eye:101/1 bee_rewards=terminal:10.0000,tsv:0.4641,time:-0.0174,total:10.4467 human_fire_requests=95 human_shots=0 human_hits=0 human_damage=0 human_first_contact=0.03s human_first_fire=none human_first_hit=none human_spawned=0 human_agent_coverage=1/1 human_weapons=DualCannon:95/0 human_rewards=terminal:-10.0000,tsv:-0.4571,time:0.0000,total:-10.4571
RL 1v1 episode=4 outcome=side_2_win bee_team=1 human_team=0 ships_per_side=1 winner=2 timeout=False duration=33.39s bee_tsv=16->0 human_tsv=18->18 bee_fire_requests=169 bee_shots=0 bee_hits=0 bee_damage=0 bee_first_contact=0.03s bee_first_fire=none bee_first_hit=none bee_spawned=0 bee_agent_coverage=1/1 bee_weapons=Eye:169/0 bee_rewards=terminal:-10.0000,tsv:-0.3983,time:0.0000,total:-10.3983 human_fire_requests=171 human_shots=0 human_hits=4 human_damage=100 human_first_contact=0.03s human_first_fire=none human_first_hit=5.04s human_spawned=0 human_agent_coverage=1/1 human_weapons=DualCannon:171/0 human_rewards=terminal:10.0000,tsv:0.4287,time:-0.0278,total:10.4008
RL 1v1 episode=5 outcome=side_2_win bee_team=0 human_team=1 ships_per_side=1 winner=2 timeout=False duration=36.71s bee_tsv=16->0 human_tsv=18->18 bee_fire_requests=203 bee_shots=0 bee_hits=0 bee_damage=0 bee_first_contact=0.03s bee_first_fire=none bee_first_hit=none bee_spawned=0 bee_agent_coverage=1/1 bee_weapons=Eye:203/0 bee_rewards=terminal:-10.0000,tsv:-0.3983,time:0.0000,total:-10.3983 human_fire_requests=186 human_shots=0 human_hits=4 human_damage=100 human_first_contact=0.03s human_first_fire=none human_first_hit=13.38s human_spawned=0 human_agent_coverage=1/1 human_weapons=DualCannon:186/0 human_rewards=terminal:10.0000,tsv:0.4287,time:-0.0306,total:10.3981
RL 1v1 episode=6 outcome=side_1_win bee_team=1 human_team=0 ships_per_side=1 winner=1 timeout=False duration=28.39s bee_tsv=16->11 human_tsv=18->0 bee_fire_requests=148 bee_shots=1 bee_hits=1 bee_damage=75 bee_first_contact=0.02s bee_first_fire=28.34s bee_first_hit=28.38s bee_spawned=0 bee_agent_coverage=1/1 bee_weapons=Eye:148/1 bee_rewards=terminal:10.0000,tsv:0.3171,time:-0.0237,total:10.2934 human_fire_requests=172 human_shots=0 human_hits=2 human_damage=60 human_first_contact=0.02s human_first_fire=none human_first_hit=12.54s human_spawned=0 human_agent_coverage=1/1 human_weapons=DualCannon:172/0 human_rewards=terminal:-10.0000,tsv:-0.3295,time:0.0000,total:-10.3295
RL 1v1 episode=7 outcome=side_1_win bee_team=0 human_team=1 ships_per_side=1 winner=1 timeout=False duration=15.04s bee_tsv=16->16 human_tsv=18->0 bee_fire_requests=75 bee_shots=3 bee_hits=1 bee_damage=75 bee_first_contact=0.02s bee_first_fire=6.67s bee_first_hit=15.04s bee_spawned=0 bee_agent_coverage=1/1 bee_weapons=Eye:75/3 bee_rewards=terminal:10.0000,tsv:0.4641,time:-0.0125,total:10.4516 human_fire_requests=71 human_shots=0 human_hits=0 human_damage=0 human_first_contact=0.02s human_first_fire=none human_first_hit=none human_spawned=0 human_agent_coverage=1/1 human_weapons=DualCannon:71/0 human_rewards=terminal:-10.0000,tsv:-0.4571,time:0.0000,total:-10.4571
RL 1v1 episode=8 outcome=side_1_win bee_team=1 human_team=0 ships_per_side=1 winner=1 timeout=False duration=25.87s bee_tsv=16->11 human_tsv=18->0 bee_fire_requests=134 bee_shots=1 bee_hits=1 bee_damage=75 bee_first_contact=0.02s bee_first_fire=25.83s bee_first_hit=25.86s bee_spawned=0 bee_agent_coverage=1/1 bee_weapons=Eye:134/1 bee_rewards=terminal:10.0000,tsv:0.3171,time:-0.0216,total:10.2955 human_fire_requests=125 human_shots=0 human_hits=2 human_damage=60 human_first_contact=0.02s human_first_fire=none human_first_hit=25.86s human_spawned=0 human_agent_coverage=1/1 human_weapons=DualCannon:125/0 human_rewards=terminal:-10.0000,tsv:-0.3295,time:0.0000,total:-10.3295
RL 1v1 episode=9 outcome=timeout bee_team=0 human_team=1 ships_per_side=1 winner=0 timeout=True duration=119.98s bee_tsv=16->11 human_tsv=18->18 bee_fire_requests=596 bee_shots=0 bee_hits=0 bee_damage=0 bee_first_contact=0.03s bee_first_fire=none bee_first_hit=none bee_spawned=0 bee_agent_coverage=1/1 bee_weapons=Eye:596/0 bee_rewards=terminal:-10.0000,tsv:-0.0748,time:0.0000,total:-10.0748 human_fire_requests=664 human_shots=0 human_hits=2 human_damage=60 human_first_contact=0.03s human_first_fire=none human_first_hit=45.04s human_spawned=0 human_agent_coverage=1/1 human_weapons=DualCannon:664/0 human_rewards=terminal:-10.0000,tsv:0.1999,time:0.0000,total:-9.8001
RL 1v1 episode=10 outcome=side_2_win bee_team=1 human_team=0 ships_per_side=1 winner=2 timeout=False duration=54.20s bee_tsv=16->0 human_tsv=18->18 bee_fire_requests=289 bee_shots=0 bee_hits=0 bee_damage=0 bee_first_contact=0.03s bee_first_fire=none bee_first_hit=none bee_spawned=0 bee_agent_coverage=1/1 bee_weapons=Eye:289/0 bee_rewards=terminal:-10.0000,tsv:-0.3983,time:0.0000,total:-10.3983 human_fire_requests=269 human_shots=0 human_hits=4 human_damage=100 human_first_contact=0.03s human_first_fire=none human_first_hit=36.70s human_spawned=0 human_agent_coverage=1/1 human_weapons=DualCannon:269/0 human_rewards=terminal:10.0000,tsv:0.4287,time:-0.0452,total:10.3835
RL 1v1 summary episodes=10 bee_record=5-5 human_record=4-6 draws=0 timeouts=1 avg_duration=42.57s bee_shots=7 bee_hits=5 bee_hit_rate=71.43 % bee_damage=375 human_shots=0 human_hits=24 human_hit_rate=0.00 % human_damage=640
RL 1v1 episode=11 outcome=side_2_win bee_team=0 human_team=1 ships_per_side=1 winner=2 timeout=False duration=18.37s bee_tsv=16->0 human_tsv=18->18 bee_fire_requests=86 bee_shots=0 bee_hits=0 bee_damage=0 bee_first_contact=0.02s bee_first_fire=none bee_first_hit=none bee_spawned=0 bee_agent_coverage=1/1 bee_weapons=Eye:86/0 bee_rewards=terminal:-10.0000,tsv:-0.3983,time:0.0000,total:-10.3983 human_fire_requests=109 human_shots=0 human_hits=4 human_damage=100 human_first_contact=0.02s human_first_fire=none human_first_hit=11.70s human_spawned=0 human_agent_coverage=1/1 human_weapons=DualCannon:109/0 human_rewards=terminal:10.0000,tsv:0.4287,time:-0.0153,total:10.4134
RL 1v1 episode=12 outcome=side_1_win bee_team=1 human_team=0 ships_per_side=1 winner=1 timeout=False duration=22.55s bee_tsv=16->16 human_tsv=18->0 bee_fire_requests=109 bee_shots=2 bee_hits=1 bee_damage=75 bee_first_contact=0.03s bee_first_fire=20.00s bee_first_hit=22.54s bee_spawned=0 bee_agent_coverage=1/1 bee_weapons=Eye:109/2 bee_rewards=terminal:10.0000,tsv:0.4641,time:-0.0188,total:10.4454 human_fire_requests=116 human_shots=0 human_hits=0 human_damage=0 human_first_contact=0.03s human_first_fire=none human_first_hit=none human_spawned=0 human_agent_coverage=1/1 human_weapons=DualCannon:116/0 human_rewards=terminal:-10.0000,tsv:-0.4571,time:0.0000,total:-10.4571
RL 1v1 episode=13 outcome=side_1_win bee_team=0 human_team=1 ships_per_side=1 winner=1 timeout=False duration=66.71s bee_tsv=16->11 human_tsv=18->0 bee_fire_requests=355 bee_shots=2 bee_hits=1 bee_damage=75 bee_first_contact=0.02s bee_first_fire=37.51s bee_first_hit=66.70s bee_spawned=0 bee_agent_coverage=1/1 bee_weapons=Eye:355/2 bee_rewards=terminal:10.0000,tsv:0.3171,time:-0.0556,total:10.2615 human_fire_requests=332 human_shots=0 human_hits=2 human_damage=60 human_first_contact=0.02s human_first_fire=none human_first_hit=58.38s human_spawned=0 human_agent_coverage=1/1 human_weapons=DualCannon:332/0 human_rewards=terminal:-10.0000,tsv:-0.3295,time:0.0000,total:-10.3295
RL 1v1 episode=14 outcome=side_1_win bee_team=1 human_team=0 ships_per_side=1 winner=1 timeout=False duration=10.87s bee_tsv=16->16 human_tsv=18->0 bee_fire_requests=50 bee_shots=1 bee_hits=1 bee_damage=75 bee_first_contact=0.02s bee_first_fire=10.84s bee_first_hit=10.86s bee_spawned=0 bee_agent_coverage=1/1 bee_weapons=Eye:50/1 bee_rewards=terminal:10.0000,tsv:0.4641,time:-0.0091,total:10.4551 human_fire_requests=53 human_shots=0 human_hits=0 human_damage=0 human_first_contact=0.02s human_first_fire=none human_first_hit=none human_spawned=0 human_agent_coverage=1/1 human_weapons=DualCannon:53/0 human_rewards=terminal:-10.0000,tsv:-0.4571,time:0.0000,total:-10.4571
RL 1v1 episode=15 outcome=side_1_win bee_team=0 human_team=1 ships_per_side=1 winner=1 timeout=False duration=4.21s bee_tsv=16->16 human_tsv=18->0 bee_fire_requests=16 bee_shots=1 bee_hits=1 bee_damage=75 bee_first_contact=0.02s bee_first_fire=4.17s bee_first_hit=4.20s bee_spawned=0 bee_agent_coverage=1/1 bee_weapons=Eye:16/1 bee_rewards=terminal:10.0000,tsv:0.4641,time:-0.0035,total:10.4606 human_fire_requests=24 human_shots=0 human_hits=0 human_damage=0 human_first_contact=0.02s human_first_fire=none human_first_hit=none human_spawned=0 human_agent_coverage=1/1 human_weapons=DualCannon:24/0 human_rewards=terminal:-10.0000,tsv:-0.4571,time:0.0000,total:-10.4571
RL 1v1 episode=16 outcome=side_2_win bee_team=1 human_team=0 ships_per_side=1 winner=2 timeout=False duration=54.20s bee_tsv=16->0 human_tsv=18->18 bee_fire_requests=295 bee_shots=0 bee_hits=0 bee_damage=0 bee_first_contact=0.02s bee_first_fire=none bee_first_hit=none bee_spawned=0 bee_agent_coverage=1/1 bee_weapons=Eye:295/0 bee_rewards=terminal:-10.0000,tsv:-0.3983,time:0.0000,total:-10.3983 human_fire_requests=279 human_shots=0 human_hits=4 human_damage=100 human_first_contact=0.02s human_first_fire=none human_first_hit=33.36s human_spawned=0 human_agent_coverage=1/1 human_weapons=DualCannon:279/0 human_rewards=terminal:10.0000,tsv:0.4287,time:-0.0452,total:10.3835
RL 1v1 episode=17 outcome=side_1_win bee_team=0 human_team=1 ships_per_side=1 winner=1 timeout=False duration=6.70s bee_tsv=16->16 human_tsv=18->0 bee_fire_requests=31 bee_shots=1 bee_hits=1 bee_damage=75 bee_first_contact=0.03s bee_first_fire=6.67s bee_first_hit=6.70s bee_spawned=0 bee_agent_coverage=1/1 bee_weapons=Eye:31/1 bee_rewards=terminal:10.0000,tsv:0.4641,time:-0.0056,total:10.4586 human_fire_requests=37 human_shots=0 human_hits=0 human_damage=0 human_first_contact=0.03s human_first_fire=none human_first_hit=none human_spawned=0 human_agent_coverage=1/1 human_weapons=DualCannon:37/0 human_rewards=terminal:-10.0000,tsv:-0.4571,time:0.0000,total:-10.4571
RL 1v1 episode=18 outcome=side_1_win bee_team=1 human_team=0 ships_per_side=1 winner=1 timeout=False duration=54.22s bee_tsv=16->11 human_tsv=18->0 bee_fire_requests=263 bee_shots=3 bee_hits=1 bee_damage=75 bee_first_contact=0.02s bee_first_fire=5.83s bee_first_hit=54.20s bee_spawned=0 bee_agent_coverage=1/1 bee_weapons=Eye:263/3 bee_rewards=terminal:10.0000,tsv:0.3171,time:-0.0452,total:10.2719 human_fire_requests=285 human_shots=0 human_hits=2 human_damage=60 human_first_contact=0.02s human_first_fire=none human_first_hit=40.86s human_spawned=0 human_agent_coverage=1/1 human_weapons=DualCannon:285/0 human_rewards=terminal:-10.0000,tsv:-0.3295,time:0.0000,total:-10.3295
RL 1v1 episode=19 outcome=side_1_win bee_team=0 human_team=1 ships_per_side=1 winner=1 timeout=False duration=56.71s bee_tsv=16->11 human_tsv=18->0 bee_fire_requests=290 bee_shots=1 bee_hits=1 bee_damage=75 bee_first_contact=0.03s bee_first_fire=56.68s bee_first_hit=56.70s bee_spawned=0 bee_agent_coverage=1/1 bee_weapons=Eye:290/1 bee_rewards=terminal:10.0000,tsv:0.3171,time:-0.0473,total:10.2698 human_fire_requests=293 human_shots=0 human_hits=2 human_damage=60 human_first_contact=0.03s human_first_fire=none human_first_hit=56.70s human_spawned=0 human_agent_coverage=1/1 human_weapons=DualCannon:293/0 human_rewards=terminal:-10.0000,tsv:-0.3295,time:0.0000,total:-10.3295
RL 1v1 episode=20 outcome=side_1_win bee_team=1 human_team=0 ships_per_side=1 winner=1 timeout=False duration=63.39s bee_tsv=16->11 human_tsv=18->0 bee_fire_requests=319 bee_shots=2 bee_hits=1 bee_damage=75 bee_first_contact=0.02s bee_first_fire=13.34s bee_first_hit=63.38s bee_spawned=0 bee_agent_coverage=1/1 bee_weapons=Eye:319/2 bee_rewards=terminal:10.0000,tsv:0.3171,time:-0.0528,total:10.2643 human_fire_requests=277 human_shots=0 human_hits=2 human_damage=60 human_first_contact=0.02s human_first_fire=none human_first_hit=57.54s human_spawned=0 human_agent_coverage=1/1 human_weapons=DualCannon:277/0 human_rewards=terminal:-10.0000,tsv:-0.3295,time:0.0000,total:-10.3295
RL 1v1 summary episodes=20 bee_record=13-7 human_record=6-14 draws=0 timeouts=1 avg_duration=39.18s bee_shots=20 bee_hits=13 bee_hit_rate=65.00 % bee_damage=975 human_shots=0 human_hits=40 human_hit_rate=0.00 % human_damage=1080
RL 1v1 episode=21 outcome=side_1_win bee_team=0 human_team=1 ships_per_side=1 winner=1 timeout=False duration=64.21s bee_tsv=16->11 human_tsv=18->0 bee_fire_requests=303 bee_shots=3 bee_hits=1 bee_damage=75 bee_first_contact=0.02s bee_first_fire=44.17s bee_first_hit=64.20s bee_spawned=0 bee_agent_coverage=1/1 bee_weapons=Eye:303/3 bee_rewards=terminal:10.0000,tsv:0.3171,time:-0.0535,total:10.2636 human_fire_requests=339 human_shots=0 human_hits=2 human_damage=60 human_first_contact=0.02s human_first_fire=none human_first_hit=22.54s human_spawned=0 human_agent_coverage=1/1 human_weapons=DualCannon:339/0 human_rewards=terminal:-10.0000,tsv:-0.3295,time:0.0000,total:-10.3295
RL 1v1 episode=22 outcome=side_2_win bee_team=1 human_team=0 ships_per_side=1 winner=2 timeout=False duration=38.37s bee_tsv=16->0 human_tsv=18->18 bee_fire_requests=194 bee_shots=0 bee_hits=0 bee_damage=0 bee_first_contact=0.02s bee_first_fire=none bee_first_hit=none bee_spawned=0 bee_agent_coverage=1/1 bee_weapons=Eye:194/0 bee_rewards=terminal:-10.0000,tsv:-0.3983,time:0.0000,total:-10.3983 human_fire_requests=185 human_shots=0 human_hits=4 human_damage=100 human_first_contact=0.02s human_first_fire=none human_first_hit=16.70s human_spawned=0 human_agent_coverage=1/1 human_weapons=DualCannon:185/0 human_rewards=terminal:10.0000,tsv:0.4287,time:-0.0320,total:10.3967
RL 1v1 episode=23 outcome=side_1_win bee_team=0 human_team=1 ships_per_side=1 winner=1 timeout=False duration=31.71s bee_tsv=16->11 human_tsv=18->0 bee_fire_requests=179 bee_shots=1 bee_hits=1 bee_damage=75 bee_first_contact=0.02s bee_first_fire=31.67s bee_first_hit=31.70s bee_spawned=0 bee_agent_coverage=1/1 bee_weapons=Eye:179/1 bee_rewards=terminal:10.0000,tsv:0.3171,time:-0.0264,total:10.2907 human_fire_requests=166 human_shots=0 human_hits=2 human_damage=60 human_first_contact=0.02s human_first_fire=none human_first_hit=28.38s human_spawned=0 human_agent_coverage=1/1 human_weapons=DualCannon:166/0 human_rewards=terminal:-10.0000,tsv:-0.3295,time:0.0000,total:-10.3295
RL 1v1 episode=24 outcome=side_2_win bee_team=1 human_team=0 ships_per_side=1 winner=2 timeout=False duration=23.37s bee_tsv=16->0 human_tsv=18->18 bee_fire_requests=129 bee_shots=0 bee_hits=0 bee_damage=0 bee_first_contact=0.02s bee_first_fire=none bee_first_hit=none bee_spawned=0 bee_agent_coverage=1/1 bee_weapons=Eye:129/0 bee_rewards=terminal:-10.0000,tsv:-0.3983,time:0.0000,total:-10.3983 human_fire_requests=111 human_shots=0 human_hits=4 human_damage=100 human_first_contact=0.02s human_first_fire=none human_first_hit=5.04s human_spawned=0 human_agent_coverage=1/1 human_weapons=DualCannon:111/0 human_rewards=terminal:10.0000,tsv:0.4287,time:-0.0195,total:10.4092
Unable to save timers to file F:/RLDemo/Bees RL Training/Bees_Data\ML-Agents\Timers\RL 1v1 Training_timers.json
[Physics::Module] Cleanup current backend.
[Physics::Module] Id: 0xf2b8ea05
Input System module state changed to: ShutdownInProgress.
Input Polling Thread exited.
Input System module state changed to: Shutdown.
CodeReloadManager destroyed
GarbageCollector disposing of ComputeBuffer. Please use ComputeBuffer.Release() or .Dispose() to manually release the buffer.
