Mono path[0] = 'F:/RLDemo/Bees RL Training/Bees_Data/Managed'
Mono config path = 'F:/RLDemo/Bees RL Training/MonoBleedingEdge/etc'
CodeReloadManager initialized
Input System module state changed to: Initialized.
[Physics::Module] Initialized fallback backend.
[Physics::Module] Id: 0xdecafbad
Initialize engine version: 6000.5.4f1 (d550df8bd089)
[Subsystems] Discovering subsystems at path F:/RLDemo/Bees RL Training/Bees_Data/UnitySubsystems
Forcing GfxDevice: Null
GfxDevice: creating device client; kGfxThreadingModeNonThreaded
NullGfxDevice:
    Version:  NULL 1.0 [1.0]
    Renderer: Null Device
    Vendor:   Unity Technologies
Begin MonoManager ReloadAssembly
- Finished resetting the current domain, in  0.083 seconds
[Physics::Module] Selected backend.
[Physics::Module] Name: PhysX
[Physics::Module] Id: 0xf2b8ea05
[Physics::Module] SDK Version: 4.1.2
[Physics::Module] Integration Version: 1.0.0
[Physics::Module] Threading Mode: Multi-Threaded
Microsoft Media Foundation video decoding to texture disabled: graphics device is Null, only Direct3D 11 and Direct3D 12 (only on desktop) are supported for hardware-accelerated video decoding.
Texture with ID 114 and with size 13376x6920 was too large for graphics device maximum supported texture size (8192x8192). Falling back to a dummy texture. Generate mip maps to provide lower size fallback.
Texture with ID 210 and with size 13376x6920 was too large for graphics device maximum supported texture size (8192x8192). Falling back to a dummy texture. Generate mip maps to provide lower size fallback.
Texture with ID 221 and with size 13376x6920 was too large for graphics device maximum supported texture size (8192x8192). Falling back to a dummy texture. Generate mip maps to provide lower size fallback.
Texture with ID 238 and with size 13376x6920 was too large for graphics device maximum supported texture size (8192x8192). Falling back to a dummy texture. Generate mip maps to provide lower size fallback.
UnloadTime: 1.487100 ms
UI Audio: DontDestroyOnLoad only works for root GameObjects or components on root GameObjects.
Trying to connect to ws://clashofempire.net:7146
Connection with WebSocketSharp open!
[Steamworks.NET] SteamAPI_Init() failed. Continuing without Steam features.
Steam API is unavailable; using local fallback identity.
User id is 2013868892
RL training configuration health_ratio=0.25 map_size=35 episode_timeout=120s ships_per_side=1 matchup_mode=fixed bee_ship_types=Wasp human_ship_types=Gunship
Can not play a disabled audio source
Registered Communicator in Agent.
RL policy ABI v5 bees-rl-v5|behavior=BeesRL1v1|network=ff-512x3|normalize=true|obs=4685|cont=34|disc=2x16,5,65,65,65|weapon-aim=slotwise-xy|weapon-fire=slotwise-cease-or-fire|weapon-ready=rl-latched-until-fire|shipbits=6|weaponbits=6|mapbits=4|shipmap=v1-0..23|weaponmap=v1-0..9|allies=64|enemies=64|weapons=16|enemy-mounts=16|mining=8|map-objects=64|moving-asteroids=48|self=29|capability=12|parent-carrier=19|entity=19|weapon=19|enemy-mount=22|mining-slot=7|map-slot=12|moving-asteroid-slot=11|objective=16|grid=13x13|entity-order=distance,type,fleet-id,runtime-id observations=4685 continuous_actions=34 weapon_fire_branches=16x2 special_branch=5 ally_target_branch=65 enemy_target_branch=65 map_object_target_branch=65 allies=64 enemies=64 moving_asteroids=48 mining_asteroids=8 map_objects=64 navigation_grid=13x13 weapon_slots=16 enemy_weapon_mounts=16 objective_channels=16 spawned_ship_control=dynamic
RL 1v1 episode=1 outcome=side_1_win bee_team=0 human_team=1 ships_per_side=1 winner=1 timeout=False duration=43.66s bee_tsv=16->11 human_tsv=18->0 bee_fire_requests=200 bee_shots=1 bee_hits=1 bee_damage=75 bee_first_contact=0.33s bee_first_fire=43.33s bee_first_hit=43.36s bee_spawned=0 bee_agent_coverage=1/1 bee_weapons=Eye:200/1 bee_rewards=terminal:10.0000,tsv:0.3171,time:-0.0364,total:10.2807 human_fire_requests=210 human_shots=0 human_hits=2 human_damage=60 human_first_contact=0.33s human_first_fire=none human_first_hit=41.68s human_spawned=0 human_agent_coverage=1/1 human_weapons=DualCannon:210/0 human_rewards=terminal:-10.0000,tsv:-0.3295,time:0.0000,total:-10.3295
RL 1v1 episode=2 outcome=side_1_win bee_team=1 human_team=0 ships_per_side=1 winner=1 timeout=False duration=16.73s bee_tsv=16->16 human_tsv=18->0 bee_fire_requests=80 bee_shots=1 bee_hits=1 bee_damage=75 bee_first_contact=0.03s bee_first_fire=16.68s bee_first_hit=16.72s bee_spawned=0 bee_agent_coverage=1/1 bee_weapons=Eye:80/1 bee_rewards=terminal:10.0000,tsv:0.4641,time:-0.0139,total:10.4502 human_fire_requests=88 human_shots=0 human_hits=0 human_damage=0 human_first_contact=0.03s human_first_fire=none human_first_hit=none human_spawned=0 human_agent_coverage=1/1 human_weapons=DualCannon:88/0 human_rewards=terminal:-10.0000,tsv:-0.4571,time:0.0000,total:-10.4571
RL 1v1 episode=3 outcome=side_1_win bee_team=0 human_team=1 ships_per_side=1 winner=1 timeout=False duration=12.54s bee_tsv=16->16 human_tsv=18->0 bee_fire_requests=66 bee_shots=1 bee_hits=1 bee_damage=75 bee_first_contact=0.03s bee_first_fire=12.51s bee_first_hit=12.54s bee_spawned=0 bee_agent_coverage=1/1 bee_weapons=Eye:66/1 bee_rewards=terminal:10.0000,tsv:0.4641,time:-0.0105,total:10.4537 human_fire_requests=57 human_shots=0 human_hits=0 human_damage=0 human_first_contact=0.03s human_first_fire=none human_first_hit=none human_spawned=0 human_agent_coverage=1/1 human_weapons=DualCannon:57/0 human_rewards=terminal:-10.0000,tsv:-0.4571,time:0.0000,total:-10.4571
RL 1v1 episode=4 outcome=side_2_win bee_team=1 human_team=0 ships_per_side=1 winner=2 timeout=False duration=24.22s bee_tsv=16->0 human_tsv=18->18 bee_fire_requests=122 bee_shots=0 bee_hits=0 bee_damage=0 bee_first_contact=0.02s bee_first_fire=none bee_first_hit=none bee_spawned=0 bee_agent_coverage=1/1 bee_weapons=Eye:122/0 bee_rewards=terminal:-10.0000,tsv:-0.3983,time:0.0000,total:-10.3983 human_fire_requests=121 human_shots=0 human_hits=4 human_damage=100 human_first_contact=0.02s human_first_fire=none human_first_hit=15.86s human_spawned=0 human_agent_coverage=1/1 human_weapons=DualCannon:121/0 human_rewards=terminal:10.0000,tsv:0.4287,time:-0.0202,total:10.4085
RL 1v1 episode=5 outcome=side_2_win bee_team=0 human_team=1 ships_per_side=1 winner=2 timeout=False duration=61.71s bee_tsv=16->0 human_tsv=18->18 bee_fire_requests=274 bee_shots=0 bee_hits=0 bee_damage=0 bee_first_contact=0.03s bee_first_fire=none bee_first_hit=none bee_spawned=0 bee_agent_coverage=1/1 bee_weapons=Eye:274/0 bee_rewards=terminal:-10.0000,tsv:-0.3983,time:0.0000,total:-10.3983 human_fire_requests=321 human_shots=0 human_hits=4 human_damage=100 human_first_contact=0.03s human_first_fire=none human_first_hit=54.20s human_spawned=0 human_agent_coverage=1/1 human_weapons=DualCannon:321/0 human_rewards=terminal:10.0000,tsv:0.4287,time:-0.0514,total:10.3772
RL 1v1 episode=6 outcome=side_1_win bee_team=1 human_team=0 ships_per_side=1 winner=1 timeout=False duration=16.71s bee_tsv=16->16 human_tsv=18->0 bee_fire_requests=95 bee_shots=1 bee_hits=1 bee_damage=75 bee_first_contact=0.03s bee_first_fire=16.68s bee_first_hit=16.70s bee_spawned=0 bee_agent_coverage=1/1 bee_weapons=Eye:95/1 bee_rewards=terminal:10.0000,tsv:0.4641,time:-0.0139,total:10.4502 human_fire_requests=76 human_shots=0 human_hits=0 human_damage=0 human_first_contact=0.03s human_first_fire=none human_first_hit=none human_spawned=0 human_agent_coverage=1/1 human_weapons=DualCannon:76/0 human_rewards=terminal:-10.0000,tsv:-0.4571,time:0.0000,total:-10.4571
RL 1v1 episode=7 outcome=side_1_win bee_team=0 human_team=1 ships_per_side=1 winner=1 timeout=False duration=21.71s bee_tsv=16->16 human_tsv=18->0 bee_fire_requests=112 bee_shots=1 bee_hits=1 bee_damage=75 bee_first_contact=0.02s bee_first_fire=21.67s bee_first_hit=21.70s bee_spawned=0 bee_agent_coverage=1/1 bee_weapons=Eye:112/1 bee_rewards=terminal:10.0000,tsv:0.4641,time:-0.0181,total:10.4461 human_fire_requests=104 human_shots=0 human_hits=0 human_damage=0 human_first_contact=0.02s human_first_fire=none human_first_hit=none human_spawned=0 human_agent_coverage=1/1 human_weapons=DualCannon:104/0 human_rewards=terminal:-10.0000,tsv:-0.4571,time:0.0000,total:-10.4571
RL 1v1 episode=8 outcome=side_2_win bee_team=1 human_team=0 ships_per_side=1 winner=2 timeout=False duration=61.70s bee_tsv=16->0 human_tsv=18->18 bee_fire_requests=284 bee_shots=0 bee_hits=0 bee_damage=0 bee_first_contact=0.04s bee_first_fire=none bee_first_hit=none bee_spawned=0 bee_agent_coverage=1/1 bee_weapons=Eye:284/0 bee_rewards=terminal:-10.0000,tsv:-0.3983,time:0.0000,total:-10.3983 human_fire_requests=325 human_shots=0 human_hits=4 human_damage=100 human_first_contact=0.04s human_first_fire=none human_first_hit=43.36s human_spawned=0 human_agent_coverage=1/1 human_weapons=DualCannon:325/0 human_rewards=terminal:10.0000,tsv:0.4287,time:-0.0514,total:10.3772
RL 1v1 episode=9 outcome=side_1_win bee_team=0 human_team=1 ships_per_side=1 winner=1 timeout=False duration=24.22s bee_tsv=16->16 human_tsv=18->0 bee_fire_requests=109 bee_shots=2 bee_hits=1 bee_damage=75 bee_first_contact=0.02s bee_first_fire=21.67s bee_first_hit=24.20s bee_spawned=0 bee_agent_coverage=1/1 bee_weapons=Eye:109/2 bee_rewards=terminal:10.0000,tsv:0.4641,time:-0.0202,total:10.4440 human_fire_requests=130 human_shots=0 human_hits=0 human_damage=0 human_first_contact=0.02s human_first_fire=none human_first_hit=none human_spawned=0 human_agent_coverage=1/1 human_weapons=DualCannon:130/0 human_rewards=terminal:-10.0000,tsv:-0.4571,time:0.0000,total:-10.4571
RL 1v1 episode=10 outcome=side_2_win bee_team=1 human_team=0 ships_per_side=1 winner=2 timeout=False duration=23.40s bee_tsv=16->0 human_tsv=18->18 bee_fire_requests=120 bee_shots=0 bee_hits=0 bee_damage=0 bee_first_contact=0.03s bee_first_fire=none bee_first_hit=none bee_spawned=0 bee_agent_coverage=1/1 bee_weapons=Eye:120/0 bee_rewards=terminal:-10.0000,tsv:-0.3983,time:0.0000,total:-10.3983 human_fire_requests=127 human_shots=0 human_hits=4 human_damage=100 human_first_contact=0.03s human_first_fire=none human_first_hit=5.04s human_spawned=0 human_agent_coverage=1/1 human_weapons=DualCannon:127/0 human_rewards=terminal:10.0000,tsv:0.4287,time:-0.0195,total:10.4092
RL 1v1 summary episodes=10 bee_record=6-4 human_record=4-6 draws=0 timeouts=0 avg_duration=30.66s bee_shots=7 bee_hits=6 bee_hit_rate=85.71 % bee_damage=450 human_shots=0 human_hits=18 human_hit_rate=0.00 % human_damage=460
RL 1v1 episode=11 outcome=side_2_win bee_team=0 human_team=1 ships_per_side=1 winner=2 timeout=False duration=72.55s bee_tsv=16->0 human_tsv=18->18 bee_fire_requests=344 bee_shots=3 bee_hits=0 bee_damage=0 bee_first_contact=0.03s bee_first_fire=4.18s bee_first_hit=none bee_spawned=0 bee_agent_coverage=1/1 bee_weapons=Eye:344/3 bee_rewards=terminal:-10.0000,tsv:-0.3983,time:0.0000,total:-10.3983 human_fire_requests=378 human_shots=0 human_hits=4 human_damage=100 human_first_contact=0.03s human_first_fire=none human_first_hit=44.20s human_spawned=0 human_agent_coverage=1/1 human_weapons=DualCannon:378/0 human_rewards=terminal:10.0000,tsv:0.4287,time:-0.0605,total:10.3682
RL 1v1 episode=12 outcome=side_1_win bee_team=1 human_team=0 ships_per_side=1 winner=1 timeout=False duration=32.55s bee_tsv=16->11 human_tsv=18->0 bee_fire_requests=148 bee_shots=1 bee_hits=1 bee_damage=75 bee_first_contact=0.04s bee_first_fire=32.50s bee_first_hit=32.54s bee_spawned=0 bee_agent_coverage=1/1 bee_weapons=Eye:148/1 bee_rewards=terminal:10.0000,tsv:0.3171,time:-0.0271,total:10.2900 human_fire_requests=198 human_shots=0 human_hits=2 human_damage=60 human_first_contact=0.04s human_first_fire=none human_first_hit=21.70s human_spawned=0 human_agent_coverage=1/1 human_weapons=DualCannon:198/0 human_rewards=terminal:-10.0000,tsv:-0.3295,time:0.0000,total:-10.3295
RL 1v1 episode=13 outcome=side_2_win bee_team=0 human_team=1 ships_per_side=1 winner=2 timeout=False duration=26.71s bee_tsv=16->0 human_tsv=18->18 bee_fire_requests=127 bee_shots=1 bee_hits=0 bee_damage=0 bee_first_contact=0.03s bee_first_fire=18.34s bee_first_hit=none bee_spawned=0 bee_agent_coverage=1/1 bee_weapons=Eye:127/1 bee_rewards=terminal:-10.0000,tsv:-0.3983,time:0.0000,total:-10.3983 human_fire_requests=139 human_shots=0 human_hits=4 human_damage=100 human_first_contact=0.03s human_first_fire=none human_first_hit=22.54s human_spawned=0 human_agent_coverage=1/1 human_weapons=DualCannon:139/0 human_rewards=terminal:10.0000,tsv:0.4287,time:-0.0223,total:10.4064
RL 1v1 episode=14 outcome=side_1_win bee_team=1 human_team=0 ships_per_side=1 winner=1 timeout=False duration=64.21s bee_tsv=16->11 human_tsv=18->0 bee_fire_requests=313 bee_shots=1 bee_hits=1 bee_damage=75 bee_first_contact=0.02s bee_first_fire=64.17s bee_first_hit=64.20s bee_spawned=0 bee_agent_coverage=1/1 bee_weapons=Eye:313/1 bee_rewards=terminal:10.0000,tsv:0.3171,time:-0.0535,total:10.2636 human_fire_requests=304 human_shots=0 human_hits=2 human_damage=60 human_first_contact=0.02s human_first_fire=none human_first_hit=61.70s human_spawned=0 human_agent_coverage=1/1 human_weapons=DualCannon:304/0 human_rewards=terminal:-10.0000,tsv:-0.3295,time:0.0000,total:-10.3295
RL 1v1 episode=15 outcome=side_1_win bee_team=0 human_team=1 ships_per_side=1 winner=1 timeout=False duration=29.20s bee_tsv=16->11 human_tsv=18->0 bee_fire_requests=148 bee_shots=1 bee_hits=1 bee_damage=75 bee_first_contact=0.04s bee_first_fire=29.17s bee_first_hit=29.20s bee_spawned=0 bee_agent_coverage=1/1 bee_weapons=Eye:148/1 bee_rewards=terminal:10.0000,tsv:0.3171,time:-0.0243,total:10.2928 human_fire_requests=142 human_shots=0 human_hits=2 human_damage=60 human_first_contact=0.04s human_first_fire=none human_first_hit=16.70s human_spawned=0 human_agent_coverage=1/1 human_weapons=DualCannon:142/0 human_rewards=terminal:-10.0000,tsv:-0.3295,time:0.0000,total:-10.3295
RL 1v1 episode=16 outcome=side_1_win bee_team=1 human_team=0 ships_per_side=1 winner=1 timeout=False duration=34.22s bee_tsv=16->16 human_tsv=18->0 bee_fire_requests=173 bee_shots=2 bee_hits=1 bee_damage=75 bee_first_contact=0.02s bee_first_fire=19.17s bee_first_hit=34.20s bee_spawned=0 bee_agent_coverage=1/1 bee_weapons=Eye:173/2 bee_rewards=terminal:10.0000,tsv:0.4641,time:-0.0285,total:10.4356 human_fire_requests=199 human_shots=0 human_hits=0 human_damage=0 human_first_contact=0.02s human_first_fire=none human_first_hit=none human_spawned=0 human_agent_coverage=1/1 human_weapons=DualCannon:199/0 human_rewards=terminal:-10.0000,tsv:-0.4571,time:0.0000,total:-10.4571
RL 1v1 episode=17 outcome=side_1_win bee_team=0 human_team=1 ships_per_side=1 winner=1 timeout=False duration=25.90s bee_tsv=16->16 human_tsv=18->0 bee_fire_requests=132 bee_shots=3 bee_hits=1 bee_damage=75 bee_first_contact=0.03s bee_first_fire=15.01s bee_first_hit=25.88s bee_spawned=0 bee_agent_coverage=1/1 bee_weapons=Eye:132/3 bee_rewards=terminal:10.0000,tsv:0.4641,time:-0.0216,total:10.4426 human_fire_requests=153 human_shots=0 human_hits=0 human_damage=0 human_first_contact=0.03s human_first_fire=none human_first_hit=none human_spawned=0 human_agent_coverage=1/1 human_weapons=DualCannon:153/0 human_rewards=terminal:-10.0000,tsv:-0.4571,time:0.0000,total:-10.4571
RL 1v1 episode=18 outcome=side_1_win bee_team=1 human_team=0 ships_per_side=1 winner=1 timeout=False duration=20.90s bee_tsv=16->16 human_tsv=18->0 bee_fire_requests=116 bee_shots=3 bee_hits=1 bee_damage=75 bee_first_contact=0.03s bee_first_fire=4.18s bee_first_hit=20.88s bee_spawned=0 bee_agent_coverage=1/1 bee_weapons=Eye:116/3 bee_rewards=terminal:10.0000,tsv:0.4641,time:-0.0174,total:10.4467 human_fire_requests=106 human_shots=0 human_hits=0 human_damage=0 human_first_contact=0.03s human_first_fire=none human_first_hit=none human_spawned=0 human_agent_coverage=1/1 human_weapons=DualCannon:106/0 human_rewards=terminal:-10.0000,tsv:-0.4571,time:0.0000,total:-10.4571
RL 1v1 episode=19 outcome=side_1_win bee_team=0 human_team=1 ships_per_side=1 winner=1 timeout=False duration=113.40s bee_tsv=16->16 human_tsv=18->0 bee_fire_requests=578 bee_shots=5 bee_hits=1 bee_damage=75 bee_first_contact=0.03s bee_first_fire=12.51s bee_first_hit=113.38s bee_spawned=0 bee_agent_coverage=1/1 bee_weapons=Eye:578/5 bee_rewards=terminal:10.0000,tsv:0.4641,time:-0.0945,total:10.3697 human_fire_requests=563 human_shots=0 human_hits=0 human_damage=0 human_first_contact=0.03s human_first_fire=none human_first_hit=none human_spawned=0 human_agent_coverage=1/1 human_weapons=DualCannon:563/0 human_rewards=terminal:-10.0000,tsv:-0.4571,time:0.0000,total:-10.4571
RL 1v1 episode=20 outcome=side_2_win bee_team=1 human_team=0 ships_per_side=1 winner=2 timeout=False duration=24.21s bee_tsv=16->0 human_tsv=18->18 bee_fire_requests=115 bee_shots=0 bee_hits=0 bee_damage=0 bee_first_contact=0.03s bee_first_fire=none bee_first_hit=none bee_spawned=0 bee_agent_coverage=1/1 bee_weapons=Eye:115/0 bee_rewards=terminal:-10.0000,tsv:-0.3983,time:0.0000,total:-10.3983 human_fire_requests=113 human_shots=0 human_hits=4 human_damage=100 human_first_contact=0.03s human_first_fire=none human_first_hit=19.20s human_spawned=0 human_agent_coverage=1/1 human_weapons=DualCannon:113/0 human_rewards=terminal:10.0000,tsv:0.4287,time:-0.0202,total:10.4085
RL 1v1 summary episodes=20 bee_record=13-7 human_record=7-13 draws=0 timeouts=0 avg_duration=37.52s bee_shots=27 bee_hits=13 bee_hit_rate=48.15 % bee_damage=975 human_shots=0 human_hits=36 human_hit_rate=0.00 % human_damage=940
RL 1v1 episode=21 outcome=side_2_win bee_team=0 human_team=1 ships_per_side=1 winner=2 timeout=False duration=10.89s bee_tsv=16->0 human_tsv=18->18 bee_fire_requests=56 bee_shots=0 bee_hits=0 bee_damage=0 bee_first_contact=0.03s bee_first_fire=none bee_first_hit=none bee_spawned=0 bee_agent_coverage=1/1 bee_weapons=Eye:56/0 bee_rewards=terminal:-10.0000,tsv:-0.3983,time:0.0000,total:-10.3983 human_fire_requests=56 human_shots=0 human_hits=4 human_damage=100 human_first_contact=0.03s human_first_fire=none human_first_hit=5.88s human_spawned=0 human_agent_coverage=1/1 human_weapons=DualCannon:56/0 human_rewards=terminal:10.0000,tsv:0.4287,time:-0.0091,total:10.4196
RL 1v1 episode=22 outcome=side_1_win bee_team=1 human_team=0 ships_per_side=1 winner=1 timeout=False duration=5.89s bee_tsv=16->16 human_tsv=18->0 bee_fire_requests=29 bee_shots=1 bee_hits=1 bee_damage=75 bee_first_contact=0.03s bee_first_fire=5.84s bee_first_hit=5.88s bee_spawned=0 bee_agent_coverage=1/1 bee_weapons=Eye:29/1 bee_rewards=terminal:10.0000,tsv:0.4641,time:-0.0049,total:10.4592 human_fire_requests=26 human_shots=0 human_hits=0 human_damage=0 human_first_contact=0.03s human_first_fire=none human_first_hit=none human_spawned=0 human_agent_coverage=1/1 human_weapons=DualCannon:26/0 human_rewards=terminal:-10.0000,tsv:-0.4571,time:0.0000,total:-10.4571
RL 1v1 episode=23 outcome=side_2_win bee_team=0 human_team=1 ships_per_side=1 winner=2 timeout=False duration=92.54s bee_tsv=16->0 human_tsv=18->18 bee_fire_requests=466 bee_shots=1 bee_hits=0 bee_damage=0 bee_first_contact=0.03s bee_first_fire=65.84s bee_first_hit=none bee_spawned=0 bee_agent_coverage=1/1 bee_weapons=Eye:466/1 bee_rewards=terminal:-10.0000,tsv:-0.3983,time:0.0000,total:-10.3983 human_fire_requests=485 human_shots=0 human_hits=4 human_damage=100 human_first_contact=0.03s human_first_fire=none human_first_hit=88.38s human_spawned=0 human_agent_coverage=1/1 human_weapons=DualCannon:485/0 human_rewards=terminal:10.0000,tsv:0.4287,time:-0.0771,total:10.3515
RL 1v1 episode=24 outcome=side_1_win bee_team=1 human_team=0 ships_per_side=1 winner=1 timeout=False duration=16.72s bee_tsv=16->11 human_tsv=18->0 bee_fire_requests=86 bee_shots=2 bee_hits=1 bee_damage=75 bee_first_contact=0.02s bee_first_fire=6.67s bee_first_hit=16.70s bee_spawned=0 bee_agent_coverage=1/1 bee_weapons=Eye:86/2 bee_rewards=terminal:10.0000,tsv:0.3171,time:-0.0139,total:10.3032 human_fire_requests=81 human_shots=0 human_hits=2 human_damage=60 human_first_contact=0.02s human_first_fire=none human_first_hit=12.52s human_spawned=0 human_agent_coverage=1/1 human_weapons=DualCannon:81/0 human_rewards=terminal:-10.0000,tsv:-0.3295,time:0.0000,total:-10.3295
RL 1v1 episode=25 outcome=side_1_win bee_team=0 human_team=1 ships_per_side=1 winner=1 timeout=False duration=40.05s bee_tsv=16->11 human_tsv=18->0 bee_fire_requests=217 bee_shots=1 bee_hits=1 bee_damage=75 bee_first_contact=0.03s bee_first_fire=40.01s bee_first_hit=40.04s bee_spawned=0 bee_agent_coverage=1/1 bee_weapons=Eye:217/1 bee_rewards=terminal:10.0000,tsv:0.3171,time:-0.0334,total:10.2837 human_fire_requests=194 human_shots=0 human_hits=2 human_damage=60 human_first_contact=0.03s human_first_fire=none human_first_hit=32.54s human_spawned=0 human_agent_coverage=1/1 human_weapons=DualCannon:194/0 human_rewards=terminal:-10.0000,tsv:-0.3295,time:0.0000,total:-10.3295
RL 1v1 episode=26 outcome=side_2_win bee_team=1 human_team=0 ships_per_side=1 winner=2 timeout=False duration=72.55s bee_tsv=16->0 human_tsv=18->18 bee_fire_requests=369 bee_shots=0 bee_hits=0 bee_damage=0 bee_first_contact=0.04s bee_first_fire=none bee_first_hit=none bee_spawned=0 bee_agent_coverage=1/1 bee_weapons=Eye:369/0 bee_rewards=terminal:-10.0000,tsv:-0.3983,time:0.0000,total:-10.3983 human_fire_requests=358 human_shots=0 human_hits=4 human_damage=100 human_first_contact=0.04s human_first_fire=none human_first_hit=34.20s human_spawned=0 human_agent_coverage=1/1 human_weapons=DualCannon:358/0 human_rewards=terminal:10.0000,tsv:0.4287,time:-0.0605,total:10.3682
Unable to save timers to file F:/RLDemo/Bees RL Training/Bees_Data\ML-Agents\Timers\RL 1v1 Training_timers.json
[Physics::Module] Cleanup current backend.
[Physics::Module] Id: 0xf2b8ea05
Input System module state changed to: ShutdownInProgress.
Input Polling Thread exited.
Input System module state changed to: Shutdown.
CodeReloadManager destroyed
GarbageCollector disposing of ComputeBuffer. Please use ComputeBuffer.Release() or .Dispose() to manually release the buffer.
