Mono path[0] = 'F:/RLDemo/Bees RL Training/Bees_Data/Managed'
Mono config path = 'F:/RLDemo/Bees RL Training/MonoBleedingEdge/etc'
CodeReloadManager initialized
Input System module state changed to: Initialized.
[Physics::Module] Initialized fallback backend.
[Physics::Module] Id: 0xdecafbad
Initialize engine version: 6000.5.4f1 (d550df8bd089)
[Subsystems] Discovering subsystems at path F:/RLDemo/Bees RL Training/Bees_Data/UnitySubsystems
Forcing GfxDevice: Null
GfxDevice: creating device client; kGfxThreadingModeNonThreaded
NullGfxDevice:
    Version:  NULL 1.0 [1.0]
    Renderer: Null Device
    Vendor:   Unity Technologies
Begin MonoManager ReloadAssembly
- Finished resetting the current domain, in  0.099 seconds
[Physics::Module] Selected backend.
[Physics::Module] Name: PhysX
[Physics::Module] Id: 0xf2b8ea05
[Physics::Module] SDK Version: 4.1.2
[Physics::Module] Integration Version: 1.0.0
[Physics::Module] Threading Mode: Multi-Threaded
Microsoft Media Foundation video decoding to texture disabled: graphics device is Null, only Direct3D 11 and Direct3D 12 (only on desktop) are supported for hardware-accelerated video decoding.
Texture with ID 114 and with size 13376x6920 was too large for graphics device maximum supported texture size (8192x8192). Falling back to a dummy texture. Generate mip maps to provide lower size fallback.
Texture with ID 210 and with size 13376x6920 was too large for graphics device maximum supported texture size (8192x8192). Falling back to a dummy texture. Generate mip maps to provide lower size fallback.
Texture with ID 221 and with size 13376x6920 was too large for graphics device maximum supported texture size (8192x8192). Falling back to a dummy texture. Generate mip maps to provide lower size fallback.
Texture with ID 238 and with size 13376x6920 was too large for graphics device maximum supported texture size (8192x8192). Falling back to a dummy texture. Generate mip maps to provide lower size fallback.
UnloadTime: 1.893800 ms
UI Audio: DontDestroyOnLoad only works for root GameObjects or components on root GameObjects.
Trying to connect to ws://clashofempire.net:7146
Connection with WebSocketSharp open!
[Steamworks.NET] SteamAPI_Init() failed. Continuing without Steam features.
Steam API is unavailable; using local fallback identity.
User id is 2013868892
RL training configuration health_ratio=0.25 map_size=35 episode_timeout=120s ships_per_side=1 matchup_mode=fixed bee_ship_types=Wasp human_ship_types=Gunship
Can not play a disabled audio source
Registered Communicator in Agent.
RL policy ABI v5 bees-rl-v5|behavior=BeesRL1v1|network=ff-512x3|normalize=true|obs=4685|cont=34|disc=2x16,5,65,65,65|weapon-aim=slotwise-xy|weapon-fire=slotwise-cease-or-fire|weapon-ready=rl-latched-until-fire|shipbits=6|weaponbits=6|mapbits=4|shipmap=v1-0..23|weaponmap=v1-0..9|allies=64|enemies=64|weapons=16|enemy-mounts=16|mining=8|map-objects=64|moving-asteroids=48|self=29|capability=12|parent-carrier=19|entity=19|weapon=19|enemy-mount=22|mining-slot=7|map-slot=12|moving-asteroid-slot=11|objective=16|grid=13x13|entity-order=distance,type,fleet-id,runtime-id observations=4685 continuous_actions=34 weapon_fire_branches=16x2 special_branch=5 ally_target_branch=65 enemy_target_branch=65 map_object_target_branch=65 allies=64 enemies=64 moving_asteroids=48 mining_asteroids=8 map_objects=64 navigation_grid=13x13 weapon_slots=16 enemy_weapon_mounts=16 objective_channels=16 spawned_ship_control=dynamic
RL 1v1 episode=1 outcome=side_1_win bee_team=0 human_team=1 ships_per_side=1 winner=1 timeout=False duration=63.65s bee_tsv=16->11 human_tsv=18->0 bee_fire_requests=340 bee_shots=1 bee_hits=1 bee_damage=75 bee_first_contact=0.31s bee_first_fire=63.31s bee_first_hit=63.34s bee_spawned=0 bee_agent_coverage=1/1 bee_weapons=Eye:340/1 bee_rewards=terminal:10.0000,tsv:0.3171,time:-0.0530,total:10.2641 human_fire_requests=363 human_shots=0 human_hits=2 human_damage=60 human_first_contact=0.31s human_first_fire=none human_first_hit=20.02s human_spawned=0 human_agent_coverage=1/1 human_weapons=DualCannon:363/0 human_rewards=terminal:-10.0000,tsv:-0.3295,time:0.0000,total:-10.3295
RL 1v1 episode=2 outcome=side_1_win bee_team=1 human_team=0 ships_per_side=1 winner=1 timeout=False duration=10.05s bee_tsv=16->16 human_tsv=18->0 bee_fire_requests=53 bee_shots=1 bee_hits=1 bee_damage=75 bee_first_contact=0.02s bee_first_fire=10.00s bee_first_hit=10.04s bee_spawned=0 bee_agent_coverage=1/1 bee_weapons=Eye:53/1 bee_rewards=terminal:10.0000,tsv:0.4641,time:-0.0084,total:10.4558 human_fire_requests=52 human_shots=0 human_hits=0 human_damage=0 human_first_contact=0.02s human_first_fire=none human_first_hit=none human_spawned=0 human_agent_coverage=1/1 human_weapons=DualCannon:52/0 human_rewards=terminal:-10.0000,tsv:-0.4571,time:0.0000,total:-10.4571
RL 1v1 episode=3 outcome=side_2_win bee_team=0 human_team=1 ships_per_side=1 winner=2 timeout=False duration=34.21s bee_tsv=16->0 human_tsv=18->18 bee_fire_requests=191 bee_shots=0 bee_hits=0 bee_damage=0 bee_first_contact=0.03s bee_first_fire=none bee_first_hit=none bee_spawned=0 bee_agent_coverage=1/1 bee_weapons=Eye:191/0 bee_rewards=terminal:-10.0000,tsv:-0.3983,time:0.0000,total:-10.3983 human_fire_requests=184 human_shots=0 human_hits=4 human_damage=100 human_first_contact=0.03s human_first_fire=none human_first_hit=13.38s human_spawned=0 human_agent_coverage=1/1 human_weapons=DualCannon:184/0 human_rewards=terminal:10.0000,tsv:0.4287,time:-0.0285,total:10.4001
RL 1v1 episode=4 outcome=side_1_win bee_team=1 human_team=0 ships_per_side=1 winner=1 timeout=False duration=11.71s bee_tsv=16->16 human_tsv=18->0 bee_fire_requests=57 bee_shots=1 bee_hits=1 bee_damage=75 bee_first_contact=0.02s bee_first_fire=11.67s bee_first_hit=11.70s bee_spawned=0 bee_agent_coverage=1/1 bee_weapons=Eye:57/1 bee_rewards=terminal:10.0000,tsv:0.4641,time:-0.0098,total:10.4544 human_fire_requests=54 human_shots=0 human_hits=0 human_damage=0 human_first_contact=0.02s human_first_fire=none human_first_hit=none human_spawned=0 human_agent_coverage=1/1 human_weapons=DualCannon:54/0 human_rewards=terminal:-10.0000,tsv:-0.4571,time:0.0000,total:-10.4571
RL 1v1 episode=5 outcome=side_2_win bee_team=0 human_team=1 ships_per_side=1 winner=2 timeout=False duration=61.70s bee_tsv=16->0 human_tsv=18->18 bee_fire_requests=284 bee_shots=0 bee_hits=0 bee_damage=0 bee_first_contact=0.02s bee_first_fire=none bee_first_hit=none bee_spawned=0 bee_agent_coverage=1/1 bee_weapons=Eye:284/0 bee_rewards=terminal:-10.0000,tsv:-0.3983,time:0.0000,total:-10.3983 human_fire_requests=317 human_shots=0 human_hits=4 human_damage=100 human_first_contact=0.02s human_first_fire=none human_first_hit=29.20s human_spawned=0 human_agent_coverage=1/1 human_weapons=DualCannon:317/0 human_rewards=terminal:10.0000,tsv:0.4287,time:-0.0514,total:10.3772
RL 1v1 episode=6 outcome=side_1_win bee_team=1 human_team=0 ships_per_side=1 winner=1 timeout=False duration=5.05s bee_tsv=16->16 human_tsv=18->0 bee_fire_requests=32 bee_shots=1 bee_hits=1 bee_damage=75 bee_first_contact=0.03s bee_first_fire=5.00s bee_first_hit=5.04s bee_spawned=0 bee_agent_coverage=1/1 bee_weapons=Eye:32/1 bee_rewards=terminal:10.0000,tsv:0.4641,time:-0.0042,total:10.4599 human_fire_requests=26 human_shots=0 human_hits=0 human_damage=0 human_first_contact=0.03s human_first_fire=none human_first_hit=none human_spawned=0 human_agent_coverage=1/1 human_weapons=DualCannon:26/0 human_rewards=terminal:-10.0000,tsv:-0.4571,time:0.0000,total:-10.4571
RL 1v1 episode=7 outcome=side_2_win bee_team=0 human_team=1 ships_per_side=1 winner=2 timeout=False duration=88.39s bee_tsv=16->0 human_tsv=18->18 bee_fire_requests=408 bee_shots=0 bee_hits=0 bee_damage=0 bee_first_contact=0.02s bee_first_fire=none bee_first_hit=none bee_spawned=0 bee_agent_coverage=1/1 bee_weapons=Eye:408/0 bee_rewards=terminal:-10.0000,tsv:-0.3983,time:0.0000,total:-10.3983 human_fire_requests=439 human_shots=0 human_hits=4 human_damage=100 human_first_contact=0.02s human_first_fire=none human_first_hit=84.20s human_spawned=0 human_agent_coverage=1/1 human_weapons=DualCannon:439/0 human_rewards=terminal:10.0000,tsv:0.4287,time:-0.0737,total:10.3550
RL 1v1 episode=8 outcome=side_1_win bee_team=1 human_team=0 ships_per_side=1 winner=1 timeout=False duration=21.71s bee_tsv=16->11 human_tsv=18->0 bee_fire_requests=105 bee_shots=1 bee_hits=1 bee_damage=75 bee_first_contact=0.02s bee_first_fire=21.67s bee_first_hit=21.70s bee_spawned=0 bee_agent_coverage=1/1 bee_weapons=Eye:105/1 bee_rewards=terminal:10.0000,tsv:0.3171,time:-0.0181,total:10.2990 human_fire_requests=112 human_shots=0 human_hits=2 human_damage=60 human_first_contact=0.02s human_first_fire=none human_first_hit=19.20s human_spawned=0 human_agent_coverage=1/1 human_weapons=DualCannon:112/0 human_rewards=terminal:-10.0000,tsv:-0.3295,time:0.0000,total:-10.3295
RL 1v1 episode=9 outcome=side_2_win bee_team=0 human_team=1 ships_per_side=1 winner=2 timeout=False duration=80.87s bee_tsv=16->0 human_tsv=18->18 bee_fire_requests=396 bee_shots=3 bee_hits=0 bee_damage=0 bee_first_contact=0.02s bee_first_fire=10.84s bee_first_hit=none bee_spawned=0 bee_agent_coverage=1/1 bee_weapons=Eye:396/3 bee_rewards=terminal:-10.0000,tsv:-0.3983,time:0.0000,total:-10.3983 human_fire_requests=416 human_shots=0 human_hits=4 human_damage=100 human_first_contact=0.02s human_first_fire=none human_first_hit=76.70s human_spawned=0 human_agent_coverage=1/1 human_weapons=DualCannon:416/0 human_rewards=terminal:10.0000,tsv:0.4287,time:-0.0674,total:10.3613
RL 1v1 episode=10 outcome=side_1_win bee_team=1 human_team=0 ships_per_side=1 winner=1 timeout=False duration=29.21s bee_tsv=16->11 human_tsv=18->0 bee_fire_requests=132 bee_shots=1 bee_hits=1 bee_damage=75 bee_first_contact=0.02s bee_first_fire=29.17s bee_first_hit=29.20s bee_spawned=0 bee_agent_coverage=1/1 bee_weapons=Eye:132/1 bee_rewards=terminal:10.0000,tsv:0.3171,time:-0.0243,total:10.2928 human_fire_requests=141 human_shots=0 human_hits=2 human_damage=60 human_first_contact=0.02s human_first_fire=none human_first_hit=21.70s human_spawned=0 human_agent_coverage=1/1 human_weapons=DualCannon:141/0 human_rewards=terminal:-10.0000,tsv:-0.3295,time:0.0000,total:-10.3295
RL 1v1 summary episodes=10 bee_record=6-4 human_record=4-6 draws=0 timeouts=0 avg_duration=40.66s bee_shots=9 bee_hits=6 bee_hit_rate=66.67 % bee_damage=450 human_shots=0 human_hits=22 human_hit_rate=0.00 % human_damage=580
RL 1v1 episode=11 outcome=side_1_win bee_team=0 human_team=1 ships_per_side=1 winner=1 timeout=False duration=16.70s bee_tsv=16->16 human_tsv=18->0 bee_fire_requests=83 bee_shots=1 bee_hits=1 bee_damage=75 bee_first_contact=0.02s bee_first_fire=16.67s bee_first_hit=16.70s bee_spawned=0 bee_agent_coverage=1/1 bee_weapons=Eye:83/1 bee_rewards=terminal:10.0000,tsv:0.4641,time:-0.0139,total:10.4502 human_fire_requests=79 human_shots=0 human_hits=0 human_damage=0 human_first_contact=0.02s human_first_fire=none human_first_hit=none human_spawned=0 human_agent_coverage=1/1 human_weapons=DualCannon:79/0 human_rewards=terminal:-10.0000,tsv:-0.4571,time:0.0000,total:-10.4571
RL 1v1 episode=12 outcome=side_1_win bee_team=1 human_team=0 ships_per_side=1 winner=1 timeout=False duration=29.20s bee_tsv=16->16 human_tsv=18->0 bee_fire_requests=132 bee_shots=2 bee_hits=1 bee_damage=75 bee_first_contact=0.03s bee_first_fire=4.17s bee_first_hit=29.20s bee_spawned=0 bee_agent_coverage=1/1 bee_weapons=Eye:132/2 bee_rewards=terminal:10.0000,tsv:0.4641,time:-0.0243,total:10.4398 human_fire_requests=135 human_shots=0 human_hits=0 human_damage=0 human_first_contact=0.03s human_first_fire=none human_first_hit=none human_spawned=0 human_agent_coverage=1/1 human_weapons=DualCannon:135/0 human_rewards=terminal:-10.0000,tsv:-0.4571,time:0.0000,total:-10.4571
RL 1v1 episode=13 outcome=side_1_win bee_team=0 human_team=1 ships_per_side=1 winner=1 timeout=False duration=47.53s bee_tsv=16->16 human_tsv=18->0 bee_fire_requests=247 bee_shots=1 bee_hits=1 bee_damage=75 bee_first_contact=0.02s bee_first_fire=47.50s bee_first_hit=47.52s bee_spawned=0 bee_agent_coverage=1/1 bee_weapons=Eye:247/1 bee_rewards=terminal:10.0000,tsv:0.4641,time:-0.0396,total:10.4245 human_fire_requests=233 human_shots=0 human_hits=0 human_damage=0 human_first_contact=0.02s human_first_fire=none human_first_hit=none human_spawned=0 human_agent_coverage=1/1 human_weapons=DualCannon:233/0 human_rewards=terminal:-10.0000,tsv:-0.4571,time:0.0000,total:-10.4571
RL 1v1 episode=14 outcome=side_1_win bee_team=1 human_team=0 ships_per_side=1 winner=1 timeout=False duration=10.89s bee_tsv=16->16 human_tsv=18->0 bee_fire_requests=52 bee_shots=1 bee_hits=1 bee_damage=75 bee_first_contact=0.02s bee_first_fire=10.84s bee_first_hit=10.88s bee_spawned=0 bee_agent_coverage=1/1 bee_weapons=Eye:52/1 bee_rewards=terminal:10.0000,tsv:0.4641,time:-0.0091,total:10.4551 human_fire_requests=59 human_shots=0 human_hits=0 human_damage=0 human_first_contact=0.02s human_first_fire=none human_first_hit=none human_spawned=0 human_agent_coverage=1/1 human_weapons=DualCannon:59/0 human_rewards=terminal:-10.0000,tsv:-0.4571,time:0.0000,total:-10.4571
RL 1v1 episode=15 outcome=side_2_win bee_team=0 human_team=1 ships_per_side=1 winner=2 timeout=False duration=84.21s bee_tsv=16->0 human_tsv=18->18 bee_fire_requests=419 bee_shots=3 bee_hits=0 bee_damage=0 bee_first_contact=0.02s bee_first_fire=7.51s bee_first_hit=none bee_spawned=0 bee_agent_coverage=1/1 bee_weapons=Eye:419/3 bee_rewards=terminal:-10.0000,tsv:-0.3983,time:0.0000,total:-10.3983 human_fire_requests=432 human_shots=0 human_hits=4 human_damage=100 human_first_contact=0.02s human_first_fire=none human_first_hit=74.20s human_spawned=0 human_agent_coverage=1/1 human_weapons=DualCannon:432/0 human_rewards=terminal:10.0000,tsv:0.4287,time:-0.0702,total:10.3585
RL 1v1 episode=16 outcome=side_1_win bee_team=1 human_team=0 ships_per_side=1 winner=1 timeout=False duration=14.20s bee_tsv=16->16 human_tsv=18->0 bee_fire_requests=62 bee_shots=2 bee_hits=1 bee_damage=75 bee_first_contact=0.02s bee_first_fire=6.67s bee_first_hit=14.20s bee_spawned=0 bee_agent_coverage=1/1 bee_weapons=Eye:62/2 bee_rewards=terminal:10.0000,tsv:0.4641,time:-0.0118,total:10.4523 human_fire_requests=78 human_shots=0 human_hits=0 human_damage=0 human_first_contact=0.02s human_first_fire=none human_first_hit=none human_spawned=0 human_agent_coverage=1/1 human_weapons=DualCannon:78/0 human_rewards=terminal:-10.0000,tsv:-0.4571,time:0.0000,total:-10.4571
RL 1v1 episode=17 outcome=side_1_win bee_team=0 human_team=1 ships_per_side=1 winner=1 timeout=False duration=58.37s bee_tsv=16->11 human_tsv=18->0 bee_fire_requests=299 bee_shots=3 bee_hits=1 bee_damage=75 bee_first_contact=0.03s bee_first_fire=12.50s bee_first_hit=58.36s bee_spawned=0 bee_agent_coverage=1/1 bee_weapons=Eye:299/3 bee_rewards=terminal:10.0000,tsv:0.3171,time:-0.0486,total:10.2685 human_fire_requests=308 human_shots=0 human_hits=2 human_damage=60 human_first_contact=0.03s human_first_fire=none human_first_hit=56.70s human_spawned=0 human_agent_coverage=1/1 human_weapons=DualCannon:308/0 human_rewards=terminal:-10.0000,tsv:-0.3295,time:0.0000,total:-10.3295
RL 1v1 episode=18 outcome=side_1_win bee_team=1 human_team=0 ships_per_side=1 winner=1 timeout=False duration=24.20s bee_tsv=16->16 human_tsv=18->0 bee_fire_requests=107 bee_shots=1 bee_hits=1 bee_damage=75 bee_first_contact=0.02s bee_first_fire=24.17s bee_first_hit=24.20s bee_spawned=0 bee_agent_coverage=1/1 bee_weapons=Eye:107/1 bee_rewards=terminal:10.0000,tsv:0.4641,time:-0.0202,total:10.4440 human_fire_requests=117 human_shots=0 human_hits=0 human_damage=0 human_first_contact=0.02s human_first_fire=none human_first_hit=none human_spawned=0 human_agent_coverage=1/1 human_weapons=DualCannon:117/0 human_rewards=terminal:-10.0000,tsv:-0.4571,time:0.0000,total:-10.4571
RL 1v1 episode=19 outcome=side_1_win bee_team=0 human_team=1 ships_per_side=1 winner=1 timeout=False duration=30.05s bee_tsv=16->16 human_tsv=18->0 bee_fire_requests=166 bee_shots=1 bee_hits=1 bee_damage=75 bee_first_contact=0.03s bee_first_fire=30.00s bee_first_hit=30.04s bee_spawned=0 bee_agent_coverage=1/1 bee_weapons=Eye:166/1 bee_rewards=terminal:10.0000,tsv:0.4641,time:-0.0250,total:10.4391 human_fire_requests=151 human_shots=0 human_hits=0 human_damage=0 human_first_contact=0.03s human_first_fire=none human_first_hit=none human_spawned=0 human_agent_coverage=1/1 human_weapons=DualCannon:151/0 human_rewards=terminal:-10.0000,tsv:-0.4571,time:0.0000,total:-10.4571
RL 1v1 episode=20 outcome=side_1_win bee_team=1 human_team=0 ships_per_side=1 winner=1 timeout=False duration=60.04s bee_tsv=16->16 human_tsv=18->0 bee_fire_requests=320 bee_shots=1 bee_hits=1 bee_damage=75 bee_first_contact=0.02s bee_first_fire=60.01s bee_first_hit=60.04s bee_spawned=0 bee_agent_coverage=1/1 bee_weapons=Eye:320/1 bee_rewards=terminal:10.0000,tsv:0.4641,time:-0.0500,total:10.4141 human_fire_requests=282 human_shots=0 human_hits=0 human_damage=0 human_first_contact=0.02s human_first_fire=none human_first_hit=none human_spawned=0 human_agent_coverage=1/1 human_weapons=DualCannon:282/0 human_rewards=terminal:-10.0000,tsv:-0.4571,time:0.0000,total:-10.4571
RL 1v1 summary episodes=20 bee_record=15-5 human_record=5-15 draws=0 timeouts=0 avg_duration=39.10s bee_shots=25 bee_hits=15 bee_hit_rate=60.00 % bee_damage=1125 human_shots=0 human_hits=28 human_hit_rate=0.00 % human_damage=740
RL 1v1 episode=21 outcome=side_1_win bee_team=0 human_team=1 ships_per_side=1 winner=1 timeout=False duration=39.22s bee_tsv=16->16 human_tsv=18->0 bee_fire_requests=212 bee_shots=3 bee_hits=1 bee_damage=75 bee_first_contact=0.02s bee_first_fire=6.67s bee_first_hit=39.20s bee_spawned=0 bee_agent_coverage=1/1 bee_weapons=Eye:212/3 bee_rewards=terminal:10.0000,tsv:0.4641,time:-0.0327,total:10.4315 human_fire_requests=220 human_shots=0 human_hits=0 human_damage=0 human_first_contact=0.02s human_first_fire=none human_first_hit=none human_spawned=0 human_agent_coverage=1/1 human_weapons=DualCannon:220/0 human_rewards=terminal:-10.0000,tsv:-0.4571,time:0.0000,total:-10.4571
RL 1v1 episode=22 outcome=side_1_win bee_team=1 human_team=0 ships_per_side=1 winner=1 timeout=False duration=45.04s bee_tsv=16->13 human_tsv=18->0 bee_fire_requests=209 bee_shots=1 bee_hits=1 bee_damage=75 bee_first_contact=0.03s bee_first_fire=45.01s bee_first_hit=45.04s bee_spawned=0 bee_agent_coverage=1/1 bee_weapons=Eye:209/1 bee_rewards=terminal:10.0000,tsv:0.3759,time:-0.0375,total:10.3384 human_fire_requests=212 human_shots=0 human_hits=1 human_damage=30 human_first_contact=0.03s human_first_fire=none human_first_hit=10.04s human_spawned=0 human_agent_coverage=1/1 human_weapons=DualCannon:212/0 human_rewards=terminal:-10.0000,tsv:-0.3785,time:0.0000,total:-10.3785
RL 1v1 episode=23 outcome=side_1_win bee_team=0 human_team=1 ships_per_side=1 winner=1 timeout=False duration=66.70s bee_tsv=16->11 human_tsv=18->0 bee_fire_requests=327 bee_shots=2 bee_hits=1 bee_damage=75 bee_first_contact=0.03s bee_first_fire=9.17s bee_first_hit=66.70s bee_spawned=0 bee_agent_coverage=1/1 bee_weapons=Eye:327/2 bee_rewards=terminal:10.0000,tsv:0.3171,time:-0.0556,total:10.2615 human_fire_requests=350 human_shots=0 human_hits=2 human_damage=60 human_first_contact=0.03s human_first_fire=none human_first_hit=27.54s human_spawned=0 human_agent_coverage=1/1 human_weapons=DualCannon:350/0 human_rewards=terminal:-10.0000,tsv:-0.3295,time:0.0000,total:-10.3295
RL 1v1 episode=24 outcome=side_1_win bee_team=1 human_team=0 ships_per_side=1 winner=1 timeout=False duration=5.03s bee_tsv=16->16 human_tsv=18->0 bee_fire_requests=26 bee_shots=2 bee_hits=1 bee_damage=75 bee_first_contact=0.02s bee_first_fire=2.50s bee_first_hit=5.02s bee_spawned=0 bee_agent_coverage=1/1 bee_weapons=Eye:26/2 bee_rewards=terminal:10.0000,tsv:0.4641,time:-0.0042,total:10.4600 human_fire_requests=19 human_shots=0 human_hits=0 human_damage=0 human_first_contact=0.02s human_first_fire=none human_first_hit=none human_spawned=0 human_agent_coverage=1/1 human_weapons=DualCannon:19/0 human_rewards=terminal:-10.0000,tsv:-0.4571,time:0.0000,total:-10.4571
RL 1v1 episode=25 outcome=side_1_win bee_team=0 human_team=1 ships_per_side=1 winner=1 timeout=False duration=5.89s bee_tsv=16->16 human_tsv=18->0 bee_fire_requests=28 bee_shots=1 bee_hits=1 bee_damage=75 bee_first_contact=0.03s bee_first_fire=5.84s bee_first_hit=5.88s bee_spawned=0 bee_agent_coverage=1/1 bee_weapons=Eye:28/1 bee_rewards=terminal:10.0000,tsv:0.4641,time:-0.0049,total:10.4592 human_fire_requests=28 human_shots=0 human_hits=0 human_damage=0 human_first_contact=0.03s human_first_fire=none human_first_hit=none human_spawned=0 human_agent_coverage=1/1 human_weapons=DualCannon:28/0 human_rewards=terminal:-10.0000,tsv:-0.4571,time:0.0000,total:-10.4571
[Physics::Module] Cleanup current backend.
[Physics::Module] Id: 0xf2b8ea05
Input System module state changed to: ShutdownInProgress.
Input Polling Thread exited.
Input System module state changed to: Shutdown.
CodeReloadManager destroyed
GarbageCollector disposing of ComputeBuffer. Please use ComputeBuffer.Release() or .Dispose() to manually release the buffer.
