Mono path[0] = 'F:/RLDemo/Bees RL Training/Bees_Data/Managed'
Mono config path = 'F:/RLDemo/Bees RL Training/MonoBleedingEdge/etc'
CodeReloadManager initialized
Input System module state changed to: Initialized.
[Physics::Module] Initialized fallback backend.
[Physics::Module] Id: 0xdecafbad
Initialize engine version: 6000.5.4f1 (d550df8bd089)
[Subsystems] Discovering subsystems at path F:/RLDemo/Bees RL Training/Bees_Data/UnitySubsystems
Forcing GfxDevice: Null
GfxDevice: creating device client; kGfxThreadingModeNonThreaded
NullGfxDevice:
    Version:  NULL 1.0 [1.0]
    Renderer: Null Device
    Vendor:   Unity Technologies
Begin MonoManager ReloadAssembly
- Finished resetting the current domain, in  0.152 seconds
[Physics::Module] Selected backend.
[Physics::Module] Name: PhysX
[Physics::Module] Id: 0xf2b8ea05
[Physics::Module] SDK Version: 4.1.2
[Physics::Module] Integration Version: 1.0.0
[Physics::Module] Threading Mode: Multi-Threaded
Microsoft Media Foundation video decoding to texture disabled: graphics device is Null, only Direct3D 11 and Direct3D 12 (only on desktop) are supported for hardware-accelerated video decoding.
Texture with ID 114 and with size 13376x6920 was too large for graphics device maximum supported texture size (8192x8192). Falling back to a dummy texture. Generate mip maps to provide lower size fallback.
Texture with ID 210 and with size 13376x6920 was too large for graphics device maximum supported texture size (8192x8192). Falling back to a dummy texture. Generate mip maps to provide lower size fallback.
Texture with ID 221 and with size 13376x6920 was too large for graphics device maximum supported texture size (8192x8192). Falling back to a dummy texture. Generate mip maps to provide lower size fallback.
Texture with ID 238 and with size 13376x6920 was too large for graphics device maximum supported texture size (8192x8192). Falling back to a dummy texture. Generate mip maps to provide lower size fallback.
UnloadTime: 1.538900 ms
UI Audio: DontDestroyOnLoad only works for root GameObjects or components on root GameObjects.
Trying to connect to ws://clashofempire.net:7146
Connection with WebSocketSharp open!
[Steamworks.NET] SteamAPI_Init() failed. Continuing without Steam features.
Steam API is unavailable; using local fallback identity.
User id is 2013868892
RL training configuration health_ratio=0.25 map_size=35 episode_timeout=120s ships_per_side=1 matchup_mode=fixed bee_ship_types=Wasp human_ship_types=Gunship
Can not play a disabled audio source
Registered Communicator in Agent.
RL policy ABI v5 bees-rl-v5|behavior=BeesRL1v1|network=ff-512x3|normalize=true|obs=4685|cont=34|disc=2x16,5,65,65,65|weapon-aim=slotwise-xy|weapon-fire=slotwise-cease-or-fire|weapon-ready=rl-latched-until-fire|shipbits=6|weaponbits=6|mapbits=4|shipmap=v1-0..23|weaponmap=v1-0..9|allies=64|enemies=64|weapons=16|enemy-mounts=16|mining=8|map-objects=64|moving-asteroids=48|self=29|capability=12|parent-carrier=19|entity=19|weapon=19|enemy-mount=22|mining-slot=7|map-slot=12|moving-asteroid-slot=11|objective=16|grid=13x13|entity-order=distance,type,fleet-id,runtime-id observations=4685 continuous_actions=34 weapon_fire_branches=16x2 special_branch=5 ally_target_branch=65 enemy_target_branch=65 map_object_target_branch=65 allies=64 enemies=64 moving_asteroids=48 mining_asteroids=8 map_objects=64 navigation_grid=13x13 weapon_slots=16 enemy_weapon_mounts=16 objective_channels=16 spawned_ship_control=dynamic
RL 1v1 episode=1 outcome=side_1_win bee_team=0 human_team=1 ships_per_side=1 winner=1 timeout=False duration=21.33s bee_tsv=16->16 human_tsv=18->0 bee_fire_requests=111 bee_shots=3 bee_hits=1 bee_damage=75 bee_first_contact=0.33s bee_first_fire=2.66s bee_first_hit=21.02s bee_spawned=0 bee_agent_coverage=1/1 bee_weapons=Eye:111/3 bee_rewards=terminal:10.0000,tsv:0.4641,time:-0.0178,total:10.4464 human_fire_requests=110 human_shots=0 human_hits=0 human_damage=0 human_first_contact=0.33s human_first_fire=none human_first_hit=none human_spawned=0 human_agent_coverage=1/1 human_weapons=DualCannon:110/0 human_rewards=terminal:-10.0000,tsv:-0.4571,time:0.0000,total:-10.4571
RL 1v1 episode=2 outcome=side_1_win bee_team=1 human_team=0 ships_per_side=1 winner=1 timeout=False duration=88.37s bee_tsv=16->11 human_tsv=18->0 bee_fire_requests=434 bee_shots=1 bee_hits=1 bee_damage=75 bee_first_contact=0.04s bee_first_fire=88.34s bee_first_hit=88.36s bee_spawned=0 bee_agent_coverage=1/1 bee_weapons=Eye:434/1 bee_rewards=terminal:10.0000,tsv:0.3171,time:-0.0736,total:10.2435 human_fire_requests=441 human_shots=0 human_hits=2 human_damage=60 human_first_contact=0.04s human_first_fire=none human_first_hit=33.36s human_spawned=0 human_agent_coverage=1/1 human_weapons=DualCannon:441/0 human_rewards=terminal:-10.0000,tsv:-0.3295,time:0.0000,total:-10.3295
RL 1v1 episode=3 outcome=side_2_win bee_team=0 human_team=1 ships_per_side=1 winner=2 timeout=False duration=49.21s bee_tsv=16->0 human_tsv=18->18 bee_fire_requests=244 bee_shots=0 bee_hits=0 bee_damage=0 bee_first_contact=0.02s bee_first_fire=none bee_first_hit=none bee_spawned=0 bee_agent_coverage=1/1 bee_weapons=Eye:244/0 bee_rewards=terminal:-10.0000,tsv:-0.3983,time:0.0000,total:-10.3983 human_fire_requests=258 human_shots=0 human_hits=4 human_damage=100 human_first_contact=0.02s human_first_fire=none human_first_hit=10.04s human_spawned=0 human_agent_coverage=1/1 human_weapons=DualCannon:258/0 human_rewards=terminal:10.0000,tsv:0.4287,time:-0.0410,total:10.3877
RL 1v1 episode=4 outcome=side_2_win bee_team=1 human_team=0 ships_per_side=1 winner=2 timeout=False duration=43.37s bee_tsv=16->0 human_tsv=18->18 bee_fire_requests=231 bee_shots=1 bee_hits=0 bee_damage=0 bee_first_contact=0.04s bee_first_fire=10.84s bee_first_hit=none bee_spawned=0 bee_agent_coverage=1/1 bee_weapons=Eye:231/1 bee_rewards=terminal:-10.0000,tsv:-0.3983,time:0.0000,total:-10.3983 human_fire_requests=215 human_shots=0 human_hits=4 human_damage=100 human_first_contact=0.04s human_first_fire=none human_first_hit=19.20s human_spawned=0 human_agent_coverage=1/1 human_weapons=DualCannon:215/0 human_rewards=terminal:10.0000,tsv:0.4287,time:-0.0361,total:10.3925
RL 1v1 episode=5 outcome=side_1_win bee_team=0 human_team=1 ships_per_side=1 winner=1 timeout=False duration=60.06s bee_tsv=16->11 human_tsv=18->0 bee_fire_requests=301 bee_shots=1 bee_hits=1 bee_damage=75 bee_first_contact=0.02s bee_first_fire=60.01s bee_first_hit=60.04s bee_spawned=0 bee_agent_coverage=1/1 bee_weapons=Eye:301/1 bee_rewards=terminal:10.0000,tsv:0.3171,time:-0.0500,total:10.2670 human_fire_requests=284 human_shots=0 human_hits=2 human_damage=60 human_first_contact=0.02s human_first_fire=none human_first_hit=36.70s human_spawned=0 human_agent_coverage=1/1 human_weapons=DualCannon:284/0 human_rewards=terminal:-10.0000,tsv:-0.3295,time:0.0000,total:-10.3295
RL 1v1 episode=6 outcome=side_1_win bee_team=1 human_team=0 ships_per_side=1 winner=1 timeout=False duration=25.05s bee_tsv=16->16 human_tsv=18->0 bee_fire_requests=124 bee_shots=1 bee_hits=1 bee_damage=75 bee_first_contact=0.03s bee_first_fire=25.01s bee_first_hit=25.04s bee_spawned=0 bee_agent_coverage=1/1 bee_weapons=Eye:124/1 bee_rewards=terminal:10.0000,tsv:0.4641,time:-0.0209,total:10.4433 human_fire_requests=130 human_shots=0 human_hits=0 human_damage=0 human_first_contact=0.03s human_first_fire=none human_first_hit=none human_spawned=0 human_agent_coverage=1/1 human_weapons=DualCannon:130/0 human_rewards=terminal:-10.0000,tsv:-0.4571,time:0.0000,total:-10.4571
RL 1v1 episode=7 outcome=side_1_win bee_team=0 human_team=1 ships_per_side=1 winner=1 timeout=False duration=10.87s bee_tsv=16->16 human_tsv=18->0 bee_fire_requests=58 bee_shots=1 bee_hits=1 bee_damage=75 bee_first_contact=0.04s bee_first_fire=10.84s bee_first_hit=10.86s bee_spawned=0 bee_agent_coverage=1/1 bee_weapons=Eye:58/1 bee_rewards=terminal:10.0000,tsv:0.4641,time:-0.0091,total:10.4551 human_fire_requests=58 human_shots=0 human_hits=0 human_damage=0 human_first_contact=0.04s human_first_fire=none human_first_hit=none human_spawned=0 human_agent_coverage=1/1 human_weapons=DualCannon:58/0 human_rewards=terminal:-10.0000,tsv:-0.4571,time:0.0000,total:-10.4571
RL 1v1 episode=8 outcome=side_1_win bee_team=1 human_team=0 ships_per_side=1 winner=1 timeout=False duration=12.56s bee_tsv=16->16 human_tsv=18->0 bee_fire_requests=75 bee_shots=1 bee_hits=1 bee_damage=75 bee_first_contact=0.02s bee_first_fire=12.51s bee_first_hit=12.54s bee_spawned=0 bee_agent_coverage=1/1 bee_weapons=Eye:75/1 bee_rewards=terminal:10.0000,tsv:0.4641,time:-0.0105,total:10.4537 human_fire_requests=53 human_shots=0 human_hits=0 human_damage=0 human_first_contact=0.02s human_first_fire=none human_first_hit=none human_spawned=0 human_agent_coverage=1/1 human_weapons=DualCannon:53/0 human_rewards=terminal:-10.0000,tsv:-0.4571,time:0.0000,total:-10.4571
RL 1v1 episode=9 outcome=side_1_win bee_team=0 human_team=1 ships_per_side=1 winner=1 timeout=False duration=71.71s bee_tsv=16->8 human_tsv=18->0 bee_fire_requests=351 bee_shots=1 bee_hits=1 bee_damage=75 bee_first_contact=0.03s bee_first_fire=71.68s bee_first_hit=71.70s bee_spawned=0 bee_agent_coverage=1/1 bee_weapons=Eye:351/1 bee_rewards=terminal:10.0000,tsv:0.2289,time:-0.0598,total:10.1691 human_fire_requests=377 human_shots=0 human_hits=3 human_damage=90 human_first_contact=0.03s human_first_fire=none human_first_hit=48.38s human_spawned=0 human_agent_coverage=1/1 human_weapons=DualCannon:377/0 human_rewards=terminal:-10.0000,tsv:-0.2608,time:0.0000,total:-10.2608
RL 1v1 episode=10 outcome=side_1_win bee_team=1 human_team=0 ships_per_side=1 winner=1 timeout=False duration=42.54s bee_tsv=16->11 human_tsv=18->0 bee_fire_requests=207 bee_shots=1 bee_hits=1 bee_damage=75 bee_first_contact=0.03s bee_first_fire=42.51s bee_first_hit=42.54s bee_spawned=0 bee_agent_coverage=1/1 bee_weapons=Eye:207/1 bee_rewards=terminal:10.0000,tsv:0.3171,time:-0.0355,total:10.2816 human_fire_requests=232 human_shots=0 human_hits=2 human_damage=60 human_first_contact=0.03s human_first_fire=none human_first_hit=6.70s human_spawned=0 human_agent_coverage=1/1 human_weapons=DualCannon:232/0 human_rewards=terminal:-10.0000,tsv:-0.3295,time:0.0000,total:-10.3295
RL 1v1 summary episodes=10 bee_record=8-2 human_record=2-8 draws=0 timeouts=0 avg_duration=42.50s bee_shots=11 bee_hits=8 bee_hit_rate=72.73 % bee_damage=600 human_shots=0 human_hits=17 human_hit_rate=0.00 % human_damage=470
RL 1v1 episode=11 outcome=side_2_win bee_team=0 human_team=1 ships_per_side=1 winner=2 timeout=False duration=37.53s bee_tsv=16->0 human_tsv=18->18 bee_fire_requests=195 bee_shots=0 bee_hits=0 bee_damage=0 bee_first_contact=0.02s bee_first_fire=none bee_first_hit=none bee_spawned=0 bee_agent_coverage=1/1 bee_weapons=Eye:195/0 bee_rewards=terminal:-10.0000,tsv:-0.3983,time:0.0000,total:-10.3983 human_fire_requests=202 human_shots=0 human_hits=4 human_damage=100 human_first_contact=0.02s human_first_fire=none human_first_hit=9.20s human_spawned=0 human_agent_coverage=1/1 human_weapons=DualCannon:202/0 human_rewards=terminal:10.0000,tsv:0.4287,time:-0.0313,total:10.3974
RL 1v1 episode=12 outcome=side_1_win bee_team=1 human_team=0 ships_per_side=1 winner=1 timeout=False duration=44.21s bee_tsv=16->16 human_tsv=18->0 bee_fire_requests=201 bee_shots=3 bee_hits=1 bee_damage=75 bee_first_contact=0.03s bee_first_fire=3.34s bee_first_hit=44.20s bee_spawned=0 bee_agent_coverage=1/1 bee_weapons=Eye:201/3 bee_rewards=terminal:10.0000,tsv:0.4641,time:-0.0368,total:10.4273 human_fire_requests=219 human_shots=0 human_hits=0 human_damage=0 human_first_contact=0.03s human_first_fire=none human_first_hit=none human_spawned=0 human_agent_coverage=1/1 human_weapons=DualCannon:219/0 human_rewards=terminal:-10.0000,tsv:-0.4571,time:0.0000,total:-10.4571
RL 1v1 episode=13 outcome=side_1_win bee_team=0 human_team=1 ships_per_side=1 winner=1 timeout=False duration=40.06s bee_tsv=16->16 human_tsv=18->0 bee_fire_requests=190 bee_shots=2 bee_hits=1 bee_damage=75 bee_first_contact=0.02s bee_first_fire=31.67s bee_first_hit=40.04s bee_spawned=0 bee_agent_coverage=1/1 bee_weapons=Eye:190/2 bee_rewards=terminal:10.0000,tsv:0.4641,time:-0.0334,total:10.4308 human_fire_requests=211 human_shots=0 human_hits=0 human_damage=0 human_first_contact=0.02s human_first_fire=none human_first_hit=none human_spawned=0 human_agent_coverage=1/1 human_weapons=DualCannon:211/0 human_rewards=terminal:-10.0000,tsv:-0.4571,time:0.0000,total:-10.4571
RL 1v1 episode=14 outcome=side_2_win bee_team=1 human_team=0 ships_per_side=1 winner=2 timeout=False duration=63.40s bee_tsv=16->0 human_tsv=18->18 bee_fire_requests=339 bee_shots=0 bee_hits=0 bee_damage=0 bee_first_contact=0.03s bee_first_fire=none bee_first_hit=none bee_spawned=0 bee_agent_coverage=1/1 bee_weapons=Eye:339/0 bee_rewards=terminal:-10.0000,tsv:-0.3983,time:0.0000,total:-10.3983 human_fire_requests=322 human_shots=0 human_hits=4 human_damage=100 human_first_contact=0.03s human_first_fire=none human_first_hit=39.20s human_spawned=0 human_agent_coverage=1/1 human_weapons=DualCannon:322/0 human_rewards=terminal:10.0000,tsv:0.4287,time:-0.0528,total:10.3758
RL 1v1 episode=15 outcome=side_1_win bee_team=0 human_team=1 ships_per_side=1 winner=1 timeout=False duration=74.21s bee_tsv=16->8 human_tsv=18->0 bee_fire_requests=387 bee_shots=1 bee_hits=1 bee_damage=75 bee_first_contact=0.03s bee_first_fire=74.18s bee_first_hit=74.20s bee_spawned=0 bee_agent_coverage=1/1 bee_weapons=Eye:387/1 bee_rewards=terminal:10.0000,tsv:0.2289,time:-0.0618,total:10.1670 human_fire_requests=360 human_shots=0 human_hits=3 human_damage=90 human_first_contact=0.03s human_first_fire=none human_first_hit=26.70s human_spawned=0 human_agent_coverage=1/1 human_weapons=DualCannon:360/0 human_rewards=terminal:-10.0000,tsv:-0.2608,time:0.0000,total:-10.2608
RL 1v1 episode=16 outcome=side_1_win bee_team=1 human_team=0 ships_per_side=1 winner=1 timeout=False duration=59.21s bee_tsv=16->13 human_tsv=18->0 bee_fire_requests=280 bee_shots=2 bee_hits=1 bee_damage=75 bee_first_contact=0.03s bee_first_fire=8.34s bee_first_hit=59.20s bee_spawned=0 bee_agent_coverage=1/1 bee_weapons=Eye:280/2 bee_rewards=terminal:10.0000,tsv:0.3759,time:-0.0493,total:10.3266 human_fire_requests=289 human_shots=0 human_hits=1 human_damage=30 human_first_contact=0.03s human_first_fire=none human_first_hit=7.54s human_spawned=0 human_agent_coverage=1/1 human_weapons=DualCannon:289/0 human_rewards=terminal:-10.0000,tsv:-0.3785,time:0.0000,total:-10.3785
RL 1v1 episode=17 outcome=side_1_win bee_team=0 human_team=1 ships_per_side=1 winner=1 timeout=False duration=88.37s bee_tsv=16->11 human_tsv=18->0 bee_fire_requests=433 bee_shots=1 bee_hits=1 bee_damage=75 bee_first_contact=0.02s bee_first_fire=88.34s bee_first_hit=88.36s bee_spawned=0 bee_agent_coverage=1/1 bee_weapons=Eye:433/1 bee_rewards=terminal:10.0000,tsv:0.3171,time:-0.0736,total:10.2434 human_fire_requests=477 human_shots=0 human_hits=2 human_damage=60 human_first_contact=0.02s human_first_fire=none human_first_hit=7.54s human_spawned=0 human_agent_coverage=1/1 human_weapons=DualCannon:477/0 human_rewards=terminal:-10.0000,tsv:-0.3295,time:0.0000,total:-10.3295
RL 1v1 episode=18 outcome=side_1_win bee_team=1 human_team=0 ships_per_side=1 winner=1 timeout=False duration=30.04s bee_tsv=16->11 human_tsv=18->0 bee_fire_requests=158 bee_shots=2 bee_hits=1 bee_damage=75 bee_first_contact=0.03s bee_first_fire=6.68s bee_first_hit=30.04s bee_spawned=0 bee_agent_coverage=1/1 bee_weapons=Eye:158/2 bee_rewards=terminal:10.0000,tsv:0.3171,time:-0.0250,total:10.2921 human_fire_requests=142 human_shots=0 human_hits=2 human_damage=60 human_first_contact=0.03s human_first_fire=none human_first_hit=28.38s human_spawned=0 human_agent_coverage=1/1 human_weapons=DualCannon:142/0 human_rewards=terminal:-10.0000,tsv:-0.3295,time:0.0000,total:-10.3295
RL 1v1 episode=19 outcome=side_2_win bee_team=0 human_team=1 ships_per_side=1 winner=2 timeout=False duration=103.37s bee_tsv=16->0 human_tsv=18->18 bee_fire_requests=536 bee_shots=1 bee_hits=0 bee_damage=0 bee_first_contact=0.02s bee_first_fire=9.17s bee_first_hit=none bee_spawned=0 bee_agent_coverage=1/1 bee_weapons=Eye:536/1 bee_rewards=terminal:-10.0000,tsv:-0.3983,time:0.0000,total:-10.3983 human_fire_requests=523 human_shots=0 human_hits=4 human_damage=100 human_first_contact=0.02s human_first_fire=none human_first_hit=75.02s human_spawned=0 human_agent_coverage=1/1 human_weapons=DualCannon:523/0 human_rewards=terminal:10.0000,tsv:0.4287,time:-0.0861,total:10.3425
RL 1v1 episode=20 outcome=side_1_win bee_team=1 human_team=0 ships_per_side=1 winner=1 timeout=False duration=17.55s bee_tsv=16->11 human_tsv=18->0 bee_fire_requests=86 bee_shots=1 bee_hits=1 bee_damage=75 bee_first_contact=0.04s bee_first_fire=17.50s bee_first_hit=17.54s bee_spawned=0 bee_agent_coverage=1/1 bee_weapons=Eye:86/1 bee_rewards=terminal:10.0000,tsv:0.3171,time:-0.0146,total:10.3025 human_fire_requests=93 human_shots=0 human_hits=2 human_damage=60 human_first_contact=0.04s human_first_fire=none human_first_hit=4.20s human_spawned=0 human_agent_coverage=1/1 human_weapons=DualCannon:93/0 human_rewards=terminal:-10.0000,tsv:-0.3295,time:0.0000,total:-10.3295
RL 1v1 summary episodes=20 bee_record=15-5 human_record=5-15 draws=0 timeouts=0 avg_duration=49.15s bee_shots=24 bee_hits=15 bee_hit_rate=62.50 % bee_damage=1125 human_shots=0 human_hits=39 human_hit_rate=0.00 % human_damage=1070
Unable to save timers to file F:/RLDemo/Bees RL Training/Bees_Data\ML-Agents\Timers\RL 1v1 Training_timers.json
[Physics::Module] Cleanup current backend.
[Physics::Module] Id: 0xf2b8ea05
Input System module state changed to: ShutdownInProgress.
Input Polling Thread exited.
Input System module state changed to: Shutdown.
CodeReloadManager destroyed
GarbageCollector disposing of ComputeBuffer. Please use ComputeBuffer.Release() or .Dispose() to manually release the buffer.
