Mono path[0] = 'F:/RLDemo/Bees RL Training/Bees_Data/Managed'
Mono config path = 'F:/RLDemo/Bees RL Training/MonoBleedingEdge/etc'
CodeReloadManager initialized
Input System module state changed to: Initialized.
[Physics::Module] Initialized fallback backend.
[Physics::Module] Id: 0xdecafbad
Initialize engine version: 6000.5.4f1 (d550df8bd089)
[Subsystems] Discovering subsystems at path F:/RLDemo/Bees RL Training/Bees_Data/UnitySubsystems
Forcing GfxDevice: Null
GfxDevice: creating device client; kGfxThreadingModeNonThreaded
NullGfxDevice:
    Version:  NULL 1.0 [1.0]
    Renderer: Null Device
    Vendor:   Unity Technologies
Begin MonoManager ReloadAssembly
- Finished resetting the current domain, in  0.236 seconds
[Physics::Module] Selected backend.
[Physics::Module] Name: PhysX
[Physics::Module] Id: 0xf2b8ea05
[Physics::Module] SDK Version: 4.1.2
[Physics::Module] Integration Version: 1.0.0
[Physics::Module] Threading Mode: Multi-Threaded
Microsoft Media Foundation video decoding to texture disabled: graphics device is Null, only Direct3D 11 and Direct3D 12 (only on desktop) are supported for hardware-accelerated video decoding.
Texture with ID 114 and with size 13376x6920 was too large for graphics device maximum supported texture size (8192x8192). Falling back to a dummy texture. Generate mip maps to provide lower size fallback.
Texture with ID 210 and with size 13376x6920 was too large for graphics device maximum supported texture size (8192x8192). Falling back to a dummy texture. Generate mip maps to provide lower size fallback.
Texture with ID 221 and with size 13376x6920 was too large for graphics device maximum supported texture size (8192x8192). Falling back to a dummy texture. Generate mip maps to provide lower size fallback.
Texture with ID 238 and with size 13376x6920 was too large for graphics device maximum supported texture size (8192x8192). Falling back to a dummy texture. Generate mip maps to provide lower size fallback.
UnloadTime: 1.461300 ms
UI Audio: DontDestroyOnLoad only works for root GameObjects or components on root GameObjects.
Trying to connect to ws://clashofempire.net:7146
Connection with WebSocketSharp open!
[Steamworks.NET] SteamAPI_Init() failed. Continuing without Steam features.
Steam API is unavailable; using local fallback identity.
User id is 2013868892
RL training configuration health_ratio=0.25 map_size=30 episode_timeout=120s ships_per_side=1 matchup_mode=fixed bee_ship_types=Wasp human_ship_types=Gunship
Can not play a disabled audio source
Registered Communicator in Agent.
RL policy ABI v5 bees-rl-v5|behavior=BeesRL1v1|network=ff-512x3|normalize=true|obs=4685|cont=34|disc=2x16,5,65,65,65|weapon-aim=slotwise-xy|weapon-fire=slotwise-cease-or-fire|weapon-ready=rl-latched-until-fire|shipbits=6|weaponbits=6|mapbits=4|shipmap=v1-0..23|weaponmap=v1-0..9|allies=64|enemies=64|weapons=16|enemy-mounts=16|mining=8|map-objects=64|moving-asteroids=48|self=29|capability=12|parent-carrier=19|entity=19|weapon=19|enemy-mount=22|mining-slot=7|map-slot=12|moving-asteroid-slot=11|objective=16|grid=13x13|entity-order=distance,type,fleet-id,runtime-id observations=4685 continuous_actions=34 weapon_fire_branches=16x2 special_branch=5 ally_target_branch=65 enemy_target_branch=65 map_object_target_branch=65 allies=64 enemies=64 moving_asteroids=48 mining_asteroids=8 map_objects=64 navigation_grid=13x13 weapon_slots=16 enemy_weapon_mounts=16 objective_channels=16 spawned_ship_control=dynamic
RL 1v1 episode=1 outcome=side_1_win bee_team=0 human_team=1 ships_per_side=1 winner=1 timeout=False duration=6.99s bee_tsv=16->16 human_tsv=18->0 bee_fire_requests=43 bee_shots=1 bee_hits=1 bee_damage=75 bee_first_contact=0.33s bee_first_fire=6.66s bee_first_hit=6.70s bee_spawned=0 bee_agent_coverage=1/1 bee_weapons=Eye:43/1 bee_rewards=terminal:10.0000,tsv:0.4641,time:-0.0058,total:10.4583 human_fire_requests=29 human_shots=0 human_hits=0 human_damage=0 human_first_contact=0.33s human_first_fire=none human_first_hit=none human_spawned=0 human_agent_coverage=1/1 human_weapons=DualCannon:29/0 human_rewards=terminal:-10.0000,tsv:-0.4571,time:0.0000,total:-10.4571
RL 1v1 episode=2 outcome=side_1_win bee_team=1 human_team=0 ships_per_side=1 winner=1 timeout=False duration=35.04s bee_tsv=16->16 human_tsv=18->0 bee_fire_requests=165 bee_shots=2 bee_hits=1 bee_damage=75 bee_first_contact=0.03s bee_first_fire=25.84s bee_first_hit=35.04s bee_spawned=0 bee_agent_coverage=1/1 bee_weapons=Eye:165/2 bee_rewards=terminal:10.0000,tsv:0.4641,time:-0.0292,total:10.4349 human_fire_requests=177 human_shots=0 human_hits=0 human_damage=0 human_first_contact=0.03s human_first_fire=none human_first_hit=none human_spawned=0 human_agent_coverage=1/1 human_weapons=DualCannon:177/0 human_rewards=terminal:-10.0000,tsv:-0.4571,time:0.0000,total:-10.4571
RL 1v1 episode=3 outcome=side_1_win bee_team=0 human_team=1 ships_per_side=1 winner=1 timeout=False duration=4.20s bee_tsv=16->16 human_tsv=18->0 bee_fire_requests=19 bee_shots=1 bee_hits=1 bee_damage=75 bee_first_contact=0.03s bee_first_fire=4.17s bee_first_hit=4.20s bee_spawned=0 bee_agent_coverage=1/1 bee_weapons=Eye:19/1 bee_rewards=terminal:10.0000,tsv:0.4641,time:-0.0035,total:10.4606 human_fire_requests=24 human_shots=0 human_hits=0 human_damage=0 human_first_contact=0.03s human_first_fire=none human_first_hit=none human_spawned=0 human_agent_coverage=1/1 human_weapons=DualCannon:24/0 human_rewards=terminal:-10.0000,tsv:-0.4571,time:0.0000,total:-10.4571
RL 1v1 episode=4 outcome=side_1_win bee_team=1 human_team=0 ships_per_side=1 winner=1 timeout=False duration=60.87s bee_tsv=16->11 human_tsv=18->0 bee_fire_requests=289 bee_shots=1 bee_hits=1 bee_damage=75 bee_first_contact=0.02s bee_first_fire=60.83s bee_first_hit=60.86s bee_spawned=0 bee_agent_coverage=1/1 bee_weapons=Eye:289/1 bee_rewards=terminal:10.0000,tsv:0.3171,time:-0.0507,total:10.2664 human_fire_requests=295 human_shots=0 human_hits=2 human_damage=60 human_first_contact=0.02s human_first_fire=none human_first_hit=30.86s human_spawned=0 human_agent_coverage=1/1 human_weapons=DualCannon:295/0 human_rewards=terminal:-10.0000,tsv:-0.3295,time:0.0000,total:-10.3295
RL 1v1 episode=5 outcome=side_2_win bee_team=0 human_team=1 ships_per_side=1 winner=2 timeout=False duration=51.70s bee_tsv=16->0 human_tsv=18->18 bee_fire_requests=231 bee_shots=0 bee_hits=0 bee_damage=0 bee_first_contact=0.03s bee_first_fire=none bee_first_hit=none bee_spawned=0 bee_agent_coverage=1/1 bee_weapons=Eye:231/0 bee_rewards=terminal:-10.0000,tsv:-0.3983,time:0.0000,total:-10.3983 human_fire_requests=261 human_shots=0 human_hits=4 human_damage=100 human_first_contact=0.03s human_first_fire=none human_first_hit=10.04s human_spawned=0 human_agent_coverage=1/1 human_weapons=DualCannon:261/0 human_rewards=terminal:10.0000,tsv:0.4287,time:-0.0431,total:10.3856
RL 1v1 episode=6 outcome=side_1_win bee_team=1 human_team=0 ships_per_side=1 winner=1 timeout=False duration=10.87s bee_tsv=16->16 human_tsv=18->0 bee_fire_requests=58 bee_shots=1 bee_hits=1 bee_damage=75 bee_first_contact=0.02s bee_first_fire=10.83s bee_first_hit=10.86s bee_spawned=0 bee_agent_coverage=1/1 bee_weapons=Eye:58/1 bee_rewards=terminal:10.0000,tsv:0.4641,time:-0.0091,total:10.4551 human_fire_requests=49 human_shots=0 human_hits=0 human_damage=0 human_first_contact=0.02s human_first_fire=none human_first_hit=none human_spawned=0 human_agent_coverage=1/1 human_weapons=DualCannon:49/0 human_rewards=terminal:-10.0000,tsv:-0.4571,time:0.0000,total:-10.4571
RL 1v1 episode=7 outcome=side_1_win bee_team=0 human_team=1 ships_per_side=1 winner=1 timeout=False duration=64.20s bee_tsv=16->16 human_tsv=18->0 bee_fire_requests=332 bee_shots=1 bee_hits=1 bee_damage=75 bee_first_contact=0.03s bee_first_fire=64.17s bee_first_hit=64.20s bee_spawned=0 bee_agent_coverage=1/1 bee_weapons=Eye:332/1 bee_rewards=terminal:10.0000,tsv:0.4641,time:-0.0535,total:10.4106 human_fire_requests=325 human_shots=0 human_hits=0 human_damage=0 human_first_contact=0.03s human_first_fire=none human_first_hit=none human_spawned=0 human_agent_coverage=1/1 human_weapons=DualCannon:325/0 human_rewards=terminal:-10.0000,tsv:-0.4571,time:0.0000,total:-10.4571
RL 1v1 episode=8 outcome=side_1_win bee_team=1 human_team=0 ships_per_side=1 winner=1 timeout=False duration=14.22s bee_tsv=16->16 human_tsv=18->0 bee_fire_requests=79 bee_shots=2 bee_hits=1 bee_damage=75 bee_first_contact=0.02s bee_first_fire=7.50s bee_first_hit=14.20s bee_spawned=0 bee_agent_coverage=1/1 bee_weapons=Eye:79/2 bee_rewards=terminal:10.0000,tsv:0.4641,time:-0.0118,total:10.4523 human_fire_requests=85 human_shots=0 human_hits=0 human_damage=0 human_first_contact=0.02s human_first_fire=none human_first_hit=none human_spawned=0 human_agent_coverage=1/1 human_weapons=DualCannon:85/0 human_rewards=terminal:-10.0000,tsv:-0.4571,time:0.0000,total:-10.4571
RL 1v1 episode=9 outcome=side_2_win bee_team=0 human_team=1 ships_per_side=1 winner=2 timeout=False duration=105.04s bee_tsv=16->0 human_tsv=18->18 bee_fire_requests=525 bee_shots=1 bee_hits=0 bee_damage=0 bee_first_contact=0.03s bee_first_fire=60.01s bee_first_hit=none bee_spawned=0 bee_agent_coverage=1/1 bee_weapons=Eye:525/1 bee_rewards=terminal:-10.0000,tsv:-0.3983,time:0.0000,total:-10.3983 human_fire_requests=520 human_shots=0 human_hits=4 human_damage=100 human_first_contact=0.03s human_first_fire=none human_first_hit=98.38s human_spawned=0 human_agent_coverage=1/1 human_weapons=DualCannon:520/0 human_rewards=terminal:10.0000,tsv:0.4287,time:-0.0875,total:10.3411
RL 1v1 episode=10 outcome=side_1_win bee_team=1 human_team=0 ships_per_side=1 winner=1 timeout=False duration=40.05s bee_tsv=16->8 human_tsv=18->0 bee_fire_requests=198 bee_shots=2 bee_hits=1 bee_damage=75 bee_first_contact=0.03s bee_first_fire=14.17s bee_first_hit=40.04s bee_spawned=0 bee_agent_coverage=1/1 bee_weapons=Eye:198/2 bee_rewards=terminal:10.0000,tsv:0.2289,time:-0.0334,total:10.1955 human_fire_requests=206 human_shots=0 human_hits=3 human_damage=90 human_first_contact=0.03s human_first_fire=none human_first_hit=11.70s human_spawned=0 human_agent_coverage=1/1 human_weapons=DualCannon:206/0 human_rewards=terminal:-10.0000,tsv:-0.2608,time:0.0000,total:-10.2608
RL 1v1 summary episodes=10 bee_record=8-2 human_record=2-8 draws=0 timeouts=0 avg_duration=39.32s bee_shots=12 bee_hits=8 bee_hit_rate=66.67 % bee_damage=600 human_shots=0 human_hits=13 human_hit_rate=0.00 % human_damage=350
RL 1v1 episode=11 outcome=side_1_win bee_team=0 human_team=1 ships_per_side=1 winner=1 timeout=False duration=19.21s bee_tsv=16->16 human_tsv=18->0 bee_fire_requests=89 bee_shots=1 bee_hits=1 bee_damage=75 bee_first_contact=0.02s bee_first_fire=19.17s bee_first_hit=19.20s bee_spawned=0 bee_agent_coverage=1/1 bee_weapons=Eye:89/1 bee_rewards=terminal:10.0000,tsv:0.4641,time:-0.0160,total:10.4481 human_fire_requests=83 human_shots=0 human_hits=0 human_damage=0 human_first_contact=0.02s human_first_fire=none human_first_hit=none human_spawned=0 human_agent_coverage=1/1 human_weapons=DualCannon:83/0 human_rewards=terminal:-10.0000,tsv:-0.4571,time:0.0000,total:-10.4571
RL 1v1 episode=12 outcome=side_1_win bee_team=1 human_team=0 ships_per_side=1 winner=1 timeout=False duration=25.05s bee_tsv=16->11 human_tsv=18->0 bee_fire_requests=132 bee_shots=1 bee_hits=1 bee_damage=75 bee_first_contact=0.02s bee_first_fire=25.00s bee_first_hit=25.04s bee_spawned=0 bee_agent_coverage=1/1 bee_weapons=Eye:132/1 bee_rewards=terminal:10.0000,tsv:0.3171,time:-0.0209,total:10.2962 human_fire_requests=119 human_shots=0 human_hits=2 human_damage=60 human_first_contact=0.02s human_first_fire=none human_first_hit=25.04s human_spawned=0 human_agent_coverage=1/1 human_weapons=DualCannon:119/0 human_rewards=terminal:-10.0000,tsv:-0.3295,time:0.0000,total:-10.3295
RL 1v1 episode=13 outcome=side_2_win bee_team=0 human_team=1 ships_per_side=1 winner=2 timeout=False duration=60.04s bee_tsv=16->0 human_tsv=18->18 bee_fire_requests=271 bee_shots=0 bee_hits=0 bee_damage=0 bee_first_contact=0.03s bee_first_fire=none bee_first_hit=none bee_spawned=0 bee_agent_coverage=1/1 bee_weapons=Eye:271/0 bee_rewards=terminal:-10.0000,tsv:-0.3983,time:0.0000,total:-10.3983 human_fire_requests=290 human_shots=0 human_hits=4 human_damage=100 human_first_contact=0.03s human_first_fire=none human_first_hit=10.04s human_spawned=0 human_agent_coverage=1/1 human_weapons=DualCannon:290/0 human_rewards=terminal:10.0000,tsv:0.4287,time:-0.0500,total:10.3786
RL 1v1 episode=14 outcome=side_1_win bee_team=1 human_team=0 ships_per_side=1 winner=1 timeout=False duration=14.20s bee_tsv=16->16 human_tsv=18->0 bee_fire_requests=77 bee_shots=1 bee_hits=1 bee_damage=75 bee_first_contact=0.03s bee_first_fire=14.17s bee_first_hit=14.20s bee_spawned=0 bee_agent_coverage=1/1 bee_weapons=Eye:77/1 bee_rewards=terminal:10.0000,tsv:0.4641,time:-0.0118,total:10.4523 human_fire_requests=72 human_shots=0 human_hits=0 human_damage=0 human_first_contact=0.03s human_first_fire=none human_first_hit=none human_spawned=0 human_agent_coverage=1/1 human_weapons=DualCannon:72/0 human_rewards=terminal:-10.0000,tsv:-0.4571,time:0.0000,total:-10.4571
RL 1v1 episode=15 outcome=side_1_win bee_team=0 human_team=1 ships_per_side=1 winner=1 timeout=False duration=6.72s bee_tsv=16->16 human_tsv=18->0 bee_fire_requests=32 bee_shots=1 bee_hits=1 bee_damage=75 bee_first_contact=0.02s bee_first_fire=6.67s bee_first_hit=6.70s bee_spawned=0 bee_agent_coverage=1/1 bee_weapons=Eye:32/1 bee_rewards=terminal:10.0000,tsv:0.4641,time:-0.0056,total:10.4586 human_fire_requests=36 human_shots=0 human_hits=0 human_damage=0 human_first_contact=0.02s human_first_fire=none human_first_hit=none human_spawned=0 human_agent_coverage=1/1 human_weapons=DualCannon:36/0 human_rewards=terminal:-10.0000,tsv:-0.4571,time:0.0000,total:-10.4571
RL 1v1 episode=16 outcome=side_1_win bee_team=1 human_team=0 ships_per_side=1 winner=1 timeout=False duration=7.54s bee_tsv=16->16 human_tsv=18->0 bee_fire_requests=40 bee_shots=1 bee_hits=1 bee_damage=75 bee_first_contact=0.03s bee_first_fire=7.51s bee_first_hit=7.54s bee_spawned=0 bee_agent_coverage=1/1 bee_weapons=Eye:40/1 bee_rewards=terminal:10.0000,tsv:0.4641,time:-0.0063,total:10.4579 human_fire_requests=37 human_shots=0 human_hits=0 human_damage=0 human_first_contact=0.03s human_first_fire=none human_first_hit=none human_spawned=0 human_agent_coverage=1/1 human_weapons=DualCannon:37/0 human_rewards=terminal:-10.0000,tsv:-0.4571,time:0.0000,total:-10.4571
RL 1v1 episode=17 outcome=side_1_win bee_team=0 human_team=1 ships_per_side=1 winner=1 timeout=False duration=12.55s bee_tsv=16->16 human_tsv=18->0 bee_fire_requests=63 bee_shots=1 bee_hits=1 bee_damage=75 bee_first_contact=0.03s bee_first_fire=12.50s bee_first_hit=12.54s bee_spawned=0 bee_agent_coverage=1/1 bee_weapons=Eye:63/1 bee_rewards=terminal:10.0000,tsv:0.4641,time:-0.0105,total:10.4537 human_fire_requests=54 human_shots=0 human_hits=0 human_damage=0 human_first_contact=0.03s human_first_fire=none human_first_hit=none human_spawned=0 human_agent_coverage=1/1 human_weapons=DualCannon:54/0 human_rewards=terminal:-10.0000,tsv:-0.4571,time:0.0000,total:-10.4571
RL 1v1 episode=18 outcome=side_1_win bee_team=1 human_team=0 ships_per_side=1 winner=1 timeout=False duration=40.89s bee_tsv=16->16 human_tsv=18->0 bee_fire_requests=224 bee_shots=1 bee_hits=1 bee_damage=75 bee_first_contact=0.02s bee_first_fire=40.84s bee_first_hit=40.88s bee_spawned=0 bee_agent_coverage=1/1 bee_weapons=Eye:224/1 bee_rewards=terminal:10.0000,tsv:0.4641,time:-0.0341,total:10.4301 human_fire_requests=206 human_shots=0 human_hits=0 human_damage=0 human_first_contact=0.02s human_first_fire=none human_first_hit=none human_spawned=0 human_agent_coverage=1/1 human_weapons=DualCannon:206/0 human_rewards=terminal:-10.0000,tsv:-0.4571,time:0.0000,total:-10.4571
RL 1v1 episode=19 outcome=side_1_win bee_team=0 human_team=1 ships_per_side=1 winner=1 timeout=False duration=5.89s bee_tsv=16->16 human_tsv=18->0 bee_fire_requests=29 bee_shots=1 bee_hits=1 bee_damage=75 bee_first_contact=0.02s bee_first_fire=5.84s bee_first_hit=5.88s bee_spawned=0 bee_agent_coverage=1/1 bee_weapons=Eye:29/1 bee_rewards=terminal:10.0000,tsv:0.4641,time:-0.0049,total:10.4592 human_fire_requests=30 human_shots=0 human_hits=0 human_damage=0 human_first_contact=0.02s human_first_fire=none human_first_hit=none human_spawned=0 human_agent_coverage=1/1 human_weapons=DualCannon:30/0 human_rewards=terminal:-10.0000,tsv:-0.4571,time:0.0000,total:-10.4571
RL 1v1 episode=20 outcome=side_1_win bee_team=1 human_team=0 ships_per_side=1 winner=1 timeout=False duration=9.21s bee_tsv=16->16 human_tsv=18->0 bee_fire_requests=50 bee_shots=1 bee_hits=1 bee_damage=75 bee_first_contact=0.02s bee_first_fire=9.17s bee_first_hit=9.20s bee_spawned=0 bee_agent_coverage=1/1 bee_weapons=Eye:50/1 bee_rewards=terminal:10.0000,tsv:0.4641,time:-0.0077,total:10.4565 human_fire_requests=41 human_shots=0 human_hits=0 human_damage=0 human_first_contact=0.02s human_first_fire=none human_first_hit=none human_spawned=0 human_agent_coverage=1/1 human_weapons=DualCannon:41/0 human_rewards=terminal:-10.0000,tsv:-0.4571,time:0.0000,total:-10.4571
RL 1v1 summary episodes=20 bee_record=17-3 human_record=3-17 draws=0 timeouts=0 avg_duration=29.72s bee_shots=21 bee_hits=17 bee_hit_rate=80.95 % bee_damage=1275 human_shots=0 human_hits=19 human_hit_rate=0.00 % human_damage=510
Unable to save timers to file F:/RLDemo/Bees RL Training/Bees_Data\ML-Agents\Timers\RL 1v1 Training_timers.json
[Physics::Module] Cleanup current backend.
[Physics::Module] Id: 0xf2b8ea05
Input System module state changed to: ShutdownInProgress.
Input Polling Thread exited.
Input System module state changed to: Shutdown.
CodeReloadManager destroyed
GarbageCollector disposing of ComputeBuffer. Please use ComputeBuffer.Release() or .Dispose() to manually release the buffer.
