Mono path[0] = 'F:/RLDemo/Bees RL Training/Bees_Data/Managed'
Mono config path = 'F:/RLDemo/Bees RL Training/MonoBleedingEdge/etc'
CodeReloadManager initialized
Input System module state changed to: Initialized.
[Physics::Module] Initialized fallback backend.
[Physics::Module] Id: 0xdecafbad
Initialize engine version: 6000.5.4f1 (d550df8bd089)
[Subsystems] Discovering subsystems at path F:/RLDemo/Bees RL Training/Bees_Data/UnitySubsystems
Forcing GfxDevice: Null
GfxDevice: creating device client; kGfxThreadingModeNonThreaded
NullGfxDevice:
    Version:  NULL 1.0 [1.0]
    Renderer: Null Device
    Vendor:   Unity Technologies
Begin MonoManager ReloadAssembly
- Finished resetting the current domain, in  0.099 seconds
[Physics::Module] Selected backend.
[Physics::Module] Name: PhysX
[Physics::Module] Id: 0xf2b8ea05
[Physics::Module] SDK Version: 4.1.2
[Physics::Module] Integration Version: 1.0.0
[Physics::Module] Threading Mode: Multi-Threaded
Microsoft Media Foundation video decoding to texture disabled: graphics device is Null, only Direct3D 11 and Direct3D 12 (only on desktop) are supported for hardware-accelerated video decoding.
Texture with ID 114 and with size 13376x6920 was too large for graphics device maximum supported texture size (8192x8192). Falling back to a dummy texture. Generate mip maps to provide lower size fallback.
Texture with ID 210 and with size 13376x6920 was too large for graphics device maximum supported texture size (8192x8192). Falling back to a dummy texture. Generate mip maps to provide lower size fallback.
Texture with ID 221 and with size 13376x6920 was too large for graphics device maximum supported texture size (8192x8192). Falling back to a dummy texture. Generate mip maps to provide lower size fallback.
Texture with ID 238 and with size 13376x6920 was too large for graphics device maximum supported texture size (8192x8192). Falling back to a dummy texture. Generate mip maps to provide lower size fallback.
UnloadTime: 1.994300 ms
UI Audio: DontDestroyOnLoad only works for root GameObjects or components on root GameObjects.
Trying to connect to ws://clashofempire.net:7146
Connection with WebSocketSharp open!
[Steamworks.NET] SteamAPI_Init() failed. Continuing without Steam features.
Steam API is unavailable; using local fallback identity.
User id is 2013868892
RL training configuration health_ratio=0.25 map_size=30 episode_timeout=120s ships_per_side=1 matchup_mode=fixed bee_ship_types=Wasp human_ship_types=Gunship
Can not play a disabled audio source
Registered Communicator in Agent.
RL policy ABI v5 bees-rl-v5|behavior=BeesRL1v1|network=ff-512x3|normalize=true|obs=4685|cont=34|disc=2x16,5,65,65,65|weapon-aim=slotwise-xy|weapon-fire=slotwise-cease-or-fire|weapon-ready=rl-latched-until-fire|shipbits=6|weaponbits=6|mapbits=4|shipmap=v1-0..23|weaponmap=v1-0..9|allies=64|enemies=64|weapons=16|enemy-mounts=16|mining=8|map-objects=64|moving-asteroids=48|self=29|capability=12|parent-carrier=19|entity=19|weapon=19|enemy-mount=22|mining-slot=7|map-slot=12|moving-asteroid-slot=11|objective=16|grid=13x13|entity-order=distance,type,fleet-id,runtime-id observations=4685 continuous_actions=34 weapon_fire_branches=16x2 special_branch=5 ally_target_branch=65 enemy_target_branch=65 map_object_target_branch=65 allies=64 enemies=64 moving_asteroids=48 mining_asteroids=8 map_objects=64 navigation_grid=13x13 weapon_slots=16 enemy_weapon_mounts=16 objective_channels=16 spawned_ship_control=dynamic
RL 1v1 episode=1 outcome=side_2_win bee_team=0 human_team=1 ships_per_side=1 winner=2 timeout=False duration=21.99s bee_tsv=16->0 human_tsv=18->18 bee_fire_requests=96 bee_shots=0 bee_hits=0 bee_damage=0 bee_first_contact=0.32s bee_first_fire=none bee_first_hit=none bee_spawned=0 bee_agent_coverage=1/1 bee_weapons=Eye:96/0 bee_rewards=terminal:-10.0000,tsv:-0.3983,time:0.0000,total:-10.3983 human_fire_requests=119 human_shots=0 human_hits=4 human_damage=100 human_first_contact=0.32s human_first_fire=none human_first_hit=15.02s human_spawned=0 human_agent_coverage=1/1 human_weapons=DualCannon:119/0 human_rewards=terminal:10.0000,tsv:0.4287,time:-0.0183,total:10.4103
RL 1v1 episode=2 outcome=side_2_win bee_team=1 human_team=0 ships_per_side=1 winner=2 timeout=False duration=41.71s bee_tsv=16->0 human_tsv=18->18 bee_fire_requests=219 bee_shots=0 bee_hits=0 bee_damage=0 bee_first_contact=0.02s bee_first_fire=none bee_first_hit=none bee_spawned=0 bee_agent_coverage=1/1 bee_weapons=Eye:219/0 bee_rewards=terminal:-10.0000,tsv:-0.3983,time:0.0000,total:-10.3983 human_fire_requests=209 human_shots=0 human_hits=4 human_damage=100 human_first_contact=0.02s human_first_fire=none human_first_hit=24.20s human_spawned=0 human_agent_coverage=1/1 human_weapons=DualCannon:209/0 human_rewards=terminal:10.0000,tsv:0.4287,time:-0.0348,total:10.3939
RL 1v1 episode=3 outcome=side_2_win bee_team=0 human_team=1 ships_per_side=1 winner=2 timeout=False duration=67.55s bee_tsv=16->0 human_tsv=18->18 bee_fire_requests=321 bee_shots=0 bee_hits=0 bee_damage=0 bee_first_contact=0.04s bee_first_fire=none bee_first_hit=none bee_spawned=0 bee_agent_coverage=1/1 bee_weapons=Eye:321/0 bee_rewards=terminal:-10.0000,tsv:-0.3983,time:0.0000,total:-10.3983 human_fire_requests=342 human_shots=0 human_hits=4 human_damage=100 human_first_contact=0.04s human_first_fire=none human_first_hit=43.36s human_spawned=0 human_agent_coverage=1/1 human_weapons=DualCannon:342/0 human_rewards=terminal:10.0000,tsv:0.4287,time:-0.0563,total:10.3724
RL 1v1 episode=4 outcome=side_1_win bee_team=1 human_team=0 ships_per_side=1 winner=1 timeout=False duration=21.71s bee_tsv=16->16 human_tsv=18->0 bee_fire_requests=109 bee_shots=1 bee_hits=1 bee_damage=75 bee_first_contact=0.03s bee_first_fire=21.68s bee_first_hit=21.70s bee_spawned=0 bee_agent_coverage=1/1 bee_weapons=Eye:109/1 bee_rewards=terminal:10.0000,tsv:0.4641,time:-0.0181,total:10.4461 human_fire_requests=100 human_shots=0 human_hits=0 human_damage=0 human_first_contact=0.03s human_first_fire=none human_first_hit=none human_spawned=0 human_agent_coverage=1/1 human_weapons=DualCannon:100/0 human_rewards=terminal:-10.0000,tsv:-0.4571,time:0.0000,total:-10.4571
RL 1v1 episode=5 outcome=side_1_win bee_team=0 human_team=1 ships_per_side=1 winner=1 timeout=False duration=36.71s bee_tsv=16->16 human_tsv=18->0 bee_fire_requests=206 bee_shots=1 bee_hits=1 bee_damage=75 bee_first_contact=0.02s bee_first_fire=36.67s bee_first_hit=36.70s bee_spawned=0 bee_agent_coverage=1/1 bee_weapons=Eye:206/1 bee_rewards=terminal:10.0000,tsv:0.4641,time:-0.0306,total:10.4336 human_fire_requests=181 human_shots=0 human_hits=0 human_damage=0 human_first_contact=0.02s human_first_fire=none human_first_hit=none human_spawned=0 human_agent_coverage=1/1 human_weapons=DualCannon:181/0 human_rewards=terminal:-10.0000,tsv:-0.4571,time:0.0000,total:-10.4571
RL 1v1 episode=6 outcome=side_2_win bee_team=1 human_team=0 ships_per_side=1 winner=2 timeout=False duration=47.55s bee_tsv=16->0 human_tsv=18->18 bee_fire_requests=239 bee_shots=0 bee_hits=0 bee_damage=0 bee_first_contact=0.02s bee_first_fire=none bee_first_hit=none bee_spawned=0 bee_agent_coverage=1/1 bee_weapons=Eye:239/0 bee_rewards=terminal:-10.0000,tsv:-0.3983,time:0.0000,total:-10.3983 human_fire_requests=264 human_shots=0 human_hits=4 human_damage=100 human_first_contact=0.02s human_first_fire=none human_first_hit=16.70s human_spawned=0 human_agent_coverage=1/1 human_weapons=DualCannon:264/0 human_rewards=terminal:10.0000,tsv:0.4287,time:-0.0396,total:10.3890
RL 1v1 episode=7 outcome=side_1_win bee_team=0 human_team=1 ships_per_side=1 winner=1 timeout=False duration=9.21s bee_tsv=16->16 human_tsv=18->0 bee_fire_requests=42 bee_shots=1 bee_hits=1 bee_damage=75 bee_first_contact=0.03s bee_first_fire=9.18s bee_first_hit=9.20s bee_spawned=0 bee_agent_coverage=1/1 bee_weapons=Eye:42/1 bee_rewards=terminal:10.0000,tsv:0.4641,time:-0.0077,total:10.4565 human_fire_requests=52 human_shots=0 human_hits=0 human_damage=0 human_first_contact=0.03s human_first_fire=none human_first_hit=none human_spawned=0 human_agent_coverage=1/1 human_weapons=DualCannon:52/0 human_rewards=terminal:-10.0000,tsv:-0.4571,time:0.0000,total:-10.4571
RL 1v1 episode=8 outcome=side_2_win bee_team=1 human_team=0 ships_per_side=1 winner=2 timeout=False duration=16.71s bee_tsv=16->0 human_tsv=18->18 bee_fire_requests=83 bee_shots=0 bee_hits=0 bee_damage=0 bee_first_contact=0.02s bee_first_fire=none bee_first_hit=none bee_spawned=0 bee_agent_coverage=1/1 bee_weapons=Eye:83/0 bee_rewards=terminal:-10.0000,tsv:-0.3983,time:0.0000,total:-10.3983 human_fire_requests=78 human_shots=0 human_hits=4 human_damage=100 human_first_contact=0.02s human_first_fire=none human_first_hit=11.70s human_spawned=0 human_agent_coverage=1/1 human_weapons=DualCannon:78/0 human_rewards=terminal:10.0000,tsv:0.4287,time:-0.0139,total:10.4147
RL 1v1 episode=9 outcome=side_1_win bee_team=0 human_team=1 ships_per_side=1 winner=1 timeout=False duration=7.55s bee_tsv=16->16 human_tsv=18->0 bee_fire_requests=30 bee_shots=1 bee_hits=1 bee_damage=75 bee_first_contact=0.02s bee_first_fire=7.50s bee_first_hit=7.54s bee_spawned=0 bee_agent_coverage=1/1 bee_weapons=Eye:30/1 bee_rewards=terminal:10.0000,tsv:0.4641,time:-0.0063,total:10.4579 human_fire_requests=40 human_shots=0 human_hits=0 human_damage=0 human_first_contact=0.02s human_first_fire=none human_first_hit=none human_spawned=0 human_agent_coverage=1/1 human_weapons=DualCannon:40/0 human_rewards=terminal:-10.0000,tsv:-0.4571,time:0.0000,total:-10.4571
RL 1v1 episode=10 outcome=side_1_win bee_team=1 human_team=0 ships_per_side=1 winner=1 timeout=False duration=39.21s bee_tsv=16->16 human_tsv=18->0 bee_fire_requests=226 bee_shots=2 bee_hits=1 bee_damage=75 bee_first_contact=0.03s bee_first_fire=22.51s bee_first_hit=39.20s bee_spawned=0 bee_agent_coverage=1/1 bee_weapons=Eye:226/2 bee_rewards=terminal:10.0000,tsv:0.4641,time:-0.0327,total:10.4315 human_fire_requests=189 human_shots=0 human_hits=0 human_damage=0 human_first_contact=0.03s human_first_fire=none human_first_hit=none human_spawned=0 human_agent_coverage=1/1 human_weapons=DualCannon:189/0 human_rewards=terminal:-10.0000,tsv:-0.4571,time:0.0000,total:-10.4571
RL 1v1 summary episodes=10 bee_record=5-5 human_record=5-5 draws=0 timeouts=0 avg_duration=30.99s bee_shots=6 bee_hits=5 bee_hit_rate=83.33 % bee_damage=375 human_shots=0 human_hits=20 human_hit_rate=0.00 % human_damage=500
RL 1v1 episode=11 outcome=side_1_win bee_team=0 human_team=1 ships_per_side=1 winner=1 timeout=False duration=33.39s bee_tsv=16->16 human_tsv=18->0 bee_fire_requests=169 bee_shots=2 bee_hits=1 bee_damage=75 bee_first_contact=0.02s bee_first_fire=5.01s bee_first_hit=33.38s bee_spawned=0 bee_agent_coverage=1/1 bee_weapons=Eye:169/2 bee_rewards=terminal:10.0000,tsv:0.4641,time:-0.0278,total:10.4363 human_fire_requests=159 human_shots=0 human_hits=0 human_damage=0 human_first_contact=0.02s human_first_fire=none human_first_hit=none human_spawned=0 human_agent_coverage=1/1 human_weapons=DualCannon:159/0 human_rewards=terminal:-10.0000,tsv:-0.4571,time:0.0000,total:-10.4571
RL 1v1 episode=12 outcome=side_1_win bee_team=1 human_team=0 ships_per_side=1 winner=1 timeout=False duration=4.21s bee_tsv=16->16 human_tsv=18->0 bee_fire_requests=21 bee_shots=1 bee_hits=1 bee_damage=75 bee_first_contact=0.02s bee_first_fire=4.17s bee_first_hit=4.20s bee_spawned=0 bee_agent_coverage=1/1 bee_weapons=Eye:21/1 bee_rewards=terminal:10.0000,tsv:0.4641,time:-0.0035,total:10.4606 human_fire_requests=19 human_shots=0 human_hits=0 human_damage=0 human_first_contact=0.02s human_first_fire=none human_first_hit=none human_spawned=0 human_agent_coverage=1/1 human_weapons=DualCannon:19/0 human_rewards=terminal:-10.0000,tsv:-0.4571,time:0.0000,total:-10.4571
RL 1v1 episode=13 outcome=draw bee_team=0 human_team=1 ships_per_side=1 winner=0 timeout=False duration=31.70s bee_tsv=16->0 human_tsv=18->0 bee_fire_requests=166 bee_shots=1 bee_hits=1 bee_damage=75 bee_first_contact=0.02s bee_first_fire=31.67s bee_first_hit=31.70s bee_spawned=0 bee_agent_coverage=1/1 bee_weapons=Eye:166/1 bee_rewards=terminal:0.0000,tsv:-0.0064,time:0.0000,total:-0.0064 human_fire_requests=159 human_shots=0 human_hits=4 human_damage=100 human_first_contact=0.02s human_first_fire=none human_first_hit=25.04s human_spawned=0 human_agent_coverage=1/1 human_weapons=DualCannon:159/0 human_rewards=terminal:0.0000,tsv:-0.1008,time:0.0000,total:-0.1008
RL 1v1 episode=14 outcome=side_1_win bee_team=1 human_team=0 ships_per_side=1 winner=1 timeout=False duration=4.20s bee_tsv=16->11 human_tsv=18->0 bee_fire_requests=21 bee_shots=1 bee_hits=1 bee_damage=75 bee_first_contact=0.03s bee_first_fire=4.17s bee_first_hit=4.20s bee_spawned=0 bee_agent_coverage=1/1 bee_weapons=Eye:21/1 bee_rewards=terminal:10.0000,tsv:0.3171,time:-0.0035,total:10.3136 human_fire_requests=17 human_shots=0 human_hits=2 human_damage=60 human_first_contact=0.03s human_first_fire=none human_first_hit=4.20s human_spawned=0 human_agent_coverage=1/1 human_weapons=DualCannon:17/0 human_rewards=terminal:-10.0000,tsv:-0.3295,time:0.0000,total:-10.3295
RL 1v1 episode=15 outcome=side_1_win bee_team=0 human_team=1 ships_per_side=1 winner=1 timeout=False duration=43.37s bee_tsv=16->11 human_tsv=18->0 bee_fire_requests=202 bee_shots=2 bee_hits=1 bee_damage=75 bee_first_contact=0.02s bee_first_fire=11.67s bee_first_hit=43.36s bee_spawned=0 bee_agent_coverage=1/1 bee_weapons=Eye:202/2 bee_rewards=terminal:10.0000,tsv:0.3171,time:-0.0361,total:10.2810 human_fire_requests=218 human_shots=0 human_hits=2 human_damage=60 human_first_contact=0.02s human_first_fire=none human_first_hit=6.70s human_spawned=0 human_agent_coverage=1/1 human_weapons=DualCannon:218/0 human_rewards=terminal:-10.0000,tsv:-0.3295,time:0.0000,total:-10.3295
RL 1v1 episode=16 outcome=side_1_win bee_team=1 human_team=0 ships_per_side=1 winner=1 timeout=False duration=12.55s bee_tsv=16->16 human_tsv=18->0 bee_fire_requests=74 bee_shots=1 bee_hits=1 bee_damage=75 bee_first_contact=0.03s bee_first_fire=12.50s bee_first_hit=12.54s bee_spawned=0 bee_agent_coverage=1/1 bee_weapons=Eye:74/1 bee_rewards=terminal:10.0000,tsv:0.4641,time:-0.0105,total:10.4537 human_fire_requests=71 human_shots=0 human_hits=0 human_damage=0 human_first_contact=0.03s human_first_fire=none human_first_hit=none human_spawned=0 human_agent_coverage=1/1 human_weapons=DualCannon:71/0 human_rewards=terminal:-10.0000,tsv:-0.4571,time:0.0000,total:-10.4571
RL 1v1 episode=17 outcome=side_1_win bee_team=0 human_team=1 ships_per_side=1 winner=1 timeout=False duration=21.71s bee_tsv=16->11 human_tsv=18->0 bee_fire_requests=100 bee_shots=1 bee_hits=1 bee_damage=75 bee_first_contact=0.02s bee_first_fire=21.67s bee_first_hit=21.70s bee_spawned=0 bee_agent_coverage=1/1 bee_weapons=Eye:100/1 bee_rewards=terminal:10.0000,tsv:0.3171,time:-0.0181,total:10.2990 human_fire_requests=115 human_shots=0 human_hits=2 human_damage=60 human_first_contact=0.02s human_first_fire=none human_first_hit=15.88s human_spawned=0 human_agent_coverage=1/1 human_weapons=DualCannon:115/0 human_rewards=terminal:-10.0000,tsv:-0.3295,time:0.0000,total:-10.3295
RL 1v1 episode=18 outcome=side_1_win bee_team=1 human_team=0 ships_per_side=1 winner=1 timeout=False duration=26.70s bee_tsv=16->16 human_tsv=18->0 bee_fire_requests=141 bee_shots=1 bee_hits=1 bee_damage=75 bee_first_contact=0.02s bee_first_fire=26.67s bee_first_hit=26.70s bee_spawned=0 bee_agent_coverage=1/1 bee_weapons=Eye:141/1 bee_rewards=terminal:10.0000,tsv:0.4641,time:-0.0223,total:10.4419 human_fire_requests=136 human_shots=0 human_hits=0 human_damage=0 human_first_contact=0.02s human_first_fire=none human_first_hit=none human_spawned=0 human_agent_coverage=1/1 human_weapons=DualCannon:136/0 human_rewards=terminal:-10.0000,tsv:-0.4571,time:0.0000,total:-10.4571
RL 1v1 episode=19 outcome=side_2_win bee_team=0 human_team=1 ships_per_side=1 winner=2 timeout=False duration=69.20s bee_tsv=16->0 human_tsv=18->18 bee_fire_requests=377 bee_shots=1 bee_hits=0 bee_damage=0 bee_first_contact=0.03s bee_first_fire=24.17s bee_first_hit=none bee_spawned=0 bee_agent_coverage=1/1 bee_weapons=Eye:377/1 bee_rewards=terminal:-10.0000,tsv:-0.3983,time:0.0000,total:-10.3983 human_fire_requests=353 human_shots=0 human_hits=4 human_damage=100 human_first_contact=0.03s human_first_fire=none human_first_hit=26.70s human_spawned=0 human_agent_coverage=1/1 human_weapons=DualCannon:353/0 human_rewards=terminal:10.0000,tsv:0.4287,time:-0.0577,total:10.3710
RL 1v1 episode=20 outcome=side_1_win bee_team=1 human_team=0 ships_per_side=1 winner=1 timeout=False duration=24.22s bee_tsv=16->11 human_tsv=18->0 bee_fire_requests=124 bee_shots=1 bee_hits=1 bee_damage=75 bee_first_contact=0.02s bee_first_fire=24.17s bee_first_hit=24.20s bee_spawned=0 bee_agent_coverage=1/1 bee_weapons=Eye:124/1 bee_rewards=terminal:10.0000,tsv:0.3171,time:-0.0202,total:10.2969 human_fire_requests=119 human_shots=0 human_hits=2 human_damage=60 human_first_contact=0.02s human_first_fire=none human_first_hit=24.20s human_spawned=0 human_agent_coverage=1/1 human_weapons=DualCannon:119/0 human_rewards=terminal:-10.0000,tsv:-0.3295,time:0.0000,total:-10.3295
RL 1v1 summary episodes=20 bee_record=13-6 human_record=6-13 draws=1 timeouts=0 avg_duration=29.06s bee_shots=18 bee_hits=14 bee_hit_rate=77.78 % bee_damage=1050 human_shots=0 human_hits=36 human_hit_rate=0.00 % human_damage=940
RL 1v1 episode=21 outcome=draw bee_team=0 human_team=1 ships_per_side=1 winner=0 timeout=False duration=23.39s bee_tsv=16->0 human_tsv=18->0 bee_fire_requests=127 bee_shots=1 bee_hits=1 bee_damage=75 bee_first_contact=0.03s bee_first_fire=23.34s bee_first_hit=23.38s bee_spawned=0 bee_agent_coverage=1/1 bee_weapons=Eye:127/1 bee_rewards=terminal:0.0000,tsv:-0.0064,time:0.0000,total:-0.0064 human_fire_requests=112 human_shots=0 human_hits=4 human_damage=100 human_first_contact=0.03s human_first_fire=none human_first_hit=11.70s human_spawned=0 human_agent_coverage=1/1 human_weapons=DualCannon:112/0 human_rewards=terminal:0.0000,tsv:-0.1008,time:0.0000,total:-0.1008
RL 1v1 episode=22 outcome=side_1_win bee_team=1 human_team=0 ships_per_side=1 winner=1 timeout=False duration=16.71s bee_tsv=16->16 human_tsv=18->0 bee_fire_requests=95 bee_shots=1 bee_hits=1 bee_damage=75 bee_first_contact=0.03s bee_first_fire=16.68s bee_first_hit=16.70s bee_spawned=0 bee_agent_coverage=1/1 bee_weapons=Eye:95/1 bee_rewards=terminal:10.0000,tsv:0.4641,time:-0.0139,total:10.4502 human_fire_requests=82 human_shots=0 human_hits=0 human_damage=0 human_first_contact=0.03s human_first_fire=none human_first_hit=none human_spawned=0 human_agent_coverage=1/1 human_weapons=DualCannon:82/0 human_rewards=terminal:-10.0000,tsv:-0.4571,time:0.0000,total:-10.4571
Unable to save timers to file F:/RLDemo/Bees RL Training/Bees_Data\ML-Agents\Timers\RL 1v1 Training_timers.json
[Physics::Module] Cleanup current backend.
[Physics::Module] Id: 0xf2b8ea05
Input System module state changed to: ShutdownInProgress.
Input Polling Thread exited.
Input System module state changed to: Shutdown.
CodeReloadManager destroyed
GarbageCollector disposing of ComputeBuffer. Please use ComputeBuffer.Release() or .Dispose() to manually release the buffer.
