Mono path[0] = 'F:/RLDemo/Bees RL Training/Bees_Data/Managed'
Mono config path = 'F:/RLDemo/Bees RL Training/MonoBleedingEdge/etc'
CodeReloadManager initialized
Input System module state changed to: Initialized.
[Physics::Module] Initialized fallback backend.
[Physics::Module] Id: 0xdecafbad
Initialize engine version: 6000.5.4f1 (d550df8bd089)
[Subsystems] Discovering subsystems at path F:/RLDemo/Bees RL Training/Bees_Data/UnitySubsystems
Forcing GfxDevice: Null
GfxDevice: creating device client; kGfxThreadingModeNonThreaded
NullGfxDevice:
    Version:  NULL 1.0 [1.0]
    Renderer: Null Device
    Vendor:   Unity Technologies
Begin MonoManager ReloadAssembly
- Finished resetting the current domain, in  0.071 seconds
[Physics::Module] Selected backend.
[Physics::Module] Name: PhysX
[Physics::Module] Id: 0xf2b8ea05
[Physics::Module] SDK Version: 4.1.2
[Physics::Module] Integration Version: 1.0.0
[Physics::Module] Threading Mode: Multi-Threaded
Microsoft Media Foundation video decoding to texture disabled: graphics device is Null, only Direct3D 11 and Direct3D 12 (only on desktop) are supported for hardware-accelerated video decoding.
Texture with ID 114 and with size 13376x6920 was too large for graphics device maximum supported texture size (8192x8192). Falling back to a dummy texture. Generate mip maps to provide lower size fallback.
Texture with ID 210 and with size 13376x6920 was too large for graphics device maximum supported texture size (8192x8192). Falling back to a dummy texture. Generate mip maps to provide lower size fallback.
Texture with ID 221 and with size 13376x6920 was too large for graphics device maximum supported texture size (8192x8192). Falling back to a dummy texture. Generate mip maps to provide lower size fallback.
Texture with ID 238 and with size 13376x6920 was too large for graphics device maximum supported texture size (8192x8192). Falling back to a dummy texture. Generate mip maps to provide lower size fallback.
UnloadTime: 4.448700 ms
UI Audio: DontDestroyOnLoad only works for root GameObjects or components on root GameObjects.
Trying to connect to ws://clashofempire.net:7146
Connection with WebSocketSharp open!
[Steamworks.NET] SteamAPI_Init() failed. Continuing without Steam features.
Steam API is unavailable; using local fallback identity.
User id is 2013868892
RL training configuration health_ratio=0.25 map_size=30 episode_timeout=120s ships_per_side=1 matchup_mode=fixed bee_ship_types=Wasp human_ship_types=Gunship
Can not play a disabled audio source
Registered Communicator in Agent.
RL policy ABI v5 bees-rl-v5|behavior=BeesRL1v1|network=ff-512x3|normalize=true|obs=4685|cont=34|disc=2x16,5,65,65,65|weapon-aim=slotwise-xy|weapon-fire=slotwise-cease-or-fire|weapon-ready=rl-latched-until-fire|shipbits=6|weaponbits=6|mapbits=4|shipmap=v1-0..23|weaponmap=v1-0..9|allies=64|enemies=64|weapons=16|enemy-mounts=16|mining=8|map-objects=64|moving-asteroids=48|self=29|capability=12|parent-carrier=19|entity=19|weapon=19|enemy-mount=22|mining-slot=7|map-slot=12|moving-asteroid-slot=11|objective=16|grid=13x13|entity-order=distance,type,fleet-id,runtime-id observations=4685 continuous_actions=34 weapon_fire_branches=16x2 special_branch=5 ally_target_branch=65 enemy_target_branch=65 map_object_target_branch=65 allies=64 enemies=64 moving_asteroids=48 mining_asteroids=8 map_objects=64 navigation_grid=13x13 weapon_slots=16 enemy_weapon_mounts=16 objective_channels=16 spawned_ship_control=dynamic
RL 1v1 episode=1 outcome=side_1_win bee_team=0 human_team=1 ships_per_side=1 winner=1 timeout=False duration=11.99s bee_tsv=16->11 human_tsv=18->0 bee_fire_requests=64 bee_shots=1 bee_hits=1 bee_damage=75 bee_first_contact=0.32s bee_first_fire=11.65s bee_first_hit=11.68s bee_spawned=0 bee_agent_coverage=1/1 bee_weapons=Eye:64/1 bee_rewards=terminal:10.0000,tsv:0.3171,time:-0.0100,total:10.3071 human_fire_requests=64 human_shots=0 human_hits=2 human_damage=60 human_first_contact=0.32s human_first_fire=none human_first_hit=9.36s human_spawned=0 human_agent_coverage=1/1 human_weapons=DualCannon:64/0 human_rewards=terminal:-10.0000,tsv:-0.3295,time:0.0000,total:-10.3295
RL 1v1 episode=2 outcome=side_1_win bee_team=1 human_team=0 ships_per_side=1 winner=1 timeout=False duration=43.37s bee_tsv=16->11 human_tsv=18->0 bee_fire_requests=220 bee_shots=1 bee_hits=1 bee_damage=75 bee_first_contact=0.02s bee_first_fire=43.34s bee_first_hit=43.36s bee_spawned=0 bee_agent_coverage=1/1 bee_weapons=Eye:220/1 bee_rewards=terminal:10.0000,tsv:0.3171,time:-0.0361,total:10.2809 human_fire_requests=218 human_shots=0 human_hits=2 human_damage=60 human_first_contact=0.02s human_first_fire=none human_first_hit=36.70s human_spawned=0 human_agent_coverage=1/1 human_weapons=DualCannon:218/0 human_rewards=terminal:-10.0000,tsv:-0.3295,time:0.0000,total:-10.3295
RL 1v1 episode=3 outcome=side_1_win bee_team=0 human_team=1 ships_per_side=1 winner=1 timeout=False duration=27.54s bee_tsv=16->16 human_tsv=18->0 bee_fire_requests=140 bee_shots=2 bee_hits=1 bee_damage=75 bee_first_contact=0.02s bee_first_fire=2.51s bee_first_hit=27.54s bee_spawned=0 bee_agent_coverage=1/1 bee_weapons=Eye:140/2 bee_rewards=terminal:10.0000,tsv:0.4641,time:-0.0230,total:10.4412 human_fire_requests=155 human_shots=0 human_hits=0 human_damage=0 human_first_contact=0.02s human_first_fire=none human_first_hit=none human_spawned=0 human_agent_coverage=1/1 human_weapons=DualCannon:155/0 human_rewards=terminal:-10.0000,tsv:-0.4571,time:0.0000,total:-10.4571
RL 1v1 episode=4 outcome=side_1_win bee_team=1 human_team=0 ships_per_side=1 winner=1 timeout=False duration=17.53s bee_tsv=16->16 human_tsv=18->0 bee_fire_requests=95 bee_shots=1 bee_hits=1 bee_damage=75 bee_first_contact=0.02s bee_first_fire=17.50s bee_first_hit=17.52s bee_spawned=0 bee_agent_coverage=1/1 bee_weapons=Eye:95/1 bee_rewards=terminal:10.0000,tsv:0.4641,time:-0.0146,total:10.4495 human_fire_requests=85 human_shots=0 human_hits=0 human_damage=0 human_first_contact=0.02s human_first_fire=none human_first_hit=none human_spawned=0 human_agent_coverage=1/1 human_weapons=DualCannon:85/0 human_rewards=terminal:-10.0000,tsv:-0.4571,time:0.0000,total:-10.4571
RL 1v1 episode=5 outcome=side_1_win bee_team=0 human_team=1 ships_per_side=1 winner=1 timeout=False duration=27.54s bee_tsv=16->13 human_tsv=18->0 bee_fire_requests=134 bee_shots=1 bee_hits=1 bee_damage=75 bee_first_contact=0.02s bee_first_fire=27.51s bee_first_hit=27.54s bee_spawned=0 bee_agent_coverage=1/1 bee_weapons=Eye:134/1 bee_rewards=terminal:10.0000,tsv:0.3759,time:-0.0230,total:10.3530 human_fire_requests=120 human_shots=0 human_hits=1 human_damage=30 human_first_contact=0.02s human_first_fire=none human_first_hit=5.88s human_spawned=0 human_agent_coverage=1/1 human_weapons=DualCannon:120/0 human_rewards=terminal:-10.0000,tsv:-0.3785,time:0.0000,total:-10.3785
RL 1v1 episode=6 outcome=side_1_win bee_team=1 human_team=0 ships_per_side=1 winner=1 timeout=False duration=49.22s bee_tsv=16->16 human_tsv=18->0 bee_fire_requests=249 bee_shots=1 bee_hits=1 bee_damage=75 bee_first_contact=0.02s bee_first_fire=49.17s bee_first_hit=49.20s bee_spawned=0 bee_agent_coverage=1/1 bee_weapons=Eye:249/1 bee_rewards=terminal:10.0000,tsv:0.4641,time:-0.0410,total:10.4231 human_fire_requests=244 human_shots=0 human_hits=0 human_damage=0 human_first_contact=0.02s human_first_fire=none human_first_hit=none human_spawned=0 human_agent_coverage=1/1 human_weapons=DualCannon:244/0 human_rewards=terminal:-10.0000,tsv:-0.4571,time:0.0000,total:-10.4571
RL 1v1 episode=7 outcome=side_1_win bee_team=0 human_team=1 ships_per_side=1 winner=1 timeout=False duration=20.04s bee_tsv=16->11 human_tsv=18->0 bee_fire_requests=111 bee_shots=1 bee_hits=1 bee_damage=75 bee_first_contact=0.03s bee_first_fire=20.01s bee_first_hit=20.04s bee_spawned=0 bee_agent_coverage=1/1 bee_weapons=Eye:111/1 bee_rewards=terminal:10.0000,tsv:0.3171,time:-0.0167,total:10.3004 human_fire_requests=112 human_shots=0 human_hits=2 human_damage=60 human_first_contact=0.03s human_first_fire=none human_first_hit=16.70s human_spawned=0 human_agent_coverage=1/1 human_weapons=DualCannon:112/0 human_rewards=terminal:-10.0000,tsv:-0.3295,time:0.0000,total:-10.3295
RL 1v1 episode=8 outcome=side_1_win bee_team=1 human_team=0 ships_per_side=1 winner=1 timeout=False duration=71.70s bee_tsv=16->8 human_tsv=18->0 bee_fire_requests=376 bee_shots=2 bee_hits=1 bee_damage=75 bee_first_contact=0.03s bee_first_fire=65.00s bee_first_hit=71.70s bee_spawned=0 bee_agent_coverage=1/1 bee_weapons=Eye:376/2 bee_rewards=terminal:10.0000,tsv:0.2289,time:-0.0598,total:10.1691 human_fire_requests=339 human_shots=0 human_hits=3 human_damage=90 human_first_contact=0.03s human_first_fire=none human_first_hit=20.04s human_spawned=0 human_agent_coverage=1/1 human_weapons=DualCannon:339/0 human_rewards=terminal:-10.0000,tsv:-0.2608,time:0.0000,total:-10.2608
RL 1v1 episode=9 outcome=side_1_win bee_team=0 human_team=1 ships_per_side=1 winner=1 timeout=False duration=37.53s bee_tsv=16->11 human_tsv=18->0 bee_fire_requests=195 bee_shots=1 bee_hits=1 bee_damage=75 bee_first_contact=0.02s bee_first_fire=37.50s bee_first_hit=37.52s bee_spawned=0 bee_agent_coverage=1/1 bee_weapons=Eye:195/1 bee_rewards=terminal:10.0000,tsv:0.3171,time:-0.0313,total:10.2858 human_fire_requests=190 human_shots=0 human_hits=2 human_damage=60 human_first_contact=0.02s human_first_fire=none human_first_hit=32.52s human_spawned=0 human_agent_coverage=1/1 human_weapons=DualCannon:190/0 human_rewards=terminal:-10.0000,tsv:-0.3295,time:0.0000,total:-10.3295
RL 1v1 episode=10 outcome=side_1_win bee_team=1 human_team=0 ships_per_side=1 winner=1 timeout=False duration=7.54s bee_tsv=16->16 human_tsv=18->0 bee_fire_requests=37 bee_shots=1 bee_hits=1 bee_damage=75 bee_first_contact=0.02s bee_first_fire=7.51s bee_first_hit=7.54s bee_spawned=0 bee_agent_coverage=1/1 bee_weapons=Eye:37/1 bee_rewards=terminal:10.0000,tsv:0.4641,time:-0.0063,total:10.4579 human_fire_requests=37 human_shots=0 human_hits=0 human_damage=0 human_first_contact=0.02s human_first_fire=none human_first_hit=none human_spawned=0 human_agent_coverage=1/1 human_weapons=DualCannon:37/0 human_rewards=terminal:-10.0000,tsv:-0.4571,time:0.0000,total:-10.4571
RL 1v1 summary episodes=10 bee_record=10-0 human_record=0-10 draws=0 timeouts=0 avg_duration=31.40s bee_shots=12 bee_hits=10 bee_hit_rate=83.33 % bee_damage=750 human_shots=0 human_hits=12 human_hit_rate=0.00 % human_damage=360
RL 1v1 episode=11 outcome=side_1_win bee_team=0 human_team=1 ships_per_side=1 winner=1 timeout=False duration=11.72s bee_tsv=16->16 human_tsv=18->0 bee_fire_requests=54 bee_shots=1 bee_hits=1 bee_damage=75 bee_first_contact=0.02s bee_first_fire=11.67s bee_first_hit=11.70s bee_spawned=0 bee_agent_coverage=1/1 bee_weapons=Eye:54/1 bee_rewards=terminal:10.0000,tsv:0.4641,time:-0.0098,total:10.4544 human_fire_requests=58 human_shots=0 human_hits=0 human_damage=0 human_first_contact=0.02s human_first_fire=none human_first_hit=none human_spawned=0 human_agent_coverage=1/1 human_weapons=DualCannon:58/0 human_rewards=terminal:-10.0000,tsv:-0.4571,time:0.0000,total:-10.4571
RL 1v1 episode=12 outcome=side_1_win bee_team=1 human_team=0 ships_per_side=1 winner=1 timeout=False duration=4.21s bee_tsv=16->11 human_tsv=18->0 bee_fire_requests=20 bee_shots=1 bee_hits=1 bee_damage=75 bee_first_contact=0.03s bee_first_fire=4.18s bee_first_hit=4.20s bee_spawned=0 bee_agent_coverage=1/1 bee_weapons=Eye:20/1 bee_rewards=terminal:10.0000,tsv:0.3171,time:-0.0035,total:10.3136 human_fire_requests=23 human_shots=0 human_hits=2 human_damage=60 human_first_contact=0.03s human_first_fire=none human_first_hit=4.20s human_spawned=0 human_agent_coverage=1/1 human_weapons=DualCannon:23/0 human_rewards=terminal:-10.0000,tsv:-0.3295,time:0.0000,total:-10.3295
RL 1v1 episode=13 outcome=side_1_win bee_team=0 human_team=1 ships_per_side=1 winner=1 timeout=False duration=11.71s bee_tsv=16->16 human_tsv=18->0 bee_fire_requests=63 bee_shots=1 bee_hits=1 bee_damage=75 bee_first_contact=0.02s bee_first_fire=11.67s bee_first_hit=11.70s bee_spawned=0 bee_agent_coverage=1/1 bee_weapons=Eye:63/1 bee_rewards=terminal:10.0000,tsv:0.4641,time:-0.0098,total:10.4544 human_fire_requests=47 human_shots=0 human_hits=0 human_damage=0 human_first_contact=0.02s human_first_fire=none human_first_hit=none human_spawned=0 human_agent_coverage=1/1 human_weapons=DualCannon:47/0 human_rewards=terminal:-10.0000,tsv:-0.4571,time:0.0000,total:-10.4571
RL 1v1 episode=14 outcome=side_1_win bee_team=1 human_team=0 ships_per_side=1 winner=1 timeout=False duration=10.87s bee_tsv=16->16 human_tsv=18->0 bee_fire_requests=59 bee_shots=1 bee_hits=1 bee_damage=75 bee_first_contact=0.02s bee_first_fire=10.84s bee_first_hit=10.86s bee_spawned=0 bee_agent_coverage=1/1 bee_weapons=Eye:59/1 bee_rewards=terminal:10.0000,tsv:0.4641,time:-0.0091,total:10.4551 human_fire_requests=59 human_shots=0 human_hits=0 human_damage=0 human_first_contact=0.02s human_first_fire=none human_first_hit=none human_spawned=0 human_agent_coverage=1/1 human_weapons=DualCannon:59/0 human_rewards=terminal:-10.0000,tsv:-0.4571,time:0.0000,total:-10.4571
RL 1v1 episode=15 outcome=side_1_win bee_team=0 human_team=1 ships_per_side=1 winner=1 timeout=False duration=47.54s bee_tsv=16->16 human_tsv=18->0 bee_fire_requests=238 bee_shots=1 bee_hits=1 bee_damage=75 bee_first_contact=0.02s bee_first_fire=47.51s bee_first_hit=47.54s bee_spawned=0 bee_agent_coverage=1/1 bee_weapons=Eye:238/1 bee_rewards=terminal:10.0000,tsv:0.4641,time:-0.0396,total:10.4245 human_fire_requests=235 human_shots=0 human_hits=0 human_damage=0 human_first_contact=0.02s human_first_fire=none human_first_hit=none human_spawned=0 human_agent_coverage=1/1 human_weapons=DualCannon:235/0 human_rewards=terminal:-10.0000,tsv:-0.4571,time:0.0000,total:-10.4571
RL 1v1 episode=16 outcome=side_1_win bee_team=1 human_team=0 ships_per_side=1 winner=1 timeout=False duration=21.72s bee_tsv=16->11 human_tsv=18->0 bee_fire_requests=114 bee_shots=2 bee_hits=1 bee_damage=75 bee_first_contact=0.02s bee_first_fire=2.50s bee_first_hit=21.70s bee_spawned=0 bee_agent_coverage=1/1 bee_weapons=Eye:114/2 bee_rewards=terminal:10.0000,tsv:0.3171,time:-0.0181,total:10.2990 human_fire_requests=113 human_shots=0 human_hits=2 human_damage=60 human_first_contact=0.02s human_first_fire=none human_first_hit=21.70s human_spawned=0 human_agent_coverage=1/1 human_weapons=DualCannon:113/0 human_rewards=terminal:-10.0000,tsv:-0.3295,time:0.0000,total:-10.3295
RL 1v1 episode=17 outcome=side_1_win bee_team=0 human_team=1 ships_per_side=1 winner=1 timeout=False duration=25.04s bee_tsv=16->16 human_tsv=18->0 bee_fire_requests=133 bee_shots=1 bee_hits=1 bee_damage=75 bee_first_contact=0.03s bee_first_fire=25.01s bee_first_hit=25.04s bee_spawned=0 bee_agent_coverage=1/1 bee_weapons=Eye:133/1 bee_rewards=terminal:10.0000,tsv:0.4641,time:-0.0209,total:10.4433 human_fire_requests=117 human_shots=0 human_hits=0 human_damage=0 human_first_contact=0.03s human_first_fire=none human_first_hit=none human_spawned=0 human_agent_coverage=1/1 human_weapons=DualCannon:117/0 human_rewards=terminal:-10.0000,tsv:-0.4571,time:0.0000,total:-10.4571
RL 1v1 episode=18 outcome=side_1_win bee_team=1 human_team=0 ships_per_side=1 winner=1 timeout=False duration=79.20s bee_tsv=16->8 human_tsv=18->0 bee_fire_requests=442 bee_shots=1 bee_hits=1 bee_damage=75 bee_first_contact=0.03s bee_first_fire=79.17s bee_first_hit=79.20s bee_spawned=0 bee_agent_coverage=1/1 bee_weapons=Eye:442/1 bee_rewards=terminal:10.0000,tsv:0.2289,time:-0.0660,total:10.1629 human_fire_requests=409 human_shots=0 human_hits=3 human_damage=90 human_first_contact=0.03s human_first_fire=none human_first_hit=32.54s human_spawned=0 human_agent_coverage=1/1 human_weapons=DualCannon:409/0 human_rewards=terminal:-10.0000,tsv:-0.2608,time:0.0000,total:-10.2608
RL 1v1 episode=19 outcome=side_1_win bee_team=0 human_team=1 ships_per_side=1 winner=1 timeout=False duration=19.22s bee_tsv=16->16 human_tsv=18->0 bee_fire_requests=77 bee_shots=1 bee_hits=1 bee_damage=75 bee_first_contact=0.02s bee_first_fire=19.17s bee_first_hit=19.20s bee_spawned=0 bee_agent_coverage=1/1 bee_weapons=Eye:77/1 bee_rewards=terminal:10.0000,tsv:0.4641,time:-0.0160,total:10.4481 human_fire_requests=116 human_shots=0 human_hits=0 human_damage=0 human_first_contact=0.02s human_first_fire=none human_first_hit=none human_spawned=0 human_agent_coverage=1/1 human_weapons=DualCannon:116/0 human_rewards=terminal:-10.0000,tsv:-0.4571,time:0.0000,total:-10.4571
RL 1v1 episode=20 outcome=side_1_win bee_team=1 human_team=0 ships_per_side=1 winner=1 timeout=False duration=10.89s bee_tsv=16->16 human_tsv=18->0 bee_fire_requests=57 bee_shots=1 bee_hits=1 bee_damage=75 bee_first_contact=0.03s bee_first_fire=10.84s bee_first_hit=10.88s bee_spawned=0 bee_agent_coverage=1/1 bee_weapons=Eye:57/1 bee_rewards=terminal:10.0000,tsv:0.4641,time:-0.0091,total:10.4551 human_fire_requests=50 human_shots=0 human_hits=0 human_damage=0 human_first_contact=0.03s human_first_fire=none human_first_hit=none human_spawned=0 human_agent_coverage=1/1 human_weapons=DualCannon:50/0 human_rewards=terminal:-10.0000,tsv:-0.4571,time:0.0000,total:-10.4571
RL 1v1 summary episodes=20 bee_record=20-0 human_record=0-20 draws=0 timeouts=0 avg_duration=27.81s bee_shots=23 bee_hits=20 bee_hit_rate=86.96 % bee_damage=1500 human_shots=0 human_hits=19 human_hit_rate=0.00 % human_damage=570
RL 1v1 episode=21 outcome=side_1_win bee_team=0 human_team=1 ships_per_side=1 winner=1 timeout=False duration=27.54s bee_tsv=16->16 human_tsv=18->0 bee_fire_requests=138 bee_shots=1 bee_hits=1 bee_damage=75 bee_first_contact=0.03s bee_first_fire=27.51s bee_first_hit=27.54s bee_spawned=0 bee_agent_coverage=1/1 bee_weapons=Eye:138/1 bee_rewards=terminal:10.0000,tsv:0.4641,time:-0.0230,total:10.4412 human_fire_requests=136 human_shots=0 human_hits=0 human_damage=0 human_first_contact=0.03s human_first_fire=none human_first_hit=none human_spawned=0 human_agent_coverage=1/1 human_weapons=DualCannon:136/0 human_rewards=terminal:-10.0000,tsv:-0.4571,time:0.0000,total:-10.4571
RL 1v1 episode=22 outcome=side_1_win bee_team=1 human_team=0 ships_per_side=1 winner=1 timeout=False duration=10.87s bee_tsv=16->13 human_tsv=18->0 bee_fire_requests=61 bee_shots=1 bee_hits=1 bee_damage=75 bee_first_contact=0.03s bee_first_fire=10.83s bee_first_hit=10.86s bee_spawned=0 bee_agent_coverage=1/1 bee_weapons=Eye:61/1 bee_rewards=terminal:10.0000,tsv:0.3759,time:-0.0091,total:10.3669 human_fire_requests=71 human_shots=0 human_hits=1 human_damage=30 human_first_contact=0.03s human_first_fire=none human_first_hit=4.20s human_spawned=0 human_agent_coverage=1/1 human_weapons=DualCannon:71/0 human_rewards=terminal:-10.0000,tsv:-0.3785,time:0.0000,total:-10.3785
RL 1v1 episode=23 outcome=side_1_win bee_team=0 human_team=1 ships_per_side=1 winner=1 timeout=False duration=9.20s bee_tsv=16->16 human_tsv=18->0 bee_fire_requests=48 bee_shots=1 bee_hits=1 bee_damage=75 bee_first_contact=0.02s bee_first_fire=9.17s bee_first_hit=9.20s bee_spawned=0 bee_agent_coverage=1/1 bee_weapons=Eye:48/1 bee_rewards=terminal:10.0000,tsv:0.4641,time:-0.0077,total:10.4565 human_fire_requests=42 human_shots=0 human_hits=0 human_damage=0 human_first_contact=0.02s human_first_fire=none human_first_hit=none human_spawned=0 human_agent_coverage=1/1 human_weapons=DualCannon:42/0 human_rewards=terminal:-10.0000,tsv:-0.4571,time:0.0000,total:-10.4571
[Physics::Module] Cleanup current backend.
[Physics::Module] Id: 0xf2b8ea05
Input System module state changed to: ShutdownInProgress.
Input Polling Thread exited.
Input System module state changed to: Shutdown.
CodeReloadManager destroyed
GarbageCollector disposing of ComputeBuffer. Please use ComputeBuffer.Release() or .Dispose() to manually release the buffer.
