Mono path[0] = 'F:/RLDemo/Bees RL Training/Bees_Data/Managed'
Mono config path = 'F:/RLDemo/Bees RL Training/MonoBleedingEdge/etc'
CodeReloadManager initialized
Input System module state changed to: Initialized.
[Physics::Module] Initialized fallback backend.
[Physics::Module] Id: 0xdecafbad
Initialize engine version: 6000.5.4f1 (d550df8bd089)
[Subsystems] Discovering subsystems at path F:/RLDemo/Bees RL Training/Bees_Data/UnitySubsystems
Forcing GfxDevice: Null
GfxDevice: creating device client; kGfxThreadingModeNonThreaded
NullGfxDevice:
    Version:  NULL 1.0 [1.0]
    Renderer: Null Device
    Vendor:   Unity Technologies
Begin MonoManager ReloadAssembly
- Finished resetting the current domain, in  0.418 seconds
[Physics::Module] Selected backend.
[Physics::Module] Name: PhysX
[Physics::Module] Id: 0xf2b8ea05
[Physics::Module] SDK Version: 4.1.2
[Physics::Module] Integration Version: 1.0.0
[Physics::Module] Threading Mode: Multi-Threaded
Microsoft Media Foundation video decoding to texture disabled: graphics device is Null, only Direct3D 11 and Direct3D 12 (only on desktop) are supported for hardware-accelerated video decoding.
Texture with ID 114 and with size 13376x6920 was too large for graphics device maximum supported texture size (8192x8192). Falling back to a dummy texture. Generate mip maps to provide lower size fallback.
Texture with ID 210 and with size 13376x6920 was too large for graphics device maximum supported texture size (8192x8192). Falling back to a dummy texture. Generate mip maps to provide lower size fallback.
Texture with ID 221 and with size 13376x6920 was too large for graphics device maximum supported texture size (8192x8192). Falling back to a dummy texture. Generate mip maps to provide lower size fallback.
Texture with ID 238 and with size 13376x6920 was too large for graphics device maximum supported texture size (8192x8192). Falling back to a dummy texture. Generate mip maps to provide lower size fallback.
UnloadTime: 1.401300 ms
UI Audio: DontDestroyOnLoad only works for root GameObjects or components on root GameObjects.
Trying to connect to ws://clashofempire.net:7146
Connection with WebSocketSharp open!
[Steamworks.NET] SteamAPI_Init() failed. Continuing without Steam features.
Steam API is unavailable; using local fallback identity.
User id is 2013868892
RL training configuration health_ratio=0.25 map_size=30 episode_timeout=120s ships_per_side=1 matchup_mode=fixed bee_ship_types=Wasp human_ship_types=Gunship
Can not play a disabled audio source
Registered Communicator in Agent.
RL policy ABI v5 bees-rl-v5|behavior=BeesRL1v1|network=ff-512x3|normalize=true|obs=4685|cont=34|disc=2x16,5,65,65,65|weapon-aim=slotwise-xy|weapon-fire=slotwise-cease-or-fire|weapon-ready=rl-latched-until-fire|shipbits=6|weaponbits=6|mapbits=4|shipmap=v1-0..23|weaponmap=v1-0..9|allies=64|enemies=64|weapons=16|enemy-mounts=16|mining=8|map-objects=64|moving-asteroids=48|self=29|capability=12|parent-carrier=19|entity=19|weapon=19|enemy-mount=22|mining-slot=7|map-slot=12|moving-asteroid-slot=11|objective=16|grid=13x13|entity-order=distance,type,fleet-id,runtime-id observations=4685 continuous_actions=34 weapon_fire_branches=16x2 special_branch=5 ally_target_branch=65 enemy_target_branch=65 map_object_target_branch=65 allies=64 enemies=64 moving_asteroids=48 mining_asteroids=8 map_objects=64 navigation_grid=13x13 weapon_slots=16 enemy_weapon_mounts=16 objective_channels=16 spawned_ship_control=dynamic
RL 1v1 episode=1 outcome=side_1_win bee_team=0 human_team=1 ships_per_side=1 winner=1 timeout=False duration=24.65s bee_tsv=16->16 human_tsv=18->0 bee_fire_requests=118 bee_shots=1 bee_hits=1 bee_damage=75 bee_first_contact=0.32s bee_first_fire=24.32s bee_first_hit=24.36s bee_spawned=0 bee_agent_coverage=1/1 bee_weapons=Eye:118/1 bee_rewards=terminal:10.0000,tsv:0.4641,time:-0.0205,total:10.4436 human_fire_requests=121 human_shots=0 human_hits=0 human_damage=0 human_first_contact=0.32s human_first_fire=none human_first_hit=none human_spawned=0 human_agent_coverage=1/1 human_weapons=DualCannon:121/0 human_rewards=terminal:-10.0000,tsv:-0.4571,time:0.0000,total:-10.4571
RL 1v1 episode=2 outcome=timeout bee_team=1 human_team=0 ships_per_side=1 winner=0 timeout=True duration=119.99s bee_tsv=16->16 human_tsv=18->18 bee_fire_requests=575 bee_shots=1 bee_hits=0 bee_damage=0 bee_first_contact=0.02s bee_first_fire=60.01s bee_first_hit=none bee_spawned=0 bee_agent_coverage=1/1 bee_weapons=Eye:575/1 bee_rewards=terminal:-10.0000,tsv:0.0723,time:0.0000,total:-9.9277 human_fire_requests=596 human_shots=0 human_hits=0 human_damage=0 human_first_contact=0.02s human_first_fire=none human_first_hit=none human_spawned=0 human_agent_coverage=1/1 human_weapons=DualCannon:596/0 human_rewards=terminal:-10.0000,tsv:0.0723,time:0.0000,total:-9.9277
RL 1v1 episode=3 outcome=side_1_win bee_team=0 human_team=1 ships_per_side=1 winner=1 timeout=False duration=65.06s bee_tsv=16->16 human_tsv=18->0 bee_fire_requests=323 bee_shots=3 bee_hits=1 bee_damage=75 bee_first_contact=0.02s bee_first_fire=3.34s bee_first_hit=65.04s bee_spawned=0 bee_agent_coverage=1/1 bee_weapons=Eye:323/3 bee_rewards=terminal:10.0000,tsv:0.4641,time:-0.0542,total:10.4099 human_fire_requests=338 human_shots=0 human_hits=0 human_damage=0 human_first_contact=0.02s human_first_fire=none human_first_hit=none human_spawned=0 human_agent_coverage=1/1 human_weapons=DualCannon:338/0 human_rewards=terminal:-10.0000,tsv:-0.4571,time:0.0000,total:-10.4571
RL 1v1 episode=4 outcome=timeout bee_team=1 human_team=0 ships_per_side=1 winner=0 timeout=True duration=120.00s bee_tsv=16->16 human_tsv=18->18 bee_fire_requests=602 bee_shots=1 bee_hits=0 bee_damage=0 bee_first_contact=0.03s bee_first_fire=109.18s bee_first_hit=none bee_spawned=0 bee_agent_coverage=1/1 bee_weapons=Eye:602/1 bee_rewards=terminal:-10.0000,tsv:0.0723,time:0.0000,total:-9.9277 human_fire_requests=609 human_shots=0 human_hits=0 human_damage=0 human_first_contact=0.03s human_first_fire=none human_first_hit=none human_spawned=0 human_agent_coverage=1/1 human_weapons=DualCannon:609/0 human_rewards=terminal:-10.0000,tsv:0.0723,time:0.0000,total:-9.9277
RL 1v1 episode=5 outcome=side_1_win bee_team=0 human_team=1 ships_per_side=1 winner=1 timeout=False duration=113.40s bee_tsv=16->13 human_tsv=18->0 bee_fire_requests=567 bee_shots=6 bee_hits=1 bee_damage=75 bee_first_contact=0.03s bee_first_fire=25.85s bee_first_hit=113.38s bee_spawned=0 bee_agent_coverage=1/1 bee_weapons=Eye:567/6 bee_rewards=terminal:10.0000,tsv:0.3759,time:-0.0945,total:10.2814 human_fire_requests=537 human_shots=0 human_hits=1 human_damage=30 human_first_contact=0.03s human_first_fire=none human_first_hit=14.20s human_spawned=0 human_agent_coverage=1/1 human_weapons=DualCannon:537/0 human_rewards=terminal:-10.0000,tsv:-0.3785,time:0.0000,total:-10.3785
