Mono path[0] = 'F:/RLDemo/Bees RL Training/Bees_Data/Managed'
Mono config path = 'F:/RLDemo/Bees RL Training/MonoBleedingEdge/etc'
CodeReloadManager initialized
Input System module state changed to: Initialized.
[Physics::Module] Initialized fallback backend.
[Physics::Module] Id: 0xdecafbad
Initialize engine version: 6000.5.4f1 (d550df8bd089)
[Subsystems] Discovering subsystems at path F:/RLDemo/Bees RL Training/Bees_Data/UnitySubsystems
Forcing GfxDevice: Null
GfxDevice: creating device client; kGfxThreadingModeNonThreaded
NullGfxDevice:
    Version:  NULL 1.0 [1.0]
    Renderer: Null Device
    Vendor:   Unity Technologies
Begin MonoManager ReloadAssembly
- Finished resetting the current domain, in  0.279 seconds
[Physics::Module] Selected backend.
[Physics::Module] Name: PhysX
[Physics::Module] Id: 0xf2b8ea05
[Physics::Module] SDK Version: 4.1.2
[Physics::Module] Integration Version: 1.0.0
[Physics::Module] Threading Mode: Multi-Threaded
Microsoft Media Foundation video decoding to texture disabled: graphics device is Null, only Direct3D 11 and Direct3D 12 (only on desktop) are supported for hardware-accelerated video decoding.
Texture with ID 114 and with size 13376x6920 was too large for graphics device maximum supported texture size (8192x8192). Falling back to a dummy texture. Generate mip maps to provide lower size fallback.
Texture with ID 210 and with size 13376x6920 was too large for graphics device maximum supported texture size (8192x8192). Falling back to a dummy texture. Generate mip maps to provide lower size fallback.
Texture with ID 221 and with size 13376x6920 was too large for graphics device maximum supported texture size (8192x8192). Falling back to a dummy texture. Generate mip maps to provide lower size fallback.
Texture with ID 238 and with size 13376x6920 was too large for graphics device maximum supported texture size (8192x8192). Falling back to a dummy texture. Generate mip maps to provide lower size fallback.
UnloadTime: 1.924000 ms
UI Audio: DontDestroyOnLoad only works for root GameObjects or components on root GameObjects.
Trying to connect to ws://clashofempire.net:7146
Connection with WebSocketSharp open!
[Steamworks.NET] SteamAPI_Init() failed. Continuing without Steam features.
Steam API is unavailable; using local fallback identity.
User id is 2013868892
RL training configuration health_ratio=0.25 map_size=30 episode_timeout=120s ships_per_side=1 matchup_mode=fixed bee_ship_types=Wasp human_ship_types=Gunship
Can not play a disabled audio source
Registered Communicator in Agent.
RL policy ABI v5 bees-rl-v5|behavior=BeesRL1v1|network=ff-512x3|normalize=true|obs=4685|cont=34|disc=2x16,5,65,65,65|weapon-aim=slotwise-xy|weapon-fire=slotwise-cease-or-fire|weapon-ready=rl-latched-until-fire|shipbits=6|weaponbits=6|mapbits=4|shipmap=v1-0..23|weaponmap=v1-0..9|allies=64|enemies=64|weapons=16|enemy-mounts=16|mining=8|map-objects=64|moving-asteroids=48|self=29|capability=12|parent-carrier=19|entity=19|weapon=19|enemy-mount=22|mining-slot=7|map-slot=12|moving-asteroid-slot=11|objective=16|grid=13x13|entity-order=distance,type,fleet-id,runtime-id observations=4685 continuous_actions=34 weapon_fire_branches=16x2 special_branch=5 ally_target_branch=65 enemy_target_branch=65 map_object_target_branch=65 allies=64 enemies=64 moving_asteroids=48 mining_asteroids=8 map_objects=64 navigation_grid=13x13 weapon_slots=16 enemy_weapon_mounts=16 objective_channels=16 spawned_ship_control=dynamic
RL 1v1 episode=1 outcome=side_1_win bee_team=0 human_team=1 ships_per_side=1 winner=1 timeout=False duration=52.99s bee_tsv=16->11 human_tsv=18->0 bee_fire_requests=259 bee_shots=3 bee_hits=1 bee_damage=75 bee_first_contact=0.33s bee_first_fire=19.99s bee_first_hit=52.68s bee_spawned=0 bee_agent_coverage=1/1 bee_weapons=Eye:259/3 bee_rewards=terminal:10.0000,tsv:0.3171,time:-0.0442,total:10.2729 human_fire_requests=253 human_shots=0 human_hits=2 human_damage=60 human_first_contact=0.33s human_first_fire=none human_first_hit=40.02s human_spawned=0 human_agent_coverage=1/1 human_weapons=DualCannon:253/0 human_rewards=terminal:-10.0000,tsv:-0.3295,time:0.0000,total:-10.3295
RL 1v1 episode=2 outcome=side_1_win bee_team=1 human_team=0 ships_per_side=1 winner=1 timeout=False duration=21.71s bee_tsv=16->16 human_tsv=18->0 bee_fire_requests=108 bee_shots=1 bee_hits=1 bee_damage=75 bee_first_contact=0.03s bee_first_fire=21.68s bee_first_hit=21.70s bee_spawned=0 bee_agent_coverage=1/1 bee_weapons=Eye:108/1 bee_rewards=terminal:10.0000,tsv:0.4641,time:-0.0181,total:10.4461 human_fire_requests=96 human_shots=0 human_hits=0 human_damage=0 human_first_contact=0.03s human_first_fire=none human_first_hit=none human_spawned=0 human_agent_coverage=1/1 human_weapons=DualCannon:96/0 human_rewards=terminal:-10.0000,tsv:-0.4571,time:0.0000,total:-10.4571
RL 1v1 episode=3 outcome=side_2_win bee_team=0 human_team=1 ships_per_side=1 winner=2 timeout=False duration=25.06s bee_tsv=16->0 human_tsv=18->18 bee_fire_requests=115 bee_shots=0 bee_hits=0 bee_damage=0 bee_first_contact=0.02s bee_first_fire=none bee_first_hit=none bee_spawned=0 bee_agent_coverage=1/1 bee_weapons=Eye:115/0 bee_rewards=terminal:-10.0000,tsv:-0.3983,time:0.0000,total:-10.3983 human_fire_requests=146 human_shots=0 human_hits=4 human_damage=100 human_first_contact=0.02s human_first_fire=none human_first_hit=6.70s human_spawned=0 human_agent_coverage=1/1 human_weapons=DualCannon:146/0 human_rewards=terminal:10.0000,tsv:0.4287,time:-0.0209,total:10.4078
RL 1v1 episode=4 outcome=side_2_win bee_team=1 human_team=0 ships_per_side=1 winner=2 timeout=False duration=49.21s bee_tsv=16->0 human_tsv=18->18 bee_fire_requests=235 bee_shots=0 bee_hits=0 bee_damage=0 bee_first_contact=0.03s bee_first_fire=none bee_first_hit=none bee_spawned=0 bee_agent_coverage=1/1 bee_weapons=Eye:235/0 bee_rewards=terminal:-10.0000,tsv:-0.3983,time:0.0000,total:-10.3983 human_fire_requests=245 human_shots=0 human_hits=4 human_damage=100 human_first_contact=0.03s human_first_fire=none human_first_hit=36.70s human_spawned=0 human_agent_coverage=1/1 human_weapons=DualCannon:245/0 human_rewards=terminal:10.0000,tsv:0.4287,time:-0.0410,total:10.3876
RL 1v1 episode=5 outcome=side_2_win bee_team=0 human_team=1 ships_per_side=1 winner=2 timeout=False duration=91.71s bee_tsv=16->0 human_tsv=18->18 bee_fire_requests=482 bee_shots=1 bee_hits=0 bee_damage=0 bee_first_contact=0.03s bee_first_fire=29.18s bee_first_hit=none bee_spawned=0 bee_agent_coverage=1/1 bee_weapons=Eye:482/1 bee_rewards=terminal:-10.0000,tsv:-0.3983,time:0.0000,total:-10.3983 human_fire_requests=466 human_shots=0 human_hits=4 human_damage=100 human_first_contact=0.03s human_first_fire=none human_first_hit=28.38s human_spawned=0 human_agent_coverage=1/1 human_weapons=DualCannon:466/0 human_rewards=terminal:10.0000,tsv:0.4287,time:-0.0764,total:10.3522
RL 1v1 episode=6 outcome=side_1_win bee_team=1 human_team=0 ships_per_side=1 winner=1 timeout=False duration=30.06s bee_tsv=16->11 human_tsv=18->0 bee_fire_requests=135 bee_shots=2 bee_hits=1 bee_damage=75 bee_first_contact=0.02s bee_first_fire=20.84s bee_first_hit=30.04s bee_spawned=0 bee_agent_coverage=1/1 bee_weapons=Eye:135/2 bee_rewards=terminal:10.0000,tsv:0.3171,time:-0.0250,total:10.2920 human_fire_requests=149 human_shots=0 human_hits=2 human_damage=60 human_first_contact=0.02s human_first_fire=none human_first_hit=15.04s human_spawned=0 human_agent_coverage=1/1 human_weapons=DualCannon:149/0 human_rewards=terminal:-10.0000,tsv:-0.3295,time:0.0000,total:-10.3295
RL 1v1 episode=7 outcome=side_1_win bee_team=0 human_team=1 ships_per_side=1 winner=1 timeout=False duration=35.90s bee_tsv=16->16 human_tsv=18->0 bee_fire_requests=198 bee_shots=1 bee_hits=1 bee_damage=75 bee_first_contact=0.03s bee_first_fire=35.85s bee_first_hit=35.88s bee_spawned=0 bee_agent_coverage=1/1 bee_weapons=Eye:198/1 bee_rewards=terminal:10.0000,tsv:0.4641,time:-0.0299,total:10.4342 human_fire_requests=186 human_shots=0 human_hits=0 human_damage=0 human_first_contact=0.03s human_first_fire=none human_first_hit=none human_spawned=0 human_agent_coverage=1/1 human_weapons=DualCannon:186/0 human_rewards=terminal:-10.0000,tsv:-0.4571,time:0.0000,total:-10.4571
RL 1v1 episode=8 outcome=side_1_win bee_team=1 human_team=0 ships_per_side=1 winner=1 timeout=False duration=56.71s bee_tsv=16->11 human_tsv=18->0 bee_fire_requests=285 bee_shots=2 bee_hits=1 bee_damage=75 bee_first_contact=0.03s bee_first_fire=3.35s bee_first_hit=56.70s bee_spawned=0 bee_agent_coverage=1/1 bee_weapons=Eye:285/2 bee_rewards=terminal:10.0000,tsv:0.3171,time:-0.0473,total:10.2698 human_fire_requests=269 human_shots=0 human_hits=2 human_damage=60 human_first_contact=0.03s human_first_fire=none human_first_hit=16.70s human_spawned=0 human_agent_coverage=1/1 human_weapons=DualCannon:269/0 human_rewards=terminal:-10.0000,tsv:-0.3295,time:0.0000,total:-10.3295
RL 1v1 episode=9 outcome=side_1_win bee_team=0 human_team=1 ships_per_side=1 winner=1 timeout=False duration=22.54s bee_tsv=16->11 human_tsv=18->0 bee_fire_requests=117 bee_shots=1 bee_hits=1 bee_damage=75 bee_first_contact=0.03s bee_first_fire=22.51s bee_first_hit=22.54s bee_spawned=0 bee_agent_coverage=1/1 bee_weapons=Eye:117/1 bee_rewards=terminal:10.0000,tsv:0.3171,time:-0.0188,total:10.2983 human_fire_requests=111 human_shots=0 human_hits=2 human_damage=60 human_first_contact=0.03s human_first_fire=none human_first_hit=16.70s human_spawned=0 human_agent_coverage=1/1 human_weapons=DualCannon:111/0 human_rewards=terminal:-10.0000,tsv:-0.3295,time:0.0000,total:-10.3295
RL 1v1 episode=10 outcome=side_1_win bee_team=1 human_team=0 ships_per_side=1 winner=1 timeout=False duration=26.72s bee_tsv=16->11 human_tsv=18->0 bee_fire_requests=132 bee_shots=1 bee_hits=1 bee_damage=75 bee_first_contact=0.02s bee_first_fire=26.67s bee_first_hit=26.70s bee_spawned=0 bee_agent_coverage=1/1 bee_weapons=Eye:132/1 bee_rewards=terminal:10.0000,tsv:0.3171,time:-0.0223,total:10.2948 human_fire_requests=142 human_shots=0 human_hits=2 human_damage=60 human_first_contact=0.02s human_first_fire=none human_first_hit=26.70s human_spawned=0 human_agent_coverage=1/1 human_weapons=DualCannon:142/0 human_rewards=terminal:-10.0000,tsv:-0.3295,time:0.0000,total:-10.3295
RL 1v1 summary episodes=10 bee_record=7-3 human_record=3-7 draws=0 timeouts=0 avg_duration=41.26s bee_shots=12 bee_hits=7 bee_hit_rate=58.33 % bee_damage=525 human_shots=0 human_hits=22 human_hit_rate=0.00 % human_damage=600
RL 1v1 episode=11 outcome=side_1_win bee_team=0 human_team=1 ships_per_side=1 winner=1 timeout=False duration=5.05s bee_tsv=16->16 human_tsv=18->0 bee_fire_requests=20 bee_shots=1 bee_hits=1 bee_damage=75 bee_first_contact=0.03s bee_first_fire=5.01s bee_first_hit=5.04s bee_spawned=0 bee_agent_coverage=1/1 bee_weapons=Eye:20/1 bee_rewards=terminal:10.0000,tsv:0.4641,time:-0.0042,total:10.4599 human_fire_requests=26 human_shots=0 human_hits=0 human_damage=0 human_first_contact=0.03s human_first_fire=none human_first_hit=none human_spawned=0 human_agent_coverage=1/1 human_weapons=DualCannon:26/0 human_rewards=terminal:-10.0000,tsv:-0.4571,time:0.0000,total:-10.4571
RL 1v1 episode=12 outcome=side_1_win bee_team=1 human_team=0 ships_per_side=1 winner=1 timeout=False duration=8.37s bee_tsv=16->16 human_tsv=18->0 bee_fire_requests=34 bee_shots=1 bee_hits=1 bee_damage=75 bee_first_contact=0.04s bee_first_fire=8.34s bee_first_hit=8.36s bee_spawned=0 bee_agent_coverage=1/1 bee_weapons=Eye:34/1 bee_rewards=terminal:10.0000,tsv:0.4641,time:-0.0070,total:10.4572 human_fire_requests=47 human_shots=0 human_hits=0 human_damage=0 human_first_contact=0.04s human_first_fire=none human_first_hit=none human_spawned=0 human_agent_coverage=1/1 human_weapons=DualCannon:47/0 human_rewards=terminal:-10.0000,tsv:-0.4571,time:0.0000,total:-10.4571
RL 1v1 episode=13 outcome=side_1_win bee_team=0 human_team=1 ships_per_side=1 winner=1 timeout=False duration=22.56s bee_tsv=16->16 human_tsv=18->0 bee_fire_requests=126 bee_shots=1 bee_hits=1 bee_damage=75 bee_first_contact=0.02s bee_first_fire=22.51s bee_first_hit=22.54s bee_spawned=0 bee_agent_coverage=1/1 bee_weapons=Eye:126/1 bee_rewards=terminal:10.0000,tsv:0.4641,time:-0.0188,total:10.4454 human_fire_requests=106 human_shots=0 human_hits=0 human_damage=0 human_first_contact=0.02s human_first_fire=none human_first_hit=none human_spawned=0 human_agent_coverage=1/1 human_weapons=DualCannon:106/0 human_rewards=terminal:-10.0000,tsv:-0.4571,time:0.0000,total:-10.4571
RL 1v1 episode=14 outcome=side_1_win bee_team=1 human_team=0 ships_per_side=1 winner=1 timeout=False duration=14.21s bee_tsv=16->16 human_tsv=18->0 bee_fire_requests=75 bee_shots=1 bee_hits=1 bee_damage=75 bee_first_contact=0.03s bee_first_fire=14.18s bee_first_hit=14.20s bee_spawned=0 bee_agent_coverage=1/1 bee_weapons=Eye:75/1 bee_rewards=terminal:10.0000,tsv:0.4641,time:-0.0118,total:10.4523 human_fire_requests=66 human_shots=0 human_hits=0 human_damage=0 human_first_contact=0.03s human_first_fire=none human_first_hit=none human_spawned=0 human_agent_coverage=1/1 human_weapons=DualCannon:66/0 human_rewards=terminal:-10.0000,tsv:-0.4571,time:0.0000,total:-10.4571
RL 1v1 episode=15 outcome=side_1_win bee_team=0 human_team=1 ships_per_side=1 winner=1 timeout=False duration=31.71s bee_tsv=16->11 human_tsv=18->0 bee_fire_requests=178 bee_shots=1 bee_hits=1 bee_damage=75 bee_first_contact=0.03s bee_first_fire=31.68s bee_first_hit=31.70s bee_spawned=0 bee_agent_coverage=1/1 bee_weapons=Eye:178/1 bee_rewards=terminal:10.0000,tsv:0.3171,time:-0.0264,total:10.2907 human_fire_requests=153 human_shots=0 human_hits=2 human_damage=60 human_first_contact=0.03s human_first_fire=none human_first_hit=18.38s human_spawned=0 human_agent_coverage=1/1 human_weapons=DualCannon:153/0 human_rewards=terminal:-10.0000,tsv:-0.3295,time:0.0000,total:-10.3295
RL 1v1 episode=16 outcome=side_1_win bee_team=1 human_team=0 ships_per_side=1 winner=1 timeout=False duration=54.21s bee_tsv=16->11 human_tsv=18->0 bee_fire_requests=297 bee_shots=2 bee_hits=1 bee_damage=75 bee_first_contact=0.02s bee_first_fire=43.34s bee_first_hit=54.20s bee_spawned=0 bee_agent_coverage=1/1 bee_weapons=Eye:297/2 bee_rewards=terminal:10.0000,tsv:0.3171,time:-0.0452,total:10.2719 human_fire_requests=269 human_shots=0 human_hits=2 human_damage=60 human_first_contact=0.02s human_first_fire=none human_first_hit=18.36s human_spawned=0 human_agent_coverage=1/1 human_weapons=DualCannon:269/0 human_rewards=terminal:-10.0000,tsv:-0.3295,time:0.0000,total:-10.3295
RL 1v1 episode=17 outcome=side_1_win bee_team=0 human_team=1 ships_per_side=1 winner=1 timeout=False duration=46.70s bee_tsv=16->16 human_tsv=18->0 bee_fire_requests=228 bee_shots=2 bee_hits=1 bee_damage=75 bee_first_contact=0.04s bee_first_fire=24.17s bee_first_hit=46.70s bee_spawned=0 bee_agent_coverage=1/1 bee_weapons=Eye:228/2 bee_rewards=terminal:10.0000,tsv:0.4641,time:-0.0389,total:10.4252 human_fire_requests=228 human_shots=0 human_hits=0 human_damage=0 human_first_contact=0.04s human_first_fire=none human_first_hit=none human_spawned=0 human_agent_coverage=1/1 human_weapons=DualCannon:228/0 human_rewards=terminal:-10.0000,tsv:-0.4571,time:0.0000,total:-10.4571
RL 1v1 episode=18 outcome=side_1_win bee_team=1 human_team=0 ships_per_side=1 winner=1 timeout=False duration=25.87s bee_tsv=16->16 human_tsv=18->0 bee_fire_requests=130 bee_shots=1 bee_hits=1 bee_damage=75 bee_first_contact=0.02s bee_first_fire=25.83s bee_first_hit=25.86s bee_spawned=0 bee_agent_coverage=1/1 bee_weapons=Eye:130/1 bee_rewards=terminal:10.0000,tsv:0.4641,time:-0.0216,total:10.4426 human_fire_requests=136 human_shots=0 human_hits=0 human_damage=0 human_first_contact=0.02s human_first_fire=none human_first_hit=none human_spawned=0 human_agent_coverage=1/1 human_weapons=DualCannon:136/0 human_rewards=terminal:-10.0000,tsv:-0.4571,time:0.0000,total:-10.4571
Unable to save timers to file F:/RLDemo/Bees RL Training/Bees_Data\ML-Agents\Timers\RL 1v1 Training_timers.json
[Physics::Module] Cleanup current backend.
[Physics::Module] Id: 0xf2b8ea05
Input System module state changed to: ShutdownInProgress.
Input Polling Thread exited.
Input System module state changed to: Shutdown.
CodeReloadManager destroyed
GarbageCollector disposing of ComputeBuffer. Please use ComputeBuffer.Release() or .Dispose() to manually release the buffer.
