Mono path[0] = 'F:/RLDemo/Bees RL Training/Bees_Data/Managed'
Mono config path = 'F:/RLDemo/Bees RL Training/MonoBleedingEdge/etc'
CodeReloadManager initialized
Input System module state changed to: Initialized.
[Physics::Module] Initialized fallback backend.
[Physics::Module] Id: 0xdecafbad
Initialize engine version: 6000.5.4f1 (d550df8bd089)
[Subsystems] Discovering subsystems at path F:/RLDemo/Bees RL Training/Bees_Data/UnitySubsystems
Forcing GfxDevice: Null
GfxDevice: creating device client; kGfxThreadingModeNonThreaded
NullGfxDevice:
    Version:  NULL 1.0 [1.0]
    Renderer: Null Device
    Vendor:   Unity Technologies
Begin MonoManager ReloadAssembly
- Finished resetting the current domain, in  0.419 seconds
[Physics::Module] Selected backend.
[Physics::Module] Name: PhysX
[Physics::Module] Id: 0xf2b8ea05
[Physics::Module] SDK Version: 4.1.2
[Physics::Module] Integration Version: 1.0.0
[Physics::Module] Threading Mode: Multi-Threaded
Microsoft Media Foundation video decoding to texture disabled: graphics device is Null, only Direct3D 11 and Direct3D 12 (only on desktop) are supported for hardware-accelerated video decoding.
Texture with ID 114 and with size 13376x6920 was too large for graphics device maximum supported texture size (8192x8192). Falling back to a dummy texture. Generate mip maps to provide lower size fallback.
Texture with ID 210 and with size 13376x6920 was too large for graphics device maximum supported texture size (8192x8192). Falling back to a dummy texture. Generate mip maps to provide lower size fallback.
Texture with ID 221 and with size 13376x6920 was too large for graphics device maximum supported texture size (8192x8192). Falling back to a dummy texture. Generate mip maps to provide lower size fallback.
Texture with ID 238 and with size 13376x6920 was too large for graphics device maximum supported texture size (8192x8192). Falling back to a dummy texture. Generate mip maps to provide lower size fallback.
UnloadTime: 1.403600 ms
UI Audio: DontDestroyOnLoad only works for root GameObjects or components on root GameObjects.
Trying to connect to ws://clashofempire.net:7146
Connection with WebSocketSharp open!
[Steamworks.NET] SteamAPI_Init() failed. Continuing without Steam features.
Steam API is unavailable; using local fallback identity.
User id is 2013868892
RL training configuration health_ratio=0.25 map_size=30 episode_timeout=120s ships_per_side=1 matchup_mode=fixed bee_ship_types=Wasp human_ship_types=Gunship
Can not play a disabled audio source
Registered Communicator in Agent.
RL policy ABI v5 bees-rl-v5|behavior=BeesRL1v1|network=ff-512x3|normalize=true|obs=4685|cont=34|disc=2x16,5,65,65,65|weapon-aim=slotwise-xy|weapon-fire=slotwise-cease-or-fire|weapon-ready=rl-latched-until-fire|shipbits=6|weaponbits=6|mapbits=4|shipmap=v1-0..23|weaponmap=v1-0..9|allies=64|enemies=64|weapons=16|enemy-mounts=16|mining=8|map-objects=64|moving-asteroids=48|self=29|capability=12|parent-carrier=19|entity=19|weapon=19|enemy-mount=22|mining-slot=7|map-slot=12|moving-asteroid-slot=11|objective=16|grid=13x13|entity-order=distance,type,fleet-id,runtime-id observations=4685 continuous_actions=34 weapon_fire_branches=16x2 special_branch=5 ally_target_branch=65 enemy_target_branch=65 map_object_target_branch=65 allies=64 enemies=64 moving_asteroids=48 mining_asteroids=8 map_objects=64 navigation_grid=13x13 weapon_slots=16 enemy_weapon_mounts=16 objective_channels=16 spawned_ship_control=dynamic
RL 1v1 episode=1 outcome=timeout bee_team=0 human_team=1 ships_per_side=1 winner=0 timeout=True duration=119.99s bee_tsv=16->16 human_tsv=18->18 bee_fire_requests=648 bee_shots=0 bee_hits=0 bee_damage=0 bee_first_contact=0.32s bee_first_fire=none bee_first_hit=none bee_spawned=0 bee_agent_coverage=1/1 bee_weapons=Eye:648/0 bee_rewards=terminal:-10.0000,tsv:0.0723,time:0.0000,total:-9.9277 human_fire_requests=615 human_shots=0 human_hits=0 human_damage=0 human_first_contact=0.32s human_first_fire=none human_first_hit=none human_spawned=0 human_agent_coverage=1/1 human_weapons=DualCannon:615/0 human_rewards=terminal:-10.0000,tsv:0.0723,time:0.0000,total:-9.9277
RL 1v1 episode=2 outcome=timeout bee_team=1 human_team=0 ships_per_side=1 winner=0 timeout=True duration=119.99s bee_tsv=16->11 human_tsv=18->18 bee_fire_requests=658 bee_shots=4 bee_hits=0 bee_damage=0 bee_first_contact=0.04s bee_first_fire=11.67s bee_first_hit=none bee_spawned=0 bee_agent_coverage=1/1 bee_weapons=Eye:658/4 bee_rewards=terminal:-10.0000,tsv:-0.0748,time:0.0000,total:-10.0748 human_fire_requests=624 human_shots=0 human_hits=2 human_damage=60 human_first_contact=0.04s human_first_fire=none human_first_hit=6.70s human_spawned=0 human_agent_coverage=1/1 human_weapons=DualCannon:624/0 human_rewards=terminal:-10.0000,tsv:0.1999,time:0.0000,total:-9.8001
RL 1v1 episode=3 outcome=timeout bee_team=0 human_team=1 ships_per_side=1 winner=0 timeout=True duration=119.99s bee_tsv=16->13 human_tsv=18->18 bee_fire_requests=600 bee_shots=1 bee_hits=0 bee_damage=0 bee_first_contact=0.04s bee_first_fire=78.34s bee_first_hit=none bee_spawned=0 bee_agent_coverage=1/1 bee_weapons=Eye:600/1 bee_rewards=terminal:-10.0000,tsv:-0.0159,time:0.0000,total:-10.0160 human_fire_requests=598 human_shots=0 human_hits=1 human_damage=30 human_first_contact=0.04s human_first_fire=none human_first_hit=101.70s human_spawned=0 human_agent_coverage=1/1 human_weapons=DualCannon:598/0 human_rewards=terminal:-10.0000,tsv:0.1509,time:0.0000,total:-9.8491
RL 1v1 episode=4 outcome=side_1_win bee_team=1 human_team=0 ships_per_side=1 winner=1 timeout=False duration=84.20s bee_tsv=16->11 human_tsv=18->0 bee_fire_requests=446 bee_shots=2 bee_hits=1 bee_damage=75 bee_first_contact=0.04s bee_first_fire=68.34s bee_first_hit=84.20s bee_spawned=0 bee_agent_coverage=1/1 bee_weapons=Eye:446/2 bee_rewards=terminal:10.0000,tsv:0.3171,time:-0.0702,total:10.2469 human_fire_requests=442 human_shots=0 human_hits=2 human_damage=60 human_first_contact=0.04s human_first_fire=none human_first_hit=8.36s human_spawned=0 human_agent_coverage=1/1 human_weapons=DualCannon:442/0 human_rewards=terminal:-10.0000,tsv:-0.3295,time:0.0000,total:-10.3295
RL 1v1 episode=5 outcome=timeout bee_team=0 human_team=1 ships_per_side=1 winner=0 timeout=True duration=119.98s bee_tsv=16->8 human_tsv=18->18 bee_fire_requests=638 bee_shots=1 bee_hits=0 bee_damage=0 bee_first_contact=0.02s bee_first_fire=4.17s bee_first_hit=none bee_spawned=0 bee_agent_coverage=1/1 bee_weapons=Eye:638/1 bee_rewards=terminal:-10.0000,tsv:-0.1630,time:0.0000,total:-10.1630 human_fire_requests=642 human_shots=0 human_hits=3 human_damage=90 human_first_contact=0.02s human_first_fire=none human_first_hit=70.86s human_spawned=0 human_agent_coverage=1/1 human_weapons=DualCannon:642/0 human_rewards=terminal:-10.0000,tsv:0.2686,time:0.0000,total:-9.7314
RL 1v1 episode=6 outcome=side_2_win bee_team=1 human_team=0 ships_per_side=1 winner=2 timeout=False duration=56.72s bee_tsv=16->0 human_tsv=18->18 bee_fire_requests=283 bee_shots=1 bee_hits=0 bee_damage=0 bee_first_contact=0.02s bee_first_fire=29.17s bee_first_hit=none bee_spawned=0 bee_agent_coverage=1/1 bee_weapons=Eye:283/1 bee_rewards=terminal:-10.0000,tsv:-0.3983,time:0.0000,total:-10.3983 human_fire_requests=293 human_shots=0 human_hits=4 human_damage=100 human_first_contact=0.02s human_first_fire=none human_first_hit=35.02s human_spawned=0 human_agent_coverage=1/1 human_weapons=DualCannon:293/0 human_rewards=terminal:10.0000,tsv:0.4287,time:-0.0473,total:10.3814
RL 1v1 episode=7 outcome=side_1_win bee_team=0 human_team=1 ships_per_side=1 winner=1 timeout=False duration=112.55s bee_tsv=16->13 human_tsv=18->0 bee_fire_requests=561 bee_shots=4 bee_hits=1 bee_damage=75 bee_first_contact=0.03s bee_first_fire=58.35s bee_first_hit=112.54s bee_spawned=0 bee_agent_coverage=1/1 bee_weapons=Eye:561/4 bee_rewards=terminal:10.0000,tsv:0.3759,time:-0.0938,total:10.2821 human_fire_requests=537 human_shots=0 human_hits=1 human_damage=30 human_first_contact=0.03s human_first_fire=none human_first_hit=84.20s human_spawned=0 human_agent_coverage=1/1 human_weapons=DualCannon:537/0 human_rewards=terminal:-10.0000,tsv:-0.3785,time:0.0000,total:-10.3785
RL 1v1 episode=8 outcome=timeout bee_team=1 human_team=0 ships_per_side=1 winner=0 timeout=True duration=119.99s bee_tsv=16->16 human_tsv=18->18 bee_fire_requests=587 bee_shots=1 bee_hits=0 bee_damage=0 bee_first_contact=0.04s bee_first_fire=63.34s bee_first_hit=none bee_spawned=0 bee_agent_coverage=1/1 bee_weapons=Eye:587/1 bee_rewards=terminal:-10.0000,tsv:0.0723,time:0.0000,total:-9.9277 human_fire_requests=562 human_shots=0 human_hits=0 human_damage=0 human_first_contact=0.04s human_first_fire=none human_first_hit=none human_spawned=0 human_agent_coverage=1/1 human_weapons=DualCannon:562/0 human_rewards=terminal:-10.0000,tsv:0.0723,time:0.0000,total:-9.9277
RL 1v1 episode=9 outcome=side_1_win bee_team=0 human_team=1 ships_per_side=1 winner=1 timeout=False duration=16.70s bee_tsv=16->16 human_tsv=18->0 bee_fire_requests=88 bee_shots=1 bee_hits=1 bee_damage=75 bee_first_contact=0.04s bee_first_fire=16.67s bee_first_hit=16.70s bee_spawned=0 bee_agent_coverage=1/1 bee_weapons=Eye:88/1 bee_rewards=terminal:10.0000,tsv:0.4641,time:-0.0139,total:10.4502 human_fire_requests=75 human_shots=0 human_hits=0 human_damage=0 human_first_contact=0.04s human_first_fire=none human_first_hit=none human_spawned=0 human_agent_coverage=1/1 human_weapons=DualCannon:75/0 human_rewards=terminal:-10.0000,tsv:-0.4571,time:0.0000,total:-10.4571
RL 1v1 episode=10 outcome=side_1_win bee_team=1 human_team=0 ships_per_side=1 winner=1 timeout=False duration=38.45s bee_tsv=16->16 human_tsv=18->0 bee_fire_requests=190 bee_shots=2 bee_hits=1 bee_damage=75 bee_first_contact=0.02s bee_first_fire=6.67s bee_first_hit=38.44s bee_spawned=0 bee_agent_coverage=1/1 bee_weapons=Eye:190/2 bee_rewards=terminal:10.0000,tsv:0.4641,time:-0.0320,total:10.4321 human_fire_requests=210 human_shots=0 human_hits=0 human_damage=0 human_first_contact=0.02s human_first_fire=none human_first_hit=none human_spawned=0 human_agent_coverage=1/1 human_weapons=DualCannon:210/0 human_rewards=terminal:-10.0000,tsv:-0.4571,time:0.0000,total:-10.4571
RL 1v1 summary episodes=10 bee_record=4-6 human_record=1-9 draws=0 timeouts=5 avg_duration=90.85s bee_shots=17 bee_hits=4 bee_hit_rate=23.53 % bee_damage=300 human_shots=0 human_hits=13 human_hit_rate=0.00 % human_damage=370
RL 1v1 episode=11 outcome=side_1_win bee_team=0 human_team=1 ships_per_side=1 winner=1 timeout=False duration=46.71s bee_tsv=16->16 human_tsv=18->0 bee_fire_requests=223 bee_shots=2 bee_hits=1 bee_damage=75 bee_first_contact=0.02s bee_first_fire=12.51s bee_first_hit=46.70s bee_spawned=0 bee_agent_coverage=1/1 bee_weapons=Eye:223/2 bee_rewards=terminal:10.0000,tsv:0.4641,time:-0.0389,total:10.4252 human_fire_requests=219 human_shots=0 human_hits=0 human_damage=0 human_first_contact=0.02s human_first_fire=none human_first_hit=none human_spawned=0 human_agent_coverage=1/1 human_weapons=DualCannon:219/0 human_rewards=terminal:-10.0000,tsv:-0.4571,time:0.0000,total:-10.4571
RL 1v1 episode=12 outcome=side_1_win bee_team=1 human_team=0 ships_per_side=1 winner=1 timeout=False duration=66.80s bee_tsv=16->16 human_tsv=18->0 bee_fire_requests=326 bee_shots=2 bee_hits=1 bee_damage=75 bee_first_contact=0.04s bee_first_fire=50.00s bee_first_hit=66.80s bee_spawned=0 bee_agent_coverage=1/1 bee_weapons=Eye:326/2 bee_rewards=terminal:10.0000,tsv:0.4641,time:-0.0557,total:10.4085 human_fire_requests=298 human_shots=0 human_hits=0 human_damage=0 human_first_contact=0.04s human_first_fire=none human_first_hit=none human_spawned=0 human_agent_coverage=1/1 human_weapons=DualCannon:298/0 human_rewards=terminal:-10.0000,tsv:-0.4571,time:0.0000,total:-10.4571
