Mono path[0] = 'F:/RLDemo/Bees RL Training/Bees_Data/Managed'
Mono config path = 'F:/RLDemo/Bees RL Training/MonoBleedingEdge/etc'
CodeReloadManager initialized
Input System module state changed to: Initialized.
[Physics::Module] Initialized fallback backend.
[Physics::Module] Id: 0xdecafbad
Initialize engine version: 6000.5.4f1 (d550df8bd089)
[Subsystems] Discovering subsystems at path F:/RLDemo/Bees RL Training/Bees_Data/UnitySubsystems
Forcing GfxDevice: Null
GfxDevice: creating device client; kGfxThreadingModeNonThreaded
NullGfxDevice:
    Version:  NULL 1.0 [1.0]
    Renderer: Null Device
    Vendor:   Unity Technologies
Begin MonoManager ReloadAssembly
- Finished resetting the current domain, in  0.069 seconds
[Physics::Module] Selected backend.
[Physics::Module] Name: PhysX
[Physics::Module] Id: 0xf2b8ea05
[Physics::Module] SDK Version: 4.1.2
[Physics::Module] Integration Version: 1.0.0
[Physics::Module] Threading Mode: Multi-Threaded
Microsoft Media Foundation video decoding to texture disabled: graphics device is Null, only Direct3D 11 and Direct3D 12 (only on desktop) are supported for hardware-accelerated video decoding.
Texture with ID 114 and with size 13376x6920 was too large for graphics device maximum supported texture size (8192x8192). Falling back to a dummy texture. Generate mip maps to provide lower size fallback.
Texture with ID 210 and with size 13376x6920 was too large for graphics device maximum supported texture size (8192x8192). Falling back to a dummy texture. Generate mip maps to provide lower size fallback.
Texture with ID 221 and with size 13376x6920 was too large for graphics device maximum supported texture size (8192x8192). Falling back to a dummy texture. Generate mip maps to provide lower size fallback.
Texture with ID 238 and with size 13376x6920 was too large for graphics device maximum supported texture size (8192x8192). Falling back to a dummy texture. Generate mip maps to provide lower size fallback.
UnloadTime: 1.804800 ms
UI Audio: DontDestroyOnLoad only works for root GameObjects or components on root GameObjects.
Trying to connect to ws://clashofempire.net:7146
Connection with WebSocketSharp open!
[Steamworks.NET] SteamAPI_Init() failed. Continuing without Steam features.
Steam API is unavailable; using local fallback identity.
User id is 2013868892
RL training configuration health_ratio=0.25 map_size=30 episode_timeout=120s ships_per_side=1 matchup_mode=fixed bee_ship_types=Wasp human_ship_types=Gunship
Can not play a disabled audio source
Registered Communicator in Agent.
RL policy ABI v5 bees-rl-v5|behavior=BeesRL1v1|network=ff-512x3|normalize=true|obs=4685|cont=34|disc=2x16,5,65,65,65|weapon-aim=slotwise-xy|weapon-fire=slotwise-cease-or-fire|weapon-ready=rl-latched-until-fire|shipbits=6|weaponbits=6|mapbits=4|shipmap=v1-0..23|weaponmap=v1-0..9|allies=64|enemies=64|weapons=16|enemy-mounts=16|mining=8|map-objects=64|moving-asteroids=48|self=29|capability=12|parent-carrier=19|entity=19|weapon=19|enemy-mount=22|mining-slot=7|map-slot=12|moving-asteroid-slot=11|objective=16|grid=13x13|entity-order=distance,type,fleet-id,runtime-id observations=4685 continuous_actions=34 weapon_fire_branches=16x2 special_branch=5 ally_target_branch=65 enemy_target_branch=65 map_object_target_branch=65 allies=64 enemies=64 moving_asteroids=48 mining_asteroids=8 map_objects=64 navigation_grid=13x13 weapon_slots=16 enemy_weapon_mounts=16 objective_channels=16 spawned_ship_control=dynamic
RL 1v1 episode=1 outcome=side_1_win bee_team=0 human_team=1 ships_per_side=1 winner=1 timeout=False duration=36.33s bee_tsv=16->16 human_tsv=18->0 bee_fire_requests=175 bee_shots=1 bee_hits=1 bee_damage=75 bee_first_contact=0.33s bee_first_fire=35.99s bee_first_hit=36.02s bee_spawned=0 bee_agent_coverage=1/1 bee_weapons=Eye:175/1 bee_rewards=terminal:10.0000,tsv:0.4641,time:-0.0303,total:10.4339 human_fire_requests=194 human_shots=0 human_hits=0 human_damage=0 human_first_contact=0.33s human_first_fire=none human_first_hit=none human_spawned=0 human_agent_coverage=1/1 human_weapons=DualCannon:194/0 human_rewards=terminal:-10.0000,tsv:-0.4571,time:0.0000,total:-10.4571
RL 1v1 episode=2 outcome=side_1_win bee_team=1 human_team=0 ships_per_side=1 winner=1 timeout=False duration=9.20s bee_tsv=16->16 human_tsv=18->0 bee_fire_requests=44 bee_shots=1 bee_hits=1 bee_damage=75 bee_first_contact=0.02s bee_first_fire=9.17s bee_first_hit=9.20s bee_spawned=0 bee_agent_coverage=1/1 bee_weapons=Eye:44/1 bee_rewards=terminal:10.0000,tsv:0.4641,time:-0.0077,total:10.4565 human_fire_requests=51 human_shots=0 human_hits=0 human_damage=0 human_first_contact=0.02s human_first_fire=none human_first_hit=none human_spawned=0 human_agent_coverage=1/1 human_weapons=DualCannon:51/0 human_rewards=terminal:-10.0000,tsv:-0.4571,time:0.0000,total:-10.4571
RL 1v1 episode=3 outcome=side_1_win bee_team=0 human_team=1 ships_per_side=1 winner=1 timeout=False duration=58.37s bee_tsv=16->16 human_tsv=18->0 bee_fire_requests=287 bee_shots=1 bee_hits=1 bee_damage=75 bee_first_contact=0.03s bee_first_fire=58.33s bee_first_hit=58.36s bee_spawned=0 bee_agent_coverage=1/1 bee_weapons=Eye:287/1 bee_rewards=terminal:10.0000,tsv:0.4641,time:-0.0486,total:10.4155 human_fire_requests=293 human_shots=0 human_hits=0 human_damage=0 human_first_contact=0.03s human_first_fire=none human_first_hit=none human_spawned=0 human_agent_coverage=1/1 human_weapons=DualCannon:293/0 human_rewards=terminal:-10.0000,tsv:-0.4571,time:0.0000,total:-10.4571
RL 1v1 episode=4 outcome=side_1_win bee_team=1 human_team=0 ships_per_side=1 winner=1 timeout=False duration=27.55s bee_tsv=16->16 human_tsv=18->0 bee_fire_requests=140 bee_shots=2 bee_hits=1 bee_damage=75 bee_first_contact=0.02s bee_first_fire=9.17s bee_first_hit=27.54s bee_spawned=0 bee_agent_coverage=1/1 bee_weapons=Eye:140/2 bee_rewards=terminal:10.0000,tsv:0.4641,time:-0.0230,total:10.4412 human_fire_requests=124 human_shots=0 human_hits=0 human_damage=0 human_first_contact=0.02s human_first_fire=none human_first_hit=none human_spawned=0 human_agent_coverage=1/1 human_weapons=DualCannon:124/0 human_rewards=terminal:-10.0000,tsv:-0.4571,time:0.0000,total:-10.4571
RL 1v1 episode=5 outcome=side_1_win bee_team=0 human_team=1 ships_per_side=1 winner=1 timeout=False duration=54.21s bee_tsv=16->11 human_tsv=18->0 bee_fire_requests=293 bee_shots=2 bee_hits=1 bee_damage=75 bee_first_contact=0.03s bee_first_fire=37.51s bee_first_hit=54.20s bee_spawned=0 bee_agent_coverage=1/1 bee_weapons=Eye:293/2 bee_rewards=terminal:10.0000,tsv:0.3171,time:-0.0452,total:10.2719 human_fire_requests=284 human_shots=0 human_hits=2 human_damage=60 human_first_contact=0.03s human_first_fire=none human_first_hit=23.38s human_spawned=0 human_agent_coverage=1/1 human_weapons=DualCannon:284/0 human_rewards=terminal:-10.0000,tsv:-0.3295,time:0.0000,total:-10.3295
RL 1v1 episode=6 outcome=side_1_win bee_team=1 human_team=0 ships_per_side=1 winner=1 timeout=False duration=27.54s bee_tsv=16->16 human_tsv=18->0 bee_fire_requests=140 bee_shots=1 bee_hits=1 bee_damage=75 bee_first_contact=0.02s bee_first_fire=27.51s bee_first_hit=27.54s bee_spawned=0 bee_agent_coverage=1/1 bee_weapons=Eye:140/1 bee_rewards=terminal:10.0000,tsv:0.4641,time:-0.0230,total:10.4412 human_fire_requests=141 human_shots=0 human_hits=0 human_damage=0 human_first_contact=0.02s human_first_fire=none human_first_hit=none human_spawned=0 human_agent_coverage=1/1 human_weapons=DualCannon:141/0 human_rewards=terminal:-10.0000,tsv:-0.4571,time:0.0000,total:-10.4571
RL 1v1 episode=7 outcome=side_1_win bee_team=0 human_team=1 ships_per_side=1 winner=1 timeout=False duration=9.22s bee_tsv=16->16 human_tsv=18->0 bee_fire_requests=51 bee_shots=1 bee_hits=1 bee_damage=75 bee_first_contact=0.02s bee_first_fire=9.17s bee_first_hit=9.20s bee_spawned=0 bee_agent_coverage=1/1 bee_weapons=Eye:51/1 bee_rewards=terminal:10.0000,tsv:0.4641,time:-0.0077,total:10.4565 human_fire_requests=47 human_shots=0 human_hits=0 human_damage=0 human_first_contact=0.02s human_first_fire=none human_first_hit=none human_spawned=0 human_agent_coverage=1/1 human_weapons=DualCannon:47/0 human_rewards=terminal:-10.0000,tsv:-0.4571,time:0.0000,total:-10.4571
RL 1v1 episode=8 outcome=side_1_win bee_team=1 human_team=0 ships_per_side=1 winner=1 timeout=False duration=95.04s bee_tsv=16->11 human_tsv=18->0 bee_fire_requests=505 bee_shots=1 bee_hits=1 bee_damage=75 bee_first_contact=0.03s bee_first_fire=95.01s bee_first_hit=95.04s bee_spawned=0 bee_agent_coverage=1/1 bee_weapons=Eye:505/1 bee_rewards=terminal:10.0000,tsv:0.3171,time:-0.0792,total:10.2379 human_fire_requests=446 human_shots=0 human_hits=2 human_damage=60 human_first_contact=0.03s human_first_fire=none human_first_hit=90.88s human_spawned=0 human_agent_coverage=1/1 human_weapons=DualCannon:446/0 human_rewards=terminal:-10.0000,tsv:-0.3295,time:0.0000,total:-10.3295
RL 1v1 episode=9 outcome=side_2_win bee_team=0 human_team=1 ships_per_side=1 winner=2 timeout=False duration=31.70s bee_tsv=16->0 human_tsv=18->18 bee_fire_requests=167 bee_shots=0 bee_hits=0 bee_damage=0 bee_first_contact=0.03s bee_first_fire=none bee_first_hit=none bee_spawned=0 bee_agent_coverage=1/1 bee_weapons=Eye:167/0 bee_rewards=terminal:-10.0000,tsv:-0.3983,time:0.0000,total:-10.3983 human_fire_requests=162 human_shots=0 human_hits=4 human_damage=100 human_first_contact=0.03s human_first_fire=none human_first_hit=20.04s human_spawned=0 human_agent_coverage=1/1 human_weapons=DualCannon:162/0 human_rewards=terminal:10.0000,tsv:0.4287,time:-0.0264,total:10.4022
RL 1v1 episode=10 outcome=side_1_win bee_team=1 human_team=0 ships_per_side=1 winner=1 timeout=False duration=46.72s bee_tsv=16->16 human_tsv=18->0 bee_fire_requests=240 bee_shots=1 bee_hits=1 bee_damage=75 bee_first_contact=0.02s bee_first_fire=46.67s bee_first_hit=46.70s bee_spawned=0 bee_agent_coverage=1/1 bee_weapons=Eye:240/1 bee_rewards=terminal:10.0000,tsv:0.4641,time:-0.0389,total:10.4252 human_fire_requests=258 human_shots=0 human_hits=0 human_damage=0 human_first_contact=0.02s human_first_fire=none human_first_hit=none human_spawned=0 human_agent_coverage=1/1 human_weapons=DualCannon:258/0 human_rewards=terminal:-10.0000,tsv:-0.4571,time:0.0000,total:-10.4571
RL 1v1 summary episodes=10 bee_record=9-1 human_record=1-9 draws=0 timeouts=0 avg_duration=39.59s bee_shots=11 bee_hits=9 bee_hit_rate=81.82 % bee_damage=675 human_shots=0 human_hits=8 human_hit_rate=0.00 % human_damage=220
RL 1v1 episode=11 outcome=side_1_win bee_team=0 human_team=1 ships_per_side=1 winner=1 timeout=False duration=5.89s bee_tsv=16->16 human_tsv=18->0 bee_fire_requests=21 bee_shots=1 bee_hits=1 bee_damage=75 bee_first_contact=0.03s bee_first_fire=5.84s bee_first_hit=5.88s bee_spawned=0 bee_agent_coverage=1/1 bee_weapons=Eye:21/1 bee_rewards=terminal:10.0000,tsv:0.4641,time:-0.0049,total:10.4592 human_fire_requests=35 human_shots=0 human_hits=0 human_damage=0 human_first_contact=0.03s human_first_fire=none human_first_hit=none human_spawned=0 human_agent_coverage=1/1 human_weapons=DualCannon:35/0 human_rewards=terminal:-10.0000,tsv:-0.4571,time:0.0000,total:-10.4571
RL 1v1 episode=12 outcome=side_1_win bee_team=1 human_team=0 ships_per_side=1 winner=1 timeout=False duration=35.89s bee_tsv=16->13 human_tsv=18->0 bee_fire_requests=187 bee_shots=2 bee_hits=1 bee_damage=75 bee_first_contact=0.03s bee_first_fire=28.34s bee_first_hit=35.88s bee_spawned=0 bee_agent_coverage=1/1 bee_weapons=Eye:187/2 bee_rewards=terminal:10.0000,tsv:0.3759,time:-0.0299,total:10.3460 human_fire_requests=166 human_shots=0 human_hits=1 human_damage=30 human_first_contact=0.03s human_first_fire=none human_first_hit=34.20s human_spawned=0 human_agent_coverage=1/1 human_weapons=DualCannon:166/0 human_rewards=terminal:-10.0000,tsv:-0.3785,time:0.0000,total:-10.3785
RL 1v1 episode=13 outcome=side_1_win bee_team=0 human_team=1 ships_per_side=1 winner=1 timeout=False duration=79.21s bee_tsv=16->16 human_tsv=18->0 bee_fire_requests=425 bee_shots=2 bee_hits=1 bee_damage=75 bee_first_contact=0.03s bee_first_fire=54.18s bee_first_hit=79.20s bee_spawned=0 bee_agent_coverage=1/1 bee_weapons=Eye:425/2 bee_rewards=terminal:10.0000,tsv:0.4641,time:-0.0660,total:10.3981 human_fire_requests=392 human_shots=0 human_hits=0 human_damage=0 human_first_contact=0.03s human_first_fire=none human_first_hit=none human_spawned=0 human_agent_coverage=1/1 human_weapons=DualCannon:392/0 human_rewards=terminal:-10.0000,tsv:-0.4571,time:0.0000,total:-10.4571
RL 1v1 episode=14 outcome=side_1_win bee_team=1 human_team=0 ships_per_side=1 winner=1 timeout=False duration=14.21s bee_tsv=16->16 human_tsv=18->0 bee_fire_requests=71 bee_shots=1 bee_hits=1 bee_damage=75 bee_first_contact=0.02s bee_first_fire=14.17s bee_first_hit=14.20s bee_spawned=0 bee_agent_coverage=1/1 bee_weapons=Eye:71/1 bee_rewards=terminal:10.0000,tsv:0.4641,time:-0.0118,total:10.4523 human_fire_requests=68 human_shots=0 human_hits=0 human_damage=0 human_first_contact=0.02s human_first_fire=none human_first_hit=none human_spawned=0 human_agent_coverage=1/1 human_weapons=DualCannon:68/0 human_rewards=terminal:-10.0000,tsv:-0.4571,time:0.0000,total:-10.4571
RL 1v1 episode=15 outcome=side_1_win bee_team=0 human_team=1 ships_per_side=1 winner=1 timeout=False duration=15.87s bee_tsv=16->16 human_tsv=18->0 bee_fire_requests=84 bee_shots=1 bee_hits=1 bee_damage=75 bee_first_contact=0.02s bee_first_fire=15.84s bee_first_hit=15.86s bee_spawned=0 bee_agent_coverage=1/1 bee_weapons=Eye:84/1 bee_rewards=terminal:10.0000,tsv:0.4641,time:-0.0132,total:10.4509 human_fire_requests=81 human_shots=0 human_hits=0 human_damage=0 human_first_contact=0.02s human_first_fire=none human_first_hit=none human_spawned=0 human_agent_coverage=1/1 human_weapons=DualCannon:81/0 human_rewards=terminal:-10.0000,tsv:-0.4571,time:0.0000,total:-10.4571
RL 1v1 episode=16 outcome=side_1_win bee_team=1 human_team=0 ships_per_side=1 winner=1 timeout=False duration=34.21s bee_tsv=16->11 human_tsv=18->0 bee_fire_requests=177 bee_shots=1 bee_hits=1 bee_damage=75 bee_first_contact=0.02s bee_first_fire=34.17s bee_first_hit=34.20s bee_spawned=0 bee_agent_coverage=1/1 bee_weapons=Eye:177/1 bee_rewards=terminal:10.0000,tsv:0.3171,time:-0.0285,total:10.2886 human_fire_requests=160 human_shots=0 human_hits=2 human_damage=60 human_first_contact=0.02s human_first_fire=none human_first_hit=6.70s human_spawned=0 human_agent_coverage=1/1 human_weapons=DualCannon:160/0 human_rewards=terminal:-10.0000,tsv:-0.3295,time:0.0000,total:-10.3295
RL 1v1 episode=17 outcome=side_1_win bee_team=0 human_team=1 ships_per_side=1 winner=1 timeout=False duration=27.55s bee_tsv=16->11 human_tsv=18->0 bee_fire_requests=124 bee_shots=1 bee_hits=1 bee_damage=75 bee_first_contact=0.02s bee_first_fire=27.50s bee_first_hit=27.54s bee_spawned=0 bee_agent_coverage=1/1 bee_weapons=Eye:124/1 bee_rewards=terminal:10.0000,tsv:0.3171,time:-0.0230,total:10.2941 human_fire_requests=135 human_shots=0 human_hits=2 human_damage=60 human_first_contact=0.02s human_first_fire=none human_first_hit=27.54s human_spawned=0 human_agent_coverage=1/1 human_weapons=DualCannon:135/0 human_rewards=terminal:-10.0000,tsv:-0.3295,time:0.0000,total:-10.3295
RL 1v1 episode=18 outcome=side_2_win bee_team=1 human_team=0 ships_per_side=1 winner=2 timeout=False duration=23.39s bee_tsv=16->0 human_tsv=18->18 bee_fire_requests=119 bee_shots=0 bee_hits=0 bee_damage=0 bee_first_contact=0.03s bee_first_fire=none bee_first_hit=none bee_spawned=0 bee_agent_coverage=1/1 bee_weapons=Eye:119/0 bee_rewards=terminal:-10.0000,tsv:-0.3983,time:0.0000,total:-10.3983 human_fire_requests=119 human_shots=0 human_hits=4 human_damage=100 human_first_contact=0.03s human_first_fire=none human_first_hit=9.20s human_spawned=0 human_agent_coverage=1/1 human_weapons=DualCannon:119/0 human_rewards=terminal:10.0000,tsv:0.4287,time:-0.0195,total:10.4092
RL 1v1 episode=19 outcome=side_1_win bee_team=0 human_team=1 ships_per_side=1 winner=1 timeout=False duration=5.04s bee_tsv=16->16 human_tsv=18->0 bee_fire_requests=25 bee_shots=1 bee_hits=1 bee_damage=75 bee_first_contact=0.03s bee_first_fire=5.01s bee_first_hit=5.04s bee_spawned=0 bee_agent_coverage=1/1 bee_weapons=Eye:25/1 bee_rewards=terminal:10.0000,tsv:0.4641,time:-0.0042,total:10.4599 human_fire_requests=29 human_shots=0 human_hits=0 human_damage=0 human_first_contact=0.03s human_first_fire=none human_first_hit=none human_spawned=0 human_agent_coverage=1/1 human_weapons=DualCannon:29/0 human_rewards=terminal:-10.0000,tsv:-0.4571,time:0.0000,total:-10.4571
Unable to save timers to file F:/RLDemo/Bees RL Training/Bees_Data\ML-Agents\Timers\RL 1v1 Training_timers.json
[Physics::Module] Cleanup current backend.
[Physics::Module] Id: 0xf2b8ea05
Input System module state changed to: ShutdownInProgress.
Input Polling Thread exited.
Input System module state changed to: Shutdown.
CodeReloadManager destroyed
GarbageCollector disposing of ComputeBuffer. Please use ComputeBuffer.Release() or .Dispose() to manually release the buffer.
