Mono path[0] = 'F:/RLDemo/Bees RL Training/Bees_Data/Managed'
Mono config path = 'F:/RLDemo/Bees RL Training/MonoBleedingEdge/etc'
CodeReloadManager initialized
Input System module state changed to: Initialized.
[Physics::Module] Initialized fallback backend.
[Physics::Module] Id: 0xdecafbad
Initialize engine version: 6000.5.4f1 (d550df8bd089)
[Subsystems] Discovering subsystems at path F:/RLDemo/Bees RL Training/Bees_Data/UnitySubsystems
Forcing GfxDevice: Null
GfxDevice: creating device client; kGfxThreadingModeNonThreaded
NullGfxDevice:
    Version:  NULL 1.0 [1.0]
    Renderer: Null Device
    Vendor:   Unity Technologies
Begin MonoManager ReloadAssembly
- Finished resetting the current domain, in  0.102 seconds
[Physics::Module] Selected backend.
[Physics::Module] Name: PhysX
[Physics::Module] Id: 0xf2b8ea05
[Physics::Module] SDK Version: 4.1.2
[Physics::Module] Integration Version: 1.0.0
[Physics::Module] Threading Mode: Multi-Threaded
Microsoft Media Foundation video decoding to texture disabled: graphics device is Null, only Direct3D 11 and Direct3D 12 (only on desktop) are supported for hardware-accelerated video decoding.
Texture with ID 114 and with size 13376x6920 was too large for graphics device maximum supported texture size (8192x8192). Falling back to a dummy texture. Generate mip maps to provide lower size fallback.
Texture with ID 210 and with size 13376x6920 was too large for graphics device maximum supported texture size (8192x8192). Falling back to a dummy texture. Generate mip maps to provide lower size fallback.
Texture with ID 221 and with size 13376x6920 was too large for graphics device maximum supported texture size (8192x8192). Falling back to a dummy texture. Generate mip maps to provide lower size fallback.
Texture with ID 238 and with size 13376x6920 was too large for graphics device maximum supported texture size (8192x8192). Falling back to a dummy texture. Generate mip maps to provide lower size fallback.
UnloadTime: 2.106100 ms
UI Audio: DontDestroyOnLoad only works for root GameObjects or components on root GameObjects.
Trying to connect to ws://clashofempire.net:7146
Connection with WebSocketSharp open!
[Steamworks.NET] SteamAPI_Init() failed. Continuing without Steam features.
Steam API is unavailable; using local fallback identity.
User id is 2013868892
RL training configuration health_ratio=0.25 map_size=30 episode_timeout=120s ships_per_side=1 matchup_mode=fixed bee_ship_types=Wasp human_ship_types=Gunship
Can not play a disabled audio source
Registered Communicator in Agent.
RL policy ABI v5 bees-rl-v5|behavior=BeesRL1v1|network=ff-512x3|normalize=true|obs=4685|cont=34|disc=2x16,5,65,65,65|weapon-aim=slotwise-xy|weapon-fire=slotwise-cease-or-fire|weapon-ready=rl-latched-until-fire|shipbits=6|weaponbits=6|mapbits=4|shipmap=v1-0..23|weaponmap=v1-0..9|allies=64|enemies=64|weapons=16|enemy-mounts=16|mining=8|map-objects=64|moving-asteroids=48|self=29|capability=12|parent-carrier=19|entity=19|weapon=19|enemy-mount=22|mining-slot=7|map-slot=12|moving-asteroid-slot=11|objective=16|grid=13x13|entity-order=distance,type,fleet-id,runtime-id observations=4685 continuous_actions=34 weapon_fire_branches=16x2 special_branch=5 ally_target_branch=65 enemy_target_branch=65 map_object_target_branch=65 allies=64 enemies=64 moving_asteroids=48 mining_asteroids=8 map_objects=64 navigation_grid=13x13 weapon_slots=16 enemy_weapon_mounts=16 objective_channels=16 spawned_ship_control=dynamic
RL 1v1 episode=1 outcome=side_1_win bee_team=0 human_team=1 ships_per_side=1 winner=1 timeout=False duration=34.65s bee_tsv=16->8 human_tsv=18->0 bee_fire_requests=166 bee_shots=1 bee_hits=1 bee_damage=75 bee_first_contact=0.32s bee_first_fire=34.32s bee_first_hit=34.34s bee_spawned=0 bee_agent_coverage=1/1 bee_weapons=Eye:166/1 bee_rewards=terminal:10.0000,tsv:0.2289,time:-0.0289,total:10.2000 human_fire_requests=173 human_shots=0 human_hits=3 human_damage=90 human_first_contact=0.32s human_first_fire=none human_first_hit=9.34s human_spawned=0 human_agent_coverage=1/1 human_weapons=DualCannon:173/0 human_rewards=terminal:-10.0000,tsv:-0.2608,time:0.0000,total:-10.2608
RL 1v1 episode=2 outcome=side_2_win bee_team=1 human_team=0 ships_per_side=1 winner=2 timeout=False duration=54.21s bee_tsv=16->0 human_tsv=18->18 bee_fire_requests=252 bee_shots=1 bee_hits=0 bee_damage=0 bee_first_contact=0.02s bee_first_fire=31.67s bee_first_hit=none bee_spawned=0 bee_agent_coverage=1/1 bee_weapons=Eye:252/1 bee_rewards=terminal:-10.0000,tsv:-0.3983,time:0.0000,total:-10.3983 human_fire_requests=273 human_shots=0 human_hits=4 human_damage=100 human_first_contact=0.02s human_first_fire=none human_first_hit=46.70s human_spawned=0 human_agent_coverage=1/1 human_weapons=DualCannon:273/0 human_rewards=terminal:10.0000,tsv:0.4287,time:-0.0452,total:10.3835
RL 1v1 episode=3 outcome=side_1_win bee_team=0 human_team=1 ships_per_side=1 winner=1 timeout=False duration=81.70s bee_tsv=16->11 human_tsv=18->0 bee_fire_requests=383 bee_shots=3 bee_hits=1 bee_damage=75 bee_first_contact=0.02s bee_first_fire=20.00s bee_first_hit=81.70s bee_spawned=0 bee_agent_coverage=1/1 bee_weapons=Eye:383/3 bee_rewards=terminal:10.0000,tsv:0.3171,time:-0.0681,total:10.2490 human_fire_requests=429 human_shots=0 human_hits=2 human_damage=60 human_first_contact=0.02s human_first_fire=none human_first_hit=35.04s human_spawned=0 human_agent_coverage=1/1 human_weapons=DualCannon:429/0 human_rewards=terminal:-10.0000,tsv:-0.3295,time:0.0000,total:-10.3295
RL 1v1 episode=4 outcome=side_2_win bee_team=1 human_team=0 ships_per_side=1 winner=2 timeout=False duration=68.37s bee_tsv=16->0 human_tsv=18->18 bee_fire_requests=344 bee_shots=1 bee_hits=0 bee_damage=0 bee_first_contact=0.03s bee_first_fire=58.33s bee_first_hit=none bee_spawned=0 bee_agent_coverage=1/1 bee_weapons=Eye:344/1 bee_rewards=terminal:-10.0000,tsv:-0.3983,time:0.0000,total:-10.3983 human_fire_requests=351 human_shots=0 human_hits=4 human_damage=100 human_first_contact=0.03s human_first_fire=none human_first_hit=53.36s human_spawned=0 human_agent_coverage=1/1 human_weapons=DualCannon:351/0 human_rewards=terminal:10.0000,tsv:0.4287,time:-0.0570,total:10.3717
RL 1v1 episode=5 outcome=side_1_win bee_team=0 human_team=1 ships_per_side=1 winner=1 timeout=False duration=35.05s bee_tsv=16->16 human_tsv=18->0 bee_fire_requests=183 bee_shots=1 bee_hits=1 bee_damage=75 bee_first_contact=0.02s bee_first_fire=35.00s bee_first_hit=35.04s bee_spawned=0 bee_agent_coverage=1/1 bee_weapons=Eye:183/1 bee_rewards=terminal:10.0000,tsv:0.4641,time:-0.0292,total:10.4349 human_fire_requests=171 human_shots=0 human_hits=0 human_damage=0 human_first_contact=0.02s human_first_fire=none human_first_hit=none human_spawned=0 human_agent_coverage=1/1 human_weapons=DualCannon:171/0 human_rewards=terminal:-10.0000,tsv:-0.4571,time:0.0000,total:-10.4571
RL 1v1 episode=6 outcome=side_2_win bee_team=1 human_team=0 ships_per_side=1 winner=2 timeout=False duration=71.71s bee_tsv=16->0 human_tsv=18->18 bee_fire_requests=387 bee_shots=0 bee_hits=0 bee_damage=0 bee_first_contact=0.03s bee_first_fire=none bee_first_hit=none bee_spawned=0 bee_agent_coverage=1/1 bee_weapons=Eye:387/0 bee_rewards=terminal:-10.0000,tsv:-0.3983,time:0.0000,total:-10.3983 human_fire_requests=352 human_shots=0 human_hits=4 human_damage=100 human_first_contact=0.03s human_first_fire=none human_first_hit=68.38s human_spawned=0 human_agent_coverage=1/1 human_weapons=DualCannon:352/0 human_rewards=terminal:10.0000,tsv:0.4287,time:-0.0598,total:10.3689
RL 1v1 episode=7 outcome=side_1_win bee_team=0 human_team=1 ships_per_side=1 winner=1 timeout=False duration=25.89s bee_tsv=16->11 human_tsv=18->0 bee_fire_requests=141 bee_shots=1 bee_hits=1 bee_damage=75 bee_first_contact=0.02s bee_first_fire=25.84s bee_first_hit=25.88s bee_spawned=0 bee_agent_coverage=1/1 bee_weapons=Eye:141/1 bee_rewards=terminal:10.0000,tsv:0.3171,time:-0.0216,total:10.2955 human_fire_requests=120 human_shots=0 human_hits=2 human_damage=60 human_first_contact=0.02s human_first_fire=none human_first_hit=10.04s human_spawned=0 human_agent_coverage=1/1 human_weapons=DualCannon:120/0 human_rewards=terminal:-10.0000,tsv:-0.3295,time:0.0000,total:-10.3295
RL 1v1 episode=8 outcome=side_1_win bee_team=1 human_team=0 ships_per_side=1 winner=1 timeout=False duration=24.21s bee_tsv=16->11 human_tsv=18->0 bee_fire_requests=142 bee_shots=1 bee_hits=1 bee_damage=75 bee_first_contact=0.02s bee_first_fire=24.17s bee_first_hit=24.20s bee_spawned=0 bee_agent_coverage=1/1 bee_weapons=Eye:142/1 bee_rewards=terminal:10.0000,tsv:0.3171,time:-0.0202,total:10.2969 human_fire_requests=128 human_shots=0 human_hits=2 human_damage=60 human_first_contact=0.02s human_first_fire=none human_first_hit=12.54s human_spawned=0 human_agent_coverage=1/1 human_weapons=DualCannon:128/0 human_rewards=terminal:-10.0000,tsv:-0.3295,time:0.0000,total:-10.3295
RL 1v1 episode=9 outcome=side_1_win bee_team=0 human_team=1 ships_per_side=1 winner=1 timeout=False duration=15.05s bee_tsv=16->16 human_tsv=18->0 bee_fire_requests=75 bee_shots=1 bee_hits=1 bee_damage=75 bee_first_contact=0.02s bee_first_fire=15.00s bee_first_hit=15.04s bee_spawned=0 bee_agent_coverage=1/1 bee_weapons=Eye:75/1 bee_rewards=terminal:10.0000,tsv:0.4641,time:-0.0125,total:10.4516 human_fire_requests=78 human_shots=0 human_hits=0 human_damage=0 human_first_contact=0.02s human_first_fire=none human_first_hit=none human_spawned=0 human_agent_coverage=1/1 human_weapons=DualCannon:78/0 human_rewards=terminal:-10.0000,tsv:-0.4571,time:0.0000,total:-10.4571
RL 1v1 episode=10 outcome=side_1_win bee_team=1 human_team=0 ships_per_side=1 winner=1 timeout=False duration=52.54s bee_tsv=16->11 human_tsv=18->0 bee_fire_requests=286 bee_shots=2 bee_hits=1 bee_damage=75 bee_first_contact=0.03s bee_first_fire=7.51s bee_first_hit=52.54s bee_spawned=0 bee_agent_coverage=1/1 bee_weapons=Eye:286/2 bee_rewards=terminal:10.0000,tsv:0.3171,time:-0.0438,total:10.2733 human_fire_requests=253 human_shots=0 human_hits=2 human_damage=60 human_first_contact=0.03s human_first_fire=none human_first_hit=5.88s human_spawned=0 human_agent_coverage=1/1 human_weapons=DualCannon:253/0 human_rewards=terminal:-10.0000,tsv:-0.3295,time:0.0000,total:-10.3295
RL 1v1 summary episodes=10 bee_record=7-3 human_record=3-7 draws=0 timeouts=0 avg_duration=46.34s bee_shots=12 bee_hits=7 bee_hit_rate=58.33 % bee_damage=525 human_shots=0 human_hits=23 human_hit_rate=0.00 % human_damage=630
RL 1v1 episode=11 outcome=side_1_win bee_team=0 human_team=1 ships_per_side=1 winner=1 timeout=False duration=39.20s bee_tsv=16->16 human_tsv=18->0 bee_fire_requests=185 bee_shots=1 bee_hits=1 bee_damage=75 bee_first_contact=0.03s bee_first_fire=39.17s bee_first_hit=39.20s bee_spawned=0 bee_agent_coverage=1/1 bee_weapons=Eye:185/1 bee_rewards=terminal:10.0000,tsv:0.4641,time:-0.0327,total:10.4315 human_fire_requests=208 human_shots=0 human_hits=0 human_damage=0 human_first_contact=0.03s human_first_fire=none human_first_hit=none human_spawned=0 human_agent_coverage=1/1 human_weapons=DualCannon:208/0 human_rewards=terminal:-10.0000,tsv:-0.4571,time:0.0000,total:-10.4571
RL 1v1 episode=12 outcome=side_1_win bee_team=1 human_team=0 ships_per_side=1 winner=1 timeout=False duration=9.22s bee_tsv=16->16 human_tsv=18->0 bee_fire_requests=47 bee_shots=1 bee_hits=1 bee_damage=75 bee_first_contact=0.02s bee_first_fire=9.17s bee_first_hit=9.20s bee_spawned=0 bee_agent_coverage=1/1 bee_weapons=Eye:47/1 bee_rewards=terminal:10.0000,tsv:0.4641,time:-0.0077,total:10.4565 human_fire_requests=44 human_shots=0 human_hits=0 human_damage=0 human_first_contact=0.02s human_first_fire=none human_first_hit=none human_spawned=0 human_agent_coverage=1/1 human_weapons=DualCannon:44/0 human_rewards=terminal:-10.0000,tsv:-0.4571,time:0.0000,total:-10.4571
RL 1v1 episode=13 outcome=side_1_win bee_team=0 human_team=1 ships_per_side=1 winner=1 timeout=False duration=25.89s bee_tsv=16->16 human_tsv=18->0 bee_fire_requests=135 bee_shots=1 bee_hits=1 bee_damage=75 bee_first_contact=0.03s bee_first_fire=25.84s bee_first_hit=25.88s bee_spawned=0 bee_agent_coverage=1/1 bee_weapons=Eye:135/1 bee_rewards=terminal:10.0000,tsv:0.4641,time:-0.0216,total:10.4426 human_fire_requests=118 human_shots=0 human_hits=0 human_damage=0 human_first_contact=0.03s human_first_fire=none human_first_hit=none human_spawned=0 human_agent_coverage=1/1 human_weapons=DualCannon:118/0 human_rewards=terminal:-10.0000,tsv:-0.4571,time:0.0000,total:-10.4571
RL 1v1 episode=14 outcome=side_1_win bee_team=1 human_team=0 ships_per_side=1 winner=1 timeout=False duration=33.39s bee_tsv=16->8 human_tsv=18->0 bee_fire_requests=163 bee_shots=1 bee_hits=1 bee_damage=75 bee_first_contact=0.03s bee_first_fire=33.34s bee_first_hit=33.38s bee_spawned=0 bee_agent_coverage=1/1 bee_weapons=Eye:163/1 bee_rewards=terminal:10.0000,tsv:0.2289,time:-0.0278,total:10.2010 human_fire_requests=153 human_shots=0 human_hits=3 human_damage=90 human_first_contact=0.03s human_first_fire=none human_first_hit=10.04s human_spawned=0 human_agent_coverage=1/1 human_weapons=DualCannon:153/0 human_rewards=terminal:-10.0000,tsv:-0.2608,time:0.0000,total:-10.2608
RL 1v1 episode=15 outcome=side_1_win bee_team=0 human_team=1 ships_per_side=1 winner=1 timeout=False duration=33.39s bee_tsv=16->16 human_tsv=18->0 bee_fire_requests=190 bee_shots=1 bee_hits=1 bee_damage=75 bee_first_contact=0.03s bee_first_fire=33.34s bee_first_hit=33.38s bee_spawned=0 bee_agent_coverage=1/1 bee_weapons=Eye:190/1 bee_rewards=terminal:10.0000,tsv:0.4641,time:-0.0278,total:10.4363 human_fire_requests=157 human_shots=0 human_hits=0 human_damage=0 human_first_contact=0.03s human_first_fire=none human_first_hit=none human_spawned=0 human_agent_coverage=1/1 human_weapons=DualCannon:157/0 human_rewards=terminal:-10.0000,tsv:-0.4571,time:0.0000,total:-10.4571
RL 1v1 episode=16 outcome=side_1_win bee_team=1 human_team=0 ships_per_side=1 winner=1 timeout=False duration=64.21s bee_tsv=16->11 human_tsv=18->0 bee_fire_requests=329 bee_shots=2 bee_hits=1 bee_damage=75 bee_first_contact=0.03s bee_first_fire=45.84s bee_first_hit=64.20s bee_spawned=0 bee_agent_coverage=1/1 bee_weapons=Eye:329/2 bee_rewards=terminal:10.0000,tsv:0.3171,time:-0.0535,total:10.2636 human_fire_requests=350 human_shots=0 human_hits=2 human_damage=60 human_first_contact=0.03s human_first_fire=none human_first_hit=41.70s human_spawned=0 human_agent_coverage=1/1 human_weapons=DualCannon:350/0 human_rewards=terminal:-10.0000,tsv:-0.3295,time:0.0000,total:-10.3295
Unable to save timers to file F:/RLDemo/Bees RL Training/Bees_Data\ML-Agents\Timers\RL 1v1 Training_timers.json
[Physics::Module] Cleanup current backend.
[Physics::Module] Id: 0xf2b8ea05
Input System module state changed to: ShutdownInProgress.
Input Polling Thread exited.
Input System module state changed to: Shutdown.
CodeReloadManager destroyed
GarbageCollector disposing of ComputeBuffer. Please use ComputeBuffer.Release() or .Dispose() to manually release the buffer.
