Mono path[0] = 'F:/RLDemo/Bees RL Training/Bees_Data/Managed'
Mono config path = 'F:/RLDemo/Bees RL Training/MonoBleedingEdge/etc'
CodeReloadManager initialized
Input System module state changed to: Initialized.
[Physics::Module] Initialized fallback backend.
[Physics::Module] Id: 0xdecafbad
Initialize engine version: 6000.5.4f1 (d550df8bd089)
[Subsystems] Discovering subsystems at path F:/RLDemo/Bees RL Training/Bees_Data/UnitySubsystems
Forcing GfxDevice: Null
GfxDevice: creating device client; kGfxThreadingModeNonThreaded
NullGfxDevice:
    Version:  NULL 1.0 [1.0]
    Renderer: Null Device
    Vendor:   Unity Technologies
Begin MonoManager ReloadAssembly
- Finished resetting the current domain, in  0.218 seconds
[Physics::Module] Selected backend.
[Physics::Module] Name: PhysX
[Physics::Module] Id: 0xf2b8ea05
[Physics::Module] SDK Version: 4.1.2
[Physics::Module] Integration Version: 1.0.0
[Physics::Module] Threading Mode: Multi-Threaded
Microsoft Media Foundation video decoding to texture disabled: graphics device is Null, only Direct3D 11 and Direct3D 12 (only on desktop) are supported for hardware-accelerated video decoding.
Texture with ID 114 and with size 13376x6920 was too large for graphics device maximum supported texture size (8192x8192). Falling back to a dummy texture. Generate mip maps to provide lower size fallback.
Texture with ID 210 and with size 13376x6920 was too large for graphics device maximum supported texture size (8192x8192). Falling back to a dummy texture. Generate mip maps to provide lower size fallback.
Texture with ID 221 and with size 13376x6920 was too large for graphics device maximum supported texture size (8192x8192). Falling back to a dummy texture. Generate mip maps to provide lower size fallback.
Texture with ID 238 and with size 13376x6920 was too large for graphics device maximum supported texture size (8192x8192). Falling back to a dummy texture. Generate mip maps to provide lower size fallback.
UnloadTime: 1.452300 ms
UI Audio: DontDestroyOnLoad only works for root GameObjects or components on root GameObjects.
Trying to connect to ws://clashofempire.net:7146
Connection with WebSocketSharp open!
[Steamworks.NET] SteamAPI_Init() failed. Continuing without Steam features.
Steam API is unavailable; using local fallback identity.
User id is 2013868892
RL training configuration health_ratio=0.25 map_size=30 episode_timeout=120s ships_per_side=1 matchup_mode=fixed bee_ship_types=Wasp human_ship_types=Gunship
Can not play a disabled audio source
Registered Communicator in Agent.
RL policy ABI v5 bees-rl-v5|behavior=BeesRL1v1|network=ff-512x3|normalize=true|obs=4685|cont=34|disc=2x16,5,65,65,65|weapon-aim=slotwise-xy|weapon-fire=slotwise-cease-or-fire|weapon-ready=rl-latched-until-fire|shipbits=6|weaponbits=6|mapbits=4|shipmap=v1-0..23|weaponmap=v1-0..9|allies=64|enemies=64|weapons=16|enemy-mounts=16|mining=8|map-objects=64|moving-asteroids=48|self=29|capability=12|parent-carrier=19|entity=19|weapon=19|enemy-mount=22|mining-slot=7|map-slot=12|moving-asteroid-slot=11|objective=16|grid=13x13|entity-order=distance,type,fleet-id,runtime-id observations=4685 continuous_actions=34 weapon_fire_branches=16x2 special_branch=5 ally_target_branch=65 enemy_target_branch=65 map_object_target_branch=65 allies=64 enemies=64 moving_asteroids=48 mining_asteroids=8 map_objects=64 navigation_grid=13x13 weapon_slots=16 enemy_weapon_mounts=16 objective_channels=16 spawned_ship_control=dynamic
RL 1v1 episode=1 outcome=side_1_win bee_team=0 human_team=1 ships_per_side=1 winner=1 timeout=False duration=11.33s bee_tsv=16->16 human_tsv=18->0 bee_fire_requests=56 bee_shots=1 bee_hits=1 bee_damage=75 bee_first_contact=0.33s bee_first_fire=10.99s bee_first_hit=11.02s bee_spawned=0 bee_agent_coverage=1/1 bee_weapons=Eye:56/1 bee_rewards=terminal:10.0000,tsv:0.4641,time:-0.0094,total:10.4547 human_fire_requests=54 human_shots=0 human_hits=0 human_damage=0 human_first_contact=0.33s human_first_fire=none human_first_hit=none human_spawned=0 human_agent_coverage=1/1 human_weapons=DualCannon:54/0 human_rewards=terminal:-10.0000,tsv:-0.4571,time:0.0000,total:-10.4571
RL 1v1 episode=2 outcome=side_1_win bee_team=1 human_team=0 ships_per_side=1 winner=1 timeout=False duration=55.87s bee_tsv=16->16 human_tsv=18->0 bee_fire_requests=278 bee_shots=1 bee_hits=1 bee_damage=75 bee_first_contact=0.04s bee_first_fire=55.84s bee_first_hit=55.86s bee_spawned=0 bee_agent_coverage=1/1 bee_weapons=Eye:278/1 bee_rewards=terminal:10.0000,tsv:0.4641,time:-0.0466,total:10.4176 human_fire_requests=279 human_shots=0 human_hits=0 human_damage=0 human_first_contact=0.04s human_first_fire=none human_first_hit=none human_spawned=0 human_agent_coverage=1/1 human_weapons=DualCannon:279/0 human_rewards=terminal:-10.0000,tsv:-0.4571,time:0.0000,total:-10.4571
RL 1v1 episode=3 outcome=side_1_win bee_team=0 human_team=1 ships_per_side=1 winner=1 timeout=False duration=11.71s bee_tsv=16->16 human_tsv=18->0 bee_fire_requests=67 bee_shots=1 bee_hits=1 bee_damage=75 bee_first_contact=0.02s bee_first_fire=11.67s bee_first_hit=11.70s bee_spawned=0 bee_agent_coverage=1/1 bee_weapons=Eye:67/1 bee_rewards=terminal:10.0000,tsv:0.4641,time:-0.0098,total:10.4544 human_fire_requests=57 human_shots=0 human_hits=0 human_damage=0 human_first_contact=0.02s human_first_fire=none human_first_hit=none human_spawned=0 human_agent_coverage=1/1 human_weapons=DualCannon:57/0 human_rewards=terminal:-10.0000,tsv:-0.4571,time:0.0000,total:-10.4571
RL 1v1 episode=4 outcome=side_2_win bee_team=1 human_team=0 ships_per_side=1 winner=2 timeout=False duration=62.55s bee_tsv=16->0 human_tsv=18->18 bee_fire_requests=284 bee_shots=0 bee_hits=0 bee_damage=0 bee_first_contact=0.04s bee_first_fire=none bee_first_hit=none bee_spawned=0 bee_agent_coverage=1/1 bee_weapons=Eye:284/0 bee_rewards=terminal:-10.0000,tsv:-0.3983,time:0.0000,total:-10.3983 human_fire_requests=326 human_shots=0 human_hits=4 human_damage=100 human_first_contact=0.04s human_first_fire=none human_first_hit=20.04s human_spawned=0 human_agent_coverage=1/1 human_weapons=DualCannon:326/0 human_rewards=terminal:10.0000,tsv:0.4287,time:-0.0521,total:10.3765
RL 1v1 episode=5 outcome=side_1_win bee_team=0 human_team=1 ships_per_side=1 winner=1 timeout=False duration=10.89s bee_tsv=16->16 human_tsv=18->0 bee_fire_requests=59 bee_shots=1 bee_hits=1 bee_damage=75 bee_first_contact=0.03s bee_first_fire=10.84s bee_first_hit=10.88s bee_spawned=0 bee_agent_coverage=1/1 bee_weapons=Eye:59/1 bee_rewards=terminal:10.0000,tsv:0.4641,time:-0.0091,total:10.4551 human_fire_requests=48 human_shots=0 human_hits=0 human_damage=0 human_first_contact=0.03s human_first_fire=none human_first_hit=none human_spawned=0 human_agent_coverage=1/1 human_weapons=DualCannon:48/0 human_rewards=terminal:-10.0000,tsv:-0.4571,time:0.0000,total:-10.4571
RL 1v1 episode=6 outcome=side_1_win bee_team=1 human_team=0 ships_per_side=1 winner=1 timeout=False duration=13.39s bee_tsv=16->16 human_tsv=18->0 bee_fire_requests=76 bee_shots=1 bee_hits=1 bee_damage=75 bee_first_contact=0.03s bee_first_fire=13.34s bee_first_hit=13.38s bee_spawned=0 bee_agent_coverage=1/1 bee_weapons=Eye:76/1 bee_rewards=terminal:10.0000,tsv:0.4641,time:-0.0112,total:10.4530 human_fire_requests=68 human_shots=0 human_hits=0 human_damage=0 human_first_contact=0.03s human_first_fire=none human_first_hit=none human_spawned=0 human_agent_coverage=1/1 human_weapons=DualCannon:68/0 human_rewards=terminal:-10.0000,tsv:-0.4571,time:0.0000,total:-10.4571
RL 1v1 episode=7 outcome=side_2_win bee_team=0 human_team=1 ships_per_side=1 winner=2 timeout=False duration=24.21s bee_tsv=16->0 human_tsv=18->18 bee_fire_requests=136 bee_shots=0 bee_hits=0 bee_damage=0 bee_first_contact=0.03s bee_first_fire=none bee_first_hit=none bee_spawned=0 bee_agent_coverage=1/1 bee_weapons=Eye:136/0 bee_rewards=terminal:-10.0000,tsv:-0.3983,time:0.0000,total:-10.3983 human_fire_requests=119 human_shots=0 human_hits=4 human_damage=100 human_first_contact=0.03s human_first_fire=none human_first_hit=6.70s human_spawned=0 human_agent_coverage=1/1 human_weapons=DualCannon:119/0 human_rewards=terminal:10.0000,tsv:0.4287,time:-0.0202,total:10.4085
RL 1v1 episode=8 outcome=side_1_win bee_team=1 human_team=0 ships_per_side=1 winner=1 timeout=False duration=6.71s bee_tsv=16->16 human_tsv=18->0 bee_fire_requests=41 bee_shots=1 bee_hits=1 bee_damage=75 bee_first_contact=0.02s bee_first_fire=6.67s bee_first_hit=6.70s bee_spawned=0 bee_agent_coverage=1/1 bee_weapons=Eye:41/1 bee_rewards=terminal:10.0000,tsv:0.4641,time:-0.0056,total:10.4586 human_fire_requests=32 human_shots=0 human_hits=0 human_damage=0 human_first_contact=0.02s human_first_fire=none human_first_hit=none human_spawned=0 human_agent_coverage=1/1 human_weapons=DualCannon:32/0 human_rewards=terminal:-10.0000,tsv:-0.4571,time:0.0000,total:-10.4571
RL 1v1 episode=9 outcome=side_1_win bee_team=0 human_team=1 ships_per_side=1 winner=1 timeout=False duration=4.20s bee_tsv=16->16 human_tsv=18->0 bee_fire_requests=23 bee_shots=1 bee_hits=1 bee_damage=75 bee_first_contact=0.04s bee_first_fire=4.17s bee_first_hit=4.20s bee_spawned=0 bee_agent_coverage=1/1 bee_weapons=Eye:23/1 bee_rewards=terminal:10.0000,tsv:0.4641,time:-0.0035,total:10.4606 human_fire_requests=21 human_shots=0 human_hits=0 human_damage=0 human_first_contact=0.04s human_first_fire=none human_first_hit=none human_spawned=0 human_agent_coverage=1/1 human_weapons=DualCannon:21/0 human_rewards=terminal:-10.0000,tsv:-0.4571,time:0.0000,total:-10.4571
RL 1v1 episode=10 outcome=side_1_win bee_team=1 human_team=0 ships_per_side=1 winner=1 timeout=False duration=26.72s bee_tsv=16->16 human_tsv=18->0 bee_fire_requests=136 bee_shots=1 bee_hits=1 bee_damage=75 bee_first_contact=0.02s bee_first_fire=26.67s bee_first_hit=26.70s bee_spawned=0 bee_agent_coverage=1/1 bee_weapons=Eye:136/1 bee_rewards=terminal:10.0000,tsv:0.4641,time:-0.0223,total:10.4419 human_fire_requests=137 human_shots=0 human_hits=0 human_damage=0 human_first_contact=0.02s human_first_fire=none human_first_hit=none human_spawned=0 human_agent_coverage=1/1 human_weapons=DualCannon:137/0 human_rewards=terminal:-10.0000,tsv:-0.4571,time:0.0000,total:-10.4571
RL 1v1 summary episodes=10 bee_record=8-2 human_record=2-8 draws=0 timeouts=0 avg_duration=22.76s bee_shots=8 bee_hits=8 bee_hit_rate=100.00 % bee_damage=600 human_shots=0 human_hits=8 human_hit_rate=0.00 % human_damage=200
RL 1v1 episode=11 outcome=side_1_win bee_team=0 human_team=1 ships_per_side=1 winner=1 timeout=False duration=10.90s bee_tsv=16->16 human_tsv=18->0 bee_fire_requests=64 bee_shots=1 bee_hits=1 bee_damage=75 bee_first_contact=0.03s bee_first_fire=10.85s bee_first_hit=10.88s bee_spawned=0 bee_agent_coverage=1/1 bee_weapons=Eye:64/1 bee_rewards=terminal:10.0000,tsv:0.4641,time:-0.0091,total:10.4551 human_fire_requests=55 human_shots=0 human_hits=0 human_damage=0 human_first_contact=0.03s human_first_fire=none human_first_hit=none human_spawned=0 human_agent_coverage=1/1 human_weapons=DualCannon:55/0 human_rewards=terminal:-10.0000,tsv:-0.4571,time:0.0000,total:-10.4571
RL 1v1 episode=12 outcome=side_1_win bee_team=1 human_team=0 ships_per_side=1 winner=1 timeout=False duration=113.40s bee_tsv=16->11 human_tsv=18->0 bee_fire_requests=580 bee_shots=1 bee_hits=1 bee_damage=75 bee_first_contact=0.03s bee_first_fire=113.35s bee_first_hit=113.38s bee_spawned=0 bee_agent_coverage=1/1 bee_weapons=Eye:580/1 bee_rewards=terminal:10.0000,tsv:0.3171,time:-0.0945,total:10.2226 human_fire_requests=577 human_shots=0 human_hits=2 human_damage=60 human_first_contact=0.03s human_first_fire=none human_first_hit=31.70s human_spawned=0 human_agent_coverage=1/1 human_weapons=DualCannon:577/0 human_rewards=terminal:-10.0000,tsv:-0.3295,time:0.0000,total:-10.3295
RL 1v1 episode=13 outcome=side_1_win bee_team=0 human_team=1 ships_per_side=1 winner=1 timeout=False duration=25.90s bee_tsv=16->16 human_tsv=18->0 bee_fire_requests=134 bee_shots=1 bee_hits=1 bee_damage=75 bee_first_contact=0.03s bee_first_fire=25.85s bee_first_hit=25.88s bee_spawned=0 bee_agent_coverage=1/1 bee_weapons=Eye:134/1 bee_rewards=terminal:10.0000,tsv:0.4641,time:-0.0216,total:10.4426 human_fire_requests=147 human_shots=0 human_hits=0 human_damage=0 human_first_contact=0.03s human_first_fire=none human_first_hit=none human_spawned=0 human_agent_coverage=1/1 human_weapons=DualCannon:147/0 human_rewards=terminal:-10.0000,tsv:-0.4571,time:0.0000,total:-10.4571
RL 1v1 episode=14 outcome=side_1_win bee_team=1 human_team=0 ships_per_side=1 winner=1 timeout=False duration=11.71s bee_tsv=16->11 human_tsv=18->0 bee_fire_requests=73 bee_shots=1 bee_hits=1 bee_damage=75 bee_first_contact=0.03s bee_first_fire=11.68s bee_first_hit=11.70s bee_spawned=0 bee_agent_coverage=1/1 bee_weapons=Eye:73/1 bee_rewards=terminal:10.0000,tsv:0.3171,time:-0.0098,total:10.3073 human_fire_requests=44 human_shots=0 human_hits=2 human_damage=60 human_first_contact=0.03s human_first_fire=none human_first_hit=2.54s human_spawned=0 human_agent_coverage=1/1 human_weapons=DualCannon:44/0 human_rewards=terminal:-10.0000,tsv:-0.3295,time:0.0000,total:-10.3295
RL 1v1 episode=15 outcome=side_2_win bee_team=0 human_team=1 ships_per_side=1 winner=2 timeout=False duration=54.21s bee_tsv=16->0 human_tsv=18->18 bee_fire_requests=270 bee_shots=0 bee_hits=0 bee_damage=0 bee_first_contact=0.03s bee_first_fire=none bee_first_hit=none bee_spawned=0 bee_agent_coverage=1/1 bee_weapons=Eye:270/0 bee_rewards=terminal:-10.0000,tsv:-0.3983,time:0.0000,total:-10.3983 human_fire_requests=265 human_shots=0 human_hits=4 human_damage=100 human_first_contact=0.03s human_first_fire=none human_first_hit=51.70s human_spawned=0 human_agent_coverage=1/1 human_weapons=DualCannon:265/0 human_rewards=terminal:10.0000,tsv:0.4287,time:-0.0452,total:10.3835
RL 1v1 episode=16 outcome=side_1_win bee_team=1 human_team=0 ships_per_side=1 winner=1 timeout=False duration=7.56s bee_tsv=16->16 human_tsv=18->0 bee_fire_requests=42 bee_shots=1 bee_hits=1 bee_damage=75 bee_first_contact=0.02s bee_first_fire=7.51s bee_first_hit=7.54s bee_spawned=0 bee_agent_coverage=1/1 bee_weapons=Eye:42/1 bee_rewards=terminal:10.0000,tsv:0.4641,time:-0.0063,total:10.4579 human_fire_requests=34 human_shots=0 human_hits=0 human_damage=0 human_first_contact=0.02s human_first_fire=none human_first_hit=none human_spawned=0 human_agent_coverage=1/1 human_weapons=DualCannon:34/0 human_rewards=terminal:-10.0000,tsv:-0.4571,time:0.0000,total:-10.4571
RL 1v1 episode=17 outcome=side_1_win bee_team=0 human_team=1 ships_per_side=1 winner=1 timeout=False duration=71.71s bee_tsv=16->11 human_tsv=18->0 bee_fire_requests=352 bee_shots=1 bee_hits=1 bee_damage=75 bee_first_contact=0.03s bee_first_fire=71.68s bee_first_hit=71.70s bee_spawned=0 bee_agent_coverage=1/1 bee_weapons=Eye:352/1 bee_rewards=terminal:10.0000,tsv:0.3171,time:-0.0598,total:10.2573 human_fire_requests=357 human_shots=0 human_hits=2 human_damage=60 human_first_contact=0.03s human_first_fire=none human_first_hit=39.20s human_spawned=0 human_agent_coverage=1/1 human_weapons=DualCannon:357/0 human_rewards=terminal:-10.0000,tsv:-0.3295,time:0.0000,total:-10.3295
RL 1v1 episode=18 outcome=side_1_win bee_team=1 human_team=0 ships_per_side=1 winner=1 timeout=False duration=29.21s bee_tsv=16->11 human_tsv=18->0 bee_fire_requests=164 bee_shots=1 bee_hits=1 bee_damage=75 bee_first_contact=0.03s bee_first_fire=29.18s bee_first_hit=29.20s bee_spawned=0 bee_agent_coverage=1/1 bee_weapons=Eye:164/1 bee_rewards=terminal:10.0000,tsv:0.3171,time:-0.0243,total:10.2928 human_fire_requests=152 human_shots=0 human_hits=2 human_damage=60 human_first_contact=0.03s human_first_fire=none human_first_hit=21.70s human_spawned=0 human_agent_coverage=1/1 human_weapons=DualCannon:152/0 human_rewards=terminal:-10.0000,tsv:-0.3295,time:0.0000,total:-10.3295
RL 1v1 episode=19 outcome=side_1_win bee_team=0 human_team=1 ships_per_side=1 winner=1 timeout=False duration=16.71s bee_tsv=16->16 human_tsv=18->0 bee_fire_requests=98 bee_shots=1 bee_hits=1 bee_damage=75 bee_first_contact=0.02s bee_first_fire=16.67s bee_first_hit=16.70s bee_spawned=0 bee_agent_coverage=1/1 bee_weapons=Eye:98/1 bee_rewards=terminal:10.0000,tsv:0.4641,time:-0.0139,total:10.4502 human_fire_requests=83 human_shots=0 human_hits=0 human_damage=0 human_first_contact=0.02s human_first_fire=none human_first_hit=none human_spawned=0 human_agent_coverage=1/1 human_weapons=DualCannon:83/0 human_rewards=terminal:-10.0000,tsv:-0.4571,time:0.0000,total:-10.4571
RL 1v1 episode=20 outcome=side_1_win bee_team=1 human_team=0 ships_per_side=1 winner=1 timeout=False duration=44.20s bee_tsv=16->16 human_tsv=18->0 bee_fire_requests=216 bee_shots=1 bee_hits=1 bee_damage=75 bee_first_contact=0.04s bee_first_fire=44.17s bee_first_hit=44.20s bee_spawned=0 bee_agent_coverage=1/1 bee_weapons=Eye:216/1 bee_rewards=terminal:10.0000,tsv:0.4641,time:-0.0368,total:10.4273 human_fire_requests=227 human_shots=0 human_hits=0 human_damage=0 human_first_contact=0.04s human_first_fire=none human_first_hit=none human_spawned=0 human_agent_coverage=1/1 human_weapons=DualCannon:227/0 human_rewards=terminal:-10.0000,tsv:-0.4571,time:0.0000,total:-10.4571
RL 1v1 summary episodes=20 bee_record=17-3 human_record=3-17 draws=0 timeouts=0 avg_duration=30.65s bee_shots=17 bee_hits=17 bee_hit_rate=100.00 % bee_damage=1275 human_shots=0 human_hits=20 human_hit_rate=0.00 % human_damage=540
Unable to save timers to file F:/RLDemo/Bees RL Training/Bees_Data\ML-Agents\Timers\RL 1v1 Training_timers.json
[Physics::Module] Cleanup current backend.
[Physics::Module] Id: 0xf2b8ea05
Input System module state changed to: ShutdownInProgress.
Input Polling Thread exited.
Input System module state changed to: Shutdown.
CodeReloadManager destroyed
GarbageCollector disposing of ComputeBuffer. Please use ComputeBuffer.Release() or .Dispose() to manually release the buffer.
