Mono path[0] = 'F:/RLDemo/Bees RL Training/Bees_Data/Managed'
Mono config path = 'F:/RLDemo/Bees RL Training/MonoBleedingEdge/etc'
CodeReloadManager initialized
Input System module state changed to: Initialized.
[Physics::Module] Initialized fallback backend.
[Physics::Module] Id: 0xdecafbad
Initialize engine version: 6000.5.4f1 (d550df8bd089)
[Subsystems] Discovering subsystems at path F:/RLDemo/Bees RL Training/Bees_Data/UnitySubsystems
Forcing GfxDevice: Null
GfxDevice: creating device client; kGfxThreadingModeNonThreaded
NullGfxDevice:
    Version:  NULL 1.0 [1.0]
    Renderer: Null Device
    Vendor:   Unity Technologies
Begin MonoManager ReloadAssembly
- Finished resetting the current domain, in  0.238 seconds
[Physics::Module] Selected backend.
[Physics::Module] Name: PhysX
[Physics::Module] Id: 0xf2b8ea05
[Physics::Module] SDK Version: 4.1.2
[Physics::Module] Integration Version: 1.0.0
[Physics::Module] Threading Mode: Multi-Threaded
Microsoft Media Foundation video decoding to texture disabled: graphics device is Null, only Direct3D 11 and Direct3D 12 (only on desktop) are supported for hardware-accelerated video decoding.
Texture with ID 114 and with size 13376x6920 was too large for graphics device maximum supported texture size (8192x8192). Falling back to a dummy texture. Generate mip maps to provide lower size fallback.
Texture with ID 210 and with size 13376x6920 was too large for graphics device maximum supported texture size (8192x8192). Falling back to a dummy texture. Generate mip maps to provide lower size fallback.
Texture with ID 221 and with size 13376x6920 was too large for graphics device maximum supported texture size (8192x8192). Falling back to a dummy texture. Generate mip maps to provide lower size fallback.
Texture with ID 238 and with size 13376x6920 was too large for graphics device maximum supported texture size (8192x8192). Falling back to a dummy texture. Generate mip maps to provide lower size fallback.
UnloadTime: 2.478300 ms
UI Audio: DontDestroyOnLoad only works for root GameObjects or components on root GameObjects.
Trying to connect to ws://clashofempire.net:7146
Connection with WebSocketSharp open!
[Steamworks.NET] SteamAPI_Init() failed. Continuing without Steam features.
Steam API is unavailable; using local fallback identity.
User id is 2013868892
RL training configuration health_ratio=0.25 map_size=30 episode_timeout=120s ships_per_side=1 matchup_mode=fixed bee_ship_types=Wasp human_ship_types=Gunship
Can not play a disabled audio source
Registered Communicator in Agent.
RL policy ABI v5 bees-rl-v5|behavior=BeesRL1v1|network=ff-512x3|normalize=true|obs=4685|cont=34|disc=2x16,5,65,65,65|weapon-aim=slotwise-xy|weapon-fire=slotwise-cease-or-fire|weapon-ready=rl-latched-until-fire|shipbits=6|weaponbits=6|mapbits=4|shipmap=v1-0..23|weaponmap=v1-0..9|allies=64|enemies=64|weapons=16|enemy-mounts=16|mining=8|map-objects=64|moving-asteroids=48|self=29|capability=12|parent-carrier=19|entity=19|weapon=19|enemy-mount=22|mining-slot=7|map-slot=12|moving-asteroid-slot=11|objective=16|grid=13x13|entity-order=distance,type,fleet-id,runtime-id observations=4685 continuous_actions=34 weapon_fire_branches=16x2 special_branch=5 ally_target_branch=65 enemy_target_branch=65 map_object_target_branch=65 allies=64 enemies=64 moving_asteroids=48 mining_asteroids=8 map_objects=64 navigation_grid=13x13 weapon_slots=16 enemy_weapon_mounts=16 objective_channels=16 spawned_ship_control=dynamic
RL 1v1 episode=1 outcome=side_1_win bee_team=0 human_team=1 ships_per_side=1 winner=1 timeout=False duration=30.32s bee_tsv=16->16 human_tsv=18->0 bee_fire_requests=154 bee_shots=1 bee_hits=1 bee_damage=75 bee_first_contact=0.32s bee_first_fire=29.99s bee_first_hit=30.02s bee_spawned=0 bee_agent_coverage=1/1 bee_weapons=Eye:154/1 bee_rewards=terminal:10.0000,tsv:0.4641,time:-0.0253,total:10.4389 human_fire_requests=142 human_shots=0 human_hits=0 human_damage=0 human_first_contact=0.32s human_first_fire=none human_first_hit=none human_spawned=0 human_agent_coverage=1/1 human_weapons=DualCannon:142/0 human_rewards=terminal:-10.0000,tsv:-0.4571,time:0.0000,total:-10.4571
RL 1v1 episode=2 outcome=side_2_win bee_team=1 human_team=0 ships_per_side=1 winner=2 timeout=False duration=24.20s bee_tsv=16->0 human_tsv=18->18 bee_fire_requests=118 bee_shots=0 bee_hits=0 bee_damage=0 bee_first_contact=0.03s bee_first_fire=none bee_first_hit=none bee_spawned=0 bee_agent_coverage=1/1 bee_weapons=Eye:118/0 bee_rewards=terminal:-10.0000,tsv:-0.3983,time:0.0000,total:-10.3983 human_fire_requests=122 human_shots=0 human_hits=4 human_damage=100 human_first_contact=0.03s human_first_fire=none human_first_hit=9.20s human_spawned=0 human_agent_coverage=1/1 human_weapons=DualCannon:122/0 human_rewards=terminal:10.0000,tsv:0.4287,time:-0.0202,total:10.4085
RL 1v1 episode=3 outcome=side_1_win bee_team=0 human_team=1 ships_per_side=1 winner=1 timeout=False duration=58.37s bee_tsv=16->16 human_tsv=18->0 bee_fire_requests=288 bee_shots=1 bee_hits=1 bee_damage=75 bee_first_contact=0.02s bee_first_fire=58.33s bee_first_hit=58.36s bee_spawned=0 bee_agent_coverage=1/1 bee_weapons=Eye:288/1 bee_rewards=terminal:10.0000,tsv:0.4641,time:-0.0486,total:10.4155 human_fire_requests=297 human_shots=0 human_hits=0 human_damage=0 human_first_contact=0.02s human_first_fire=none human_first_hit=none human_spawned=0 human_agent_coverage=1/1 human_weapons=DualCannon:297/0 human_rewards=terminal:-10.0000,tsv:-0.4571,time:0.0000,total:-10.4571
RL 1v1 episode=4 outcome=side_1_win bee_team=1 human_team=0 ships_per_side=1 winner=1 timeout=False duration=29.20s bee_tsv=16->16 human_tsv=18->0 bee_fire_requests=138 bee_shots=1 bee_hits=1 bee_damage=75 bee_first_contact=0.03s bee_first_fire=29.17s bee_first_hit=29.20s bee_spawned=0 bee_agent_coverage=1/1 bee_weapons=Eye:138/1 bee_rewards=terminal:10.0000,tsv:0.4641,time:-0.0243,total:10.4398 human_fire_requests=127 human_shots=0 human_hits=0 human_damage=0 human_first_contact=0.03s human_first_fire=none human_first_hit=none human_spawned=0 human_agent_coverage=1/1 human_weapons=DualCannon:127/0 human_rewards=terminal:-10.0000,tsv:-0.4571,time:0.0000,total:-10.4571
RL 1v1 episode=5 outcome=side_1_win bee_team=0 human_team=1 ships_per_side=1 winner=1 timeout=False duration=20.03s bee_tsv=16->11 human_tsv=18->0 bee_fire_requests=105 bee_shots=1 bee_hits=1 bee_damage=75 bee_first_contact=0.02s bee_first_fire=20.00s bee_first_hit=20.02s bee_spawned=0 bee_agent_coverage=1/1 bee_weapons=Eye:105/1 bee_rewards=terminal:10.0000,tsv:0.3171,time:-0.0167,total:10.3004 human_fire_requests=98 human_shots=0 human_hits=2 human_damage=60 human_first_contact=0.02s human_first_fire=none human_first_hit=9.20s human_spawned=0 human_agent_coverage=1/1 human_weapons=DualCannon:98/0 human_rewards=terminal:-10.0000,tsv:-0.3295,time:0.0000,total:-10.3295
RL 1v1 episode=6 outcome=side_1_win bee_team=1 human_team=0 ships_per_side=1 winner=1 timeout=False duration=21.71s bee_tsv=16->16 human_tsv=18->0 bee_fire_requests=116 bee_shots=1 bee_hits=1 bee_damage=75 bee_first_contact=0.02s bee_first_fire=21.67s bee_first_hit=21.70s bee_spawned=0 bee_agent_coverage=1/1 bee_weapons=Eye:116/1 bee_rewards=terminal:10.0000,tsv:0.4641,time:-0.0181,total:10.4461 human_fire_requests=107 human_shots=0 human_hits=0 human_damage=0 human_first_contact=0.02s human_first_fire=none human_first_hit=none human_spawned=0 human_agent_coverage=1/1 human_weapons=DualCannon:107/0 human_rewards=terminal:-10.0000,tsv:-0.4571,time:0.0000,total:-10.4571
RL 1v1 episode=7 outcome=side_1_win bee_team=0 human_team=1 ships_per_side=1 winner=1 timeout=False duration=6.70s bee_tsv=16->16 human_tsv=18->0 bee_fire_requests=40 bee_shots=1 bee_hits=1 bee_damage=75 bee_first_contact=0.02s bee_first_fire=6.67s bee_first_hit=6.70s bee_spawned=0 bee_agent_coverage=1/1 bee_weapons=Eye:40/1 bee_rewards=terminal:10.0000,tsv:0.4641,time:-0.0056,total:10.4586 human_fire_requests=34 human_shots=0 human_hits=0 human_damage=0 human_first_contact=0.02s human_first_fire=none human_first_hit=none human_spawned=0 human_agent_coverage=1/1 human_weapons=DualCannon:34/0 human_rewards=terminal:-10.0000,tsv:-0.4571,time:0.0000,total:-10.4571
RL 1v1 episode=8 outcome=side_2_win bee_team=1 human_team=0 ships_per_side=1 winner=2 timeout=False duration=12.55s bee_tsv=16->0 human_tsv=18->18 bee_fire_requests=68 bee_shots=0 bee_hits=0 bee_damage=0 bee_first_contact=0.03s bee_first_fire=none bee_first_hit=none bee_spawned=0 bee_agent_coverage=1/1 bee_weapons=Eye:68/0 bee_rewards=terminal:-10.0000,tsv:-0.3983,time:0.0000,total:-10.3983 human_fire_requests=59 human_shots=0 human_hits=4 human_damage=100 human_first_contact=0.03s human_first_fire=none human_first_hit=5.04s human_spawned=0 human_agent_coverage=1/1 human_weapons=DualCannon:59/0 human_rewards=terminal:10.0000,tsv:0.4287,time:-0.0105,total:10.4182
RL 1v1 episode=9 outcome=side_1_win bee_team=0 human_team=1 ships_per_side=1 winner=1 timeout=False duration=35.04s bee_tsv=16->16 human_tsv=18->0 bee_fire_requests=181 bee_shots=2 bee_hits=1 bee_damage=75 bee_first_contact=0.02s bee_first_fire=3.34s bee_first_hit=35.04s bee_spawned=0 bee_agent_coverage=1/1 bee_weapons=Eye:181/2 bee_rewards=terminal:10.0000,tsv:0.4641,time:-0.0292,total:10.4349 human_fire_requests=164 human_shots=0 human_hits=0 human_damage=0 human_first_contact=0.02s human_first_fire=none human_first_hit=none human_spawned=0 human_agent_coverage=1/1 human_weapons=DualCannon:164/0 human_rewards=terminal:-10.0000,tsv:-0.4571,time:0.0000,total:-10.4571
RL 1v1 episode=10 outcome=side_1_win bee_team=1 human_team=0 ships_per_side=1 winner=1 timeout=False duration=4.22s bee_tsv=16->16 human_tsv=18->0 bee_fire_requests=26 bee_shots=1 bee_hits=1 bee_damage=75 bee_first_contact=0.02s bee_first_fire=4.17s bee_first_hit=4.20s bee_spawned=0 bee_agent_coverage=1/1 bee_weapons=Eye:26/1 bee_rewards=terminal:10.0000,tsv:0.4641,time:-0.0035,total:10.4606 human_fire_requests=18 human_shots=0 human_hits=0 human_damage=0 human_first_contact=0.02s human_first_fire=none human_first_hit=none human_spawned=0 human_agent_coverage=1/1 human_weapons=DualCannon:18/0 human_rewards=terminal:-10.0000,tsv:-0.4571,time:0.0000,total:-10.4571
RL 1v1 summary episodes=10 bee_record=8-2 human_record=2-8 draws=0 timeouts=0 avg_duration=24.23s bee_shots=9 bee_hits=8 bee_hit_rate=88.89 % bee_damage=600 human_shots=0 human_hits=10 human_hit_rate=0.00 % human_damage=260
RL 1v1 episode=11 outcome=side_1_win bee_team=0 human_team=1 ships_per_side=1 winner=1 timeout=False duration=20.89s bee_tsv=16->8 human_tsv=18->0 bee_fire_requests=101 bee_shots=1 bee_hits=1 bee_damage=75 bee_first_contact=0.03s bee_first_fire=20.84s bee_first_hit=20.88s bee_spawned=0 bee_agent_coverage=1/1 bee_weapons=Eye:101/1 bee_rewards=terminal:10.0000,tsv:0.2289,time:-0.0174,total:10.2114 human_fire_requests=109 human_shots=0 human_hits=3 human_damage=90 human_first_contact=0.03s human_first_fire=none human_first_hit=5.88s human_spawned=0 human_agent_coverage=1/1 human_weapons=DualCannon:109/0 human_rewards=terminal:-10.0000,tsv:-0.2608,time:0.0000,total:-10.2608
RL 1v1 episode=12 outcome=side_1_win bee_team=1 human_team=0 ships_per_side=1 winner=1 timeout=False duration=6.71s bee_tsv=16->11 human_tsv=18->0 bee_fire_requests=30 bee_shots=1 bee_hits=1 bee_damage=75 bee_first_contact=0.03s bee_first_fire=6.68s bee_first_hit=6.70s bee_spawned=0 bee_agent_coverage=1/1 bee_weapons=Eye:30/1 bee_rewards=terminal:10.0000,tsv:0.3171,time:-0.0056,total:10.3115 human_fire_requests=38 human_shots=0 human_hits=2 human_damage=60 human_first_contact=0.03s human_first_fire=none human_first_hit=3.38s human_spawned=0 human_agent_coverage=1/1 human_weapons=DualCannon:38/0 human_rewards=terminal:-10.0000,tsv:-0.3295,time:0.0000,total:-10.3295
RL 1v1 episode=13 outcome=side_1_win bee_team=0 human_team=1 ships_per_side=1 winner=1 timeout=False duration=10.04s bee_tsv=16->16 human_tsv=18->0 bee_fire_requests=43 bee_shots=1 bee_hits=1 bee_damage=75 bee_first_contact=0.02s bee_first_fire=10.01s bee_first_hit=10.04s bee_spawned=0 bee_agent_coverage=1/1 bee_weapons=Eye:43/1 bee_rewards=terminal:10.0000,tsv:0.4641,time:-0.0084,total:10.4558 human_fire_requests=45 human_shots=0 human_hits=0 human_damage=0 human_first_contact=0.02s human_first_fire=none human_first_hit=none human_spawned=0 human_agent_coverage=1/1 human_weapons=DualCannon:45/0 human_rewards=terminal:-10.0000,tsv:-0.4571,time:0.0000,total:-10.4571
RL 1v1 episode=14 outcome=side_1_win bee_team=1 human_team=0 ships_per_side=1 winner=1 timeout=False duration=29.22s bee_tsv=16->16 human_tsv=18->0 bee_fire_requests=148 bee_shots=1 bee_hits=1 bee_damage=75 bee_first_contact=0.02s bee_first_fire=29.17s bee_first_hit=29.20s bee_spawned=0 bee_agent_coverage=1/1 bee_weapons=Eye:148/1 bee_rewards=terminal:10.0000,tsv:0.4641,time:-0.0243,total:10.4398 human_fire_requests=148 human_shots=0 human_hits=0 human_damage=0 human_first_contact=0.02s human_first_fire=none human_first_hit=none human_spawned=0 human_agent_coverage=1/1 human_weapons=DualCannon:148/0 human_rewards=terminal:-10.0000,tsv:-0.4571,time:0.0000,total:-10.4571
RL 1v1 episode=15 outcome=side_1_win bee_team=0 human_team=1 ships_per_side=1 winner=1 timeout=False duration=24.21s bee_tsv=16->16 human_tsv=18->0 bee_fire_requests=120 bee_shots=1 bee_hits=1 bee_damage=75 bee_first_contact=0.03s bee_first_fire=24.18s bee_first_hit=24.20s bee_spawned=0 bee_agent_coverage=1/1 bee_weapons=Eye:120/1 bee_rewards=terminal:10.0000,tsv:0.4641,time:-0.0202,total:10.4440 human_fire_requests=117 human_shots=0 human_hits=0 human_damage=0 human_first_contact=0.03s human_first_fire=none human_first_hit=none human_spawned=0 human_agent_coverage=1/1 human_weapons=DualCannon:117/0 human_rewards=terminal:-10.0000,tsv:-0.4571,time:0.0000,total:-10.4571
RL 1v1 episode=16 outcome=side_1_win bee_team=1 human_team=0 ships_per_side=1 winner=1 timeout=False duration=24.21s bee_tsv=16->11 human_tsv=18->0 bee_fire_requests=130 bee_shots=1 bee_hits=1 bee_damage=75 bee_first_contact=0.02s bee_first_fire=24.17s bee_first_hit=24.20s bee_spawned=0 bee_agent_coverage=1/1 bee_weapons=Eye:130/1 bee_rewards=terminal:10.0000,tsv:0.3171,time:-0.0202,total:10.2969 human_fire_requests=118 human_shots=0 human_hits=2 human_damage=60 human_first_contact=0.02s human_first_fire=none human_first_hit=20.04s human_spawned=0 human_agent_coverage=1/1 human_weapons=DualCannon:118/0 human_rewards=terminal:-10.0000,tsv:-0.3295,time:0.0000,total:-10.3295
RL 1v1 episode=17 outcome=side_1_win bee_team=0 human_team=1 ships_per_side=1 winner=1 timeout=False duration=28.37s bee_tsv=16->16 human_tsv=18->0 bee_fire_requests=148 bee_shots=1 bee_hits=1 bee_damage=75 bee_first_contact=0.02s bee_first_fire=28.34s bee_first_hit=28.36s bee_spawned=0 bee_agent_coverage=1/1 bee_weapons=Eye:148/1 bee_rewards=terminal:10.0000,tsv:0.4641,time:-0.0236,total:10.4405 human_fire_requests=150 human_shots=0 human_hits=0 human_damage=0 human_first_contact=0.02s human_first_fire=none human_first_hit=none human_spawned=0 human_agent_coverage=1/1 human_weapons=DualCannon:150/0 human_rewards=terminal:-10.0000,tsv:-0.4571,time:0.0000,total:-10.4571
RL 1v1 episode=18 outcome=side_1_win bee_team=1 human_team=0 ships_per_side=1 winner=1 timeout=False duration=23.39s bee_tsv=16->16 human_tsv=18->0 bee_fire_requests=126 bee_shots=2 bee_hits=1 bee_damage=75 bee_first_contact=0.02s bee_first_fire=2.51s bee_first_hit=23.38s bee_spawned=0 bee_agent_coverage=1/1 bee_weapons=Eye:126/2 bee_rewards=terminal:10.0000,tsv:0.4641,time:-0.0195,total:10.4447 human_fire_requests=109 human_shots=0 human_hits=0 human_damage=0 human_first_contact=0.02s human_first_fire=none human_first_hit=none human_spawned=0 human_agent_coverage=1/1 human_weapons=DualCannon:109/0 human_rewards=terminal:-10.0000,tsv:-0.4571,time:0.0000,total:-10.4571
RL 1v1 episode=19 outcome=side_1_win bee_team=0 human_team=1 ships_per_side=1 winner=1 timeout=False duration=40.04s bee_tsv=16->11 human_tsv=18->0 bee_fire_requests=200 bee_shots=1 bee_hits=1 bee_damage=75 bee_first_contact=0.02s bee_first_fire=40.01s bee_first_hit=40.04s bee_spawned=0 bee_agent_coverage=1/1 bee_weapons=Eye:200/1 bee_rewards=terminal:10.0000,tsv:0.3171,time:-0.0334,total:10.2837 human_fire_requests=212 human_shots=0 human_hits=2 human_damage=60 human_first_contact=0.02s human_first_fire=none human_first_hit=18.38s human_spawned=0 human_agent_coverage=1/1 human_weapons=DualCannon:212/0 human_rewards=terminal:-10.0000,tsv:-0.3295,time:0.0000,total:-10.3295
RL 1v1 episode=20 outcome=side_1_win bee_team=1 human_team=0 ships_per_side=1 winner=1 timeout=False duration=6.72s bee_tsv=16->11 human_tsv=18->0 bee_fire_requests=37 bee_shots=1 bee_hits=1 bee_damage=75 bee_first_contact=0.02s bee_first_fire=6.67s bee_first_hit=6.70s bee_spawned=0 bee_agent_coverage=1/1 bee_weapons=Eye:37/1 bee_rewards=terminal:10.0000,tsv:0.3171,time:-0.0056,total:10.3115 human_fire_requests=31 human_shots=0 human_hits=2 human_damage=60 human_first_contact=0.02s human_first_fire=none human_first_hit=6.70s human_spawned=0 human_agent_coverage=1/1 human_weapons=DualCannon:31/0 human_rewards=terminal:-10.0000,tsv:-0.3295,time:0.0000,total:-10.3295
RL 1v1 summary episodes=20 bee_record=18-2 human_record=2-18 draws=0 timeouts=0 avg_duration=22.81s bee_shots=20 bee_hits=18 bee_hit_rate=90.00 % bee_damage=1350 human_shots=0 human_hits=21 human_hit_rate=0.00 % human_damage=590
RL 1v1 episode=21 outcome=side_1_win bee_team=0 human_team=1 ships_per_side=1 winner=1 timeout=False duration=9.21s bee_tsv=16->16 human_tsv=18->0 bee_fire_requests=43 bee_shots=1 bee_hits=1 bee_damage=75 bee_first_contact=0.03s bee_first_fire=9.18s bee_first_hit=9.20s bee_spawned=0 bee_agent_coverage=1/1 bee_weapons=Eye:43/1 bee_rewards=terminal:10.0000,tsv:0.4641,time:-0.0077,total:10.4565 human_fire_requests=43 human_shots=0 human_hits=0 human_damage=0 human_first_contact=0.03s human_first_fire=none human_first_hit=none human_spawned=0 human_agent_coverage=1/1 human_weapons=DualCannon:43/0 human_rewards=terminal:-10.0000,tsv:-0.4571,time:0.0000,total:-10.4571
RL 1v1 episode=22 outcome=side_1_win bee_team=1 human_team=0 ships_per_side=1 winner=1 timeout=False duration=41.71s bee_tsv=16->16 human_tsv=18->0 bee_fire_requests=221 bee_shots=1 bee_hits=1 bee_damage=75 bee_first_contact=0.02s bee_first_fire=41.67s bee_first_hit=41.70s bee_spawned=0 bee_agent_coverage=1/1 bee_weapons=Eye:221/1 bee_rewards=terminal:10.0000,tsv:0.4641,time:-0.0348,total:10.4294 human_fire_requests=201 human_shots=0 human_hits=0 human_damage=0 human_first_contact=0.02s human_first_fire=none human_first_hit=none human_spawned=0 human_agent_coverage=1/1 human_weapons=DualCannon:201/0 human_rewards=terminal:-10.0000,tsv:-0.4571,time:0.0000,total:-10.4571
RL 1v1 episode=23 outcome=side_1_win bee_team=0 human_team=1 ships_per_side=1 winner=1 timeout=False duration=22.55s bee_tsv=16->16 human_tsv=18->0 bee_fire_requests=122 bee_shots=1 bee_hits=1 bee_damage=75 bee_first_contact=0.02s bee_first_fire=22.50s bee_first_hit=22.54s bee_spawned=0 bee_agent_coverage=1/1 bee_weapons=Eye:122/1 bee_rewards=terminal:10.0000,tsv:0.4641,time:-0.0188,total:10.4454 human_fire_requests=113 human_shots=0 human_hits=0 human_damage=0 human_first_contact=0.02s human_first_fire=none human_first_hit=none human_spawned=0 human_agent_coverage=1/1 human_weapons=DualCannon:113/0 human_rewards=terminal:-10.0000,tsv:-0.4571,time:0.0000,total:-10.4571
RL 1v1 episode=24 outcome=side_2_win bee_team=1 human_team=0 ships_per_side=1 winner=2 timeout=False duration=14.21s bee_tsv=16->0 human_tsv=18->18 bee_fire_requests=80 bee_shots=0 bee_hits=0 bee_damage=0 bee_first_contact=0.03s bee_first_fire=none bee_first_hit=none bee_spawned=0 bee_agent_coverage=1/1 bee_weapons=Eye:80/0 bee_rewards=terminal:-10.0000,tsv:-0.3983,time:0.0000,total:-10.3983 human_fire_requests=65 human_shots=0 human_hits=4 human_damage=100 human_first_contact=0.03s human_first_fire=none human_first_hit=6.70s human_spawned=0 human_agent_coverage=1/1 human_weapons=DualCannon:65/0 human_rewards=terminal:10.0000,tsv:0.4287,time:-0.0118,total:10.4168
RL 1v1 episode=25 outcome=side_1_win bee_team=0 human_team=1 ships_per_side=1 winner=1 timeout=False duration=8.39s bee_tsv=16->16 human_tsv=18->0 bee_fire_requests=47 bee_shots=1 bee_hits=1 bee_damage=75 bee_first_contact=0.02s bee_first_fire=8.34s bee_first_hit=8.38s bee_spawned=0 bee_agent_coverage=1/1 bee_weapons=Eye:47/1 bee_rewards=terminal:10.0000,tsv:0.4641,time:-0.0070,total:10.4572 human_fire_requests=33 human_shots=0 human_hits=0 human_damage=0 human_first_contact=0.02s human_first_fire=none human_first_hit=none human_spawned=0 human_agent_coverage=1/1 human_weapons=DualCannon:33/0 human_rewards=terminal:-10.0000,tsv:-0.4571,time:0.0000,total:-10.4571
RL 1v1 episode=26 outcome=side_1_win bee_team=1 human_team=0 ships_per_side=1 winner=1 timeout=False duration=43.39s bee_tsv=16->16 human_tsv=18->0 bee_fire_requests=225 bee_shots=1 bee_hits=1 bee_damage=75 bee_first_contact=0.02s bee_first_fire=43.34s bee_first_hit=43.38s bee_spawned=0 bee_agent_coverage=1/1 bee_weapons=Eye:225/1 bee_rewards=terminal:10.0000,tsv:0.4641,time:-0.0362,total:10.4280 human_fire_requests=215 human_shots=0 human_hits=0 human_damage=0 human_first_contact=0.02s human_first_fire=none human_first_hit=none human_spawned=0 human_agent_coverage=1/1 human_weapons=DualCannon:215/0 human_rewards=terminal:-10.0000,tsv:-0.4571,time:0.0000,total:-10.4571
Unable to save timers to file F:/RLDemo/Bees RL Training/Bees_Data\ML-Agents\Timers\RL 1v1 Training_timers.json
[Physics::Module] Cleanup current backend.
[Physics::Module] Id: 0xf2b8ea05
Input System module state changed to: ShutdownInProgress.
Input Polling Thread exited.
Input System module state changed to: Shutdown.
CodeReloadManager destroyed
GarbageCollector disposing of ComputeBuffer. Please use ComputeBuffer.Release() or .Dispose() to manually release the buffer.
