Mono path[0] = 'F:/RLDemo/Bees RL Training/Bees_Data/Managed'
Mono config path = 'F:/RLDemo/Bees RL Training/MonoBleedingEdge/etc'
CodeReloadManager initialized
Input System module state changed to: Initialized.
[Physics::Module] Initialized fallback backend.
[Physics::Module] Id: 0xdecafbad
Initialize engine version: 6000.5.4f1 (d550df8bd089)
[Subsystems] Discovering subsystems at path F:/RLDemo/Bees RL Training/Bees_Data/UnitySubsystems
Forcing GfxDevice: Null
GfxDevice: creating device client; kGfxThreadingModeNonThreaded
NullGfxDevice:
    Version:  NULL 1.0 [1.0]
    Renderer: Null Device
    Vendor:   Unity Technologies
Begin MonoManager ReloadAssembly
- Finished resetting the current domain, in  0.076 seconds
[Physics::Module] Selected backend.
[Physics::Module] Name: PhysX
[Physics::Module] Id: 0xf2b8ea05
[Physics::Module] SDK Version: 4.1.2
[Physics::Module] Integration Version: 1.0.0
[Physics::Module] Threading Mode: Multi-Threaded
Microsoft Media Foundation video decoding to texture disabled: graphics device is Null, only Direct3D 11 and Direct3D 12 (only on desktop) are supported for hardware-accelerated video decoding.
Texture with ID 114 and with size 13376x6920 was too large for graphics device maximum supported texture size (8192x8192). Falling back to a dummy texture. Generate mip maps to provide lower size fallback.
Texture with ID 210 and with size 13376x6920 was too large for graphics device maximum supported texture size (8192x8192). Falling back to a dummy texture. Generate mip maps to provide lower size fallback.
Texture with ID 221 and with size 13376x6920 was too large for graphics device maximum supported texture size (8192x8192). Falling back to a dummy texture. Generate mip maps to provide lower size fallback.
Texture with ID 238 and with size 13376x6920 was too large for graphics device maximum supported texture size (8192x8192). Falling back to a dummy texture. Generate mip maps to provide lower size fallback.
UnloadTime: 1.636800 ms
UI Audio: DontDestroyOnLoad only works for root GameObjects or components on root GameObjects.
Trying to connect to ws://clashofempire.net:7146
Connection with WebSocketSharp open!
[Steamworks.NET] SteamAPI_Init() failed. Continuing without Steam features.
Steam API is unavailable; using local fallback identity.
User id is 2013868892
RL training configuration health_ratio=0.25 map_size=30 episode_timeout=120s ships_per_side=1 matchup_mode=fixed bee_ship_types=Wasp human_ship_types=Gunship
Can not play a disabled audio source
Registered Communicator in Agent.
RL policy ABI v5 bees-rl-v5|behavior=BeesRL1v1|network=ff-512x3|normalize=true|obs=4685|cont=34|disc=2x16,5,65,65,65|weapon-aim=slotwise-xy|weapon-fire=slotwise-cease-or-fire|weapon-ready=rl-latched-until-fire|shipbits=6|weaponbits=6|mapbits=4|shipmap=v1-0..23|weaponmap=v1-0..9|allies=64|enemies=64|weapons=16|enemy-mounts=16|mining=8|map-objects=64|moving-asteroids=48|self=29|capability=12|parent-carrier=19|entity=19|weapon=19|enemy-mount=22|mining-slot=7|map-slot=12|moving-asteroid-slot=11|objective=16|grid=13x13|entity-order=distance,type,fleet-id,runtime-id observations=4685 continuous_actions=34 weapon_fire_branches=16x2 special_branch=5 ally_target_branch=65 enemy_target_branch=65 map_object_target_branch=65 allies=64 enemies=64 moving_asteroids=48 mining_asteroids=8 map_objects=64 navigation_grid=13x13 weapon_slots=16 enemy_weapon_mounts=16 objective_channels=16 spawned_ship_control=dynamic
RL 1v1 episode=1 outcome=side_2_win bee_team=0 human_team=1 ships_per_side=1 winner=2 timeout=False duration=57.00s bee_tsv=16->0 human_tsv=18->18 bee_fire_requests=288 bee_shots=0 bee_hits=0 bee_damage=0 bee_first_contact=0.33s bee_first_fire=none bee_first_hit=none bee_spawned=0 bee_agent_coverage=1/1 bee_weapons=Eye:288/0 bee_rewards=terminal:-10.0000,tsv:-0.3983,time:0.0000,total:-10.3983 human_fire_requests=279 human_shots=0 human_hits=4 human_damage=100 human_first_contact=0.33s human_first_fire=none human_first_hit=6.02s human_spawned=0 human_agent_coverage=1/1 human_weapons=DualCannon:279/0 human_rewards=terminal:10.0000,tsv:0.4287,time:-0.0475,total:10.3812
RL 1v1 episode=2 outcome=side_1_win bee_team=1 human_team=0 ships_per_side=1 winner=1 timeout=False duration=4.23s bee_tsv=16->16 human_tsv=18->0 bee_fire_requests=24 bee_shots=1 bee_hits=1 bee_damage=75 bee_first_contact=0.03s bee_first_fire=4.18s bee_first_hit=4.22s bee_spawned=0 bee_agent_coverage=1/1 bee_weapons=Eye:24/1 bee_rewards=terminal:10.0000,tsv:0.4641,time:-0.0035,total:10.4606 human_fire_requests=20 human_shots=0 human_hits=0 human_damage=0 human_first_contact=0.03s human_first_fire=none human_first_hit=none human_spawned=0 human_agent_coverage=1/1 human_weapons=DualCannon:20/0 human_rewards=terminal:-10.0000,tsv:-0.4571,time:0.0000,total:-10.4571
RL 1v1 episode=3 outcome=side_1_win bee_team=0 human_team=1 ships_per_side=1 winner=1 timeout=False duration=39.21s bee_tsv=16->16 human_tsv=18->0 bee_fire_requests=176 bee_shots=1 bee_hits=1 bee_damage=75 bee_first_contact=0.03s bee_first_fire=39.18s bee_first_hit=39.20s bee_spawned=0 bee_agent_coverage=1/1 bee_weapons=Eye:176/1 bee_rewards=terminal:10.0000,tsv:0.4641,time:-0.0327,total:10.4315 human_fire_requests=210 human_shots=0 human_hits=0 human_damage=0 human_first_contact=0.03s human_first_fire=none human_first_hit=none human_spawned=0 human_agent_coverage=1/1 human_weapons=DualCannon:210/0 human_rewards=terminal:-10.0000,tsv:-0.4571,time:0.0000,total:-10.4571
RL 1v1 episode=4 outcome=side_2_win bee_team=1 human_team=0 ships_per_side=1 winner=2 timeout=False duration=18.37s bee_tsv=16->0 human_tsv=18->18 bee_fire_requests=88 bee_shots=0 bee_hits=0 bee_damage=0 bee_first_contact=0.02s bee_first_fire=none bee_first_hit=none bee_spawned=0 bee_agent_coverage=1/1 bee_weapons=Eye:88/0 bee_rewards=terminal:-10.0000,tsv:-0.3983,time:0.0000,total:-10.3983 human_fire_requests=88 human_shots=0 human_hits=4 human_damage=100 human_first_contact=0.02s human_first_fire=none human_first_hit=14.20s human_spawned=0 human_agent_coverage=1/1 human_weapons=DualCannon:88/0 human_rewards=terminal:10.0000,tsv:0.4287,time:-0.0153,total:10.4133
RL 1v1 episode=5 outcome=side_1_win bee_team=0 human_team=1 ships_per_side=1 winner=1 timeout=False duration=69.21s bee_tsv=16->11 human_tsv=18->0 bee_fire_requests=342 bee_shots=1 bee_hits=1 bee_damage=75 bee_first_contact=0.03s bee_first_fire=69.18s bee_first_hit=69.20s bee_spawned=0 bee_agent_coverage=1/1 bee_weapons=Eye:342/1 bee_rewards=terminal:10.0000,tsv:0.3171,time:-0.0577,total:10.2594 human_fire_requests=333 human_shots=0 human_hits=2 human_damage=60 human_first_contact=0.03s human_first_fire=none human_first_hit=65.88s human_spawned=0 human_agent_coverage=1/1 human_weapons=DualCannon:333/0 human_rewards=terminal:-10.0000,tsv:-0.3295,time:0.0000,total:-10.3295
RL 1v1 episode=6 outcome=side_1_win bee_team=1 human_team=0 ships_per_side=1 winner=1 timeout=False duration=21.71s bee_tsv=16->11 human_tsv=18->0 bee_fire_requests=122 bee_shots=1 bee_hits=1 bee_damage=75 bee_first_contact=0.02s bee_first_fire=21.67s bee_first_hit=21.70s bee_spawned=0 bee_agent_coverage=1/1 bee_weapons=Eye:122/1 bee_rewards=terminal:10.0000,tsv:0.3171,time:-0.0181,total:10.2990 human_fire_requests=109 human_shots=0 human_hits=2 human_damage=60 human_first_contact=0.02s human_first_fire=none human_first_hit=10.04s human_spawned=0 human_agent_coverage=1/1 human_weapons=DualCannon:109/0 human_rewards=terminal:-10.0000,tsv:-0.3295,time:0.0000,total:-10.3295
RL 1v1 episode=7 outcome=side_1_win bee_team=0 human_team=1 ships_per_side=1 winner=1 timeout=False duration=11.70s bee_tsv=16->11 human_tsv=18->0 bee_fire_requests=62 bee_shots=1 bee_hits=1 bee_damage=75 bee_first_contact=0.04s bee_first_fire=11.67s bee_first_hit=11.70s bee_spawned=0 bee_agent_coverage=1/1 bee_weapons=Eye:62/1 bee_rewards=terminal:10.0000,tsv:0.3171,time:-0.0098,total:10.3073 human_fire_requests=62 human_shots=0 human_hits=2 human_damage=60 human_first_contact=0.04s human_first_fire=none human_first_hit=9.20s human_spawned=0 human_agent_coverage=1/1 human_weapons=DualCannon:62/0 human_rewards=terminal:-10.0000,tsv:-0.3295,time:0.0000,total:-10.3295
RL 1v1 episode=8 outcome=side_1_win bee_team=1 human_team=0 ships_per_side=1 winner=1 timeout=False duration=4.22s bee_tsv=16->16 human_tsv=18->0 bee_fire_requests=22 bee_shots=1 bee_hits=1 bee_damage=75 bee_first_contact=0.02s bee_first_fire=4.17s bee_first_hit=4.20s bee_spawned=0 bee_agent_coverage=1/1 bee_weapons=Eye:22/1 bee_rewards=terminal:10.0000,tsv:0.4641,time:-0.0035,total:10.4606 human_fire_requests=23 human_shots=0 human_hits=0 human_damage=0 human_first_contact=0.02s human_first_fire=none human_first_hit=none human_spawned=0 human_agent_coverage=1/1 human_weapons=DualCannon:23/0 human_rewards=terminal:-10.0000,tsv:-0.4571,time:0.0000,total:-10.4571
RL 1v1 episode=9 outcome=side_1_win bee_team=0 human_team=1 ships_per_side=1 winner=1 timeout=False duration=11.71s bee_tsv=16->16 human_tsv=18->0 bee_fire_requests=69 bee_shots=2 bee_hits=1 bee_damage=75 bee_first_contact=0.03s bee_first_fire=3.35s bee_first_hit=11.70s bee_spawned=0 bee_agent_coverage=1/1 bee_weapons=Eye:69/2 bee_rewards=terminal:10.0000,tsv:0.4641,time:-0.0098,total:10.4544 human_fire_requests=60 human_shots=0 human_hits=0 human_damage=0 human_first_contact=0.03s human_first_fire=none human_first_hit=none human_spawned=0 human_agent_coverage=1/1 human_weapons=DualCannon:60/0 human_rewards=terminal:-10.0000,tsv:-0.4571,time:0.0000,total:-10.4571
RL 1v1 episode=10 outcome=side_1_win bee_team=1 human_team=0 ships_per_side=1 winner=1 timeout=False duration=28.39s bee_tsv=16->16 human_tsv=18->0 bee_fire_requests=137 bee_shots=1 bee_hits=1 bee_damage=75 bee_first_contact=0.03s bee_first_fire=28.34s bee_first_hit=28.38s bee_spawned=0 bee_agent_coverage=1/1 bee_weapons=Eye:137/1 bee_rewards=terminal:10.0000,tsv:0.4641,time:-0.0237,total:10.4405 human_fire_requests=139 human_shots=0 human_hits=0 human_damage=0 human_first_contact=0.03s human_first_fire=none human_first_hit=none human_spawned=0 human_agent_coverage=1/1 human_weapons=DualCannon:139/0 human_rewards=terminal:-10.0000,tsv:-0.4571,time:0.0000,total:-10.4571
RL 1v1 summary episodes=10 bee_record=8-2 human_record=2-8 draws=0 timeouts=0 avg_duration=26.57s bee_shots=9 bee_hits=8 bee_hit_rate=88.89 % bee_damage=600 human_shots=0 human_hits=14 human_hit_rate=0.00 % human_damage=380
RL 1v1 episode=11 outcome=side_2_win bee_team=0 human_team=1 ships_per_side=1 winner=2 timeout=False duration=33.39s bee_tsv=16->0 human_tsv=18->18 bee_fire_requests=175 bee_shots=0 bee_hits=0 bee_damage=0 bee_first_contact=0.03s bee_first_fire=none bee_first_hit=none bee_spawned=0 bee_agent_coverage=1/1 bee_weapons=Eye:175/0 bee_rewards=terminal:-10.0000,tsv:-0.3983,time:0.0000,total:-10.3983 human_fire_requests=169 human_shots=0 human_hits=4 human_damage=100 human_first_contact=0.03s human_first_fire=none human_first_hit=30.04s human_spawned=0 human_agent_coverage=1/1 human_weapons=DualCannon:169/0 human_rewards=terminal:10.0000,tsv:0.4287,time:-0.0278,total:10.4008
RL 1v1 episode=12 outcome=side_2_win bee_team=1 human_team=0 ships_per_side=1 winner=2 timeout=False duration=25.89s bee_tsv=16->0 human_tsv=18->18 bee_fire_requests=135 bee_shots=0 bee_hits=0 bee_damage=0 bee_first_contact=0.03s bee_first_fire=none bee_first_hit=none bee_spawned=0 bee_agent_coverage=1/1 bee_weapons=Eye:135/0 bee_rewards=terminal:-10.0000,tsv:-0.3983,time:0.0000,total:-10.3983 human_fire_requests=130 human_shots=0 human_hits=4 human_damage=100 human_first_contact=0.03s human_first_fire=none human_first_hit=9.20s human_spawned=0 human_agent_coverage=1/1 human_weapons=DualCannon:130/0 human_rewards=terminal:10.0000,tsv:0.4287,time:-0.0216,total:10.4071
RL 1v1 episode=13 outcome=side_2_win bee_team=0 human_team=1 ships_per_side=1 winner=2 timeout=False duration=43.39s bee_tsv=16->0 human_tsv=18->18 bee_fire_requests=212 bee_shots=0 bee_hits=0 bee_damage=0 bee_first_contact=0.03s bee_first_fire=none bee_first_hit=none bee_spawned=0 bee_agent_coverage=1/1 bee_weapons=Eye:212/0 bee_rewards=terminal:-10.0000,tsv:-0.3983,time:0.0000,total:-10.3983 human_fire_requests=218 human_shots=0 human_hits=4 human_damage=100 human_first_contact=0.03s human_first_fire=none human_first_hit=35.88s human_spawned=0 human_agent_coverage=1/1 human_weapons=DualCannon:218/0 human_rewards=terminal:10.0000,tsv:0.4287,time:-0.0362,total:10.3925
RL 1v1 episode=14 outcome=side_1_win bee_team=1 human_team=0 ships_per_side=1 winner=1 timeout=False duration=9.21s bee_tsv=16->16 human_tsv=18->0 bee_fire_requests=50 bee_shots=1 bee_hits=1 bee_damage=75 bee_first_contact=0.03s bee_first_fire=9.18s bee_first_hit=9.20s bee_spawned=0 bee_agent_coverage=1/1 bee_weapons=Eye:50/1 bee_rewards=terminal:10.0000,tsv:0.4641,time:-0.0077,total:10.4565 human_fire_requests=49 human_shots=0 human_hits=0 human_damage=0 human_first_contact=0.03s human_first_fire=none human_first_hit=none human_spawned=0 human_agent_coverage=1/1 human_weapons=DualCannon:49/0 human_rewards=terminal:-10.0000,tsv:-0.4571,time:0.0000,total:-10.4571
RL 1v1 episode=15 outcome=side_1_win bee_team=0 human_team=1 ships_per_side=1 winner=1 timeout=False duration=5.87s bee_tsv=16->16 human_tsv=18->0 bee_fire_requests=29 bee_shots=1 bee_hits=1 bee_damage=75 bee_first_contact=0.02s bee_first_fire=5.84s bee_first_hit=5.86s bee_spawned=0 bee_agent_coverage=1/1 bee_weapons=Eye:29/1 bee_rewards=terminal:10.0000,tsv:0.4641,time:-0.0049,total:10.4593 human_fire_requests=30 human_shots=0 human_hits=0 human_damage=0 human_first_contact=0.02s human_first_fire=none human_first_hit=none human_spawned=0 human_agent_coverage=1/1 human_weapons=DualCannon:30/0 human_rewards=terminal:-10.0000,tsv:-0.4571,time:0.0000,total:-10.4571
RL 1v1 episode=16 outcome=side_1_win bee_team=1 human_team=0 ships_per_side=1 winner=1 timeout=False duration=20.89s bee_tsv=16->11 human_tsv=18->0 bee_fire_requests=104 bee_shots=1 bee_hits=1 bee_damage=75 bee_first_contact=0.03s bee_first_fire=20.84s bee_first_hit=20.88s bee_spawned=0 bee_agent_coverage=1/1 bee_weapons=Eye:104/1 bee_rewards=terminal:10.0000,tsv:0.3171,time:-0.0174,total:10.2997 human_fire_requests=113 human_shots=0 human_hits=2 human_damage=60 human_first_contact=0.03s human_first_fire=none human_first_hit=20.88s human_spawned=0 human_agent_coverage=1/1 human_weapons=DualCannon:113/0 human_rewards=terminal:-10.0000,tsv:-0.3295,time:0.0000,total:-10.3295
RL 1v1 episode=17 outcome=side_1_win bee_team=0 human_team=1 ships_per_side=1 winner=1 timeout=False duration=11.71s bee_tsv=16->16 human_tsv=18->0 bee_fire_requests=62 bee_shots=1 bee_hits=1 bee_damage=75 bee_first_contact=0.03s bee_first_fire=11.68s bee_first_hit=11.70s bee_spawned=0 bee_agent_coverage=1/1 bee_weapons=Eye:62/1 bee_rewards=terminal:10.0000,tsv:0.4641,time:-0.0098,total:10.4544 human_fire_requests=55 human_shots=0 human_hits=0 human_damage=0 human_first_contact=0.03s human_first_fire=none human_first_hit=none human_spawned=0 human_agent_coverage=1/1 human_weapons=DualCannon:55/0 human_rewards=terminal:-10.0000,tsv:-0.4571,time:0.0000,total:-10.4571
RL 1v1 episode=18 outcome=side_1_win bee_team=1 human_team=0 ships_per_side=1 winner=1 timeout=False duration=64.21s bee_tsv=16->11 human_tsv=18->0 bee_fire_requests=340 bee_shots=2 bee_hits=1 bee_damage=75 bee_first_contact=0.02s bee_first_fire=46.67s bee_first_hit=64.20s bee_spawned=0 bee_agent_coverage=1/1 bee_weapons=Eye:340/2 bee_rewards=terminal:10.0000,tsv:0.3171,time:-0.0535,total:10.2636 human_fire_requests=312 human_shots=0 human_hits=2 human_damage=60 human_first_contact=0.02s human_first_fire=none human_first_hit=19.20s human_spawned=0 human_agent_coverage=1/1 human_weapons=DualCannon:312/0 human_rewards=terminal:-10.0000,tsv:-0.3295,time:0.0000,total:-10.3295
RL 1v1 episode=19 outcome=side_1_win bee_team=0 human_team=1 ships_per_side=1 winner=1 timeout=False duration=76.70s bee_tsv=16->13 human_tsv=18->0 bee_fire_requests=368 bee_shots=1 bee_hits=1 bee_damage=75 bee_first_contact=0.04s bee_first_fire=76.67s bee_first_hit=76.70s bee_spawned=0 bee_agent_coverage=1/1 bee_weapons=Eye:368/1 bee_rewards=terminal:10.0000,tsv:0.3759,time:-0.0639,total:10.3120 human_fire_requests=363 human_shots=0 human_hits=1 human_damage=30 human_first_contact=0.04s human_first_fire=none human_first_hit=40.04s human_spawned=0 human_agent_coverage=1/1 human_weapons=DualCannon:363/0 human_rewards=terminal:-10.0000,tsv:-0.3785,time:0.0000,total:-10.3785
RL 1v1 episode=20 outcome=side_1_win bee_team=1 human_team=0 ships_per_side=1 winner=1 timeout=False duration=15.03s bee_tsv=16->11 human_tsv=18->0 bee_fire_requests=69 bee_shots=1 bee_hits=1 bee_damage=75 bee_first_contact=0.02s bee_first_fire=15.00s bee_first_hit=15.02s bee_spawned=0 bee_agent_coverage=1/1 bee_weapons=Eye:69/1 bee_rewards=terminal:10.0000,tsv:0.3171,time:-0.0125,total:10.3046 human_fire_requests=75 human_shots=0 human_hits=2 human_damage=60 human_first_contact=0.02s human_first_fire=none human_first_hit=11.70s human_spawned=0 human_agent_coverage=1/1 human_weapons=DualCannon:75/0 human_rewards=terminal:-10.0000,tsv:-0.3295,time:0.0000,total:-10.3295
RL 1v1 summary episodes=20 bee_record=15-5 human_record=5-15 draws=0 timeouts=0 avg_duration=28.60s bee_shots=17 bee_hits=15 bee_hit_rate=88.24 % bee_damage=1125 human_shots=0 human_hits=33 human_hit_rate=0.00 % human_damage=890
RL 1v1 episode=21 outcome=side_1_win bee_team=0 human_team=1 ships_per_side=1 winner=1 timeout=False duration=21.71s bee_tsv=16->16 human_tsv=18->0 bee_fire_requests=105 bee_shots=1 bee_hits=1 bee_damage=75 bee_first_contact=0.03s bee_first_fire=21.68s bee_first_hit=21.70s bee_spawned=0 bee_agent_coverage=1/1 bee_weapons=Eye:105/1 bee_rewards=terminal:10.0000,tsv:0.4641,time:-0.0181,total:10.4461 human_fire_requests=107 human_shots=0 human_hits=0 human_damage=0 human_first_contact=0.03s human_first_fire=none human_first_hit=none human_spawned=0 human_agent_coverage=1/1 human_weapons=DualCannon:107/0 human_rewards=terminal:-10.0000,tsv:-0.4571,time:0.0000,total:-10.4571
RL 1v1 episode=22 outcome=side_1_win bee_team=1 human_team=0 ships_per_side=1 winner=1 timeout=False duration=14.21s bee_tsv=16->16 human_tsv=18->0 bee_fire_requests=74 bee_shots=1 bee_hits=1 bee_damage=75 bee_first_contact=0.02s bee_first_fire=14.17s bee_first_hit=14.20s bee_spawned=0 bee_agent_coverage=1/1 bee_weapons=Eye:74/1 bee_rewards=terminal:10.0000,tsv:0.4641,time:-0.0118,total:10.4523 human_fire_requests=74 human_shots=0 human_hits=0 human_damage=0 human_first_contact=0.02s human_first_fire=none human_first_hit=none human_spawned=0 human_agent_coverage=1/1 human_weapons=DualCannon:74/0 human_rewards=terminal:-10.0000,tsv:-0.4571,time:0.0000,total:-10.4571
RL 1v1 episode=23 outcome=side_1_win bee_team=0 human_team=1 ships_per_side=1 winner=1 timeout=False duration=19.20s bee_tsv=16->11 human_tsv=18->0 bee_fire_requests=95 bee_shots=1 bee_hits=1 bee_damage=75 bee_first_contact=0.04s bee_first_fire=19.17s bee_first_hit=19.20s bee_spawned=0 bee_agent_coverage=1/1 bee_weapons=Eye:95/1 bee_rewards=terminal:10.0000,tsv:0.3171,time:-0.0160,total:10.3011 human_fire_requests=90 human_shots=0 human_hits=2 human_damage=60 human_first_contact=0.04s human_first_fire=none human_first_hit=6.70s human_spawned=0 human_agent_coverage=1/1 human_weapons=DualCannon:90/0 human_rewards=terminal:-10.0000,tsv:-0.3295,time:0.0000,total:-10.3295
RL 1v1 episode=24 outcome=side_1_win bee_team=1 human_team=0 ships_per_side=1 winner=1 timeout=False duration=26.72s bee_tsv=16->16 human_tsv=18->0 bee_fire_requests=149 bee_shots=1 bee_hits=1 bee_damage=75 bee_first_contact=0.02s bee_first_fire=26.67s bee_first_hit=26.70s bee_spawned=0 bee_agent_coverage=1/1 bee_weapons=Eye:149/1 bee_rewards=terminal:10.0000,tsv:0.4641,time:-0.0223,total:10.4419 human_fire_requests=148 human_shots=0 human_hits=0 human_damage=0 human_first_contact=0.02s human_first_fire=none human_first_hit=none human_spawned=0 human_agent_coverage=1/1 human_weapons=DualCannon:148/0 human_rewards=terminal:-10.0000,tsv:-0.4571,time:0.0000,total:-10.4571
Unable to save timers to file F:/RLDemo/Bees RL Training/Bees_Data\ML-Agents\Timers\RL 1v1 Training_timers.json
[Physics::Module] Cleanup current backend.
[Physics::Module] Id: 0xf2b8ea05
Input System module state changed to: ShutdownInProgress.
Input Polling Thread exited.
Input System module state changed to: Shutdown.
CodeReloadManager destroyed
GarbageCollector disposing of ComputeBuffer. Please use ComputeBuffer.Release() or .Dispose() to manually release the buffer.
