Mono path[0] = 'F:/RLDemo/Bees RL Training/Bees_Data/Managed'
Mono config path = 'F:/RLDemo/Bees RL Training/MonoBleedingEdge/etc'
CodeReloadManager initialized
Input System module state changed to: Initialized.
[Physics::Module] Initialized fallback backend.
[Physics::Module] Id: 0xdecafbad
Initialize engine version: 6000.5.4f1 (d550df8bd089)
[Subsystems] Discovering subsystems at path F:/RLDemo/Bees RL Training/Bees_Data/UnitySubsystems
Forcing GfxDevice: Null
GfxDevice: creating device client; kGfxThreadingModeNonThreaded
NullGfxDevice:
    Version:  NULL 1.0 [1.0]
    Renderer: Null Device
    Vendor:   Unity Technologies
Begin MonoManager ReloadAssembly
- Finished resetting the current domain, in  0.067 seconds
[Physics::Module] Selected backend.
[Physics::Module] Name: PhysX
[Physics::Module] Id: 0xf2b8ea05
[Physics::Module] SDK Version: 4.1.2
[Physics::Module] Integration Version: 1.0.0
[Physics::Module] Threading Mode: Multi-Threaded
Microsoft Media Foundation video decoding to texture disabled: graphics device is Null, only Direct3D 11 and Direct3D 12 (only on desktop) are supported for hardware-accelerated video decoding.
Texture with ID 114 and with size 13376x6920 was too large for graphics device maximum supported texture size (8192x8192). Falling back to a dummy texture. Generate mip maps to provide lower size fallback.
Texture with ID 210 and with size 13376x6920 was too large for graphics device maximum supported texture size (8192x8192). Falling back to a dummy texture. Generate mip maps to provide lower size fallback.
Texture with ID 221 and with size 13376x6920 was too large for graphics device maximum supported texture size (8192x8192). Falling back to a dummy texture. Generate mip maps to provide lower size fallback.
Texture with ID 238 and with size 13376x6920 was too large for graphics device maximum supported texture size (8192x8192). Falling back to a dummy texture. Generate mip maps to provide lower size fallback.
UnloadTime: 1.749000 ms
UI Audio: DontDestroyOnLoad only works for root GameObjects or components on root GameObjects.
Trying to connect to ws://clashofempire.net:7146
Connection with WebSocketSharp open!
[Steamworks.NET] SteamAPI_Init() failed. Continuing without Steam features.
Steam API is unavailable; using local fallback identity.
User id is 2013868892
RL training configuration health_ratio=0.1 map_size=40 episode_timeout=120s ships_per_side=1 decision_period=5 matchup_mode=sampled bee_ship_types=Wasp human_ship_types=Gunship
Can not play a disabled audio source
Registered Communicator in Agent.
RL policy ABI v6 bees-rl-v6|behavior=BeesRL1v1|network=ff-512x3|normalize=true|obs=4685|cont=34|disc=2x16,5,65,65,65|coord-frame=team-episode-distinct-quarter-turn|weapon-aim=slotwise-xy|weapon-fire=slotwise-cease-or-fire|weapon-ready=rl-latched-until-fire|shipbits=6|weaponbits=6|mapbits=4|shipmap=v1-0..23|weaponmap=v1-0..9|allies=64|enemies=64|weapons=16|enemy-mounts=16|mining=8|map-objects=64|moving-asteroids=48|self=29|capability=12|parent-carrier=19|entity=19|weapon=19|enemy-mount=22|mining-slot=7|map-slot=12|moving-asteroid-slot=11|objective=16|grid=13x13|entity-order=distance,type,fleet-id,runtime-id observations=4685 continuous_actions=34 weapon_fire_branches=16x2 special_branch=5 ally_target_branch=65 enemy_target_branch=65 map_object_target_branch=65 allies=64 enemies=64 moving_asteroids=48 mining_asteroids=8 map_objects=64 navigation_grid=13x13 weapon_slots=16 enemy_weapon_mounts=16 objective_channels=16 spawned_ship_control=dynamic
RL 1v1 episode=1 outcome=side_1_win bee_team=0 human_team=1 ships_per_side=1 winner=1 timeout=False duration=3.99s bee_tsv=16->16 human_tsv=18->0 bee_fire_requests=17 bee_shots=1 bee_hits=1 bee_damage=30 bee_first_contact=0.32s bee_first_fire=3.32s bee_first_hit=3.66s bee_spawned=0 bee_agent_coverage=1/1 bee_weapons=Eye:17/1 bee_rewards=terminal:10.0000,tsv:0.4641,time:-0.0033,total:10.4608 human_fire_requests=18 human_shots=0 human_hits=0 human_damage=0 human_first_contact=0.32s human_first_fire=none human_first_hit=none human_spawned=0 human_agent_coverage=1/1 human_weapons=DualCannon:18/0 human_rewards=terminal:-10.0000,tsv:-0.4571,time:0.0000,total:-10.4571 bee_ships=Wasp:1 human_ships=Gunship:1 bee_children=none human_children=none bee_striker_reloads=0 human_striker_reloads=0 bee_damage_sources=gun:30 human_damage_sources=none bee_damage_by_ship=Wasp:30 human_damage_by_ship=none bee_self_damage=0 human_self_damage=0 bee_friendly_damage=0 human_friendly_damage=0 bee_unattributed_damage=0 human_unattributed_damage=0 bee_specials=none human_specials=none bee_root_outcomes=Wasp/alive:1 human_root_outcomes=Gunship/enemy-Wasp:1 map_size=40.00 bee_aim_samples=1 bee_aim_error=0.02deg bee_aim_within_5deg=100.00 % bee_turret_aligned=100.00 % bee_first_fire_distance=35.14 bee_first_hit_distance=33.94 human_aim_samples=0 human_aim_error=none human_aim_within_5deg=none human_turret_aligned=none human_first_fire_distance=none human_first_hit_distance=none
RL 1v1 episode=2 outcome=side_1_win bee_team=1 human_team=0 ships_per_side=1 winner=1 timeout=False duration=7.57s bee_tsv=16->16 human_tsv=18->0 bee_fire_requests=45 bee_shots=1 bee_hits=1 bee_damage=30 bee_first_contact=0.02s bee_first_fire=7.50s bee_first_hit=7.56s bee_spawned=0 bee_agent_coverage=1/1 bee_weapons=Eye:45/1 bee_rewards=terminal:10.0000,tsv:0.4641,time:-0.0063,total:10.4578 human_fire_requests=37 human_shots=0 human_hits=0 human_damage=0 human_first_contact=0.02s human_first_fire=none human_first_hit=none human_spawned=0 human_agent_coverage=1/1 human_weapons=DualCannon:37/0 human_rewards=terminal:-10.0000,tsv:-0.4571,time:0.0000,total:-10.4571 bee_ships=Wasp:1 human_ships=Gunship:1 bee_children=none human_children=none bee_striker_reloads=0 human_striker_reloads=0 bee_damage_sources=gun:30 human_damage_sources=none bee_damage_by_ship=Wasp:30 human_damage_by_ship=none bee_self_damage=0 human_self_damage=0 bee_friendly_damage=0 human_friendly_damage=0 bee_unattributed_damage=0 human_unattributed_damage=0 bee_specials=none human_specials=none bee_root_outcomes=Wasp/alive:1 human_root_outcomes=Gunship/enemy-Wasp:1 map_size=40.00 bee_aim_samples=1 bee_aim_error=38.77deg bee_aim_within_5deg=0.00 % bee_turret_aligned=100.00 % bee_first_fire_distance=4.31 bee_first_hit_distance=4.04 human_aim_samples=0 human_aim_error=none human_aim_within_5deg=none human_turret_aligned=none human_first_fire_distance=none human_first_hit_distance=none
RL 1v1 episode=3 outcome=timeout bee_team=0 human_team=1 ships_per_side=1 winner=0 timeout=True duration=119.99s bee_tsv=16->10 human_tsv=18->18 bee_fire_requests=616 bee_shots=1 bee_hits=0 bee_damage=0 bee_first_contact=0.02s bee_first_fire=90.01s bee_first_hit=none bee_spawned=0 bee_agent_coverage=1/1 bee_weapons=Eye:616/1 bee_rewards=terminal:-10.0000,tsv:-0.1042,time:0.0000,total:-10.1042 human_fire_requests=586 human_shots=4 human_hits=1 human_damage=30 human_first_contact=0.02s human_first_fire=30.84s human_first_hit=31.20s human_spawned=0 human_agent_coverage=1/1 human_weapons=DualCannon:586/4 human_rewards=terminal:-10.0000,tsv:0.2234,time:0.0000,total:-9.7766 bee_ships=Wasp:1 human_ships=Gunship:1 bee_children=none human_children=none bee_striker_reloads=0 human_striker_reloads=0 bee_damage_sources=none human_damage_sources=gun:30 bee_damage_by_ship=none human_damage_by_ship=Gunship:30 bee_self_damage=0 human_self_damage=0 bee_friendly_damage=0 human_friendly_damage=0 bee_unattributed_damage=0 human_unattributed_damage=0 bee_specials=none human_specials=none bee_root_outcomes=Wasp/timeout-alive:1 human_root_outcomes=Gunship/timeout-alive:1 map_size=40.00 bee_aim_samples=1 bee_aim_error=17.99deg bee_aim_within_5deg=0.00 % bee_turret_aligned=100.00 % bee_first_fire_distance=17.53 bee_first_hit_distance=none human_aim_samples=4 human_aim_error=26.96deg human_aim_within_5deg=0.00 % human_turret_aligned=100.00 % human_first_fire_distance=32.04 human_first_hit_distance=27.65
RL 1v1 episode=4 outcome=side_2_win bee_team=1 human_team=0 ships_per_side=1 winner=2 timeout=False duration=7.09s bee_tsv=16->0 human_tsv=18->18 bee_fire_requests=35 bee_shots=0 bee_hits=0 bee_damage=0 bee_first_contact=0.02s bee_first_fire=none bee_first_hit=none bee_spawned=0 bee_agent_coverage=1/1 bee_weapons=Eye:35/0 bee_rewards=terminal:-10.0000,tsv:-0.3983,time:0.0000,total:-10.3983 human_fire_requests=31 human_shots=2 human_hits=2 human_damage=40 human_first_contact=0.02s human_first_fire=6.67s human_first_hit=7.06s human_spawned=0 human_agent_coverage=1/1 human_weapons=DualCannon:31/2 human_rewards=terminal:10.0000,tsv:0.4287,time:-0.0059,total:10.4227 bee_ships=Wasp:1 human_ships=Gunship:1 bee_children=none human_children=none bee_striker_reloads=0 human_striker_reloads=0 bee_damage_sources=none human_damage_sources=gun:40 bee_damage_by_ship=none human_damage_by_ship=Gunship:40 bee_self_damage=0 human_self_damage=0 bee_friendly_damage=0 human_friendly_damage=0 bee_unattributed_damage=0 human_unattributed_damage=0 bee_specials=none human_specials=none bee_root_outcomes=Wasp/enemy-Gunship:1 human_root_outcomes=Gunship/alive:1 map_size=40.00 bee_aim_samples=0 bee_aim_error=none bee_aim_within_5deg=none bee_turret_aligned=none bee_first_fire_distance=none bee_first_hit_distance=none human_aim_samples=2 human_aim_error=2.06deg human_aim_within_5deg=100.00 % human_turret_aligned=100.00 % human_first_fire_distance=33.94 human_first_hit_distance=33.15
RL 1v1 episode=5 outcome=side_1_win bee_team=0 human_team=1 ships_per_side=1 winner=1 timeout=False duration=5.89s bee_tsv=16->16 human_tsv=18->0 bee_fire_requests=26 bee_shots=1 bee_hits=1 bee_damage=30 bee_first_contact=0.02s bee_first_fire=5.84s bee_first_hit=5.88s bee_spawned=0 bee_agent_coverage=1/1 bee_weapons=Eye:26/1 bee_rewards=terminal:10.0000,tsv:0.4641,time:-0.0049,total:10.4592 human_fire_requests=30 human_shots=0 human_hits=0 human_damage=0 human_first_contact=0.02s human_first_fire=none human_first_hit=none human_spawned=0 human_agent_coverage=1/1 human_weapons=DualCannon:30/0 human_rewards=terminal:-10.0000,tsv:-0.4571,time:0.0000,total:-10.4571 bee_ships=Wasp:1 human_ships=Gunship:1 bee_children=none human_children=none bee_striker_reloads=0 human_striker_reloads=0 bee_damage_sources=gun:30 human_damage_sources=none bee_damage_by_ship=Wasp:30 human_damage_by_ship=none bee_self_damage=0 human_self_damage=0 bee_friendly_damage=0 human_friendly_damage=0 bee_unattributed_damage=0 human_unattributed_damage=0 bee_specials=none human_specials=none bee_root_outcomes=Wasp/alive:1 human_root_outcomes=Gunship/enemy-Wasp:1 map_size=40.00 bee_aim_samples=1 bee_aim_error=152.79deg bee_aim_within_5deg=0.00 % bee_turret_aligned=100.00 % bee_first_fire_distance=1.20 bee_first_hit_distance=0.00 human_aim_samples=0 human_aim_error=none human_aim_within_5deg=none human_turret_aligned=none human_first_fire_distance=none human_first_hit_distance=none
RL 1v1 episode=6 outcome=side_2_win bee_team=1 human_team=0 ships_per_side=1 winner=2 timeout=False duration=6.27s bee_tsv=16->0 human_tsv=18->18 bee_fire_requests=38 bee_shots=0 bee_hits=0 bee_damage=0 bee_first_contact=0.02s bee_first_fire=none bee_first_hit=none bee_spawned=0 bee_agent_coverage=1/1 bee_weapons=Eye:38/0 bee_rewards=terminal:-10.0000,tsv:-0.3983,time:0.0000,total:-10.3983 human_fire_requests=24 human_shots=2 human_hits=2 human_damage=40 human_first_contact=0.02s human_first_fire=5.84s human_first_hit=6.26s human_spawned=0 human_agent_coverage=1/1 human_weapons=DualCannon:24/2 human_rewards=terminal:10.0000,tsv:0.4287,time:-0.0052,total:10.4234 bee_ships=Wasp:1 human_ships=Gunship:1 bee_children=none human_children=none bee_striker_reloads=0 human_striker_reloads=0 bee_damage_sources=none human_damage_sources=gun:40 bee_damage_by_ship=none human_damage_by_ship=Gunship:40 bee_self_damage=0 human_self_damage=0 bee_friendly_damage=0 human_friendly_damage=0 bee_unattributed_damage=0 human_unattributed_damage=0 bee_specials=none human_specials=none bee_root_outcomes=Wasp/enemy-Gunship:1 human_root_outcomes=Gunship/alive:1 map_size=40.00 bee_aim_samples=0 bee_aim_error=none bee_aim_within_5deg=none bee_turret_aligned=none bee_first_fire_distance=none bee_first_hit_distance=none human_aim_samples=2 human_aim_error=0.00deg human_aim_within_5deg=100.00 % human_turret_aligned=100.00 % human_first_fire_distance=33.94 human_first_hit_distance=33.93
RL 1v1 episode=7 outcome=side_2_win bee_team=0 human_team=1 ships_per_side=1 winner=2 timeout=False duration=12.91s bee_tsv=16->0 human_tsv=18->18 bee_fire_requests=56 bee_shots=0 bee_hits=0 bee_damage=0 bee_first_contact=0.03s bee_first_fire=none bee_first_hit=none bee_spawned=0 bee_agent_coverage=1/1 bee_weapons=Eye:56/0 bee_rewards=terminal:-10.0000,tsv:-0.3983,time:0.0000,total:-10.3983 human_fire_requests=67 human_shots=2 human_hits=2 human_damage=40 human_first_contact=0.03s human_first_fire=12.51s human_first_hit=12.90s human_spawned=0 human_agent_coverage=1/1 human_weapons=DualCannon:67/2 human_rewards=terminal:10.0000,tsv:0.4287,time:-0.0108,total:10.4179 bee_ships=Wasp:1 human_ships=Gunship:1 bee_children=none human_children=none bee_striker_reloads=0 human_striker_reloads=0 bee_damage_sources=none human_damage_sources=gun:40 bee_damage_by_ship=none human_damage_by_ship=Gunship:40 bee_self_damage=0 human_self_damage=0 bee_friendly_damage=0 human_friendly_damage=0 bee_unattributed_damage=0 human_unattributed_damage=0 bee_specials=none human_specials=none bee_root_outcomes=Wasp/enemy-Gunship:1 human_root_outcomes=Gunship/alive:1 map_size=40.00 bee_aim_samples=0 bee_aim_error=none bee_aim_within_5deg=none bee_turret_aligned=none bee_first_fire_distance=none bee_first_hit_distance=none human_aim_samples=2 human_aim_error=0.00deg human_aim_within_5deg=100.00 % human_turret_aligned=100.00 % human_first_fire_distance=33.94 human_first_hit_distance=33.94
RL 1v1 episode=8 outcome=side_2_win bee_team=1 human_team=0 ships_per_side=1 winner=2 timeout=False duration=25.89s bee_tsv=16->0 human_tsv=18->18 bee_fire_requests=144 bee_shots=0 bee_hits=0 bee_damage=0 bee_first_contact=0.02s bee_first_fire=none bee_first_hit=none bee_spawned=0 bee_agent_coverage=1/1 bee_weapons=Eye:144/0 bee_rewards=terminal:-10.0000,tsv:-0.3983,time:0.0000,total:-10.3983 human_fire_requests=147 human_shots=4 human_hits=2 human_damage=40 human_first_contact=0.02s human_first_fire=4.17s human_first_hit=25.88s human_spawned=0 human_agent_coverage=1/1 human_weapons=DualCannon:147/4 human_rewards=terminal:10.0000,tsv:0.4287,time:-0.0216,total:10.4071 bee_ships=Wasp:1 human_ships=Gunship:1 bee_children=none human_children=none bee_striker_reloads=0 human_striker_reloads=0 bee_damage_sources=none human_damage_sources=gun:40 bee_damage_by_ship=none human_damage_by_ship=Gunship:40 bee_self_damage=0 human_self_damage=0 bee_friendly_damage=0 human_friendly_damage=0 bee_unattributed_damage=0 human_unattributed_damage=0 bee_specials=none human_specials=none bee_root_outcomes=Wasp/enemy-Gunship:1 human_root_outcomes=Gunship/alive:1 map_size=40.00 bee_aim_samples=0 bee_aim_error=none bee_aim_within_5deg=none bee_turret_aligned=none bee_first_fire_distance=none bee_first_hit_distance=none human_aim_samples=2 human_aim_error=25.03deg human_aim_within_5deg=0.00 % human_turret_aligned=100.00 % human_first_fire_distance=24.87 human_first_hit_distance=0.00
Unable to save timers to file F:/RLDemo/Bees RL Training/Bees_Data\ML-Agents\Timers\RL 1v1 Training_timers.json
[Physics::Module] Cleanup current backend.
[Physics::Module] Id: 0xf2b8ea05
Input System module state changed to: ShutdownInProgress.
Input Polling Thread exited.
Input System module state changed to: Shutdown.
CodeReloadManager destroyed
GarbageCollector disposing of ComputeBuffer. Please use ComputeBuffer.Release() or .Dispose() to manually release the buffer.
